[1,1]<stdout>:a2ap-dgx024:2546141:2546141 [6] NCCL INFO Channel 11/0 : 6[6] -> 7[7] via P2P/IPC
[1,1]<stdout>:a2ap-dgx024:2546167:2546167 [7] NCCL INFO Channel 06/0 : 7[7] -> 0[0] via P2P/IPC
[1,1]<stdout>:a2ap-dgx024:2546139:2546139 [4] NCCL INFO Channel 13/0 : 4[4] -> 5[5] via P2P/IPC
[1,1]<stdout>:a2ap-dgx024:2546141:2546141 [6] NCCL INFO Channel 12/0 : 6[6] -> 7[7] via P2P/IPC
[1,1]<stdout>:a2ap-dgx024:2546138:2546138 [3] NCCL INFO Channel 07/0 : 3[3] -> 4[4] via P2P/IPC
[1,1]<stdout>:a2ap-dgx024:2546140:2546140 [5] NCCL INFO Channel 00/0 : 5[5] -> 6[6] via P2P/IPC
[1,1]<stdout>:a2ap-dgx024:2546167:2546167 [7] NCCL INFO Channel 07/0 : 7[7] -> 0[0] via P2P/IPC
[1,1]<stdout>:a2ap-dgx024:2546139:2546139 [4] NCCL INFO Channel 14/0 : 4[4] -> 5[5] via P2P/IPC
[1,1]<stdout>:a2ap-dgx024:2546141:2546141 [6] NCCL INFO Channel 13/0 : 6[6] -> 7[7] via P2P/IPC
[1,1]<stdout>:a2ap-dgx024:2546138:2546138 [3] NCCL INFO Channel 08/0 : 3[3] -> 4[4] via P2P/IPC
[1,1]<stdout>:a2ap-dgx024:2546140:2546140 [5] NCCL INFO Channel 01/0 : 5[5] -> 6[6] via P2P/IPC
[1,1]<stdout>:a2ap-dgx024:2546167:2546167 [7] NCCL INFO Channel 08/0 : 7[7] -> 0[0] via P2P/IPC
[1,1]<stdout>:a2ap-dgx024:2546139:2546139 [4] NCCL INFO Channel 15/0 : 4[4] -> 5[5] via P2P/IPC
[1,1]<stdout>:a2ap-dgx024:2546141:2546141 [6] NCCL INFO Channel 14/0 : 6[6] -> 7[7] via P2P/IPC
[1,1]<stdout>:a2ap-dgx024:2546138:2546138 [3] NCCL INFO Channel 09/0 : 3[3] -> 4[4] via P2P/IPC
[1,1]<stdout>:a2ap-dgx024:2546140:2546140 [5] NCCL INFO Channel 02/0 : 5[5] -> 6[6] via P2P/IPC
[1,1]<stdout>:a2ap-dgx024:2546167:2546167 [7] NCCL INFO Channel 09/0 : 7[7] -> 0[0] via P2P/IPC
[1,1]<stdout>:a2ap-dgx024:2546139:2546139 [4] NCCL INFO Channel 16/0 : 4[4] -> 5[5] via P2P/IPC
[1,1]<stdout>:a2ap-dgx024:2546141:2546141 [6] NCCL INFO Channel 15/0 : 6[6] -> 7[7] via P2P/IPC
[1,1]<stdout>:a2ap-dgx024:2546138:2546138 [3] NCCL INFO Channel 10/0 : 3[3] -> 4[4] via P2P/IPC
[1,1]<stdout>:a2ap-dgx024:2546140:2546140 [5] NCCL INFO Channel 03/0 : 5[5] -> 6[6] via P2P/IPC
[1,1]<stdout>:a2ap-dgx024:2546167:2546167 [7] NCCL INFO Channel 10/0 : 7[7] -> 0[0] via P2P/IPC
[1,1]<stdout>:a2ap-dgx024:2546139:2546139 [4] NCCL INFO Channel 17/0 : 4[4] -> 5[5] via P2P/IPC
[1,1]<stdout>:a2ap-dgx024:2546141:2546141 [6] NCCL INFO Channel 16/0 : 6[6] -> 7[7] via P2P/IPC
[1,1]<stdout>:a2ap-dgx024:2546138:2546138 [3] NCCL INFO Channel 11/0 : 3[3] -> 4[4] via P2P/IPC
[1,1]<stdout>:a2ap-dgx024:2546140:2546140 [5] NCCL INFO Channel 04/0 : 5[5] -> 6[6] via P2P/IPC
[1,1]<stdout>:a2ap-dgx024:2546167:2546167 [7] NCCL INFO Channel 11/0 : 7[7] -> 0[0] via P2P/IPC
[1,1]<stdout>:a2ap-dgx024:2546139:2546139 [4] NCCL INFO Channel 18/0 : 4[4] -> 5[5] via P2P/IPC
[1,1]<stdout>:a2ap-dgx024:2546141:2546141 [6] NCCL INFO Channel 17/0 : 6[6] -> 7[7] via P2P/IPC
[1,1]<stdout>:a2ap-dgx024:2546138:2546138 [3] NCCL INFO Channel 12/0 : 3[3] -> 4[4] via P2P/IPC
[1,1]<stdout>:a2ap-dgx024:2546140:2546140 [5] NCCL INFO Channel 05/0 : 5[5] -> 6[6] via P2P/IPC
[1,1]<stdout>:a2ap-dgx024:2546167:2546167 [7] NCCL INFO Channel 12/0 : 7[7] -> 0[0] via P2P/IPC
[1,1]<stdout>:a2ap-dgx024:2546139:2546139 [4] NCCL INFO Channel 19/0 : 4[4] -> 5[5] via P2P/IPC
[1,1]<stdout>:a2ap-dgx024:2546141:2546141 [6] NCCL INFO Channel 18/0 : 6[6] -> 7[7] via P2P/IPC
[1,1]<stdout>:a2ap-dgx024:2546138:2546138 [3] NCCL INFO Channel 13/0 : 3[3] -> 4[4] via P2P/IPC
[1,1]<stdout>:a2ap-dgx024:2546140:2546140 [5] NCCL INFO Channel 06/0 : 5[5] -> 6[6] via P2P/IPC
[1,1]<stdout>:a2ap-dgx024:2546139:2546139 [4] NCCL INFO Channel 20/0 : 4[4] -> 5[5] via P2P/IPC
[1,1]<stdout>:a2ap-dgx024:2546141:2546141 [6] NCCL INFO Channel 19/0 : 6[6] -> 7[7] via P2P/IPC
[1,1]<stdout>:a2ap-dgx024:2546137:2546137 [2] NCCL INFO Channel 07/0 : 2[2] -> 3[3] via P2P/IPC
[1,1]<stdout>:a2ap-dgx024:2546140:2546140 [5] NCCL INFO Channel 07/0 : 5[5] -> 6[6] via P2P/IPC
[1,1]<stdout>:a2ap-dgx024:2546139:2546139 [4] NCCL INFO Channel 21/0 : 4[4] -> 5[5] via P2P/IPC
[1,1]<stdout>:a2ap-dgx024:2546141:2546141 [6] NCCL INFO Channel 20/0 : 6[6] -> 7[7] via P2P/IPC
[1,1]<stdout>:a2ap-dgx024:2546137:2546137 [2] NCCL INFO Channel 08/0 : 2[2] -> 3[3] via P2P/IPC
[1,1]<stdout>:a2ap-dgx024:2546140:2546140 [5] NCCL INFO Channel 08/0 : 5[5] -> 6[6] via P2P/IPC
[1,1]<stdout>:a2ap-dgx024:2546135:2546135 [0] NCCL INFO Channel 00/0 : 0[0] -> 1[1] via P2P/IPC
[1,1]<stdout>:a2ap-dgx024:2546139:2546139 [4] NCCL INFO Channel 22/0 : 4[4] -> 5[5] via P2P/IPC
[1,1]<stdout>:a2ap-dgx024:2546167:2546167 [7] NCCL INFO Channel 13/0 : 7[7] -> 0[0] via P2P/IPC
[1,1]<stdout>:a2ap-dgx024:2546141:2546141 [6] NCCL INFO Channel 21/0 : 6[6] -> 7[7] via P2P/IPC
[1,1]<stdout>:a2ap-dgx024:2546137:2546137 [2] NCCL INFO Channel 09/0 : 2[2] -> 3[3] via P2P/IPC
[1,1]<stdout>:a2ap-dgx024:2546138:2546138 [3] NCCL INFO Channel 14/0 : 3[3] -> 4[4] via P2P/IPC
[1,1]<stdout>:a2ap-dgx024:2546139:2546139 [4] NCCL INFO Channel 23/0 : 4[4] -> 5[5] via P2P/IPC
[1,1]<stdout>:a2ap-dgx024:2546141:2546141 [6] NCCL INFO Channel 22/0 : 6[6] -> 7[7] via P2P/IPC
[1,1]<stdout>:a2ap-dgx024:2546167:2546167 [7] NCCL INFO Channel 14/0 : 7[7] -> 0[0] via P2P/IPC
[1,1]<stdout>:a2ap-dgx024:2546137:2546137 [2] NCCL INFO Channel 10/0 : 2[2] -> 3[3] via P2P/IPC
[1,1]<stdout>:a2ap-dgx024:2546141:2546141 [6] NCCL INFO Channel 23/0 : 6[6] -> 7[7] via P2P/IPC
[1,1]<stdout>:a2ap-dgx024:2546167:2546167 [7] NCCL INFO Channel 15/0 : 7[7] -> 0[0] via P2P/IPC
[1,1]<stdout>:a2ap-dgx024:2546137:2546137 [2] NCCL INFO Channel 11/0 : 2[2] -> 3[3] via P2P/IPC
[1,1]<stdout>:a2ap-dgx024:2546135:2546135 [0] NCCL INFO Channel 01/0 : 0[0] -> 1[1] via P2P/IPC
[1,1]<stdout>:a2ap-dgx024:2546167:2546167 [7] NCCL INFO Channel 16/0 : 7[7] -> 0[0] via P2P/IPC
[1,1]<stdout>:a2ap-dgx024:2546137:2546137 [2] NCCL INFO Channel 12/0 : 2[2] -> 3[3] via P2P/IPC
[1,1]<stdout>:a2ap-dgx024:2546136:2546136 [1] NCCL INFO Channel 00/0 : 1[1] -> 2[2] via P2P/IPC
[1,1]<stdout>:a2ap-dgx024:2546140:2546140 [5] NCCL INFO Channel 09/0 : 5[5] -> 6[6] via P2P/IPC
[1,1]<stdout>:a2ap-dgx024:2546135:2546135 [0] NCCL INFO Channel 02/0 : 0[0] -> 1[1] via P2P/IPC
[1,1]<stdout>:a2ap-dgx024:2546167:2546167 [7] NCCL INFO Channel 17/0 : 7[7] -> 0[0] via P2P/IPC
[1,1]<stdout>:a2ap-dgx024:2546137:2546137 [2] NCCL INFO Channel 13/0 : 2[2] -> 3[3] via P2P/IPC
[1,1]<stdout>:a2ap-dgx024:2546136:2546136 [1] NCCL INFO Channel 01/0 : 1[1] -> 2[2] via P2P/IPC
[1,1]<stdout>:a2ap-dgx024:2546140:2546140 [5] NCCL INFO Channel 10/0 : 5[5] -> 6[6] via P2P/IPC
[1,1]<stdout>:a2ap-dgx024:2546135:2546135 [0] NCCL INFO Channel 03/0 : 0[0] -> 1[1] via P2P/IPC
[1,1]<stdout>:a2ap-dgx024:2546167:2546167 [7] NCCL INFO Channel 18/0 : 7[7] -> 0[0] via P2P/IPC
[1,1]<stdout>:a2ap-dgx024:2546137:2546137 [2] NCCL INFO Channel 14/0 : 2[2] -> 3[3] via P2P/IPC
[1,1]<stdout>:a2ap-dgx024:2546136:2546136 [1] NCCL INFO Channel 02/0 : 1[1] -> 2[2] via P2P/IPC
[1,1]<stdout>:a2ap-dgx024:2546140:2546140 [5] NCCL INFO Channel 11/0 : 5[5] -> 6[6] via P2P/IPC
[1,1]<stdout>:a2ap-dgx024:2546135:2546135 [0] NCCL INFO Channel 04/0 : 0[0] -> 1[1] via P2P/IPC
[1,1]<stdout>:a2ap-dgx024:2546167:2546167 [7] NCCL INFO Channel 19/0 : 7[7] -> 0[0] via P2P/IPC
[1,1]<stdout>:a2ap-dgx024:2546137:2546137 [2] NCCL INFO Channel 15/0 : 2[2] -> 3[3] via P2P/IPC
[1,1]<stdout>:a2ap-dgx024:2546136:2546136 [1] NCCL INFO Channel 03/0 : 1[1] -> 2[2] via P2P/IPC
[1,1]<stdout>:a2ap-dgx024:2546140:2546140 [5] NCCL INFO Channel 12/0 : 5[5] -> 6[6] via P2P/IPC
[1,1]<stdout>:a2ap-dgx024:2546135:2546135 [0] NCCL INFO Channel 05/0 : 0[0] -> 1[1] via P2P/IPC
[1,1]<stdout>:a2ap-dgx024:2546167:2546167 [7] NCCL INFO Channel 20/0 : 7[7] -> 0[0] via P2P/IPC
[1,1]<stdout>:a2ap-dgx024:2546137:2546137 [2] NCCL INFO Channel 16/0 : 2[2] -> 3[3] via P2P/IPC
[1,1]<stdout>:a2ap-dgx024:2546136:2546136 [1] NCCL INFO Channel 04/0 : 1[1] -> 2[2] via P2P/IPC
[1,1]<stdout>:a2ap-dgx024:2546140:2546140 [5] NCCL INFO Channel 13/0 : 5[5] -> 6[6] via P2P/IPC
[1,1]<stdout>:a2ap-dgx024:2546135:2546135 [0] NCCL INFO Channel 06/0 : 0[0] -> 1[1] via P2P/IPC
[1,1]<stdout>:a2ap-dgx024:2546167:2546167 [7] NCCL INFO Channel 21/0 : 7[7] -> 0[0] via P2P/IPC
[1,1]<stdout>:a2ap-dgx024:2546137:2546137 [2] NCCL INFO Channel 17/0 : 2[2] -> 3[3] via P2P/IPC
[1,1]<stdout>:a2ap-dgx024:2546136:2546136 [1] NCCL INFO Channel 05/0 : 1[1] -> 2[2] via P2P/IPC
[1,1]<stdout>:a2ap-dgx024:2546167:2546167 [7] NCCL INFO Channel 22/0 : 7[7] -> 0[0] via P2P/IPC
[1,1]<stdout>:a2ap-dgx024:2546140:2546140 [5] NCCL INFO Channel 14/0 : 5[5] -> 6[6] via P2P/IPC
[1,1]<stdout>:a2ap-dgx024:2546137:2546137 [2] NCCL INFO Channel 18/0 : 2[2] -> 3[3] via P2P/IPC
[1,1]<stdout>:a2ap-dgx024:2546138:2546138 [3] NCCL INFO Channel 15/0 : 3[3] -> 4[4] via P2P/IPC
[1,1]<stdout>:a2ap-dgx024:2546135:2546135 [0] NCCL INFO Channel 07/0 : 0[0] -> 1[1] via P2P/IPC
[1,1]<stdout>:a2ap-dgx024:2546136:2546136 [1] NCCL INFO Channel 06/0 : 1[1] -> 2[2] via P2P/IPC
[1,1]<stdout>:a2ap-dgx024:2546138:2546138 [3] NCCL INFO Channel 16/0 : 3[3] -> 4[4] via P2P/IPC
[1,1]<stdout>:a2ap-dgx024:2546167:2546167 [7] NCCL INFO Channel 23/0 : 7[7] -> 0[0] via P2P/IPC
[1,1]<stdout>:a2ap-dgx024:2546140:2546140 [5] NCCL INFO Channel 15/0 : 5[5] -> 6[6] via P2P/IPC
[1,1]<stdout>:a2ap-dgx024:2546135:2546135 [0] NCCL INFO Channel 08/0 : 0[0] -> 1[1] via P2P/IPC
[1,1]<stdout>:a2ap-dgx024:2546140:2546140 [5] NCCL INFO Channel 16/0 : 5[5] -> 6[6] via P2P/IPC
[1,1]<stdout>:a2ap-dgx024:2546137:2546137 [2] NCCL INFO Channel 19/0 : 2[2] -> 3[3] via P2P/IPC
[1,1]<stdout>:a2ap-dgx024:2546136:2546136 [1] NCCL INFO Channel 07/0 : 1[1] -> 2[2] via P2P/IPC
[1,1]<stdout>:a2ap-dgx024:2546135:2546135 [0] NCCL INFO Channel 09/0 : 0[0] -> 1[1] via P2P/IPC
[1,1]<stdout>:a2ap-dgx024:2546137:2546137 [2] NCCL INFO Channel 20/0 : 2[2] -> 3[3] via P2P/IPC
[1,1]<stdout>:a2ap-dgx024:2546140:2546140 [5] NCCL INFO Channel 17/0 : 5[5] -> 6[6] via P2P/IPC
[1,1]<stdout>:a2ap-dgx024:2546136:2546136 [1] NCCL INFO Channel 08/0 : 1[1] -> 2[2] via P2P/IPC
[1,1]<stdout>:a2ap-dgx024:2546138:2546138 [3] NCCL INFO Channel 17/0 : 3[3] -> 4[4] via P2P/IPC
[1,1]<stdout>:a2ap-dgx024:2546135:2546135 [0] NCCL INFO Channel 10/0 : 0[0] -> 1[1] via P2P/IPC
[1,1]<stdout>:a2ap-dgx024:2546140:2546140 [5] NCCL INFO Channel 18/0 : 5[5] -> 6[6] via P2P/IPC
[1,1]<stdout>:a2ap-dgx024:2546137:2546137 [2] NCCL INFO Channel 21/0 : 2[2] -> 3[3] via P2P/IPC
[1,1]<stdout>:a2ap-dgx024:2546136:2546136 [1] NCCL INFO Channel 09/0 : 1[1] -> 2[2] via P2P/IPC
[1,1]<stdout>:a2ap-dgx024:2546138:2546138 [3] NCCL INFO Channel 18/0 : 3[3] -> 4[4] via P2P/IPC
[1,1]<stdout>:a2ap-dgx024:2546137:2546137 [2] NCCL INFO Channel 22/0 : 2[2] -> 3[3] via P2P/IPC
[1,1]<stdout>:a2ap-dgx024:2546135:2546135 [0] NCCL INFO Channel 11/0 : 0[0] -> 1[1] via P2P/IPC
[1,1]<stdout>:a2ap-dgx024:2546140:2546140 [5] NCCL INFO Channel 19/0 : 5[5] -> 6[6] via P2P/IPC
[1,1]<stdout>:a2ap-dgx024:2546136:2546136 [1] NCCL INFO Channel 10/0 : 1[1] -> 2[2] via P2P/IPC
[1,1]<stdout>:a2ap-dgx024:2546138:2546138 [3] NCCL INFO Channel 19/0 : 3[3] -> 4[4] via P2P/IPC
[1,1]<stdout>:a2ap-dgx024:2546137:2546137 [2] NCCL INFO Channel 23/0 : 2[2] -> 3[3] via P2P/IPC
[1,1]<stdout>:a2ap-dgx024:2546135:2546135 [0] NCCL INFO Channel 12/0 : 0[0] -> 1[1] via P2P/IPC
[1,1]<stdout>:a2ap-dgx024:2546140:2546140 [5] NCCL INFO Channel 20/0 : 5[5] -> 6[6] via P2P/IPC
[1,1]<stdout>:a2ap-dgx024:2546136:2546136 [1] NCCL INFO Channel 11/0 : 1[1] -> 2[2] via P2P/IPC
[1,1]<stdout>:a2ap-dgx024:2546135:2546135 [0] NCCL INFO Channel 13/0 : 0[0] -> 1[1] via P2P/IPC
[1,1]<stdout>:a2ap-dgx024:2546138:2546138 [3] NCCL INFO Channel 20/0 : 3[3] -> 4[4] via P2P/IPC
[1,1]<stdout>:a2ap-dgx024:2546140:2546140 [5] NCCL INFO Channel 21/0 : 5[5] -> 6[6] via P2P/IPC
[1,1]<stdout>:a2ap-dgx024:2546136:2546136 [1] NCCL INFO Channel 12/0 : 1[1] -> 2[2] via P2P/IPC
[1,1]<stdout>:a2ap-dgx024:2546138:2546138 [3] NCCL INFO Channel 21/0 : 3[3] -> 4[4] via P2P/IPC
[1,1]<stdout>:a2ap-dgx024:2546135:2546135 [0] NCCL INFO Channel 14/0 : 0[0] -> 1[1] via P2P/IPC
[1,1]<stdout>:a2ap-dgx024:2546136:2546136 [1] NCCL INFO Channel 13/0 : 1[1] -> 2[2] via P2P/IPC
[1,1]<stdout>:a2ap-dgx024:2546140:2546140 [5] NCCL INFO Channel 22/0 : 5[5] -> 6[6] via P2P/IPC
[1,1]<stdout>:a2ap-dgx024:2546138:2546138 [3] NCCL INFO Channel 22/0 : 3[3] -> 4[4] via P2P/IPC
[1,1]<stdout>:a2ap-dgx024:2546135:2546135 [0] NCCL INFO Channel 15/0 : 0[0] -> 1[1] via P2P/IPC
[1,1]<stdout>:a2ap-dgx024:2546136:2546136 [1] NCCL INFO Channel 14/0 : 1[1] -> 2[2] via P2P/IPC
[1,1]<stdout>:a2ap-dgx024:2546140:2546140 [5] NCCL INFO Channel 23/0 : 5[5] -> 6[6] via P2P/IPC
[1,1]<stdout>:a2ap-dgx024:2546135:2546135 [0] NCCL INFO Channel 16/0 : 0[0] -> 1[1] via P2P/IPC
[1,1]<stdout>:a2ap-dgx024:2546138:2546138 [3] NCCL INFO Channel 23/0 : 3[3] -> 4[4] via P2P/IPC
[1,1]<stdout>:a2ap-dgx024:2546136:2546136 [1] NCCL INFO Channel 15/0 : 1[1] -> 2[2] via P2P/IPC
[1,1]<stdout>:a2ap-dgx024:2546136:2546136 [1] NCCL INFO Channel 16/0 : 1[1] -> 2[2] via P2P/IPC
[1,1]<stdout>:a2ap-dgx024:2546136:2546136 [1] NCCL INFO Channel 17/0 : 1[1] -> 2[2] via P2P/IPC
[1,1]<stdout>:a2ap-dgx024:2546136:2546136 [1] NCCL INFO Channel 18/0 : 1[1] -> 2[2] via P2P/IPC
[1,1]<stdout>:a2ap-dgx024:2546136:2546136 [1] NCCL INFO Channel 19/0 : 1[1] -> 2[2] via P2P/IPC
[1,1]<stdout>:a2ap-dgx024:2546136:2546136 [1] NCCL INFO Channel 20/0 : 1[1] -> 2[2] via P2P/IPC
[1,1]<stdout>:a2ap-dgx024:2546136:2546136 [1] NCCL INFO Channel 21/0 : 1[1] -> 2[2] via P2P/IPC
[1,1]<stdout>:a2ap-dgx024:2546136:2546136 [1] NCCL INFO Channel 22/0 : 1[1] -> 2[2] via P2P/IPC
[1,1]<stdout>:a2ap-dgx024:2546135:2546135 [0] NCCL INFO Channel 17/0 : 0[0] -> 1[1] via P2P/IPC
[1,1]<stdout>:a2ap-dgx024:2546135:2546135 [0] NCCL INFO Channel 18/0 : 0[0] -> 1[1] via P2P/IPC
[1,1]<stdout>:a2ap-dgx024:2546135:2546135 [0] NCCL INFO Channel 19/0 : 0[0] -> 1[1] via P2P/IPC
[1,1]<stdout>:a2ap-dgx024:2546135:2546135 [0] NCCL INFO Channel 20/0 : 0[0] -> 1[1] via P2P/IPC
[1,1]<stdout>:a2ap-dgx024:2546135:2546135 [0] NCCL INFO Channel 21/0 : 0[0] -> 1[1] via P2P/IPC
[1,1]<stdout>:a2ap-dgx024:2546135:2546135 [0] NCCL INFO Channel 22/0 : 0[0] -> 1[1] via P2P/IPC
[1,1]<stdout>:a2ap-dgx024:2546135:2546135 [0] NCCL INFO Channel 23/0 : 0[0] -> 1[1] via P2P/IPC
[1,1]<stdout>:a2ap-dgx024:2546136:2546136 [1] NCCL INFO Channel 23/0 : 1[1] -> 2[2] via P2P/IPC
[1,1]<stdout>:a2ap-dgx024:2546141:2546141 [6] NCCL INFO Connected all rings, use ring PXN 0 GDR 1
[1,1]<stdout>:a2ap-dgx024:2546167:2546167 [7] NCCL INFO Connected all rings, use ring PXN 0 GDR 1
[1,1]<stdout>:a2ap-dgx024:2546139:2546139 [4] NCCL INFO Connected all rings, use ring PXN 0 GDR 1
[1,1]<stdout>:a2ap-dgx024:2546140:2546140 [5] NCCL INFO Connected all rings, use ring PXN 0 GDR 1
[1,1]<stdout>:a2ap-dgx024:2546135:2546135 [0] NCCL INFO Connected all rings, use ring PXN 0 GDR 1
[1,1]<stdout>:a2ap-dgx024:2546137:2546137 [2] NCCL INFO Connected all rings, use ring PXN 0 GDR 1
[1,1]<stdout>:a2ap-dgx024:2546138:2546138 [3] NCCL INFO Connected all rings, use ring PXN 0 GDR 1
[1,1]<stdout>:a2ap-dgx024:2546167:2546167 [7] NCCL INFO Channel 00/0 : 7[7] -> 6[6] via P2P/IPC
[1,1]<stdout>:a2ap-dgx024:2546136:2546136 [1] NCCL INFO Connected all rings, use ring PXN 0 GDR 1
[1,1]<stdout>:a2ap-dgx024:2546167:2546167 [7] NCCL INFO Channel 01/0 : 7[7] -> 6[6] via P2P/IPC
[1,1]<stdout>:a2ap-dgx024:2546167:2546167 [7] NCCL INFO Channel 02/0 : 7[7] -> 6[6] via P2P/IPC
[1,1]<stdout>:a2ap-dgx024:2546167:2546167 [7] NCCL INFO Channel 03/0 : 7[7] -> 6[6] via P2P/IPC
[1,1]<stdout>:a2ap-dgx024:2546167:2546167 [7] NCCL INFO Channel 04/0 : 7[7] -> 6[6] via P2P/IPC
[1,1]<stdout>:a2ap-dgx024:2546167:2546167 [7] NCCL INFO Channel 05/0 : 7[7] -> 6[6] via P2P/IPC
[1,1]<stdout>:a2ap-dgx024:2546167:2546167 [7] NCCL INFO Channel 06/0 : 7[7] -> 6[6] via P2P/IPC
[1,1]<stdout>:a2ap-dgx024:2546167:2546167 [7] NCCL INFO Channel 07/0 : 7[7] -> 6[6] via P2P/IPC
[1,1]<stdout>:a2ap-dgx024:2546167:2546167 [7] NCCL INFO Channel 08/0 : 7[7] -> 6[6] via P2P/IPC
[1,1]<stdout>:a2ap-dgx024:2546167:2546167 [7] NCCL INFO Channel 09/0 : 7[7] -> 6[6] via P2P/IPC
[1,1]<stdout>:a2ap-dgx024:2546167:2546167 [7] NCCL INFO Channel 10/0 : 7[7] -> 6[6] via P2P/IPC
[1,1]<stdout>:a2ap-dgx024:2546167:2546167 [7] NCCL INFO Channel 11/0 : 7[7] -> 6[6] via P2P/IPC
[1,1]<stdout>:a2ap-dgx024:2546167:2546167 [7] NCCL INFO Channel 12/0 : 7[7] -> 6[6] via P2P/IPC
[1,1]<stdout>:a2ap-dgx024:2546167:2546167 [7] NCCL INFO Channel 13/0 : 7[7] -> 6[6] via P2P/IPC
[1,1]<stdout>:a2ap-dgx024:2546167:2546167 [7] NCCL INFO Channel 14/0 : 7[7] -> 6[6] via P2P/IPC
[1,1]<stdout>:a2ap-dgx024:2546167:2546167 [7] NCCL INFO Channel 15/0 : 7[7] -> 6[6] via P2P/IPC
[1,1]<stdout>:a2ap-dgx024:2546167:2546167 [7] NCCL INFO Channel 16/0 : 7[7] -> 6[6] via P2P/IPC
[1,1]<stdout>:a2ap-dgx024:2546167:2546167 [7] NCCL INFO Channel 17/0 : 7[7] -> 6[6] via P2P/IPC
[1,1]<stdout>:a2ap-dgx024:2546167:2546167 [7] NCCL INFO Channel 18/0 : 7[7] -> 6[6] via P2P/IPC
[1,1]<stdout>:a2ap-dgx024:2546167:2546167 [7] NCCL INFO Channel 19/0 : 7[7] -> 6[6] via P2P/IPC
[1,1]<stdout>:a2ap-dgx024:2546167:2546167 [7] NCCL INFO Channel 20/0 : 7[7] -> 6[6] via P2P/IPC
[1,1]<stdout>:a2ap-dgx024:2546167:2546167 [7] NCCL INFO Channel 21/0 : 7[7] -> 6[6] via P2P/IPC
[1,1]<stdout>:a2ap-dgx024:2546167:2546167 [7] NCCL INFO Channel 22/0 : 7[7] -> 6[6] via P2P/IPC
[1,1]<stdout>:a2ap-dgx024:2546167:2546167 [7] NCCL INFO Channel 23/0 : 7[7] -> 6[6] via P2P/IPC
[1,1]<stdout>:a2ap-dgx024:2546138:2546138 [3] NCCL INFO Channel 00/0 : 3[3] -> 2[2] via P2P/IPC
[1,1]<stdout>:a2ap-dgx024:2546138:2546138 [3] NCCL INFO Channel 01/0 : 3[3] -> 2[2] via P2P/IPC
[1,1]<stdout>:a2ap-dgx024:2546138:2546138 [3] NCCL INFO Channel 02/0 : 3[3] -> 2[2] via P2P/IPC
[1,1]<stdout>:a2ap-dgx024:2546140:2546140 [5] NCCL INFO Channel 00/0 : 5[5] -> 4[4] via P2P/IPC
[1,1]<stdout>:a2ap-dgx024:2546138:2546138 [3] NCCL INFO Channel 03/0 : 3[3] -> 2[2] via P2P/IPC
[1,1]<stdout>:a2ap-dgx024:2546140:2546140 [5] NCCL INFO Channel 01/0 : 5[5] -> 4[4] via P2P/IPC
[1,1]<stdout>:a2ap-dgx024:2546138:2546138 [3] NCCL INFO Channel 04/0 : 3[3] -> 2[2] via P2P/IPC
[1,1]<stdout>:a2ap-dgx024:2546137:2546137 [2] NCCL INFO Channel 00/0 : 2[2] -> 1[1] via P2P/IPC
[1,1]<stdout>:a2ap-dgx024:2546140:2546140 [5] NCCL INFO Channel 02/0 : 5[5] -> 4[4] via P2P/IPC
[1,1]<stdout>:a2ap-dgx024:2546139:2546139 [4] NCCL INFO Channel 00/0 : 4[4] -> 3[3] via P2P/IPC
[1,1]<stdout>:a2ap-dgx024:2546138:2546138 [3] NCCL INFO Channel 05/0 : 3[3] -> 2[2] via P2P/IPC
[1,1]<stdout>:a2ap-dgx024:2546140:2546140 [5] NCCL INFO Channel 03/0 : 5[5] -> 4[4] via P2P/IPC
[1,1]<stdout>:a2ap-dgx024:2546137:2546137 [2] NCCL INFO Channel 01/0 : 2[2] -> 1[1] via P2P/IPC
[1,1]<stdout>:a2ap-dgx024:2546139:2546139 [4] NCCL INFO Channel 01/0 : 4[4] -> 3[3] via P2P/IPC
[1,1]<stdout>:a2ap-dgx024:2546140:2546140 [5] NCCL INFO Channel 04/0 : 5[5] -> 4[4] via P2P/IPC
[1,1]<stdout>:a2ap-dgx024:2546137:2546137 [2] NCCL INFO Channel 02/0 : 2[2] -> 1[1] via P2P/IPC
[1,1]<stdout>:a2ap-dgx024:2546139:2546139 [4] NCCL INFO Channel 02/0 : 4[4] -> 3[3] via P2P/IPC
[1,1]<stdout>:a2ap-dgx024:2546140:2546140 [5] NCCL INFO Channel 05/0 : 5[5] -> 4[4] via P2P/IPC
[1,1]<stdout>:a2ap-dgx024:2546137:2546137 [2] NCCL INFO Channel 03/0 : 2[2] -> 1[1] via P2P/IPC
[1,1]<stdout>:a2ap-dgx024:2546139:2546139 [4] NCCL INFO Channel 03/0 : 4[4] -> 3[3] via P2P/IPC
[1,1]<stdout>:a2ap-dgx024:2546140:2546140 [5] NCCL INFO Channel 06/0 : 5[5] -> 4[4] via P2P/IPC
[1,1]<stdout>:a2ap-dgx024:2546137:2546137 [2] NCCL INFO Channel 04/0 : 2[2] -> 1[1] via P2P/IPC
[1,1]<stdout>:a2ap-dgx024:2546139:2546139 [4] NCCL INFO Channel 04/0 : 4[4] -> 3[3] via P2P/IPC
[1,1]<stdout>:a2ap-dgx024:2546140:2546140 [5] NCCL INFO Channel 07/0 : 5[5] -> 4[4] via P2P/IPC
[1,1]<stdout>:a2ap-dgx024:2546137:2546137 [2] NCCL INFO Channel 05/0 : 2[2] -> 1[1] via P2P/IPC
[1,1]<stdout>:a2ap-dgx024:2546139:2546139 [4] NCCL INFO Channel 05/0 : 4[4] -> 3[3] via P2P/IPC
[1,1]<stdout>:a2ap-dgx024:2546141:2546141 [6] NCCL INFO Channel 00/0 : 6[6] -> 5[5] via P2P/IPC
[1,1]<stdout>:a2ap-dgx024:2546140:2546140 [5] NCCL INFO Channel 08/0 : 5[5] -> 4[4] via P2P/IPC
[1,1]<stdout>:a2ap-dgx024:2546137:2546137 [2] NCCL INFO Channel 06/0 : 2[2] -> 1[1] via P2P/IPC
[1,1]<stdout>:a2ap-dgx024:2546139:2546139 [4] NCCL INFO Channel 06/0 : 4[4] -> 3[3] via P2P/IPC
[1,1]<stdout>:a2ap-dgx024:2546141:2546141 [6] NCCL INFO Channel 01/0 : 6[6] -> 5[5] via P2P/IPC
[1,1]<stdout>:a2ap-dgx024:2546140:2546140 [5] NCCL INFO Channel 09/0 : 5[5] -> 4[4] via P2P/IPC
[1,1]<stdout>:a2ap-dgx024:2546138:2546138 [3] NCCL INFO Channel 06/0 : 3[3] -> 2[2] via P2P/IPC
[1,1]<stdout>:a2ap-dgx024:2546137:2546137 [2] NCCL INFO Channel 07/0 : 2[2] -> 1[1] via P2P/IPC
[1,1]<stdout>:a2ap-dgx024:2546139:2546139 [4] NCCL INFO Channel 07/0 : 4[4] -> 3[3] via P2P/IPC
[1,1]<stdout>:a2ap-dgx024:2546141:2546141 [6] NCCL INFO Channel 02/0 : 6[6] -> 5[5] via P2P/IPC
[1,1]<stdout>:a2ap-dgx024:2546137:2546137 [2] NCCL INFO Channel 08/0 : 2[2] -> 1[1] via P2P/IPC
[1,1]<stdout>:a2ap-dgx024:2546140:2546140 [5] NCCL INFO Channel 10/0 : 5[5] -> 4[4] via P2P/IPC
[1,1]<stdout>:a2ap-dgx024:2546138:2546138 [3] NCCL INFO Channel 07/0 : 3[3] -> 2[2] via P2P/IPC
[1,1]<stdout>:a2ap-dgx024:2546141:2546141 [6] NCCL INFO Channel 03/0 : 6[6] -> 5[5] via P2P/IPC
[1,1]<stdout>:a2ap-dgx024:2546139:2546139 [4] NCCL INFO Channel 08/0 : 4[4] -> 3[3] via P2P/IPC
[1,1]<stdout>:a2ap-dgx024:2546137:2546137 [2] NCCL INFO Channel 09/0 : 2[2] -> 1[1] via P2P/IPC
[1,1]<stdout>:a2ap-dgx024:2546140:2546140 [5] NCCL INFO Channel 11/0 : 5[5] -> 4[4] via P2P/IPC
[1,1]<stdout>:a2ap-dgx024:2546138:2546138 [3] NCCL INFO Channel 08/0 : 3[3] -> 2[2] via P2P/IPC
[1,1]<stdout>:a2ap-dgx024:2546141:2546141 [6] NCCL INFO Channel 04/0 : 6[6] -> 5[5] via P2P/IPC
[1,1]<stdout>:a2ap-dgx024:2546139:2546139 [4] NCCL INFO Channel 09/0 : 4[4] -> 3[3] via P2P/IPC
[1,1]<stdout>:a2ap-dgx024:2546137:2546137 [2] NCCL INFO Channel 10/0 : 2[2] -> 1[1] via P2P/IPC
[1,1]<stdout>:a2ap-dgx024:2546140:2546140 [5] NCCL INFO Channel 12/0 : 5[5] -> 4[4] via P2P/IPC
[1,1]<stdout>:a2ap-dgx024:2546138:2546138 [3] NCCL INFO Channel 09/0 : 3[3] -> 2[2] via P2P/IPC
[1,1]<stdout>:a2ap-dgx024:2546141:2546141 [6] NCCL INFO Channel 05/0 : 6[6] -> 5[5] via P2P/IPC
[1,1]<stdout>:a2ap-dgx024:2546139:2546139 [4] NCCL INFO Channel 10/0 : 4[4] -> 3[3] via P2P/IPC
[1,1]<stdout>:a2ap-dgx024:2546137:2546137 [2] NCCL INFO Channel 11/0 : 2[2] -> 1[1] via P2P/IPC
[1,1]<stdout>:a2ap-dgx024:2546140:2546140 [5] NCCL INFO Channel 13/0 : 5[5] -> 4[4] via P2P/IPC
[1,1]<stdout>:a2ap-dgx024:2546138:2546138 [3] NCCL INFO Channel 10/0 : 3[3] -> 2[2] via P2P/IPC
[1,1]<stdout>:a2ap-dgx024:2546141:2546141 [6] NCCL INFO Channel 06/0 : 6[6] -> 5[5] via P2P/IPC
[1,1]<stdout>:a2ap-dgx024:2546139:2546139 [4] NCCL INFO Channel 11/0 : 4[4] -> 3[3] via P2P/IPC
[1,1]<stdout>:a2ap-dgx024:2546137:2546137 [2] NCCL INFO Channel 12/0 : 2[2] -> 1[1] via P2P/IPC
[1,1]<stdout>:a2ap-dgx024:2546138:2546138 [3] NCCL INFO Channel 11/0 : 3[3] -> 2[2] via P2P/IPC
[1,1]<stdout>:a2ap-dgx024:2546140:2546140 [5] NCCL INFO Channel 14/0 : 5[5] -> 4[4] via P2P/IPC
[1,1]<stdout>:a2ap-dgx024:2546139:2546139 [4] NCCL INFO Channel 12/0 : 4[4] -> 3[3] via P2P/IPC
[1,1]<stdout>:a2ap-dgx024:2546141:2546141 [6] NCCL INFO Channel 07/0 : 6[6] -> 5[5] via P2P/IPC
[1,1]<stdout>:a2ap-dgx024:2546138:2546138 [3] NCCL INFO Channel 12/0 : 3[3] -> 2[2] via P2P/IPC
[1,1]<stdout>:a2ap-dgx024:2546137:2546137 [2] NCCL INFO Channel 13/0 : 2[2] -> 1[1] via P2P/IPC
[1,1]<stdout>:a2ap-dgx024:2546140:2546140 [5] NCCL INFO Channel 15/0 : 5[5] -> 4[4] via P2P/IPC
[1,1]<stdout>:a2ap-dgx024:2546139:2546139 [4] NCCL INFO Channel 13/0 : 4[4] -> 3[3] via P2P/IPC
[1,1]<stdout>:a2ap-dgx024:2546138:2546138 [3] NCCL INFO Channel 13/0 : 3[3] -> 2[2] via P2P/IPC
[1,1]<stdout>:a2ap-dgx024:2546137:2546137 [2] NCCL INFO Channel 14/0 : 2[2] -> 1[1] via P2P/IPC
[1,1]<stdout>:a2ap-dgx024:2546140:2546140 [5] NCCL INFO Channel 16/0 : 5[5] -> 4[4] via P2P/IPC
[1,1]<stdout>:a2ap-dgx024:2546139:2546139 [4] NCCL INFO Channel 14/0 : 4[4] -> 3[3] via P2P/IPC
[1,1]<stdout>:a2ap-dgx024:2546138:2546138 [3] NCCL INFO Channel 14/0 : 3[3] -> 2[2] via P2P/IPC
[1,1]<stdout>:a2ap-dgx024:2546137:2546137 [2] NCCL INFO Channel 15/0 : 2[2] -> 1[1] via P2P/IPC
[1,1]<stdout>:a2ap-dgx024:2546140:2546140 [5] NCCL INFO Channel 17/0 : 5[5] -> 4[4] via P2P/IPC
[1,1]<stdout>:a2ap-dgx024:2546139:2546139 [4] NCCL INFO Channel 15/0 : 4[4] -> 3[3] via P2P/IPC
[1,1]<stdout>:a2ap-dgx024:2546138:2546138 [3] NCCL INFO Channel 15/0 : 3[3] -> 2[2] via P2P/IPC
[1,1]<stdout>:a2ap-dgx024:2546137:2546137 [2] NCCL INFO Channel 16/0 : 2[2] -> 1[1] via P2P/IPC
[1,1]<stdout>:a2ap-dgx024:2546140:2546140 [5] NCCL INFO Channel 18/0 : 5[5] -> 4[4] via P2P/IPC
[1,1]<stdout>:a2ap-dgx024:2546139:2546139 [4] NCCL INFO Channel 16/0 : 4[4] -> 3[3] via P2P/IPC
[1,1]<stdout>:a2ap-dgx024:2546138:2546138 [3] NCCL INFO Channel 16/0 : 3[3] -> 2[2] via P2P/IPC
[1,1]<stdout>:a2ap-dgx024:2546137:2546137 [2] NCCL INFO Channel 17/0 : 2[2] -> 1[1] via P2P/IPC
[1,1]<stdout>:a2ap-dgx024:2546140:2546140 [5] NCCL INFO Channel 19/0 : 5[5] -> 4[4] via P2P/IPC
[1,1]<stdout>:a2ap-dgx024:2546139:2546139 [4] NCCL INFO Channel 17/0 : 4[4] -> 3[3] via P2P/IPC
[1,1]<stdout>:a2ap-dgx024:2546141:2546141 [6] NCCL INFO Channel 08/0 : 6[6] -> 5[5] via P2P/IPC
[1,1]<stdout>:a2ap-dgx024:2546138:2546138 [3] NCCL INFO Channel 17/0 : 3[3] -> 2[2] via P2P/IPC
[1,1]<stdout>:a2ap-dgx024:2546137:2546137 [2] NCCL INFO Channel 18/0 : 2[2] -> 1[1] via P2P/IPC
[1,1]<stdout>:a2ap-dgx024:2546140:2546140 [5] NCCL INFO Channel 20/0 : 5[5] -> 4[4] via P2P/IPC
[1,1]<stdout>:a2ap-dgx024:2546139:2546139 [4] NCCL INFO Channel 18/0 : 4[4] -> 3[3] via P2P/IPC
[1,1]<stdout>:a2ap-dgx024:2546141:2546141 [6] NCCL INFO Channel 09/0 : 6[6] -> 5[5] via P2P/IPC
[1,1]<stdout>:a2ap-dgx024:2546138:2546138 [3] NCCL INFO Channel 18/0 : 3[3] -> 2[2] via P2P/IPC
[1,1]<stdout>:a2ap-dgx024:2546139:2546139 [4] NCCL INFO Channel 19/0 : 4[4] -> 3[3] via P2P/IPC
[1,1]<stdout>:a2ap-dgx024:2546140:2546140 [5] NCCL INFO Channel 21/0 : 5[5] -> 4[4] via P2P/IPC
[1,1]<stdout>:a2ap-dgx024:2546138:2546138 [3] NCCL INFO Channel 19/0 : 3[3] -> 2[2] via P2P/IPC
[1,1]<stdout>:a2ap-dgx024:2546139:2546139 [4] NCCL INFO Channel 20/0 : 4[4] -> 3[3] via P2P/IPC
[1,1]<stdout>:a2ap-dgx024:2546140:2546140 [5] NCCL INFO Channel 22/0 : 5[5] -> 4[4] via P2P/IPC
[1,1]<stdout>:a2ap-dgx024:2546138:2546138 [3] NCCL INFO Channel 20/0 : 3[3] -> 2[2] via P2P/IPC
[1,1]<stdout>:a2ap-dgx024:2546137:2546137 [2] NCCL INFO Channel 19/0 : 2[2] -> 1[1] via P2P/IPC
[1,1]<stdout>:a2ap-dgx024:2546139:2546139 [4] NCCL INFO Channel 21/0 : 4[4] -> 3[3] via P2P/IPC
[1,1]<stdout>:a2ap-dgx024:2546141:2546141 [6] NCCL INFO Channel 10/0 : 6[6] -> 5[5] via P2P/IPC
[1,1]<stdout>:a2ap-dgx024:2546138:2546138 [3] NCCL INFO Channel 21/0 : 3[3] -> 2[2] via P2P/IPC
[1,1]<stdout>:a2ap-dgx024:2546140:2546140 [5] NCCL INFO Channel 23/0 : 5[5] -> 4[4] via P2P/IPC
[1,1]<stdout>:a2ap-dgx024:2546137:2546137 [2] NCCL INFO Channel 20/0 : 2[2] -> 1[1] via P2P/IPC
[1,1]<stdout>:a2ap-dgx024:2546139:2546139 [4] NCCL INFO Channel 22/0 : 4[4] -> 3[3] via P2P/IPC
[1,1]<stdout>:a2ap-dgx024:2546138:2546138 [3] NCCL INFO Channel 22/0 : 3[3] -> 2[2] via P2P/IPC
[1,1]<stdout>:a2ap-dgx024:2546137:2546137 [2] NCCL INFO Channel 21/0 : 2[2] -> 1[1] via P2P/IPC
[1,1]<stdout>:a2ap-dgx024:2546139:2546139 [4] NCCL INFO Channel 23/0 : 4[4] -> 3[3] via P2P/IPC
[1,1]<stdout>:a2ap-dgx024:2546138:2546138 [3] NCCL INFO Channel 23/0 : 3[3] -> 2[2] via P2P/IPC
[1,1]<stdout>:a2ap-dgx024:2546137:2546137 [2] NCCL INFO Channel 22/0 : 2[2] -> 1[1] via P2P/IPC
[1,1]<stdout>:a2ap-dgx024:2546136:2546136 [1] NCCL INFO Channel 00/0 : 1[1] -> 0[0] via P2P/IPC
[1,1]<stdout>:a2ap-dgx024:2546137:2546137 [2] NCCL INFO Channel 23/0 : 2[2] -> 1[1] via P2P/IPC
[1,1]<stdout>:a2ap-dgx024:2546141:2546141 [6] NCCL INFO Channel 11/0 : 6[6] -> 5[5] via P2P/IPC
[1,1]<stdout>:a2ap-dgx024:2546136:2546136 [1] NCCL INFO Channel 01/0 : 1[1] -> 0[0] via P2P/IPC
[1,1]<stdout>:a2ap-dgx024:2546141:2546141 [6] NCCL INFO Channel 12/0 : 6[6] -> 5[5] via P2P/IPC
[1,1]<stdout>:a2ap-dgx024:2546136:2546136 [1] NCCL INFO Channel 02/0 : 1[1] -> 0[0] via P2P/IPC
[1,1]<stdout>:a2ap-dgx024:2546141:2546141 [6] NCCL INFO Channel 13/0 : 6[6] -> 5[5] via P2P/IPC
[1,1]<stdout>:a2ap-dgx024:2546136:2546136 [1] NCCL INFO Channel 03/0 : 1[1] -> 0[0] via P2P/IPC
[1,1]<stdout>:a2ap-dgx024:2546141:2546141 [6] NCCL INFO Channel 14/0 : 6[6] -> 5[5] via P2P/IPC
[1,1]<stdout>:a2ap-dgx024:2546136:2546136 [1] NCCL INFO Channel 04/0 : 1[1] -> 0[0] via P2P/IPC
[1,1]<stdout>:a2ap-dgx024:2546136:2546136 [1] NCCL INFO Channel 05/0 : 1[1] -> 0[0] via P2P/IPC
[1,1]<stdout>:a2ap-dgx024:2546136:2546136 [1] NCCL INFO Channel 06/0 : 1[1] -> 0[0] via P2P/IPC
[1,1]<stdout>:a2ap-dgx024:2546136:2546136 [1] NCCL INFO Channel 07/0 : 1[1] -> 0[0] via P2P/IPC
[1,1]<stdout>:a2ap-dgx024:2546141:2546141 [6] NCCL INFO Channel 15/0 : 6[6] -> 5[5] via P2P/IPC
[1,1]<stdout>:a2ap-dgx024:2546136:2546136 [1] NCCL INFO Channel 08/0 : 1[1] -> 0[0] via P2P/IPC
[1,1]<stdout>:a2ap-dgx024:2546141:2546141 [6] NCCL INFO Channel 16/0 : 6[6] -> 5[5] via P2P/IPC
[1,1]<stdout>:a2ap-dgx024:2546141:2546141 [6] NCCL INFO Channel 17/0 : 6[6] -> 5[5] via P2P/IPC
[1,1]<stdout>:a2ap-dgx024:2546136:2546136 [1] NCCL INFO Channel 09/0 : 1[1] -> 0[0] via P2P/IPC
[1,1]<stdout>:a2ap-dgx024:2546141:2546141 [6] NCCL INFO Channel 18/0 : 6[6] -> 5[5] via P2P/IPC
[1,1]<stdout>:a2ap-dgx024:2546136:2546136 [1] NCCL INFO Channel 10/0 : 1[1] -> 0[0] via P2P/IPC
[1,1]<stdout>:a2ap-dgx024:2546136:2546136 [1] NCCL INFO Channel 11/0 : 1[1] -> 0[0] via P2P/IPC
[1,1]<stdout>:a2ap-dgx024:2546136:2546136 [1] NCCL INFO Channel 12/0 : 1[1] -> 0[0] via P2P/IPC
[1,1]<stdout>:a2ap-dgx024:2546136:2546136 [1] NCCL INFO Channel 13/0 : 1[1] -> 0[0] via P2P/IPC
[1,1]<stdout>:a2ap-dgx024:2546136:2546136 [1] NCCL INFO Channel 14/0 : 1[1] -> 0[0] via P2P/IPC
[1,1]<stdout>:a2ap-dgx024:2546136:2546136 [1] NCCL INFO Channel 15/0 : 1[1] -> 0[0] via P2P/IPC
[1,1]<stdout>:a2ap-dgx024:2546136:2546136 [1] NCCL INFO Channel 16/0 : 1[1] -> 0[0] via P2P/IPC
[1,1]<stdout>:a2ap-dgx024:2546136:2546136 [1] NCCL INFO Channel 17/0 : 1[1] -> 0[0] via P2P/IPC
[1,1]<stdout>:a2ap-dgx024:2546136:2546136 [1] NCCL INFO Channel 18/0 : 1[1] -> 0[0] via P2P/IPC
[1,1]<stdout>:a2ap-dgx024:2546141:2546141 [6] NCCL INFO Channel 19/0 : 6[6] -> 5[5] via P2P/IPC
[1,1]<stdout>:a2ap-dgx024:2546136:2546136 [1] NCCL INFO Channel 19/0 : 1[1] -> 0[0] via P2P/IPC
[1,1]<stdout>:a2ap-dgx024:2546136:2546136 [1] NCCL INFO Channel 20/0 : 1[1] -> 0[0] via P2P/IPC
[1,1]<stdout>:a2ap-dgx024:2546141:2546141 [6] NCCL INFO Channel 20/0 : 6[6] -> 5[5] via P2P/IPC
[1,1]<stdout>:a2ap-dgx024:2546136:2546136 [1] NCCL INFO Channel 21/0 : 1[1] -> 0[0] via P2P/IPC
[1,1]<stdout>:a2ap-dgx024:2546141:2546141 [6] NCCL INFO Channel 21/0 : 6[6] -> 5[5] via P2P/IPC
[1,1]<stdout>:a2ap-dgx024:2546136:2546136 [1] NCCL INFO Channel 22/0 : 1[1] -> 0[0] via P2P/IPC
[1,1]<stdout>:a2ap-dgx024:2546141:2546141 [6] NCCL INFO Channel 22/0 : 6[6] -> 5[5] via P2P/IPC
[1,1]<stdout>:a2ap-dgx024:2546136:2546136 [1] NCCL INFO Channel 23/0 : 1[1] -> 0[0] via P2P/IPC
[1,1]<stdout>:a2ap-dgx024:2546141:2546141 [6] NCCL INFO Channel 23/0 : 6[6] -> 5[5] via P2P/IPC
[1,1]<stdout>:a2ap-dgx024:2546167:2546167 [7] NCCL INFO Connected all trees
[1,1]<stdout>:a2ap-dgx024:2546167:2550636 [7] NCCL INFO [Proxy Progress] Device 7 CPU core 74
[1,1]<stdout>:a2ap-dgx024:2546138:2546138 [3] NCCL INFO Connected all trees
[1,1]<stdout>:a2ap-dgx024:2546167:2546167 [7] NCCL INFO threadThresholds 8/8/64 | 64/8/64 | 512 | 512
[1,1]<stdout>:a2ap-dgx024:2546167:2546167 [7] NCCL INFO 24 coll channels, 24 collnet channels, 0 nvls channels, 32 p2p channels, 32 p2p channels per peer
[1,1]<stdout>:a2ap-dgx024:2546138:2550637 [3] NCCL INFO [Proxy Progress] Device 3 CPU core 122
[1,1]<stdout>:a2ap-dgx024:2546138:2546138 [3] NCCL INFO threadThresholds 8/8/64 | 64/8/64 | 512 | 512
[1,1]<stdout>:a2ap-dgx024:2546138:2546138 [3] NCCL INFO 24 coll channels, 24 collnet channels, 0 nvls channels, 32 p2p channels, 32 p2p channels per peer
[1,1]<stdout>:a2ap-dgx024:2546135:2546135 [0] NCCL INFO Connected all trees
[1,1]<stdout>:a2ap-dgx024:2546137:2546137 [2] NCCL INFO Connected all trees
[1,1]<stdout>:a2ap-dgx024:2546136:2546136 [1] NCCL INFO Connected all trees
[1,1]<stdout>:a2ap-dgx024:2546135:2550640 [0] NCCL INFO [Proxy Progress] Device 0 CPU core 12
[1,1]<stdout>:a2ap-dgx024:2546136:2550641 [1] NCCL INFO [Proxy Progress] Device 1 CPU core 8
[1,1]<stdout>:a2ap-dgx024:2546137:2550642 [2] NCCL INFO [Proxy Progress] Device 2 CPU core 14
[1,1]<stdout>:a2ap-dgx024:2546135:2546135 [0] NCCL INFO threadThresholds 8/8/64 | 64/8/64 | 512 | 512
[1,1]<stdout>:a2ap-dgx024:2546135:2546135 [0] NCCL INFO 24 coll channels, 24 collnet channels, 0 nvls channels, 32 p2p channels, 32 p2p channels per peer
[1,1]<stdout>:a2ap-dgx024:2546135:2546135 [0] NCCL INFO CC Off, workFifoBytes 1048576
[1,1]<stdout>:a2ap-dgx024:2546140:2546140 [5] NCCL INFO Connected all trees
[1,1]<stdout>:a2ap-dgx024:2546136:2546136 [1] NCCL INFO threadThresholds 8/8/64 | 64/8/64 | 512 | 512
[1,1]<stdout>:a2ap-dgx024:2546136:2546136 [1] NCCL INFO 24 coll channels, 24 collnet channels, 0 nvls channels, 32 p2p channels, 32 p2p channels per peer
[1,1]<stdout>:a2ap-dgx024:2546137:2546137 [2] NCCL INFO threadThresholds 8/8/64 | 64/8/64 | 512 | 512
[1,1]<stdout>:a2ap-dgx024:2546141:2546141 [6] NCCL INFO Connected all trees
[1,1]<stdout>:a2ap-dgx024:2546137:2546137 [2] NCCL INFO 24 coll channels, 24 collnet channels, 0 nvls channels, 32 p2p channels, 32 p2p channels per peer
[1,1]<stdout>:a2ap-dgx024:2546139:2546139 [4] NCCL INFO Connected all trees
[1,1]<stdout>:a2ap-dgx024:2546140:2550643 [5] NCCL INFO [Proxy Progress] Device 5 CPU core 65
[1,1]<stdout>:a2ap-dgx024:2546139:2550645 [4] NCCL INFO [Proxy Progress] Device 4 CPU core 193
[1,1]<stdout>:a2ap-dgx024:2546140:2546140 [5] NCCL INFO threadThresholds 8/8/64 | 64/8/64 | 512 | 512
[1,1]<stdout>:a2ap-dgx024:2546140:2546140 [5] NCCL INFO 24 coll channels, 24 collnet channels, 0 nvls channels, 32 p2p channels, 32 p2p channels per peer
[1,1]<stdout>:a2ap-dgx024:2546141:2550646 [6] NCCL INFO [Proxy Progress] Device 6 CPU core 60
[1,1]<stdout>:a2ap-dgx024:2546139:2546139 [4] NCCL INFO threadThresholds 8/8/64 | 64/8/64 | 512 | 512
[1,1]<stdout>:a2ap-dgx024:2546139:2546139 [4] NCCL INFO 24 coll channels, 24 collnet channels, 0 nvls channels, 32 p2p channels, 32 p2p channels per peer
[1,1]<stdout>:a2ap-dgx024:2546141:2546141 [6] NCCL INFO threadThresholds 8/8/64 | 64/8/64 | 512 | 512
[1,1]<stdout>:a2ap-dgx024:2546141:2546141 [6] NCCL INFO 24 coll channels, 24 collnet channels, 0 nvls channels, 32 p2p channels, 32 p2p channels per peer
[1,1]<stdout>:a2ap-dgx024:2546141:2546141 [6] NCCL INFO ncclCommInitRank comm 0x55556ed6ddd0 rank 6 nranks 8 cudaDev 6 nvmlDev 6 busId d1000 commId 0xf866a7db0254ad59 - Init COMPLETE
[1,1]<stdout>:a2ap-dgx024:2546139:2546139 [4] NCCL INFO ncclCommInitRank comm 0x55556ed6fdc0 rank 4 nranks 8 cudaDev 4 nvmlDev 4 busId 9d000 commId 0xf866a7db0254ad59 - Init COMPLETE
[1,1]<stdout>:a2ap-dgx024:2546141:2546141 [6] NCCL INFO Init timings - ncclCommInitRank: rank 6 nranks 8 total 2.37 (kernels 0.00, alloc 0.00, bootstrap 0.00, allgathers 0.03, topo 1.32, graphs 0.01, connections 1.00, rest 0.00)
[1,1]<stdout>:a2ap-dgx024:2546137:2546137 [2] NCCL INFO ncclCommInitRank comm 0x55556ed6b410 rank 2 nranks 8 cudaDev 2 nvmlDev 2 busId 52000 commId 0xf866a7db0254ad59 - Init COMPLETE
[1,1]<stdout>:a2ap-dgx024:2546139:2546139 [4] NCCL INFO Init timings - ncclCommInitRank: rank 4 nranks 8 total 2.37 (kernels 0.00, alloc 0.00, bootstrap 0.00, allgathers 0.04, topo 1.33, graphs 0.01, connections 1.00, rest 0.00)
[1,1]<stdout>:a2ap-dgx024:2546140:2546140 [5] NCCL INFO ncclCommInitRank comm 0x55556ed70a50 rank 5 nranks 8 cudaDev 5 nvmlDev 5 busId c3000 commId 0xf866a7db0254ad59 - Init COMPLETE
[1,1]<stdout>:a2ap-dgx024:2546138:2546138 [3] NCCL INFO ncclCommInitRank comm 0x55556ed701f0 rank 3 nranks 8 cudaDev 3 nvmlDev 3 busId 61000 commId 0xf866a7db0254ad59 - Init COMPLETE
[1,1]<stdout>:a2ap-dgx024:2546167:2546167 [7] NCCL INFO ncclCommInitRank comm 0x55556ed575e0 rank 7 nranks 8 cudaDev 7 nvmlDev 7 busId df000 commId 0xf866a7db0254ad59 - Init COMPLETE
[1,1]<stdout>:a2ap-dgx024:2546137:2546137 [2] NCCL INFO Init timings - ncclCommInitRank: rank 2 nranks 8 total 2.37 (kernels 0.00, alloc 0.00, bootstrap 0.00, allgathers 0.03, topo 1.33, graphs 0.01, connections 0.97, rest 0.03)
[1,1]<stdout>:a2ap-dgx024:2546140:2546140 [5] NCCL INFO Init timings - ncclCommInitRank: rank 5 nranks 8 total 2.37 (kernels 0.00, alloc 0.00, bootstrap 0.00, allgathers 0.04, topo 1.32, graphs 0.01, connections 1.00, rest 0.00)
[1,1]<stdout>:a2ap-dgx024:2546138:2546138 [3] NCCL INFO Init timings - ncclCommInitRank: rank 3 nranks 8 total 2.37 (kernels 0.00, alloc 0.00, bootstrap 0.00, allgathers 0.03, topo 1.32, graphs 0.01, connections 0.94, rest 0.06)
[1,1]<stdout>:a2ap-dgx024:2546167:2546167 [7] NCCL INFO Init timings - ncclCommInitRank: rank 7 nranks 8 total 2.37 (kernels 0.00, alloc 0.00, bootstrap 0.00, allgathers 0.04, topo 1.32, graphs 0.01, connections 0.91, rest 0.09)
[1,1]<stdout>:a2ap-dgx024:2546136:2546136 [1] NCCL INFO ncclCommInitRank comm 0x55556ed6bfd0 rank 1 nranks 8 cudaDev 1 nvmlDev 1 busId 43000 commId 0xf866a7db0254ad59 - Init COMPLETE
[1,1]<stdout>:a2ap-dgx024:2546136:2546136 [1] NCCL INFO Init timings - ncclCommInitRank: rank 1 nranks 8 total 2.37 (kernels 0.00, alloc 0.00, bootstrap 0.00, allgathers 0.04, topo 1.32, graphs 0.01, connections 0.97, rest 0.03)
[1,1]<stdout>:a2ap-dgx024:2546135:2546135 [0] NCCL INFO ncclCommInitRank comm 0x55556ed581d0 rank 0 nranks 8 cudaDev 0 nvmlDev 0 busId 1b000 commId 0xf866a7db0254ad59 - Init COMPLETE
[1,1]<stdout>:a2ap-dgx024:2546135:2546135 [0] NCCL INFO Init timings - ncclCommInitRank: rank 0 nranks 8 total 2.37 (kernels 0.00, alloc 0.00, bootstrap 0.00, allgathers 0.04, topo 1.32, graphs 0.01, connections 0.96, rest 0.04)
[1,1]<stdout>:[Gloo] Rank 0 is connected to 0 peer ranks. Expected number of connected peer ranks is : 0
[1,1]<stdout>:[Gloo] Rank 0 is connected to 0 peer ranks. Expected number of connected peer ranks is : 0
[1,1]<stdout>:[Gloo] Rank 1 is connected to 1 peer ranks. Expected number of connected peer ranks is : 1
[1,1]<stdout>:a2ap-dgx024:2546137:2546137 [2] NCCL INFO Assigned NET plugin IB to comm
[1,1]<stdout>:a2ap-dgx024:2546137:2546137 [2] NCCL INFO Using network IB
[1,1]<stdout>:a2ap-dgx024:2546137:2546137 [2] NCCL INFO ncclCommInitRank comm 0x55556fa7dff0 rank 1 nranks 2 cudaDev 2 nvmlDev 2 busId 52000 commId 0x773af1ec50ae5f3 - Init START
[1,1]<stdout>:[Gloo] Rank 1 is connected to 1 peer ranks. Expected number of connected peer ranks is : 1
[1,1]<stdout>:[Gloo] Rank 0 is connected to 0 peer ranks. Expected number of connected peer ranks is : 0
[1,1]<stdout>:[Gloo] Rank 0 is connected to 0 peer ranks. Expected number of connected peer ranks is : 0
[1,1]<stdout>:[Gloo] Rank 0 is connected to 0 peer ranks. Expected number of connected peer ranks is : 0
[1,1]<stdout>:[Gloo] Rank 0 is connected to 0 peer ranks. Expected number of connected peer ranks is : 0
[1,1]<stdout>:[Gloo] Rank 0 is connected to 0 peer ranks. Expected number of connected peer ranks is : 0
[1,1]<stdout>:a2ap-dgx024:2546137:2546137 [2] NCCL INFO Bootstrap timings total 0.001048 (create 0.000023, send 0.000278, recv 0.000379, ring 0.000068, delay 0.000000)
[1,1]<stdout>:[Gloo] Rank 0 is connected to 0 peer ranks. Expected number of connected peer ranks is : 0
[1,1]<stdout>:a2ap-dgx024:2546141:2546141 [6] NCCL INFO Assigned NET plugin IB to comm
[1,1]<stdout>:a2ap-dgx024:2546141:2546141 [6] NCCL INFO Using network IB
[1,1]<stdout>:a2ap-dgx024:2546141:2546141 [6] NCCL INFO ncclCommInitRank comm 0x55556fa80760 rank 1 nranks 2 cudaDev 6 nvmlDev 6 busId d1000 commId 0x64c754b9963affcd - Init START
[1,1]<stdout>:a2ap-dgx024:2546141:2546141 [6] NCCL INFO Bootstrap timings total 0.000999 (create 0.000023, send 0.000151, recv 0.000469, ring 0.000034, delay 0.000000)
[1,1]<stdout>:[Gloo] Rank 1 is connected to 1 peer ranks. Expected number of connected peer ranks is : 1
[1,1]<stdout>:[Gloo] Rank 1 is connected to 1 peer ranks. Expected number of connected peer ranks is : 1
[1,1]<stdout>:[Gloo] Rank 1 is connected to 1 peer ranks. Expected number of connected peer ranks is : 1
[1,1]<stdout>:[Gloo] Rank 1 is connected to 1 peer ranks. Expected number of connected peer ranks is : 1
[1,1]<stdout>:[Gloo] Rank 1 is connected to 1 peer ranks. Expected number of connected peer ranks is : 1
[1,1]<stdout>:[Gloo] Rank 1 is connected to 1 peer ranks. Expected number of connected peer ranks is : 1
[1,1]<stdout>:a2ap-dgx024:2546135:2546135 [0] NCCL INFO Assigned NET plugin IB to comm
[1,1]<stdout>:a2ap-dgx024:2546135:2546135 [0] NCCL INFO Using network IB
[1,1]<stdout>:a2ap-dgx024:2546135:2546135 [0] NCCL INFO ncclCommInitRank comm 0x55556fa516c0 rank 1 nranks 2 cudaDev 0 nvmlDev 0 busId 1b000 commId 0x2fc6eb37eb6333e6 - Init START
[1,1]<stdout>:a2ap-dgx024:2546167:2546167 [7] NCCL INFO Assigned NET plugin IB to comm
[1,1]<stdout>:a2ap-dgx024:2546167:2546167 [7] NCCL INFO Using network IB
[1,1]<stdout>:a2ap-dgx024:2546167:2546167 [7] NCCL INFO ncclCommInitRank comm 0x55556fa55870 rank 1 nranks 2 cudaDev 7 nvmlDev 7 busId df000 commId 0x9ff55f5d85ba95e8 - Init START
[1,1]<stdout>:a2ap-dgx024:2546139:2546139 [4] NCCL INFO Assigned NET plugin IB to comm
[1,1]<stdout>:a2ap-dgx024:2546139:2546139 [4] NCCL INFO Using network IB
[1,1]<stdout>:a2ap-dgx024:2546139:2546139 [4] NCCL INFO ncclCommInitRank comm 0x55556fa82820 rank 1 nranks 2 cudaDev 4 nvmlDev 4 busId 9d000 commId 0xf33f3eed1aa52353 - Init START
[1,1]<stdout>:a2ap-dgx024:2546138:2546138 [3] NCCL INFO Assigned NET plugin IB to comm
[1,1]<stdout>:a2ap-dgx024:2546138:2546138 [3] NCCL INFO Using network IB
[1,1]<stdout>:a2ap-dgx024:2546138:2546138 [3] NCCL INFO ncclCommInitRank comm 0x55556fa832d0 rank 1 nranks 2 cudaDev 3 nvmlDev 3 busId 61000 commId 0xb8309bb748757635 - Init START
[1,1]<stdout>:a2ap-dgx024:2546140:2546140 [5] NCCL INFO Assigned NET plugin IB to comm
[1,1]<stdout>:a2ap-dgx024:2546140:2546140 [5] NCCL INFO Using network IB
[1,1]<stdout>:a2ap-dgx024:2546140:2546140 [5] NCCL INFO ncclCommInitRank comm 0x55556fa83c60 rank 1 nranks 2 cudaDev 5 nvmlDev 5 busId c3000 commId 0x7aae67a9443716fe - Init START
[1,1]<stdout>:a2ap-dgx024:2546167:2546167 [7] NCCL INFO Bootstrap timings total 0.001311 (create 0.000021, send 0.000352, recv 0.000694, ring 0.000097, delay 0.000000)
[1,1]<stdout>:a2ap-dgx024:2546139:2546139 [4] NCCL INFO Bootstrap timings total 0.001072 (create 0.000027, send 0.000123, recv 0.000452, ring 0.000177, delay 0.000000)
[1,1]<stdout>:a2ap-dgx024:2546138:2546138 [3] NCCL INFO Bootstrap timings total 0.000847 (create 0.000021, send 0.000101, recv 0.000314, ring 0.000027, delay 0.000000)
[1,1]<stdout>:a2ap-dgx024:2546140:2546140 [5] NCCL INFO Bootstrap timings total 0.001014 (create 0.000019, send 0.000123, recv 0.000471, ring 0.000096, delay 0.000000)
[1,1]<stdout>:a2ap-dgx024:2546135:2546135 [0] NCCL INFO Bootstrap timings total 0.003117 (create 0.000021, send 0.000110, recv 0.000445, ring 0.002191, delay 0.000000)
[1,1]<stdout>:a2ap-dgx024:2546136:2546136 [1] NCCL INFO Assigned NET plugin IB to comm
[1,1]<stdout>:a2ap-dgx024:2546136:2546136 [1] NCCL INFO Using network IB
[1,1]<stdout>:a2ap-dgx024:2546136:2546136 [1] NCCL INFO ncclCommInitRank comm 0x55556fa7e970 rank 1 nranks 2 cudaDev 1 nvmlDev 1 busId 43000 commId 0xbd6ca496c9a14f79 - Init START
[1,1]<stdout>:a2ap-dgx024:2546136:2546136 [1] NCCL INFO Bootstrap timings total 0.000639 (create 0.000023, send 0.000159, recv 0.000221, ring 0.000071, delay 0.000000)
[1,1]<stdout>:a2ap-dgx024:2546137:2546137 [2] NCCL INFO MNNVL busId 0x52000 fabric UUID 0.0 cliqueId 0x0 state 3 healthMask 0x0
[1,1]<stdout>:a2ap-dgx024:2546141:2546141 [6] NCCL INFO MNNVL busId 0xd1000 fabric UUID 0.0 cliqueId 0x0 state 3 healthMask 0x0
[1,1]<stdout>:a2ap-dgx024:2546139:2546139 [4] NCCL INFO MNNVL busId 0x9d000 fabric UUID 0.0 cliqueId 0x0 state 3 healthMask 0x0
[1,1]<stdout>:a2ap-dgx024:2546167:2546167 [7] NCCL INFO MNNVL busId 0xdf000 fabric UUID 0.0 cliqueId 0x0 state 3 healthMask 0x0
[1,1]<stdout>:a2ap-dgx024:2546140:2546140 [5] NCCL INFO MNNVL busId 0xc3000 fabric UUID 0.0 cliqueId 0x0 state 3 healthMask 0x0
[1,1]<stdout>:a2ap-dgx024:2546138:2546138 [3] NCCL INFO MNNVL busId 0x61000 fabric UUID 0.0 cliqueId 0x0 state 3 healthMask 0x0
[1,1]<stdout>:a2ap-dgx024:2546135:2546135 [0] NCCL INFO MNNVL busId 0x1b000 fabric UUID 0.0 cliqueId 0x0 state 3 healthMask 0x0
[1,1]<stdout>:a2ap-dgx024:2546136:2546136 [1] NCCL INFO MNNVL busId 0x43000 fabric UUID 0.0 cliqueId 0x0 state 3 healthMask 0x0
[1,1]<stdout>:a2ap-dgx024:2546139:2546139 [4] NCCL INFO Setting affinity for GPU 4 to 56-111,168-223
[1,1]<stdout>:a2ap-dgx024:2546137:2546137 [2] NCCL INFO Setting affinity for GPU 2 to 0-55,112-167
[1,1]<stdout>:a2ap-dgx024:2546140:2546140 [5] NCCL INFO Setting affinity for GPU 5 to 56-111,168-223
[1,1]<stdout>:a2ap-dgx024:2546167:2546167 [7] NCCL INFO Setting affinity for GPU 7 to 56-111,168-223
[1,1]<stdout>:a2ap-dgx024:2546138:2546138 [3] NCCL INFO Setting affinity for GPU 3 to 0-55,112-167
[1,1]<stdout>:a2ap-dgx024:2546141:2546141 [6] NCCL INFO Setting affinity for GPU 6 to 56-111,168-223
[1,1]<stdout>:a2ap-dgx024:2546136:2546136 [1] NCCL INFO Setting affinity for GPU 1 to 0-55,112-167
[1,1]<stdout>:a2ap-dgx024:2546135:2546135 [0] NCCL INFO Setting affinity for GPU 0 to 0-55,112-167
[1,1]<stdout>:a2ap-dgx024:2546139:2546139 [4] NCCL INFO comm 0x55556fa82820 rank 1 nRanks 2 nNodes 2 localRanks 1 localRank 0 MNNVL 0
[1,1]<stdout>:a2ap-dgx024:2546139:2546139 [4] NCCL INFO Trees [0] -1/-1/-1->1->0 [1] -1/-1/-1->1->0 [2] 0/-1/-1->1->-1 [3] 0/-1/-1->1->-1
[1,1]<stdout>:a2ap-dgx024:2546139:2546139 [4] NCCL INFO P2P Chunksize set to 131072
[1,1]<stdout>:a2ap-dgx024:2546139:2550762 [4] NCCL INFO [Proxy Service] Device 4 CPU core 74
[1,1]<stdout>:a2ap-dgx024:2546139:2550763 [4] NCCL INFO [Proxy Service UDS] Device 4 CPU core 75
[1,1]<stdout>:a2ap-dgx024:2546141:2546141 [6] NCCL INFO comm 0x55556fa80760 rank 1 nRanks 2 nNodes 2 localRanks 1 localRank 0 MNNVL 0
[1,1]<stdout>:a2ap-dgx024:2546141:2546141 [6] NCCL INFO Trees [0] -1/-1/-1->1->0 [1] -1/-1/-1->1->0 [2] 0/-1/-1->1->-1 [3] 0/-1/-1->1->-1
[1,1]<stdout>:a2ap-dgx024:2546141:2546141 [6] NCCL INFO P2P Chunksize set to 131072
[1,1]<stdout>:a2ap-dgx024:2546141:2550764 [6] NCCL INFO [Proxy Service] Device 6 CPU core 95
[1,1]<stdout>:a2ap-dgx024:2546141:2550765 [6] NCCL INFO [Proxy Service UDS] Device 6 CPU core 210
[1,1]<stdout>:a2ap-dgx024:2546139:2550766 [4] NCCL INFO [Proxy Progress] Device 4 CPU core 76
[1,1]<stdout>:a2ap-dgx024:2546139:2546139 [4] NCCL INFO Channel 00/0 : 0[5] -> 1[4] [receive] via NET/IB/6/GDRDMA
[1,1]<stdout>:a2ap-dgx024:2546139:2546139 [4] NCCL INFO Channel 01/0 : 0[5] -> 1[4] [receive] via NET/IB/6/GDRDMA
[1,1]<stdout>:a2ap-dgx024:2546139:2546139 [4] NCCL INFO Channel 02/0 : 0[5] -> 1[4] [receive] via NET/IB/6/GDRDMA
[1,1]<stdout>:a2ap-dgx024:2546139:2546139 [4] NCCL INFO Channel 03/0 : 0[5] -> 1[4] [receive] via NET/IB/6/GDRDMA
[1,1]<stdout>:a2ap-dgx024:2546139:2546139 [4] NCCL INFO Channel 00/0 : 1[4] -> 0[5] [send] via NET/IB/6/GDRDMA
[1,1]<stdout>:a2ap-dgx024:2546139:2546139 [4] NCCL INFO Channel 01/0 : 1[4] -> 0[5] [send] via NET/IB/6/GDRDMA
[1,1]<stdout>:a2ap-dgx024:2546139:2546139 [4] NCCL INFO Channel 02/0 : 1[4] -> 0[5] [send] via NET/IB/6/GDRDMA
[1,1]<stdout>:a2ap-dgx024:2546139:2546139 [4] NCCL INFO Channel 03/0 : 1[4] -> 0[5] [send] via NET/IB/6/GDRDMA
[1,1]<stdout>:a2ap-dgx024:2546140:2546140 [5] NCCL INFO comm 0x55556fa83c60 rank 1 nRanks 2 nNodes 2 localRanks 1 localRank 0 MNNVL 0
[1,1]<stdout>:a2ap-dgx024:2546140:2546140 [5] NCCL INFO Trees [0] -1/-1/-1->1->0 [1] -1/-1/-1->1->0 [2] 0/-1/-1->1->-1 [3] 0/-1/-1->1->-1
[1,1]<stdout>:a2ap-dgx024:2546140:2546140 [5] NCCL INFO P2P Chunksize set to 131072
[1,1]<stdout>:a2ap-dgx024:2546140:2550767 [5] NCCL INFO [Proxy Service] Device 5 CPU core 58
[1,1]<stdout>:a2ap-dgx024:2546140:2550768 [5] NCCL INFO [Proxy Service UDS] Device 5 CPU core 172
[1,1]<stdout>:a2ap-dgx024:2546141:2550769 [6] NCCL INFO [Proxy Progress] Device 6 CPU core 211
[1,1]<stdout>:a2ap-dgx024:2546141:2546141 [6] NCCL INFO Channel 00/0 : 0[6] -> 1[6] [receive] via NET/IB/10/GDRDMA
[1,1]<stdout>:a2ap-dgx024:2546141:2546141 [6] NCCL INFO Channel 01/0 : 0[6] -> 1[6] [receive] via NET/IB/10/GDRDMA
[1,1]<stdout>:a2ap-dgx024:2546141:2546141 [6] NCCL INFO Channel 02/0 : 0[6] -> 1[6] [receive] via NET/IB/10/GDRDMA
[1,1]<stdout>:a2ap-dgx024:2546141:2546141 [6] NCCL INFO Channel 03/0 : 0[6] -> 1[6] [receive] via NET/IB/10/GDRDMA
[1,1]<stdout>:a2ap-dgx024:2546141:2546141 [6] NCCL INFO Channel 00/0 : 1[6] -> 0[6] [send] via NET/IB/10/GDRDMA
[1,1]<stdout>:a2ap-dgx024:2546141:2546141 [6] NCCL INFO Channel 01/0 : 1[6] -> 0[6] [send] via NET/IB/10/GDRDMA
[1,1]<stdout>:a2ap-dgx024:2546141:2546141 [6] NCCL INFO Channel 02/0 : 1[6] -> 0[6] [send] via NET/IB/10/GDRDMA
[1,1]<stdout>:a2ap-dgx024:2546141:2546141 [6] NCCL INFO Channel 03/0 : 1[6] -> 0[6] [send] via NET/IB/10/GDRDMA
[1,1]<stdout>:a2ap-dgx024:2546167:2546167 [7] NCCL INFO comm 0x55556fa55870 rank 1 nRanks 2 nNodes 2 localRanks 1 localRank 0 MNNVL 0
[1,1]<stdout>:a2ap-dgx024:2546167:2546167 [7] NCCL INFO Trees [0] -1/-1/-1->1->0 [1] -1/-1/-1->1->0 [2] 0/-1/-1->1->-1 [3] 0/-1/-1->1->-1
[1,1]<stdout>:a2ap-dgx024:2546167:2546167 [7] NCCL INFO P2P Chunksize set to 131072
[1,1]<stdout>:a2ap-dgx024:2546167:2550770 [7] NCCL INFO [Proxy Service] Device 7 CPU core 82
[1,1]<stdout>:a2ap-dgx024:2546135:2546135 [0] NCCL INFO comm 0x55556fa516c0 rank 1 nRanks 2 nNodes 2 localRanks 1 localRank 0 MNNVL 0
[1,1]<stdout>:a2ap-dgx024:2546135:2546135 [0] NCCL INFO Trees [0] -1/-1/-1->1->0 [1] -1/-1/-1->1->0 [2] 0/-1/-1->1->-1 [3] 0/-1/-1->1->-1
[1,1]<stdout>:a2ap-dgx024:2546135:2546135 [0] NCCL INFO P2P Chunksize set to 131072
