[1,1]<stdout>:a2ap-dgx024:2546141:2546141 [6] NCCL INFO Channel 19/0 : 6[6] -> 7[7] via P2P/IPC
[1,1]<stdout>:a2ap-dgx024:2546136:2546136 [1] NCCL INFO Channel 17/0 : 1[1] -> 2[2] via P2P/IPC
[1,1]<stdout>:a2ap-dgx024:2546140:2546140 [5] NCCL INFO Channel 12/0 : 5[5] -> 6[6] via P2P/IPC
[1,1]<stdout>:a2ap-dgx024:2546141:2546141 [6] NCCL INFO Channel 20/0 : 6[6] -> 7[7] via P2P/IPC
[1,1]<stdout>:a2ap-dgx024:2546136:2546136 [1] NCCL INFO Channel 18/0 : 1[1] -> 2[2] via P2P/IPC
[1,1]<stdout>:a2ap-dgx024:2546140:2546140 [5] NCCL INFO Channel 13/0 : 5[5] -> 6[6] via P2P/IPC
[1,1]<stdout>:a2ap-dgx024:2546141:2546141 [6] NCCL INFO Channel 21/0 : 6[6] -> 7[7] via P2P/IPC
[1,1]<stdout>:a2ap-dgx024:2546136:2546136 [1] NCCL INFO Channel 19/0 : 1[1] -> 2[2] via P2P/IPC
[1,1]<stdout>:a2ap-dgx024:2546140:2546140 [5] NCCL INFO Channel 14/0 : 5[5] -> 6[6] via P2P/IPC
[1,1]<stdout>:a2ap-dgx024:2546139:2546139 [4] NCCL INFO Channel 00/0 : 4[4] -> 5[5] via P2P/IPC
[1,1]<stdout>:a2ap-dgx024:2546141:2546141 [6] NCCL INFO Channel 22/0 : 6[6] -> 7[7] via P2P/IPC
[1,1]<stdout>:a2ap-dgx024:2546136:2546136 [1] NCCL INFO Channel 20/0 : 1[1] -> 2[2] via P2P/IPC
[1,1]<stdout>:a2ap-dgx024:2546140:2546140 [5] NCCL INFO Channel 15/0 : 5[5] -> 6[6] via P2P/IPC
[1,1]<stdout>:a2ap-dgx024:2546139:2546139 [4] NCCL INFO Channel 01/0 : 4[4] -> 5[5] via P2P/IPC
[1,1]<stdout>:a2ap-dgx024:2546141:2546141 [6] NCCL INFO Channel 23/0 : 6[6] -> 7[7] via P2P/IPC
[1,1]<stdout>:a2ap-dgx024:2546136:2546136 [1] NCCL INFO Channel 21/0 : 1[1] -> 2[2] via P2P/IPC
[1,1]<stdout>:a2ap-dgx024:2546140:2546140 [5] NCCL INFO Channel 16/0 : 5[5] -> 6[6] via P2P/IPC
[1,1]<stdout>:a2ap-dgx024:2546139:2546139 [4] NCCL INFO Channel 02/0 : 4[4] -> 5[5] via P2P/IPC
[1,1]<stdout>:a2ap-dgx024:2546136:2546136 [1] NCCL INFO Channel 22/0 : 1[1] -> 2[2] via P2P/IPC
[1,1]<stdout>:a2ap-dgx024:2546139:2546139 [4] NCCL INFO Channel 03/0 : 4[4] -> 5[5] via P2P/IPC
[1,1]<stdout>:a2ap-dgx024:2546140:2546140 [5] NCCL INFO Channel 17/0 : 5[5] -> 6[6] via P2P/IPC
[1,1]<stdout>:a2ap-dgx024:2546136:2546136 [1] NCCL INFO Channel 23/0 : 1[1] -> 2[2] via P2P/IPC
[1,1]<stdout>:a2ap-dgx024:2546140:2546140 [5] NCCL INFO Channel 18/0 : 5[5] -> 6[6] via P2P/IPC
[1,1]<stdout>:a2ap-dgx024:2546139:2546139 [4] NCCL INFO Channel 04/0 : 4[4] -> 5[5] via P2P/IPC
[1,1]<stdout>:a2ap-dgx024:2546140:2546140 [5] NCCL INFO Channel 19/0 : 5[5] -> 6[6] via P2P/IPC
[1,1]<stdout>:a2ap-dgx024:2546140:2546140 [5] NCCL INFO Channel 20/0 : 5[5] -> 6[6] via P2P/IPC
[1,1]<stdout>:a2ap-dgx024:2546139:2546139 [4] NCCL INFO Channel 05/0 : 4[4] -> 5[5] via P2P/IPC
[1,1]<stdout>:a2ap-dgx024:2546140:2546140 [5] NCCL INFO Channel 21/0 : 5[5] -> 6[6] via P2P/IPC
[1,1]<stdout>:a2ap-dgx024:2546139:2546139 [4] NCCL INFO Channel 06/0 : 4[4] -> 5[5] via P2P/IPC
[1,1]<stdout>:a2ap-dgx024:2546140:2546140 [5] NCCL INFO Channel 22/0 : 5[5] -> 6[6] via P2P/IPC
[1,1]<stdout>:a2ap-dgx024:2546139:2546139 [4] NCCL INFO Channel 07/0 : 4[4] -> 5[5] via P2P/IPC
[1,1]<stdout>:a2ap-dgx024:2546140:2546140 [5] NCCL INFO Channel 23/0 : 5[5] -> 6[6] via P2P/IPC
[1,1]<stdout>:a2ap-dgx024:2546139:2546139 [4] NCCL INFO Channel 08/0 : 4[4] -> 5[5] via P2P/IPC
[1,1]<stdout>:a2ap-dgx024:2546139:2546139 [4] NCCL INFO Channel 09/0 : 4[4] -> 5[5] via P2P/IPC
[1,1]<stdout>:a2ap-dgx024:2546139:2546139 [4] NCCL INFO Channel 10/0 : 4[4] -> 5[5] via P2P/IPC
[1,1]<stdout>:a2ap-dgx024:2546139:2546139 [4] NCCL INFO Channel 11/0 : 4[4] -> 5[5] via P2P/IPC
[1,1]<stdout>:a2ap-dgx024:2546139:2546139 [4] NCCL INFO Channel 12/0 : 4[4] -> 5[5] via P2P/IPC
[1,1]<stdout>:a2ap-dgx024:2546139:2546139 [4] NCCL INFO Channel 13/0 : 4[4] -> 5[5] via P2P/IPC
[1,1]<stdout>:a2ap-dgx024:2546139:2546139 [4] NCCL INFO Channel 14/0 : 4[4] -> 5[5] via P2P/IPC
[1,1]<stdout>:a2ap-dgx024:2546139:2546139 [4] NCCL INFO Channel 15/0 : 4[4] -> 5[5] via P2P/IPC
[1,1]<stdout>:a2ap-dgx024:2546139:2546139 [4] NCCL INFO Channel 16/0 : 4[4] -> 5[5] via P2P/IPC
[1,1]<stdout>:a2ap-dgx024:2546139:2546139 [4] NCCL INFO Channel 17/0 : 4[4] -> 5[5] via P2P/IPC
[1,1]<stdout>:a2ap-dgx024:2546139:2546139 [4] NCCL INFO Channel 18/0 : 4[4] -> 5[5] via P2P/IPC
[1,1]<stdout>:a2ap-dgx024:2546139:2546139 [4] NCCL INFO Channel 19/0 : 4[4] -> 5[5] via P2P/IPC
[1,1]<stdout>:a2ap-dgx024:2546139:2546139 [4] NCCL INFO Channel 20/0 : 4[4] -> 5[5] via P2P/IPC
[1,1]<stdout>:a2ap-dgx024:2546139:2546139 [4] NCCL INFO Channel 21/0 : 4[4] -> 5[5] via P2P/IPC
[1,1]<stdout>:a2ap-dgx024:2546139:2546139 [4] NCCL INFO Channel 22/0 : 4[4] -> 5[5] via P2P/IPC
[1,1]<stdout>:a2ap-dgx024:2546139:2546139 [4] NCCL INFO Channel 23/0 : 4[4] -> 5[5] via P2P/IPC
[1,1]<stdout>:a2ap-dgx024:2546141:2546141 [6] NCCL INFO Connected all rings, use ring PXN 0 GDR 1
[1,1]<stdout>:a2ap-dgx024:2546167:2546167 [7] NCCL INFO Connected all rings, use ring PXN 0 GDR 1
[1,1]<stdout>:a2ap-dgx024:2546140:2546140 [5] NCCL INFO Connected all rings, use ring PXN 0 GDR 1
[1,1]<stdout>:a2ap-dgx024:2546139:2546139 [4] NCCL INFO Connected all rings, use ring PXN 0 GDR 1
[1,1]<stdout>:a2ap-dgx024:2546135:2546135 [0] NCCL INFO Connected all rings, use ring PXN 0 GDR 1
[1,1]<stdout>:a2ap-dgx024:2546138:2546138 [3] NCCL INFO Connected all rings, use ring PXN 0 GDR 1
[1,1]<stdout>:a2ap-dgx024:2546136:2546136 [1] NCCL INFO Connected all rings, use ring PXN 0 GDR 1
[1,1]<stdout>:a2ap-dgx024:2546137:2546137 [2] NCCL INFO Connected all rings, use ring PXN 0 GDR 1
[1,1]<stdout>:a2ap-dgx024:2546167:2546167 [7] NCCL INFO Channel 00/0 : 7[7] -> 6[6] via P2P/IPC
[1,1]<stdout>:a2ap-dgx024:2546167:2546167 [7] NCCL INFO Channel 01/0 : 7[7] -> 6[6] via P2P/IPC
[1,1]<stdout>:a2ap-dgx024:2546167:2546167 [7] NCCL INFO Channel 02/0 : 7[7] -> 6[6] via P2P/IPC
[1,1]<stdout>:a2ap-dgx024:2546167:2546167 [7] NCCL INFO Channel 03/0 : 7[7] -> 6[6] via P2P/IPC
[1,1]<stdout>:a2ap-dgx024:2546167:2546167 [7] NCCL INFO Channel 04/0 : 7[7] -> 6[6] via P2P/IPC
[1,1]<stdout>:a2ap-dgx024:2546167:2546167 [7] NCCL INFO Channel 05/0 : 7[7] -> 6[6] via P2P/IPC
[1,1]<stdout>:a2ap-dgx024:2546167:2546167 [7] NCCL INFO Channel 06/0 : 7[7] -> 6[6] via P2P/IPC
[1,1]<stdout>:a2ap-dgx024:2546167:2546167 [7] NCCL INFO Channel 07/0 : 7[7] -> 6[6] via P2P/IPC
[1,1]<stdout>:a2ap-dgx024:2546137:2546137 [2] NCCL INFO Channel 00/0 : 2[2] -> 1[1] via P2P/IPC
[1,1]<stdout>:a2ap-dgx024:2546167:2546167 [7] NCCL INFO Channel 08/0 : 7[7] -> 6[6] via P2P/IPC
[1,1]<stdout>:a2ap-dgx024:2546138:2546138 [3] NCCL INFO Channel 00/0 : 3[3] -> 2[2] via P2P/IPC
[1,1]<stdout>:a2ap-dgx024:2546137:2546137 [2] NCCL INFO Channel 01/0 : 2[2] -> 1[1] via P2P/IPC
[1,1]<stdout>:a2ap-dgx024:2546141:2546141 [6] NCCL INFO Channel 00/0 : 6[6] -> 5[5] via P2P/IPC
[1,1]<stdout>:a2ap-dgx024:2546167:2546167 [7] NCCL INFO Channel 09/0 : 7[7] -> 6[6] via P2P/IPC
[1,1]<stdout>:a2ap-dgx024:2546138:2546138 [3] NCCL INFO Channel 01/0 : 3[3] -> 2[2] via P2P/IPC
[1,1]<stdout>:a2ap-dgx024:2546137:2546137 [2] NCCL INFO Channel 02/0 : 2[2] -> 1[1] via P2P/IPC
[1,1]<stdout>:a2ap-dgx024:2546167:2546167 [7] NCCL INFO Channel 10/0 : 7[7] -> 6[6] via P2P/IPC
[1,1]<stdout>:a2ap-dgx024:2546141:2546141 [6] NCCL INFO Channel 01/0 : 6[6] -> 5[5] via P2P/IPC
[1,1]<stdout>:a2ap-dgx024:2546138:2546138 [3] NCCL INFO Channel 02/0 : 3[3] -> 2[2] via P2P/IPC
[1,1]<stdout>:a2ap-dgx024:2546167:2546167 [7] NCCL INFO Channel 11/0 : 7[7] -> 6[6] via P2P/IPC
[1,1]<stdout>:a2ap-dgx024:2546137:2546137 [2] NCCL INFO Channel 03/0 : 2[2] -> 1[1] via P2P/IPC
[1,1]<stdout>:a2ap-dgx024:2546141:2546141 [6] NCCL INFO Channel 02/0 : 6[6] -> 5[5] via P2P/IPC
[1,1]<stdout>:a2ap-dgx024:2546138:2546138 [3] NCCL INFO Channel 03/0 : 3[3] -> 2[2] via P2P/IPC
[1,1]<stdout>:a2ap-dgx024:2546167:2546167 [7] NCCL INFO Channel 12/0 : 7[7] -> 6[6] via P2P/IPC
[1,1]<stdout>:a2ap-dgx024:2546141:2546141 [6] NCCL INFO Channel 03/0 : 6[6] -> 5[5] via P2P/IPC
[1,1]<stdout>:a2ap-dgx024:2546137:2546137 [2] NCCL INFO Channel 04/0 : 2[2] -> 1[1] via P2P/IPC
[1,1]<stdout>:a2ap-dgx024:2546137:2546137 [2] NCCL INFO Channel 05/0 : 2[2] -> 1[1] via P2P/IPC
[1,1]<stdout>:a2ap-dgx024:2546167:2546167 [7] NCCL INFO Channel 13/0 : 7[7] -> 6[6] via P2P/IPC
[1,1]<stdout>:a2ap-dgx024:2546136:2546136 [1] NCCL INFO Channel 00/0 : 1[1] -> 0[0] via P2P/IPC
[1,1]<stdout>:a2ap-dgx024:2546138:2546138 [3] NCCL INFO Channel 04/0 : 3[3] -> 2[2] via P2P/IPC
[1,1]<stdout>:a2ap-dgx024:2546137:2546137 [2] NCCL INFO Channel 06/0 : 2[2] -> 1[1] via P2P/IPC
[1,1]<stdout>:a2ap-dgx024:2546141:2546141 [6] NCCL INFO Channel 04/0 : 6[6] -> 5[5] via P2P/IPC
[1,1]<stdout>:a2ap-dgx024:2546136:2546136 [1] NCCL INFO Channel 01/0 : 1[1] -> 0[0] via P2P/IPC
[1,1]<stdout>:a2ap-dgx024:2546138:2546138 [3] NCCL INFO Channel 05/0 : 3[3] -> 2[2] via P2P/IPC
[1,1]<stdout>:a2ap-dgx024:2546167:2546167 [7] NCCL INFO Channel 14/0 : 7[7] -> 6[6] via P2P/IPC
[1,1]<stdout>:a2ap-dgx024:2546141:2546141 [6] NCCL INFO Channel 05/0 : 6[6] -> 5[5] via P2P/IPC
[1,1]<stdout>:a2ap-dgx024:2546137:2546137 [2] NCCL INFO Channel 07/0 : 2[2] -> 1[1] via P2P/IPC
[1,1]<stdout>:a2ap-dgx024:2546136:2546136 [1] NCCL INFO Channel 02/0 : 1[1] -> 0[0] via P2P/IPC
[1,1]<stdout>:a2ap-dgx024:2546141:2546141 [6] NCCL INFO Channel 06/0 : 6[6] -> 5[5] via P2P/IPC
[1,1]<stdout>:a2ap-dgx024:2546137:2546137 [2] NCCL INFO Channel 08/0 : 2[2] -> 1[1] via P2P/IPC
[1,1]<stdout>:a2ap-dgx024:2546167:2546167 [7] NCCL INFO Channel 15/0 : 7[7] -> 6[6] via P2P/IPC
[1,1]<stdout>:a2ap-dgx024:2546138:2546138 [3] NCCL INFO Channel 06/0 : 3[3] -> 2[2] via P2P/IPC
[1,1]<stdout>:a2ap-dgx024:2546136:2546136 [1] NCCL INFO Channel 03/0 : 1[1] -> 0[0] via P2P/IPC
[1,1]<stdout>:a2ap-dgx024:2546167:2546167 [7] NCCL INFO Channel 16/0 : 7[7] -> 6[6] via P2P/IPC
[1,1]<stdout>:a2ap-dgx024:2546138:2546138 [3] NCCL INFO Channel 07/0 : 3[3] -> 2[2] via P2P/IPC
[1,1]<stdout>:a2ap-dgx024:2546136:2546136 [1] NCCL INFO Channel 04/0 : 1[1] -> 0[0] via P2P/IPC
[1,1]<stdout>:a2ap-dgx024:2546167:2546167 [7] NCCL INFO Channel 17/0 : 7[7] -> 6[6] via P2P/IPC
[1,1]<stdout>:a2ap-dgx024:2546138:2546138 [3] NCCL INFO Channel 08/0 : 3[3] -> 2[2] via P2P/IPC
[1,1]<stdout>:a2ap-dgx024:2546137:2546137 [2] NCCL INFO Channel 09/0 : 2[2] -> 1[1] via P2P/IPC
[1,1]<stdout>:a2ap-dgx024:2546136:2546136 [1] NCCL INFO Channel 05/0 : 1[1] -> 0[0] via P2P/IPC
[1,1]<stdout>:a2ap-dgx024:2546167:2546167 [7] NCCL INFO Channel 18/0 : 7[7] -> 6[6] via P2P/IPC
[1,1]<stdout>:a2ap-dgx024:2546137:2546137 [2] NCCL INFO Channel 10/0 : 2[2] -> 1[1] via P2P/IPC
[1,1]<stdout>:a2ap-dgx024:2546136:2546136 [1] NCCL INFO Channel 06/0 : 1[1] -> 0[0] via P2P/IPC
[1,1]<stdout>:a2ap-dgx024:2546141:2546141 [6] NCCL INFO Channel 07/0 : 6[6] -> 5[5] via P2P/IPC
[1,1]<stdout>:a2ap-dgx024:2546167:2546167 [7] NCCL INFO Channel 19/0 : 7[7] -> 6[6] via P2P/IPC
[1,1]<stdout>:a2ap-dgx024:2546141:2546141 [6] NCCL INFO Channel 08/0 : 6[6] -> 5[5] via P2P/IPC
[1,1]<stdout>:a2ap-dgx024:2546167:2546167 [7] NCCL INFO Channel 20/0 : 7[7] -> 6[6] via P2P/IPC
[1,1]<stdout>:a2ap-dgx024:2546137:2546137 [2] NCCL INFO Channel 11/0 : 2[2] -> 1[1] via P2P/IPC
[1,1]<stdout>:a2ap-dgx024:2546141:2546141 [6] NCCL INFO Channel 09/0 : 6[6] -> 5[5] via P2P/IPC
[1,1]<stdout>:a2ap-dgx024:2546167:2546167 [7] NCCL INFO Channel 21/0 : 7[7] -> 6[6] via P2P/IPC
[1,1]<stdout>:a2ap-dgx024:2546137:2546137 [2] NCCL INFO Channel 12/0 : 2[2] -> 1[1] via P2P/IPC
[1,1]<stdout>:a2ap-dgx024:2546141:2546141 [6] NCCL INFO Channel 10/0 : 6[6] -> 5[5] via P2P/IPC
[1,1]<stdout>:a2ap-dgx024:2546167:2546167 [7] NCCL INFO Channel 22/0 : 7[7] -> 6[6] via P2P/IPC
[1,1]<stdout>:a2ap-dgx024:2546137:2546137 [2] NCCL INFO Channel 13/0 : 2[2] -> 1[1] via P2P/IPC
[1,1]<stdout>:a2ap-dgx024:2546136:2546136 [1] NCCL INFO Channel 07/0 : 1[1] -> 0[0] via P2P/IPC
[1,1]<stdout>:a2ap-dgx024:2546141:2546141 [6] NCCL INFO Channel 11/0 : 6[6] -> 5[5] via P2P/IPC
[1,1]<stdout>:a2ap-dgx024:2546167:2546167 [7] NCCL INFO Channel 23/0 : 7[7] -> 6[6] via P2P/IPC
[1,1]<stdout>:a2ap-dgx024:2546137:2546137 [2] NCCL INFO Channel 14/0 : 2[2] -> 1[1] via P2P/IPC
[1,1]<stdout>:a2ap-dgx024:2546137:2546137 [2] NCCL INFO Channel 15/0 : 2[2] -> 1[1] via P2P/IPC
[1,1]<stdout>:a2ap-dgx024:2546137:2546137 [2] NCCL INFO Channel 16/0 : 2[2] -> 1[1] via P2P/IPC
[1,1]<stdout>:a2ap-dgx024:2546137:2546137 [2] NCCL INFO Channel 17/0 : 2[2] -> 1[1] via P2P/IPC
[1,1]<stdout>:a2ap-dgx024:2546137:2546137 [2] NCCL INFO Channel 18/0 : 2[2] -> 1[1] via P2P/IPC
[1,1]<stdout>:a2ap-dgx024:2546137:2546137 [2] NCCL INFO Channel 19/0 : 2[2] -> 1[1] via P2P/IPC
[1,1]<stdout>:a2ap-dgx024:2546137:2546137 [2] NCCL INFO Channel 20/0 : 2[2] -> 1[1] via P2P/IPC
[1,1]<stdout>:a2ap-dgx024:2546137:2546137 [2] NCCL INFO Channel 21/0 : 2[2] -> 1[1] via P2P/IPC
[1,1]<stdout>:a2ap-dgx024:2546137:2546137 [2] NCCL INFO Channel 22/0 : 2[2] -> 1[1] via P2P/IPC
[1,1]<stdout>:a2ap-dgx024:2546137:2546137 [2] NCCL INFO Channel 23/0 : 2[2] -> 1[1] via P2P/IPC
[1,1]<stdout>:a2ap-dgx024:2546138:2546138 [3] NCCL INFO Channel 09/0 : 3[3] -> 2[2] via P2P/IPC
[1,1]<stdout>:a2ap-dgx024:2546139:2546139 [4] NCCL INFO Channel 00/0 : 4[4] -> 3[3] via P2P/IPC
[1,1]<stdout>:a2ap-dgx024:2546136:2546136 [1] NCCL INFO Channel 08/0 : 1[1] -> 0[0] via P2P/IPC
[1,1]<stdout>:a2ap-dgx024:2546139:2546139 [4] NCCL INFO Channel 01/0 : 4[4] -> 3[3] via P2P/IPC
[1,1]<stdout>:a2ap-dgx024:2546136:2546136 [1] NCCL INFO Channel 09/0 : 1[1] -> 0[0] via P2P/IPC
[1,1]<stdout>:a2ap-dgx024:2546139:2546139 [4] NCCL INFO Channel 02/0 : 4[4] -> 3[3] via P2P/IPC
[1,1]<stdout>:a2ap-dgx024:2546136:2546136 [1] NCCL INFO Channel 10/0 : 1[1] -> 0[0] via P2P/IPC
[1,1]<stdout>:a2ap-dgx024:2546139:2546139 [4] NCCL INFO Channel 03/0 : 4[4] -> 3[3] via P2P/IPC
[1,1]<stdout>:a2ap-dgx024:2546136:2546136 [1] NCCL INFO Channel 11/0 : 1[1] -> 0[0] via P2P/IPC
[1,1]<stdout>:a2ap-dgx024:2546139:2546139 [4] NCCL INFO Channel 04/0 : 4[4] -> 3[3] via P2P/IPC
[1,1]<stdout>:a2ap-dgx024:2546136:2546136 [1] NCCL INFO Channel 12/0 : 1[1] -> 0[0] via P2P/IPC
[1,1]<stdout>:a2ap-dgx024:2546139:2546139 [4] NCCL INFO Channel 05/0 : 4[4] -> 3[3] via P2P/IPC
[1,1]<stdout>:a2ap-dgx024:2546136:2546136 [1] NCCL INFO Channel 13/0 : 1[1] -> 0[0] via P2P/IPC
[1,1]<stdout>:a2ap-dgx024:2546139:2546139 [4] NCCL INFO Channel 06/0 : 4[4] -> 3[3] via P2P/IPC
[1,1]<stdout>:a2ap-dgx024:2546136:2546136 [1] NCCL INFO Channel 14/0 : 1[1] -> 0[0] via P2P/IPC
[1,1]<stdout>:a2ap-dgx024:2546139:2546139 [4] NCCL INFO Channel 07/0 : 4[4] -> 3[3] via P2P/IPC
[1,1]<stdout>:a2ap-dgx024:2546136:2546136 [1] NCCL INFO Channel 15/0 : 1[1] -> 0[0] via P2P/IPC
[1,1]<stdout>:a2ap-dgx024:2546139:2546139 [4] NCCL INFO Channel 08/0 : 4[4] -> 3[3] via P2P/IPC
[1,1]<stdout>:a2ap-dgx024:2546141:2546141 [6] NCCL INFO Channel 12/0 : 6[6] -> 5[5] via P2P/IPC
[1,1]<stdout>:a2ap-dgx024:2546140:2546140 [5] NCCL INFO Channel 00/0 : 5[5] -> 4[4] via P2P/IPC
[1,1]<stdout>:a2ap-dgx024:2546139:2546139 [4] NCCL INFO Channel 09/0 : 4[4] -> 3[3] via P2P/IPC
[1,1]<stdout>:a2ap-dgx024:2546138:2546138 [3] NCCL INFO Channel 10/0 : 3[3] -> 2[2] via P2P/IPC
[1,1]<stdout>:a2ap-dgx024:2546139:2546139 [4] NCCL INFO Channel 10/0 : 4[4] -> 3[3] via P2P/IPC
[1,1]<stdout>:a2ap-dgx024:2546141:2546141 [6] NCCL INFO Channel 13/0 : 6[6] -> 5[5] via P2P/IPC
[1,1]<stdout>:a2ap-dgx024:2546140:2546140 [5] NCCL INFO Channel 01/0 : 5[5] -> 4[4] via P2P/IPC
[1,1]<stdout>:a2ap-dgx024:2546139:2546139 [4] NCCL INFO Channel 11/0 : 4[4] -> 3[3] via P2P/IPC
[1,1]<stdout>:a2ap-dgx024:2546141:2546141 [6] NCCL INFO Channel 14/0 : 6[6] -> 5[5] via P2P/IPC
[1,1]<stdout>:a2ap-dgx024:2546138:2546138 [3] NCCL INFO Channel 11/0 : 3[3] -> 2[2] via P2P/IPC
[1,1]<stdout>:a2ap-dgx024:2546141:2546141 [6] NCCL INFO Channel 15/0 : 6[6] -> 5[5] via P2P/IPC
[1,1]<stdout>:a2ap-dgx024:2546140:2546140 [5] NCCL INFO Channel 02/0 : 5[5] -> 4[4] via P2P/IPC
[1,1]<stdout>:a2ap-dgx024:2546138:2546138 [3] NCCL INFO Channel 12/0 : 3[3] -> 2[2] via P2P/IPC
[1,1]<stdout>:a2ap-dgx024:2546136:2546136 [1] NCCL INFO Channel 16/0 : 1[1] -> 0[0] via P2P/IPC
[1,1]<stdout>:a2ap-dgx024:2546139:2546139 [4] NCCL INFO Channel 12/0 : 4[4] -> 3[3] via P2P/IPC
[1,1]<stdout>:a2ap-dgx024:2546141:2546141 [6] NCCL INFO Channel 16/0 : 6[6] -> 5[5] via P2P/IPC
[1,1]<stdout>:a2ap-dgx024:2546138:2546138 [3] NCCL INFO Channel 13/0 : 3[3] -> 2[2] via P2P/IPC
[1,1]<stdout>:a2ap-dgx024:2546140:2546140 [5] NCCL INFO Channel 03/0 : 5[5] -> 4[4] via P2P/IPC
[1,1]<stdout>:a2ap-dgx024:2546136:2546136 [1] NCCL INFO Channel 17/0 : 1[1] -> 0[0] via P2P/IPC
[1,1]<stdout>:a2ap-dgx024:2546136:2546136 [1] NCCL INFO Channel 18/0 : 1[1] -> 0[0] via P2P/IPC
[1,1]<stdout>:a2ap-dgx024:2546136:2546136 [1] NCCL INFO Channel 19/0 : 1[1] -> 0[0] via P2P/IPC
[1,1]<stdout>:a2ap-dgx024:2546136:2546136 [1] NCCL INFO Channel 20/0 : 1[1] -> 0[0] via P2P/IPC
[1,1]<stdout>:a2ap-dgx024:2546136:2546136 [1] NCCL INFO Channel 21/0 : 1[1] -> 0[0] via P2P/IPC
[1,1]<stdout>:a2ap-dgx024:2546136:2546136 [1] NCCL INFO Channel 22/0 : 1[1] -> 0[0] via P2P/IPC
[1,1]<stdout>:a2ap-dgx024:2546136:2546136 [1] NCCL INFO Channel 23/0 : 1[1] -> 0[0] via P2P/IPC
[1,1]<stdout>:a2ap-dgx024:2546139:2546139 [4] NCCL INFO Channel 13/0 : 4[4] -> 3[3] via P2P/IPC
[1,1]<stdout>:a2ap-dgx024:2546139:2546139 [4] NCCL INFO Channel 14/0 : 4[4] -> 3[3] via P2P/IPC
[1,1]<stdout>:a2ap-dgx024:2546140:2546140 [5] NCCL INFO Channel 04/0 : 5[5] -> 4[4] via P2P/IPC
[1,1]<stdout>:a2ap-dgx024:2546140:2546140 [5] NCCL INFO Channel 05/0 : 5[5] -> 4[4] via P2P/IPC
[1,1]<stdout>:a2ap-dgx024:2546141:2546141 [6] NCCL INFO Channel 17/0 : 6[6] -> 5[5] via P2P/IPC
[1,1]<stdout>:a2ap-dgx024:2546140:2546140 [5] NCCL INFO Channel 06/0 : 5[5] -> 4[4] via P2P/IPC
[1,1]<stdout>:a2ap-dgx024:2546141:2546141 [6] NCCL INFO Channel 18/0 : 6[6] -> 5[5] via P2P/IPC
[1,1]<stdout>:a2ap-dgx024:2546140:2546140 [5] NCCL INFO Channel 07/0 : 5[5] -> 4[4] via P2P/IPC
[1,1]<stdout>:a2ap-dgx024:2546141:2546141 [6] NCCL INFO Channel 19/0 : 6[6] -> 5[5] via P2P/IPC
[1,1]<stdout>:a2ap-dgx024:2546140:2546140 [5] NCCL INFO Channel 08/0 : 5[5] -> 4[4] via P2P/IPC
[1,1]<stdout>:a2ap-dgx024:2546141:2546141 [6] NCCL INFO Channel 20/0 : 6[6] -> 5[5] via P2P/IPC
[1,1]<stdout>:a2ap-dgx024:2546140:2546140 [5] NCCL INFO Channel 09/0 : 5[5] -> 4[4] via P2P/IPC
[1,1]<stdout>:a2ap-dgx024:2546141:2546141 [6] NCCL INFO Channel 21/0 : 6[6] -> 5[5] via P2P/IPC
[1,1]<stdout>:a2ap-dgx024:2546138:2546138 [3] NCCL INFO Channel 14/0 : 3[3] -> 2[2] via P2P/IPC
[1,1]<stdout>:a2ap-dgx024:2546140:2546140 [5] NCCL INFO Channel 10/0 : 5[5] -> 4[4] via P2P/IPC
[1,1]<stdout>:a2ap-dgx024:2546141:2546141 [6] NCCL INFO Channel 22/0 : 6[6] -> 5[5] via P2P/IPC
[1,1]<stdout>:a2ap-dgx024:2546138:2546138 [3] NCCL INFO Channel 15/0 : 3[3] -> 2[2] via P2P/IPC
[1,1]<stdout>:a2ap-dgx024:2546135:2546135 [0] NCCL INFO Connected all trees
[1,1]<stdout>:a2ap-dgx024:2546140:2546140 [5] NCCL INFO Channel 11/0 : 5[5] -> 4[4] via P2P/IPC
[1,1]<stdout>:a2ap-dgx024:2546139:2546139 [4] NCCL INFO Channel 15/0 : 4[4] -> 3[3] via P2P/IPC
[1,1]<stdout>:a2ap-dgx024:2546139:2546139 [4] NCCL INFO Channel 16/0 : 4[4] -> 3[3] via P2P/IPC
[1,1]<stdout>:a2ap-dgx024:2546138:2546138 [3] NCCL INFO Channel 16/0 : 3[3] -> 2[2] via P2P/IPC
[1,1]<stdout>:a2ap-dgx024:2546139:2546139 [4] NCCL INFO Channel 17/0 : 4[4] -> 3[3] via P2P/IPC
[1,1]<stdout>:a2ap-dgx024:2546140:2546140 [5] NCCL INFO Channel 12/0 : 5[5] -> 4[4] via P2P/IPC
[1,1]<stdout>:a2ap-dgx024:2546138:2546138 [3] NCCL INFO Channel 17/0 : 3[3] -> 2[2] via P2P/IPC
[1,1]<stdout>:a2ap-dgx024:2546139:2546139 [4] NCCL INFO Channel 18/0 : 4[4] -> 3[3] via P2P/IPC
[1,1]<stdout>:a2ap-dgx024:2546140:2546140 [5] NCCL INFO Channel 13/0 : 5[5] -> 4[4] via P2P/IPC
[1,1]<stdout>:a2ap-dgx024:2546138:2546138 [3] NCCL INFO Channel 18/0 : 3[3] -> 2[2] via P2P/IPC
[1,1]<stdout>:a2ap-dgx024:2546139:2546139 [4] NCCL INFO Channel 19/0 : 4[4] -> 3[3] via P2P/IPC
[1,1]<stdout>:a2ap-dgx024:2546140:2546140 [5] NCCL INFO Channel 14/0 : 5[5] -> 4[4] via P2P/IPC
[1,1]<stdout>:a2ap-dgx024:2546138:2546138 [3] NCCL INFO Channel 19/0 : 3[3] -> 2[2] via P2P/IPC
[1,1]<stdout>:a2ap-dgx024:2546141:2546141 [6] NCCL INFO Channel 23/0 : 6[6] -> 5[5] via P2P/IPC
[1,1]<stdout>:a2ap-dgx024:2546139:2546139 [4] NCCL INFO Channel 20/0 : 4[4] -> 3[3] via P2P/IPC
[1,1]<stdout>:a2ap-dgx024:2546139:2546139 [4] NCCL INFO Channel 21/0 : 4[4] -> 3[3] via P2P/IPC
[1,1]<stdout>:a2ap-dgx024:2546138:2546138 [3] NCCL INFO Channel 20/0 : 3[3] -> 2[2] via P2P/IPC
[1,1]<stdout>:a2ap-dgx024:2546139:2546139 [4] NCCL INFO Channel 22/0 : 4[4] -> 3[3] via P2P/IPC
[1,1]<stdout>:a2ap-dgx024:2546138:2546138 [3] NCCL INFO Channel 21/0 : 3[3] -> 2[2] via P2P/IPC
[1,1]<stdout>:a2ap-dgx024:2546139:2546139 [4] NCCL INFO Channel 23/0 : 4[4] -> 3[3] via P2P/IPC
[1,1]<stdout>:a2ap-dgx024:2546138:2546138 [3] NCCL INFO Channel 22/0 : 3[3] -> 2[2] via P2P/IPC
[1,1]<stdout>:a2ap-dgx024:2546138:2546138 [3] NCCL INFO Channel 23/0 : 3[3] -> 2[2] via P2P/IPC
[1,1]<stdout>:a2ap-dgx024:2546140:2546140 [5] NCCL INFO Channel 15/0 : 5[5] -> 4[4] via P2P/IPC
[1,1]<stdout>:a2ap-dgx024:2546140:2546140 [5] NCCL INFO Channel 16/0 : 5[5] -> 4[4] via P2P/IPC
[1,1]<stdout>:a2ap-dgx024:2546140:2546140 [5] NCCL INFO Channel 17/0 : 5[5] -> 4[4] via P2P/IPC
[1,1]<stdout>:a2ap-dgx024:2546140:2546140 [5] NCCL INFO Channel 18/0 : 5[5] -> 4[4] via P2P/IPC
[1,1]<stdout>:a2ap-dgx024:2546140:2546140 [5] NCCL INFO Channel 19/0 : 5[5] -> 4[4] via P2P/IPC
[1,1]<stdout>:a2ap-dgx024:2546140:2546140 [5] NCCL INFO Channel 20/0 : 5[5] -> 4[4] via P2P/IPC
[1,1]<stdout>:a2ap-dgx024:2546140:2546140 [5] NCCL INFO Channel 21/0 : 5[5] -> 4[4] via P2P/IPC
[1,1]<stdout>:a2ap-dgx024:2546140:2546140 [5] NCCL INFO Channel 22/0 : 5[5] -> 4[4] via P2P/IPC
[1,1]<stdout>:a2ap-dgx024:2546140:2546140 [5] NCCL INFO Channel 23/0 : 5[5] -> 4[4] via P2P/IPC
[1,1]<stdout>:a2ap-dgx024:2546135:2550459 [0] NCCL INFO [Proxy Progress] Device 0 CPU core 164
[1,1]<stdout>:a2ap-dgx024:2546135:2546135 [0] NCCL INFO threadThresholds 8/8/64 | 64/8/64 | 512 | 512
[1,1]<stdout>:a2ap-dgx024:2546135:2546135 [0] NCCL INFO 24 coll channels, 24 collnet channels, 0 nvls channels, 32 p2p channels, 32 p2p channels per peer
[1,1]<stdout>:a2ap-dgx024:2546135:2546135 [0] NCCL INFO CC Off, workFifoBytes 1048576
[1,1]<stdout>:a2ap-dgx024:2546136:2546136 [1] NCCL INFO Connected all trees
[1,1]<stdout>:a2ap-dgx024:2546137:2546137 [2] NCCL INFO Connected all trees
[1,1]<stdout>:a2ap-dgx024:2546139:2546139 [4] NCCL INFO Connected all trees
[1,1]<stdout>:a2ap-dgx024:2546138:2546138 [3] NCCL INFO Connected all trees
[1,1]<stdout>:a2ap-dgx024:2546136:2550462 [1] NCCL INFO [Proxy Progress] Device 1 CPU core 149
[1,1]<stdout>:a2ap-dgx024:2546136:2546136 [1] NCCL INFO threadThresholds 8/8/64 | 64/8/64 | 512 | 512
[1,1]<stdout>:a2ap-dgx024:2546136:2546136 [1] NCCL INFO 24 coll channels, 24 collnet channels, 0 nvls channels, 32 p2p channels, 32 p2p channels per peer
[1,1]<stdout>:a2ap-dgx024:2546140:2546140 [5] NCCL INFO Connected all trees
[1,1]<stdout>:a2ap-dgx024:2546167:2546167 [7] NCCL INFO Connected all trees
[1,1]<stdout>:a2ap-dgx024:2546141:2546141 [6] NCCL INFO Connected all trees
[1,1]<stdout>:a2ap-dgx024:2546139:2550463 [4] NCCL INFO [Proxy Progress] Device 4 CPU core 82
[1,1]<stdout>:a2ap-dgx024:2546137:2550465 [2] NCCL INFO [Proxy Progress] Device 2 CPU core 46
[1,1]<stdout>:a2ap-dgx024:2546138:2550464 [3] NCCL INFO [Proxy Progress] Device 3 CPU core 5
[1,1]<stdout>:a2ap-dgx024:2546138:2546138 [3] NCCL INFO threadThresholds 8/8/64 | 64/8/64 | 512 | 512
[1,1]<stdout>:a2ap-dgx024:2546138:2546138 [3] NCCL INFO 24 coll channels, 24 collnet channels, 0 nvls channels, 32 p2p channels, 32 p2p channels per peer
[1,1]<stdout>:a2ap-dgx024:2546137:2546137 [2] NCCL INFO threadThresholds 8/8/64 | 64/8/64 | 512 | 512
[1,1]<stdout>:a2ap-dgx024:2546137:2546137 [2] NCCL INFO 24 coll channels, 24 collnet channels, 0 nvls channels, 32 p2p channels, 32 p2p channels per peer
[1,1]<stdout>:a2ap-dgx024:2546139:2546139 [4] NCCL INFO threadThresholds 8/8/64 | 64/8/64 | 512 | 512
[1,1]<stdout>:a2ap-dgx024:2546139:2546139 [4] NCCL INFO 24 coll channels, 24 collnet channels, 0 nvls channels, 32 p2p channels, 32 p2p channels per peer
[1,1]<stdout>:a2ap-dgx024:2546140:2550467 [5] NCCL INFO [Proxy Progress] Device 5 CPU core 185
[1,1]<stdout>:a2ap-dgx024:2546167:2550468 [7] NCCL INFO [Proxy Progress] Device 7 CPU core 74
[1,1]<stdout>:a2ap-dgx024:2546141:2550469 [6] NCCL INFO [Proxy Progress] Device 6 CPU core 109
[1,1]<stdout>:a2ap-dgx024:2546141:2546141 [6] NCCL INFO threadThresholds 8/8/64 | 64/8/64 | 512 | 512
[1,1]<stdout>:a2ap-dgx024:2546141:2546141 [6] NCCL INFO 24 coll channels, 24 collnet channels, 0 nvls channels, 32 p2p channels, 32 p2p channels per peer
[1,1]<stdout>:a2ap-dgx024:2546140:2546140 [5] NCCL INFO threadThresholds 8/8/64 | 64/8/64 | 512 | 512
[1,1]<stdout>:a2ap-dgx024:2546140:2546140 [5] NCCL INFO 24 coll channels, 24 collnet channels, 0 nvls channels, 32 p2p channels, 32 p2p channels per peer
[1,1]<stdout>:a2ap-dgx024:2546167:2546167 [7] NCCL INFO threadThresholds 8/8/64 | 64/8/64 | 512 | 512
[1,1]<stdout>:a2ap-dgx024:2546167:2546167 [7] NCCL INFO 24 coll channels, 24 collnet channels, 0 nvls channels, 32 p2p channels, 32 p2p channels per peer
[1,1]<stdout>:a2ap-dgx024:2546167:2546167 [7] NCCL INFO TUNER/Plugin: Could not find: libnccl-tuner.so. Using internal tuner plugin.
[1,1]<stdout>:a2ap-dgx024:2546167:2546167 [7] NCCL INFO ncclCommInitRank comm 0x555562510750 rank 7 nranks 8 cudaDev 7 nvmlDev 7 busId df000 commId 0xfa56f3bf6fb182ee - Init COMPLETE
[1,1]<stdout>:a2ap-dgx024:2546167:2546167 [7] NCCL INFO Init timings - ncclCommInitRank: rank 7 nranks 8 total 4.77 (kernels 0.34, alloc 2.23, bootstrap 0.17, allgathers 0.04, topo 1.16, graphs 0.01, connections 0.81, rest 0.02)
[1,1]<stdout>:a2ap-dgx024:2546135:2546135 [0] NCCL INFO TUNER/Plugin: Could not find: libnccl-tuner.so. Using internal tuner plugin.
[1,1]<stdout>:a2ap-dgx024:2546135:2546135 [0] NCCL INFO ncclCommInitRank comm 0x555562524710 rank 0 nranks 8 cudaDev 0 nvmlDev 0 busId 1b000 commId 0xfa56f3bf6fb182ee - Init COMPLETE
[1,1]<stdout>:a2ap-dgx024:2546135:2546135 [0] NCCL INFO Init timings - ncclCommInitRank: rank 0 nranks 8 total 4.82 (kernels 0.39, alloc 2.38, bootstrap 0.02, allgathers 0.03, topo 1.16, graphs 0.01, connections 0.71, rest 0.12)
[1,1]<stdout>:a2ap-dgx024:2546140:2546140 [5] NCCL INFO TUNER/Plugin: Could not find: libnccl-tuner.so. Using internal tuner plugin.
[1,1]<stdout>:a2ap-dgx024:2546140:2546140 [5] NCCL INFO ncclCommInitRank comm 0x5555634efaa0 rank 5 nranks 8 cudaDev 5 nvmlDev 5 busId c3000 commId 0xfa56f3bf6fb182ee - Init COMPLETE
[1,1]<stdout>:a2ap-dgx024:2546140:2546140 [5] NCCL INFO Init timings - ncclCommInitRank: rank 5 nranks 8 total 4.78 (kernels 0.34, alloc 2.35, bootstrap 0.05, allgathers 0.04, topo 1.16, graphs 0.01, connections 0.79, rest 0.04)
[1,1]<stdout>:a2ap-dgx024:2546136:2546136 [1] NCCL INFO TUNER/Plugin: Could not find: libnccl-tuner.so. Using internal tuner plugin.
[1,1]<stdout>:a2ap-dgx024:2546136:2546136 [1] NCCL INFO ncclCommInitRank comm 0x55556238ef50 rank 1 nranks 8 cudaDev 1 nvmlDev 1 busId 43000 commId 0xfa56f3bf6fb182ee - Init COMPLETE
[1,1]<stdout>:a2ap-dgx024:2546136:2546136 [1] NCCL INFO Init timings - ncclCommInitRank: rank 1 nranks 8 total 4.79 (kernels 0.35, alloc 2.40, bootstrap 0.00, allgathers 0.04, topo 1.16, graphs 0.01, connections 0.77, rest 0.06)
[1,1]<stdout>:a2ap-dgx024:2546139:2546139 [4] NCCL INFO TUNER/Plugin: Could not find: libnccl-tuner.so. Using internal tuner plugin.
[1,1]<stdout>:a2ap-dgx024:2546139:2546139 [4] NCCL INFO ncclCommInitRank comm 0x555563dfdd90 rank 4 nranks 8 cudaDev 4 nvmlDev 4 busId 9d000 commId 0xfa56f3bf6fb182ee - Init COMPLETE
[1,1]<stdout>:a2ap-dgx024:2546139:2546139 [4] NCCL INFO Init timings - ncclCommInitRank: rank 4 nranks 8 total 4.75 (kernels 0.32, alloc 2.37, bootstrap 0.02, allgathers 0.04, topo 1.16, graphs 0.01, connections 0.79, rest 0.04)
[1,1]<stdout>:a2ap-dgx024:2546138:2546138 [3] NCCL INFO TUNER/Plugin: Could not find: libnccl-tuner.so. Using internal tuner plugin.
[1,1]<stdout>:a2ap-dgx024:2546138:2546138 [3] NCCL INFO ncclCommInitRank comm 0x555563e02100 rank 3 nranks 8 cudaDev 3 nvmlDev 3 busId 61000 commId 0xfa56f3bf6fb182ee - Init COMPLETE
[1,1]<stdout>:a2ap-dgx024:2546138:2546138 [3] NCCL INFO Init timings - ncclCommInitRank: rank 3 nranks 8 total 4.78 (kernels 0.35, alloc 2.36, bootstrap 0.03, allgathers 0.04, topo 1.16, graphs 0.01, connections 0.76, rest 0.07)
[1,1]<stdout>:a2ap-dgx024:2546141:2546141 [6] NCCL INFO TUNER/Plugin: Could not find: libnccl-tuner.so. Using internal tuner plugin.
[1,1]<stdout>:a2ap-dgx024:2546141:2546141 [6] NCCL INFO ncclCommInitRank comm 0x55556238f440 rank 6 nranks 8 cudaDev 6 nvmlDev 6 busId d1000 commId 0xfa56f3bf6fb182ee - Init COMPLETE
[1,1]<stdout>:a2ap-dgx024:2546141:2546141 [6] NCCL INFO Init timings - ncclCommInitRank: rank 6 nranks 8 total 4.77 (kernels 0.33, alloc 2.37, bootstrap 0.03, allgathers 0.04, topo 1.16, graphs 0.01, connections 0.81, rest 0.03)
[1,1]<stdout>:a2ap-dgx024:2546137:2546137 [2] NCCL INFO TUNER/Plugin: Could not find: libnccl-tuner.so. Using internal tuner plugin.
[1,1]<stdout>:a2ap-dgx024:2546137:2546137 [2] NCCL INFO ncclCommInitRank comm 0x555562390110 rank 2 nranks 8 cudaDev 2 nvmlDev 2 busId 52000 commId 0xfa56f3bf6fb182ee - Init COMPLETE
[1,1]<stdout>:a2ap-dgx024:2546137:2546137 [2] NCCL INFO Init timings - ncclCommInitRank: rank 2 nranks 8 total 4.75 (kernels 0.31, alloc 2.38, bootstrap 0.02, allgathers 0.04, topo 1.16, graphs 0.01, connections 0.77, rest 0.06)
[1,1]<stdout>:[Gloo] Rank 0 is connected to 7 peer ranks. Expected number of connected peer ranks is : 7
[1,1]<stdout>:[Gloo] Rank 3 is connected to 7 peer ranks. Expected number of connected peer ranks is : 7
[1,1]<stdout>:[Gloo] Rank 7 is connected to 7 peer ranks. Expected number of connected peer ranks is : 7
[1,1]<stdout>:[Gloo] Rank 2 is connected to 7 peer ranks. Expected number of connected peer ranks is : 7
[1,1]<stdout>:[Gloo] Rank 4 is connected to 7 peer ranks. Expected number of connected peer ranks is : 7
[1,1]<stdout>:[Gloo] Rank 5 is connected to 7 peer ranks. Expected number of connected peer ranks is : 7
[1,1]<stdout>:[Gloo] Rank 1 is connected to 7 peer ranks. Expected number of connected peer ranks is : 7
[1,1]<stdout>:[Gloo] Rank 6 is connected to 7 peer ranks. Expected number of connected peer ranks is : 7
[1,1]<stdout>:a2ap-dgx024:2546139:2546139 [4] NCCL INFO Assigned NET plugin IB to comm
[1,1]<stdout>:a2ap-dgx024:2546139:2546139 [4] NCCL INFO Using network IB
[1,1]<stdout>:a2ap-dgx024:2546139:2546139 [4] NCCL INFO ncclCommInitRank comm 0x55556ed6fdc0 rank 4 nranks 8 cudaDev 4 nvmlDev 4 busId 9d000 commId 0xf866a7db0254ad59 - Init START
[1,1]<stdout>:a2ap-dgx024:2546137:2546137 [2] NCCL INFO Assigned NET plugin IB to comm
[1,1]<stdout>:a2ap-dgx024:2546137:2546137 [2] NCCL INFO Using network IB
[1,1]<stdout>:a2ap-dgx024:2546141:2546141 [6] NCCL INFO Assigned NET plugin IB to comm
[1,1]<stdout>:a2ap-dgx024:2546141:2546141 [6] NCCL INFO Using network IB
[1,1]<stdout>:a2ap-dgx024:2546137:2546137 [2] NCCL INFO ncclCommInitRank comm 0x55556ed6b410 rank 2 nranks 8 cudaDev 2 nvmlDev 2 busId 52000 commId 0xf866a7db0254ad59 - Init START
[1,1]<stdout>:a2ap-dgx024:2546135:2546135 [0] NCCL INFO Assigned NET plugin IB to comm
[1,1]<stdout>:a2ap-dgx024:2546135:2546135 [0] NCCL INFO Using network IB
[1,1]<stdout>:a2ap-dgx024:2546141:2546141 [6] NCCL INFO ncclCommInitRank comm 0x55556ed6ddd0 rank 6 nranks 8 cudaDev 6 nvmlDev 6 busId d1000 commId 0xf866a7db0254ad59 - Init START
[1,1]<stdout>:a2ap-dgx024:2546138:2546138 [3] NCCL INFO Assigned NET plugin IB to comm
[1,1]<stdout>:a2ap-dgx024:2546138:2546138 [3] NCCL INFO Using network IB
[1,1]<stdout>:a2ap-dgx024:2546167:2546167 [7] NCCL INFO Assigned NET plugin IB to comm
[1,1]<stdout>:a2ap-dgx024:2546167:2546167 [7] NCCL INFO Using network IB
[1,1]<stdout>:a2ap-dgx024:2546136:2546136 [1] NCCL INFO Assigned NET plugin IB to comm
[1,1]<stdout>:a2ap-dgx024:2546135:2546135 [0] NCCL INFO ncclCommInitRank comm 0x55556ed581d0 rank 0 nranks 8 cudaDev 0 nvmlDev 0 busId 1b000 commId 0xf866a7db0254ad59 - Init START
[1,1]<stdout>:a2ap-dgx024:2546136:2546136 [1] NCCL INFO Using network IB
[1,1]<stdout>:a2ap-dgx024:2546140:2546140 [5] NCCL INFO Assigned NET plugin IB to comm
[1,1]<stdout>:a2ap-dgx024:2546140:2546140 [5] NCCL INFO Using network IB
[1,1]<stdout>:a2ap-dgx024:2546167:2546167 [7] NCCL INFO ncclCommInitRank comm 0x55556ed575e0 rank 7 nranks 8 cudaDev 7 nvmlDev 7 busId df000 commId 0xf866a7db0254ad59 - Init START
[1,1]<stdout>:a2ap-dgx024:2546138:2546138 [3] NCCL INFO ncclCommInitRank comm 0x55556ed701f0 rank 3 nranks 8 cudaDev 3 nvmlDev 3 busId 61000 commId 0xf866a7db0254ad59 - Init START
[1,1]<stdout>:a2ap-dgx024:2546136:2546136 [1] NCCL INFO ncclCommInitRank comm 0x55556ed6bfd0 rank 1 nranks 8 cudaDev 1 nvmlDev 1 busId 43000 commId 0xf866a7db0254ad59 - Init START
[1,1]<stdout>:a2ap-dgx024:2546140:2546140 [5] NCCL INFO ncclCommInitRank comm 0x55556ed70a50 rank 5 nranks 8 cudaDev 5 nvmlDev 5 busId c3000 commId 0xf866a7db0254ad59 - Init START
[1,1]<stdout>:a2ap-dgx024:2546167:2546167 [7] NCCL INFO Bootstrap timings total 0.000719 (create 0.000022, send 0.000080, recv 0.000130, ring 0.000393, delay 0.000000)
[1,1]<stdout>:a2ap-dgx024:2546140:2546140 [5] NCCL INFO Bootstrap timings total 0.000596 (create 0.000029, send 0.000076, recv 0.000304, ring 0.000094, delay 0.000000)
[1,1]<stdout>:a2ap-dgx024:2546141:2546141 [6] NCCL INFO Bootstrap timings total 0.000966 (create 0.000021, send 0.000086, recv 0.000329, ring 0.000096, delay 0.000000)
[1,1]<stdout>:a2ap-dgx024:2546135:2546135 [0] NCCL INFO Bootstrap timings total 0.000817 (create 0.000018, send 0.000088, recv 0.000384, ring 0.000239, delay 0.000000)
[1,1]<stdout>:a2ap-dgx024:2546138:2546138 [3] NCCL INFO Bootstrap timings total 0.000724 (create 0.000034, send 0.000071, recv 0.000225, ring 0.000302, delay 0.000000)
[1,1]<stdout>:a2ap-dgx024:2546139:2546139 [4] NCCL INFO Bootstrap timings total 0.001383 (create 0.000021, send 0.000074, recv 0.001064, ring 0.000129, delay 0.000000)
[1,1]<stdout>:a2ap-dgx024:2546137:2546137 [2] NCCL INFO Bootstrap timings total 0.000997 (create 0.000024, send 0.000093, recv 0.000426, ring 0.000174, delay 0.000000)
[1,1]<stdout>:a2ap-dgx024:2546136:2546136 [1] NCCL INFO Bootstrap timings total 0.000646 (create 0.000025, send 0.000080, recv 0.000260, ring 0.000173, delay 0.000000)
[1,1]<stdout>:a2ap-dgx024:2546138:2546138 [3] NCCL INFO MNNVL busId 0x61000 fabric UUID 0.0 cliqueId 0x0 state 3 healthMask 0x0
[1,1]<stdout>:a2ap-dgx024:2546167:2546167 [7] NCCL INFO MNNVL busId 0xdf000 fabric UUID 0.0 cliqueId 0x0 state 3 healthMask 0x0
[1,1]<stdout>:a2ap-dgx024:2546141:2546141 [6] NCCL INFO MNNVL busId 0xd1000 fabric UUID 0.0 cliqueId 0x0 state 3 healthMask 0x0
[1,1]<stdout>:a2ap-dgx024:2546136:2546136 [1] NCCL INFO MNNVL busId 0x43000 fabric UUID 0.0 cliqueId 0x0 state 3 healthMask 0x0
[1,1]<stdout>:a2ap-dgx024:2546140:2546140 [5] NCCL INFO MNNVL busId 0xc3000 fabric UUID 0.0 cliqueId 0x0 state 3 healthMask 0x0
[1,1]<stdout>:a2ap-dgx024:2546135:2546135 [0] NCCL INFO MNNVL busId 0x1b000 fabric UUID 0.0 cliqueId 0x0 state 3 healthMask 0x0
[1,1]<stdout>:a2ap-dgx024:2546139:2546139 [4] NCCL INFO MNNVL busId 0x9d000 fabric UUID 0.0 cliqueId 0x0 state 3 healthMask 0x0
[1,1]<stdout>:a2ap-dgx024:2546137:2546137 [2] NCCL INFO MNNVL busId 0x52000 fabric UUID 0.0 cliqueId 0x0 state 3 healthMask 0x0
[1,1]<stdout>:a2ap-dgx024:2546135:2546135 [0] NCCL INFO Setting affinity for GPU 0 to 0-55,112-167
[1,1]<stdout>:a2ap-dgx024:2546167:2546167 [7] NCCL INFO Setting affinity for GPU 7 to 56-111,168-223
[1,1]<stdout>:a2ap-dgx024:2546141:2546141 [6] NCCL INFO Setting affinity for GPU 6 to 56-111,168-223
[1,1]<stdout>:a2ap-dgx024:2546140:2546140 [5] NCCL INFO Setting affinity for GPU 5 to 56-111,168-223
[1,1]<stdout>:a2ap-dgx024:2546136:2546136 [1] NCCL INFO Setting affinity for GPU 1 to 0-55,112-167
[1,1]<stdout>:a2ap-dgx024:2546138:2546138 [3] NCCL INFO Setting affinity for GPU 3 to 0-55,112-167
[1,1]<stdout>:a2ap-dgx024:2546139:2546139 [4] NCCL INFO Setting affinity for GPU 4 to 56-111,168-223
[1,1]<stdout>:a2ap-dgx024:2546137:2546137 [2] NCCL INFO Setting affinity for GPU 2 to 0-55,112-167
[1,1]<stdout>:a2ap-dgx024:2546136:2546136 [1] NCCL INFO comm 0x55556ed6bfd0 rank 1 nRanks 8 nNodes 1 localRanks 8 localRank 1 MNNVL 0
[1,1]<stdout>:a2ap-dgx024:2546167:2546167 [7] NCCL INFO comm 0x55556ed575e0 rank 7 nRanks 8 nNodes 1 localRanks 8 localRank 7 MNNVL 0
[1,1]<stdout>:a2ap-dgx024:2546137:2546137 [2] NCCL INFO comm 0x55556ed6b410 rank 2 nRanks 8 nNodes 1 localRanks 8 localRank 2 MNNVL 0
[1,1]<stdout>:a2ap-dgx024:2546140:2546140 [5] NCCL INFO comm 0x55556ed70a50 rank 5 nRanks 8 nNodes 1 localRanks 8 localRank 5 MNNVL 0
[1,1]<stdout>:a2ap-dgx024:2546139:2546139 [4] NCCL INFO comm 0x55556ed6fdc0 rank 4 nRanks 8 nNodes 1 localRanks 8 localRank 4 MNNVL 0
[1,1]<stdout>:a2ap-dgx024:2546141:2546141 [6] NCCL INFO comm 0x55556ed6ddd0 rank 6 nRanks 8 nNodes 1 localRanks 8 localRank 6 MNNVL 0
[1,1]<stdout>:a2ap-dgx024:2546135:2546135 [0] NCCL INFO comm 0x55556ed581d0 rank 0 nRanks 8 nNodes 1 localRanks 8 localRank 0 MNNVL 0
[1,1]<stdout>:a2ap-dgx024:2546136:2546136 [1] NCCL INFO Trees [0] 2/-1/-1->1->0 [1] 2/-1/-1->1->0 [2] 2/-1/-1->1->0 [3] 2/-1/-1->1->0 [4] 2/-1/-1->1->0 [5] 2/-1/-1->1->0 [6] 2/-1/-1->1->0 [7] 2/-1/-1->1->0 [8] 2/-1/-1->1->0 [9] 2/-1/-1->1->0 [10] 2/-1/-1->1->0 [11] 2/-1/-1->1->0 [12] 2/-1/-1->1->0 [13] 2/-1/-1->1->0 [14] 2/-1/-1->1->0 [15] 2/-1/-1->1->0 [16] 2/-1/-1->1->0 [17] 2/-1/-1->1->0 [18] 2/-1/-1->1->0 [19] 2/-1/-1->1->0 [20] 2/-1/-1->1->0 [21] 2/-1/-1->1->0 [22] 2/-1/-1->1->0 [23] 2/-1/-1->1->0
[1,1]<stdout>:a2ap-dgx024:2546136:2546136 [1] NCCL INFO P2P Chunksize set to 524288
[1,1]<stdout>:a2ap-dgx024:2546138:2546138 [3] NCCL INFO comm 0x55556ed701f0 rank 3 nRanks 8 nNodes 1 localRanks 8 localRank 3 MNNVL 0
[1,1]<stdout>:a2ap-dgx024:2546167:2546167 [7] NCCL INFO Trees [0] -1/-1/-1->7->6 [1] -1/-1/-1->7->6 [2] -1/-1/-1->7->6 [3] -1/-1/-1->7->6 [4] -1/-1/-1->7->6 [5] -1/-1/-1->7->6 [6] -1/-1/-1->7->6 [7] -1/-1/-1->7->6 [8] -1/-1/-1->7->6 [9] -1/-1/-1->7->6 [10] -1/-1/-1->7->6 [11] -1/-1/-1->7->6 [12] -1/-1/-1->7->6 [13] -1/-1/-1->7->6 [14] -1/-1/-1->7->6 [15] -1/-1/-1->7->6 [16] -1/-1/-1->7->6 [17] -1/-1/-1->7->6 [18] -1/-1/-1->7->6 [19] -1/-1/-1->7->6 [20] -1/-1/-1->7->6 [21] -1/-1/-1->7->6 [22] -1/-1/-1->7->6 [23] -1/-1/-1->7->6
[1,1]<stdout>:a2ap-dgx024:2546137:2546137 [2] NCCL INFO Trees [0] 3/-1/-1->2->1 [1] 3/-1/-1->2->1 [2] 3/-1/-1->2->1 [3] 3/-1/-1->2->1 [4] 3/-1/-1->2->1 [5] 3/-1/-1->2->1 [6] 3/-1/-1->2->1 [7] 3/-1/-1->2->1 [8] 3/-1/-1->2->1 [9] 3/-1/-1->2->1 [10] 3/-1/-1->2->1 [11] 3/-1/-1->2->1 [12] 3/-1/-1->2->1 [13] 3/-1/-1->2->1 [14] 3/-1/-1->2->1 [15] 3/-1/-1->2->1 [16] 3/-1/-1->2->1 [17] 3/-1/-1->2->1 [18] 3/-1/-1->2->1 [19] 3/-1/-1->2->1 [20] 3/-1/-1->2->1 [21] 3/-1/-1->2->1 [22] 3/-1/-1->2->1 [23] 3/-1/-1->2->1
[1,1]<stdout>:a2ap-dgx024:2546140:2546140 [5] NCCL INFO Trees [0] 6/-1/-1->5->4 [1] 6/-1/-1->5->4 [2] 6/-1/-1->5->4 [3] 6/-1/-1->5->4 [4] 6/-1/-1->5->4 [5] 6/-1/-1->5->4 [6] 6/-1/-1->5->4 [7] 6/-1/-1->5->4 [8] 6/-1/-1->5->4 [9] 6/-1/-1->5->4 [10] 6/-1/-1->5->4 [11] 6/-1/-1->5->4 [12] 6/-1/-1->5->4 [13] 6/-1/-1->5->4 [14] 6/-1/-1->5->4 [15] 6/-1/-1->5->4 [16] 6/-1/-1->5->4 [17] 6/-1/-1->5->4 [18] 6/-1/-1->5->4 [19] 6/-1/-1->5->4 [20] 6/-1/-1->5->4 [21] 6/-1/-1->5->4 [22] 6/-1/-1->5->4 [23] 6/-1/-1->5->4
[1,1]<stdout>:a2ap-dgx024:2546137:2546137 [2] NCCL INFO P2P Chunksize set to 524288
[1,1]<stdout>:a2ap-dgx024:2546140:2546140 [5] NCCL INFO P2P Chunksize set to 524288
[1,1]<stdout>:a2ap-dgx024:2546167:2546167 [7] NCCL INFO P2P Chunksize set to 524288
[1,1]<stdout>:a2ap-dgx024:2546139:2546139 [4] NCCL INFO Trees [0] 5/-1/-1->4->3 [1] 5/-1/-1->4->3 [2] 5/-1/-1->4->3 [3] 5/-1/-1->4->3 [4] 5/-1/-1->4->3 [5] 5/-1/-1->4->3 [6] 5/-1/-1->4->3 [7] 5/-1/-1->4->3 [8] 5/-1/-1->4->3 [9] 5/-1/-1->4->3 [10] 5/-1/-1->4->3 [11] 5/-1/-1->4->3 [12] 5/-1/-1->4->3 [13] 5/-1/-1->4->3 [14] 5/-1/-1->4->3 [15] 5/-1/-1->4->3 [16] 5/-1/-1->4->3 [17] 5/-1/-1->4->3 [18] 5/-1/-1->4->3 [19] 5/-1/-1->4->3 [20] 5/-1/-1->4->3 [21] 5/-1/-1->4->3 [22] 5/-1/-1->4->3 [23] 5/-1/-1->4->3
[1,1]<stdout>:a2ap-dgx024:2546139:2546139 [4] NCCL INFO P2P Chunksize set to 524288
[1,1]<stdout>:a2ap-dgx024:2546141:2546141 [6] NCCL INFO Trees [0] 7/-1/-1->6->5 [1] 7/-1/-1->6->5 [2] 7/-1/-1->6->5 [3] 7/-1/-1->6->5 [4] 7/-1/-1->6->5 [5] 7/-1/-1->6->5 [6] 7/-1/-1->6->5 [7] 7/-1/-1->6->5 [8] 7/-1/-1->6->5 [9] 7/-1/-1->6->5 [10] 7/-1/-1->6->5 [11] 7/-1/-1->6->5 [12] 7/-1/-1->6->5 [13] 7[1,1]<stdout>:/-1/-1->6->5 [14] 7/-1/-1->6->5 [15] 7/-1/-1->6->5 [16] 7/-1/-1->6->5 [17] 7/-1/-1->6->5 [18] 7/-1/-1->6->5 [19] 7/-1/-1->6->5 [20] 7/-1/-1->6->5 [21] 7/-1/-1->6->5 [22] 7/-1/-1->6->5 [23] 7/-1/-1->6->5
[1,1]<stdout>:a2ap-dgx024:2546141:2546141 [6] NCCL INFO P2P Chunksize set to 524288
[1,1]<stdout>:a2ap-dgx024:2546135:2546135 [0] NCCL INFO Channel 00/24 : 0 1 2 3 4 5 6 7
[1,1]<stdout>:a2ap-dgx024:2546135:2546135 [0] NCCL INFO Channel 01/24 : 0 1 2 3 4 5 6 7
[1,1]<stdout>:a2ap-dgx024:2546135:2546135 [0] NCCL INFO Channel 02/24 : 0 1 2 3 4 5 6 7
[1,1]<stdout>:a2ap-dgx024:2546138:2546138 [3] NCCL INFO Trees [0] 4/-1/-1->3->2 [1] 4/-1/-1->3->2 [2] 4/-1/-1->3->2 [3] 4/-1/-1->3->2 [4] 4/-1/-1->3->2 [5] 4/-1/-1->3->2 [6] 4/-1/-1->3->2 [7] 4/-1/-1->3->2 [8] 4/-1/-1->3->2 [9] 4/-1/-1->3->2 [10] 4/-1/-1->3->2 [11] 4/-1/-1->3->2 [12] 4/-1/-1->3->2 [13] 4/-1/-1->3->2 [14] 4/-1/-1->3->2 [15] 4/-1/-1->3->2 [16] 4/-1/-1->3->2 [17] 4/-1/-1->3->2 [18] 4/-1/-1->3->2 [19] 4/-1/-1->3->2 [20] 4/-1/-1->3->2 [21] 4/-1/-1->3->2 [22] 4/-1/-1->3->2 [23] 4/-1/-1->3->2
[1,1]<stdout>:a2ap-dgx024:2546135:2546135 [0] NCCL INFO Channel 03/24 : 0 1 2 3 4 5 6 7
[1,1]<stdout>:a2ap-dgx024:2546138:2546138 [3] NCCL INFO P2P Chunksize set to 524288
[1,1]<stdout>:a2ap-dgx024:2546135:2546135 [0] NCCL INFO Channel 04/24 : 0 1 2 3 4 5 6 7
[1,1]<stdout>:a2ap-dgx024:2546135:2546135 [0] NCCL INFO Channel 05/24 : 0 1 2 3 4 5 6 7
[1,1]<stdout>:a2ap-dgx024:2546135:2546135 [0] NCCL INFO Channel 06/24 : 0 1 2 3 4 5 6 7
[1,1]<stdout>:a2ap-dgx024:2546135:2546135 [0] NCCL INFO Channel 07/24 : 0 1 2 3 4 5 6 7
[1,1]<stdout>:a2ap-dgx024:2546135:2546135 [0] NCCL INFO Channel 08/24 : 0 1 2 3 4 5 6 7
[1,1]<stdout>:a2ap-dgx024:2546135:2546135 [0] NCCL INFO Channel 09/24 : 0 1 2 3 4 5 6 7
[1,1]<stdout>:a2ap-dgx024:2546135:2546135 [0] NCCL INFO Channel 10/24 : 0 1 2 3 4 5 6 7
[1,1]<stdout>:a2ap-dgx024:2546135:2546135 [0] NCCL INFO Channel 11/24 : 0 1 2 3 4 5 6 7
[1,1]<stdout>:a2ap-dgx024:2546135:2546135 [0] NCCL INFO Channel 12/24 : 0 1 2 3 4 5 6 7
[1,1]<stdout>:a2ap-dgx024:2546135:2546135 [0] NCCL INFO Channel 13/24 : 0 1 2 3 4 5 6 7
[1,1]<stdout>:a2ap-dgx024:2546135:2546135 [0] NCCL INFO Channel 14/24 : 0 1 2 3 4 5 6 7
[1,1]<stdout>:a2ap-dgx024:2546135:2546135 [0] NCCL INFO Channel 15/24 : 0 1 2 3 4 5 6 7
[1,1]<stdout>:a2ap-dgx024:2546135:2546135 [0] NCCL INFO Channel 16/24 : 0 1 2 3 4 5 6 7
[1,1]<stdout>:a2ap-dgx024:2546135:2546135 [0] NCCL INFO Channel 17/24 : 0 1 2 3 4 5 6 7
[1,1]<stdout>:a2ap-dgx024:2546135:2546135 [0] NCCL INFO Channel 18/24 : 0 1 2 3 4 5 6 7
[1,1]<stdout>:a2ap-dgx024:2546135:2546135 [0] NCCL INFO Channel 19/24 : 0 1 2 3 4 5 6 7
[1,1]<stdout>:a2ap-dgx024:2546135:2546135 [0] NCCL INFO Channel 20/24 : 0 1 2 3 4 5 6 7
[1,1]<stdout>:a2ap-dgx024:2546135:2546135 [0] NCCL INFO Channel 21/24 : 0 1 2 3 4 5 6 7
[1,1]<stdout>:a2ap-dgx024:2546135:2546135 [0] NCCL INFO Channel 22/24 : 0 1 2 3 4 5 6 7
[1,1]<stdout>:a2ap-dgx024:2546135:2546135 [0] NCCL INFO Channel 23/24 : 0 1 2 3 4 5 6 7
[1,1]<stdout>:a2ap-dgx024:2546135:2546135 [0] NCCL INFO Trees [0] 1/-1/-1->0->-1 [1] 1/-1/-1->0->-1 [2] 1/-1/-1->0->-1 [3] 1/-1/-1->0->-1 [4] 1/-1/-1->0->-1 [5] 1/-1/-1->0->-1 [6] 1/-1/-1->0->-1 [7] 1/-1/-1->0->-1 [8] 1/-1/-1->0->-1 [9] 1/-1/-1->0->-1 [10] 1/-1/-1->0->-1 [11] 1/-1/-1->0->-1 [12] 1/-1/-1->0->-1 [13] 1/-1/-1->0->-1 [14] 1/-1/-1->0->-1 [15] 1/-1/-1->0->-1 [16] 1/-1/-1->0->-1 [17] 1/-1/-1->0->-1 [18] 1/-1/-1->0->-1 [19] 1/-1/-1->0->-1 [20] 1/-1/-1->0->-1 [21] 1/-1/-1->0->-1 [22] 1/-1/-1->0->-1 [23] 1/-1/-1->0->-1
[1,1]<stdout>:a2ap-dgx024:2546135:2546135 [0] NCCL INFO P2P Chunksize set to 524288
[1,1]<stdout>:a2ap-dgx024:2546141:2550590 [6] NCCL INFO [Proxy Service] Device 6 CPU core 56
[1,1]<stdout>:a2ap-dgx024:2546139:2550593 [4] NCCL INFO [Proxy Service] Device 4 CPU core 193
[1,1]<stdout>:a2ap-dgx024:2546167:2550592 [7] NCCL INFO [Proxy Service] Device 7 CPU core 71
[1,1]<stdout>:a2ap-dgx024:2546136:2550594 [1] NCCL INFO [Proxy Service] Device 1 CPU core 5
[1,1]<stdout>:a2ap-dgx024:2546140:2550591 [5] NCCL INFO [Proxy Service] Device 5 CPU core 175
[1,1]<stdout>:a2ap-dgx024:2546137:2550600 [2] NCCL INFO [Proxy Service] Device 2 CPU core 119
[1,1]<stdout>:a2ap-dgx024:2546135:2546135 [0] NCCL INFO Check P2P Type isAllDirectP2p 1 directMode 0
[1,1]<stdout>:a2ap-dgx024:2546138:2550602 [3] NCCL INFO [Proxy Service] Device 3 CPU core 9
[1,1]<stdout>:a2ap-dgx024:2546141:2550595 [6] NCCL INFO [Proxy Service UDS] Device 6 CPU core 179
[1,1]<stdout>:a2ap-dgx024:2546139:2550598 [4] NCCL INFO [Proxy Service UDS] Device 4 CPU core 82
[1,1]<stdout>:a2ap-dgx024:2546167:2550597 [7] NCCL INFO [Proxy Service UDS] Device 7 CPU core 185
[1,1]<stdout>:a2ap-dgx024:2546140:2550596 [5] NCCL INFO [Proxy Service UDS] Device 5 CPU core 176
[1,1]<stdout>:a2ap-dgx024:2546136:2550599 [1] NCCL INFO [Proxy Service UDS] Device 1 CPU core 6
[1,1]<stdout>:a2ap-dgx024:2546137:2550601 [2] NCCL INFO [Proxy Service UDS] Device 2 CPU core 120
[1,1]<stdout>:a2ap-dgx024:2546135:2550604 [0] NCCL INFO [Proxy Service] Device 0 CPU core 11
[1,1]<stdout>:a2ap-dgx024:2546138:2550603 [3] NCCL INFO [Proxy Service UDS] Device 3 CPU core 122
[1,1]<stdout>:a2ap-dgx024:2546135:2550605 [0] NCCL INFO [Proxy Service UDS] Device 0 CPU core 124
[1,1]<stdout>:a2ap-dgx024:2546139:2546139 [4] NCCL INFO Channel 00/0 : 4[4] -> 5[5] via P2P/IPC
[1,1]<stdout>:a2ap-dgx024:2546141:2546141 [6] NCCL INFO Channel 00/0 : 6[6] -> 7[7] via P2P/IPC
[1,1]<stdout>:a2ap-dgx024:2546139:2546139 [4] NCCL INFO Channel 01/0 : 4[4] -> 5[5] via P2P/IPC
[1,1]<stdout>:a2ap-dgx024:2546141:2546141 [6] NCCL INFO Channel 01/0 : 6[6] -> 7[7] via P2P/IPC
[1,1]<stdout>:a2ap-dgx024:2546139:2546139 [4] NCCL INFO Channel 02/0 : 4[4] -> 5[5] via P2P/IPC
[1,1]<stdout>:a2ap-dgx024:2546141:2546141 [6] NCCL INFO Channel 02/0 : 6[6] -> 7[7] via P2P/IPC
[1,1]<stdout>:a2ap-dgx024:2546141:2546141 [6] NCCL INFO Channel 03/0 : 6[6] -> 7[7] via P2P/IPC
[1,1]<stdout>:a2ap-dgx024:2546141:2546141 [6] NCCL INFO Channel 04/0 : 6[6] -> 7[7] via P2P/IPC
[1,1]<stdout>:a2ap-dgx024:2546167:2546167 [7] NCCL INFO Channel 00/0 : 7[7] -> 0[0] via P2P/IPC
[1,1]<stdout>:a2ap-dgx024:2546138:2546138 [3] NCCL INFO Channel 00/0 : 3[3] -> 4[4] via P2P/IPC
[1,1]<stdout>:a2ap-dgx024:2546141:2546141 [6] NCCL INFO Channel 05/0 : 6[6] -> 7[7] via P2P/IPC
[1,1]<stdout>:a2ap-dgx024:2546167:2546167 [7] NCCL INFO Channel 01/0 : 7[7] -> 0[0] via P2P/IPC
[1,1]<stdout>:a2ap-dgx024:2546138:2546138 [3] NCCL INFO Channel 01/0 : 3[3] -> 4[4] via P2P/IPC
[1,1]<stdout>:a2ap-dgx024:2546141:2546141 [6] NCCL INFO Channel 06/0 : 6[6] -> 7[7] via P2P/IPC
[1,1]<stdout>:a2ap-dgx024:2546167:2546167 [7] NCCL INFO Channel 02/0 : 7[7] -> 0[0] via P2P/IPC
[1,1]<stdout>:a2ap-dgx024:2546139:2546139 [4] NCCL INFO Channel 03/0 : 4[4] -> 5[5] via P2P/IPC
[1,1]<stdout>:a2ap-dgx024:2546137:2546137 [2] NCCL INFO Channel 00/0 : 2[2] -> 3[3] via P2P/IPC
[1,1]<stdout>:a2ap-dgx024:2546139:2546139 [4] NCCL INFO Channel 04/0 : 4[4] -> 5[5] via P2P/IPC
[1,1]<stdout>:a2ap-dgx024:2546137:2546137 [2] NCCL INFO Channel 01/0 : 2[2] -> 3[3] via P2P/IPC
[1,1]<stdout>:a2ap-dgx024:2546139:2546139 [4] NCCL INFO Channel 05/0 : 4[4] -> 5[5] via P2P/IPC
[1,1]<stdout>:a2ap-dgx024:2546137:2546137 [2] NCCL INFO Channel 02/0 : 2[2] -> 3[3] via P2P/IPC
[1,1]<stdout>:a2ap-dgx024:2546139:2546139 [4] NCCL INFO Channel 06/0 : 4[4] -> 5[5] via P2P/IPC
[1,1]<stdout>:a2ap-dgx024:2546137:2546137 [2] NCCL INFO Channel 03/0 : 2[2] -> 3[3] via P2P/IPC
[1,1]<stdout>:a2ap-dgx024:2546139:2546139 [4] NCCL INFO Channel 07/0 : 4[4] -> 5[5] via P2P/IPC
[1,1]<stdout>:a2ap-dgx024:2546137:2546137 [2] NCCL INFO Channel 04/0 : 2[2] -> 3[3] via P2P/IPC
[1,1]<stdout>:a2ap-dgx024:2546139:2546139 [4] NCCL INFO Channel 08/0 : 4[4] -> 5[5] via P2P/IPC
[1,1]<stdout>:a2ap-dgx024:2546137:2546137 [2] NCCL INFO Channel 05/0 : 2[2] -> 3[3] via P2P/IPC
[1,1]<stdout>:a2ap-dgx024:2546139:2546139 [4] NCCL INFO Channel 09/0 : 4[4] -> 5[5] via P2P/IPC
[1,1]<stdout>:a2ap-dgx024:2546138:2546138 [3] NCCL INFO Channel 02/0 : 3[3] -> 4[4] via P2P/IPC
[1,1]<stdout>:a2ap-dgx024:2546141:2546141 [6] NCCL INFO Channel 07/0 : 6[6] -> 7[7] via P2P/IPC
[1,1]<stdout>:a2ap-dgx024:2546167:2546167 [7] NCCL INFO Channel 03/0 : 7[7] -> 0[0] via P2P/IPC
[1,1]<stdout>:a2ap-dgx024:2546138:2546138 [3] NCCL INFO Channel 03/0 : 3[3] -> 4[4] via P2P/IPC
[1,1]<stdout>:a2ap-dgx024:2546137:2546137 [2] NCCL INFO Channel 06/0 : 2[2] -> 3[3] via P2P/IPC
[1,1]<stdout>:a2ap-dgx024:2546167:2546167 [7] NCCL INFO Channel 04/0 : 7[7] -> 0[0] via P2P/IPC
[1,1]<stdout>:a2ap-dgx024:2546141:2546141 [6] NCCL INFO Channel 08/0 : 6[6] -> 7[7] via P2P/IPC
[1,1]<stdout>:a2ap-dgx024:2546138:2546138 [3] NCCL INFO Channel 04/0 : 3[3] -> 4[4] via P2P/IPC
[1,1]<stdout>:a2ap-dgx024:2546139:2546139 [4] NCCL INFO Channel 10/0 : 4[4] -> 5[5] via P2P/IPC
[1,1]<stdout>:a2ap-dgx024:2546141:2546141 [6] NCCL INFO Channel 09/0 : 6[6] -> 7[7] via P2P/IPC
[1,1]<stdout>:a2ap-dgx024:2546138:2546138 [3] NCCL INFO Channel 05/0 : 3[3] -> 4[4] via P2P/IPC
[1,1]<stdout>:a2ap-dgx024:2546139:2546139 [4] NCCL INFO Channel 11/0 : 4[4] -> 5[5] via P2P/IPC
[1,1]<stdout>:a2ap-dgx024:2546141:2546141 [6] NCCL INFO Channel 10/0 : 6[6] -> 7[7] via P2P/IPC
[1,1]<stdout>:a2ap-dgx024:2546167:2546167 [7] NCCL INFO Channel 05/0 : 7[7] -> 0[0] via P2P/IPC
[1,1]<stdout>:a2ap-dgx024:2546138:2546138 [3] NCCL INFO Channel 06/0 : 3[3] -> 4[4] via P2P/IPC
[1,1]<stdout>:a2ap-dgx024:2546139:2546139 [4] NCCL INFO Channel 12/0 : 4[4] -> 5[5] via P2P/IPC
