[1,0]<stdout>:a2ap-dgx025:2308316:2308316 [7] NCCL INFO Channel 07/0 : 7[7] -> 1[0] via P2P/IPC
[1,0]<stdout>:a2ap-dgx025:2308312:2308312 [3] NCCL INFO Channel 14/0 : 3[3] -> 2[2] via P2P/IPC
[1,0]<stdout>:a2ap-dgx025:2308316:2308316 [7] NCCL INFO Channel 09/0 : 7[7] -> 1[0] via P2P/IPC
[1,0]<stdout>:a2ap-dgx025:2308314:2308314 [5] NCCL INFO Channel 07/0 : 5[4] -> 4[5] via P2P/IPC
[1,0]<stdout>:a2ap-dgx025:2308316:2308316 [7] NCCL INFO Channel 11/0 : 7[7] -> 1[0] via P2P/IPC
[1,0]<stdout>:a2ap-dgx025:2308316:2308316 [7] NCCL INFO Channel 13/0 : 7[7] -> 1[0] via P2P/IPC
[1,0]<stdout>:a2ap-dgx025:2308316:2308316 [7] NCCL INFO Channel 15/0 : 7[7] -> 1[0] via P2P/IPC
[1,0]<stdout>:a2ap-dgx025:2308316:2308316 [7] NCCL INFO Channel 00/0 : 7[7] -> 6[6] via P2P/IPC
[1,0]<stdout>:a2ap-dgx025:2308310:2308310 [1] NCCL INFO Channel 03/0 : 1[0] -> 0[1] via P2P/IPC
[1,0]<stdout>:a2ap-dgx025:2308314:2308314 [5] NCCL INFO Channel 09/0 : 5[4] -> 4[5] via P2P/IPC
[1,0]<stdout>:a2ap-dgx025:2308316:2308316 [7] NCCL INFO Channel 02/0 : 7[7] -> 6[6] via P2P/IPC
[1,0]<stdout>:a2ap-dgx025:2308310:2308310 [1] NCCL INFO Channel 05/0 : 1[0] -> 0[1] via P2P/IPC
[1,0]<stdout>:a2ap-dgx025:2308314:2308314 [5] NCCL INFO Channel 11/0 : 5[4] -> 4[5] via P2P/IPC
[1,0]<stdout>:a2ap-dgx025:2308316:2308316 [7] NCCL INFO Channel 04/0 : 7[7] -> 6[6] via P2P/IPC
[1,0]<stdout>:a2ap-dgx025:2308310:2308310 [1] NCCL INFO Channel 07/0 : 1[0] -> 0[1] via P2P/IPC
[1,0]<stdout>:a2ap-dgx025:2308314:2308314 [5] NCCL INFO Channel 15/0 : 5[4] -> 4[5] via P2P/IPC
[1,0]<stdout>:a2ap-dgx025:2308316:2308316 [7] NCCL INFO Channel 08/0 : 7[7] -> 6[6] via P2P/IPC
[1,0]<stdout>:a2ap-dgx025:2308316:2308316 [7] NCCL INFO Channel 10/0 : 7[7] -> 6[6] via P2P/IPC
[1,0]<stdout>:a2ap-dgx025:2308316:2308316 [7] NCCL INFO Channel 12/0 : 7[7] -> 6[6] via P2P/IPC
[1,0]<stdout>:a2ap-dgx025:2308310:2308310 [1] NCCL INFO Channel 11/0 : 1[0] -> 0[1] via P2P/IPC
[1,0]<stdout>:a2ap-dgx025:2308310:2308310 [1] NCCL INFO Channel 13/0 : 1[0] -> 0[1] via P2P/IPC
[1,0]<stdout>:a2ap-dgx025:2308310:2308310 [1] NCCL INFO Channel 15/0 : 1[0] -> 0[1] via P2P/IPC
[1,0]<stdout>:a2ap-dgx025:2308315:2308315 [6] NCCL INFO Connected all rings, use ring PXN 0 GDR 1
[1,0]<stdout>:a2ap-dgx025:2308311:2308311 [2] NCCL INFO Connected all rings, use ring PXN 0 GDR 1
[1,0]<stdout>:a2ap-dgx025:2308316:2308316 [7] NCCL INFO Connected all rings, use ring PXN 0 GDR 1
[1,0]<stdout>:a2ap-dgx025:2308314:2308314 [5] NCCL INFO Connected all rings, use ring PXN 0 GDR 1
[1,0]<stdout>:a2ap-dgx025:2308313:2308313 [4] NCCL INFO Connected all rings, use ring PXN 0 GDR 1
[1,0]<stdout>:a2ap-dgx025:2308312:2308312 [3] NCCL INFO Connected all rings, use ring PXN 0 GDR 1
[1,0]<stdout>:a2ap-dgx025:2308309:2308309 [0] NCCL INFO Connected all rings, use ring PXN 0 GDR 1
[1,0]<stdout>:a2ap-dgx025:2308310:2308310 [1] NCCL INFO Connected all rings, use ring PXN 0 GDR 1
[1,0]<stdout>:a2ap-dgx025:2308315:2308315 [6] NCCL INFO Channel 00/0 : 6[6] -> 7[7] via P2P/IPC
[1,0]<stdout>:a2ap-dgx025:2308313:2308313 [4] NCCL INFO Channel 01/0 : 4[5] -> 5[4] via P2P/IPC
[1,0]<stdout>:a2ap-dgx025:2308309:2308309 [0] NCCL INFO Channel 00/0 : 0[1] -> 1[0] via P2P/IPC
[1,0]<stdout>:a2ap-dgx025:2308311:2308311 [2] NCCL INFO Channel 00/0 : 2[2] -> 3[3] via P2P/IPC
[1,0]<stdout>:a2ap-dgx025:2308309:2308309 [0] NCCL INFO Channel 03/0 : 0[1] -> 1[0] via P2P/IPC
[1,0]<stdout>:a2ap-dgx025:2308309:2308309 [0] NCCL INFO Channel 05/0 : 0[1] -> 1[0] via P2P/IPC
[1,0]<stdout>:a2ap-dgx025:2308311:2308311 [2] NCCL INFO Channel 02/0 : 2[2] -> 3[3] via P2P/IPC
[1,0]<stdout>:a2ap-dgx025:2308309:2308309 [0] NCCL INFO Channel 07/0 : 0[1] -> 1[0] via P2P/IPC
[1,0]<stdout>:a2ap-dgx025:2308311:2308311 [2] NCCL INFO Channel 04/0 : 2[2] -> 3[3] via P2P/IPC
[1,0]<stdout>:a2ap-dgx025:2308309:2308309 [0] NCCL INFO Channel 08/0 : 0[1] -> 1[0] via P2P/IPC
[1,0]<stdout>:a2ap-dgx025:2308311:2308311 [2] NCCL INFO Channel 06/0 : 2[2] -> 3[3] via P2P/IPC
[1,0]<stdout>:a2ap-dgx025:2308311:2308311 [2] NCCL INFO Channel 08/0 : 2[2] -> 3[3] via P2P/IPC
[1,0]<stdout>:a2ap-dgx025:2308309:2308309 [0] NCCL INFO Channel 11/0 : 0[1] -> 1[0] via P2P/IPC
[1,0]<stdout>:a2ap-dgx025:2308311:2308311 [2] NCCL INFO Channel 10/0 : 2[2] -> 3[3] via P2P/IPC
[1,0]<stdout>:a2ap-dgx025:2308309:2308309 [0] NCCL INFO Channel 13/0 : 0[1] -> 1[0] via P2P/IPC
[1,0]<stdout>:a2ap-dgx025:2308311:2308311 [2] NCCL INFO Channel 12/0 : 2[2] -> 3[3] via P2P/IPC
[1,0]<stdout>:a2ap-dgx025:2308309:2308309 [0] NCCL INFO Channel 15/0 : 0[1] -> 1[0] via P2P/IPC
[1,0]<stdout>:a2ap-dgx025:2308311:2308311 [2] NCCL INFO Channel 14/0 : 2[2] -> 3[3] via P2P/IPC
[1,0]<stdout>:a2ap-dgx025:2308310:2308310 [1] NCCL INFO Channel 01/0 : 1[0] -> 7[7] via P2P/IPC
[1,0]<stdout>:a2ap-dgx025:2308309:2308309 [0] NCCL INFO Channel 00/0 : 0[1] -> 2[2] via P2P/IPC
[1,0]<stdout>:a2ap-dgx025:2308312:2308312 [3] NCCL INFO Channel 00/0 : 3[3] -> 5[4] via P2P/IPC
[1,0]<stdout>:a2ap-dgx025:2308315:2308315 [6] NCCL INFO Channel 02/0 : 6[6] -> 7[7] via P2P/IPC
[1,0]<stdout>:a2ap-dgx025:2308310:2308310 [1] NCCL INFO Channel 03/0 : 1[0] -> 7[7] via P2P/IPC
[1,0]<stdout>:a2ap-dgx025:2308309:2308309 [0] NCCL INFO Channel 04/0 : 0[1] -> 2[2] via P2P/IPC
[1,0]<stdout>:a2ap-dgx025:2308310:2308310 [1] NCCL INFO Channel 05/0 : 1[0] -> 7[7] via P2P/IPC
[1,0]<stdout>:a2ap-dgx025:2308309:2308309 [0] NCCL INFO Channel 06/0 : 0[1] -> 2[2] via P2P/IPC
[1,0]<stdout>:a2ap-dgx025:2308315:2308315 [6] NCCL INFO Channel 04/0 : 6[6] -> 7[7] via P2P/IPC
[1,0]<stdout>:a2ap-dgx025:2308310:2308310 [1] NCCL INFO Channel 07/0 : 1[0] -> 7[7] via P2P/IPC
[1,0]<stdout>:a2ap-dgx025:2308309:2308309 [0] NCCL INFO Channel 08/0 : 0[1] -> 2[2] via P2P/IPC
[1,0]<stdout>:a2ap-dgx025:2308315:2308315 [6] NCCL INFO Channel 06/0 : 6[6] -> 7[7] via P2P/IPC
[1,0]<stdout>:a2ap-dgx025:2308310:2308310 [1] NCCL INFO Channel 09/0 : 1[0] -> 7[7] via P2P/IPC
[1,0]<stdout>:a2ap-dgx025:2308309:2308309 [0] NCCL INFO Channel 12/0 : 0[1] -> 2[2] via P2P/IPC
[1,0]<stdout>:a2ap-dgx025:2308315:2308315 [6] NCCL INFO Channel 08/0 : 6[6] -> 7[7] via P2P/IPC
[1,0]<stdout>:a2ap-dgx025:2308310:2308310 [1] NCCL INFO Channel 11/0 : 1[0] -> 7[7] via P2P/IPC
[1,0]<stdout>:a2ap-dgx025:2308309:2308309 [0] NCCL INFO Channel 14/0 : 0[1] -> 2[2] via P2P/IPC
[1,0]<stdout>:a2ap-dgx025:2308315:2308315 [6] NCCL INFO Channel 10/0 : 6[6] -> 7[7] via P2P/IPC
[1,0]<stdout>:a2ap-dgx025:2308312:2308312 [3] NCCL INFO Channel 02/0 : 3[3] -> 5[4] via P2P/IPC
[1,0]<stdout>:a2ap-dgx025:2308313:2308313 [4] NCCL INFO Channel 03/0 : 4[5] -> 5[4] via P2P/IPC
[1,0]<stdout>:a2ap-dgx025:2308315:2308315 [6] NCCL INFO Channel 12/0 : 6[6] -> 7[7] via P2P/IPC
[1,0]<stdout>:a2ap-dgx025:2308310:2308310 [1] NCCL INFO Channel 13/0 : 1[0] -> 7[7] via P2P/IPC
[1,0]<stdout>:a2ap-dgx025:2308315:2308315 [6] NCCL INFO Channel 14/0 : 6[6] -> 7[7] via P2P/IPC
[1,0]<stdout>:a2ap-dgx025:2308313:2308313 [4] NCCL INFO Channel 04/0 : 4[5] -> 5[4] via P2P/IPC
[1,0]<stdout>:a2ap-dgx025:2308310:2308310 [1] NCCL INFO Channel 15/0 : 1[0] -> 7[7] via P2P/IPC
[1,0]<stdout>:a2ap-dgx025:2308311:2308311 [2] NCCL INFO Channel 02/0 : 2[2] -> 10[2] [send] via NET/IB/4/GDRDMA
[1,0]<stdout>:a2ap-dgx025:2308309:2308309 [0] NCCL INFO Channel 01/0 : 0[1] -> 9[1] [send] via NET/IB/3/GDRDMA
[1,0]<stdout>:a2ap-dgx025:2308311:2308311 [2] NCCL INFO Channel 10/0 : 2[2] -> 10[2] [send] via NET/IB/4/GDRDMA
[1,0]<stdout>:a2ap-dgx025:2308309:2308309 [0] NCCL INFO Channel 09/0 : 0[1] -> 9[1] [send] via NET/IB/3/GDRDMA
[1,0]<stdout>:a2ap-dgx025:2308313:2308313 [4] NCCL INFO Channel 07/0 : 4[5] -> 5[4] via P2P/IPC
[1,0]<stdout>:a2ap-dgx025:2308312:2308312 [3] NCCL INFO Channel 06/0 : 3[3] -> 5[4] via P2P/IPC
[1,0]<stdout>:a2ap-dgx025:2308311:2308311 [2] NCCL INFO Channel 01/0 : 2[2] -> 0[1] via P2P/IPC
[1,0]<stdout>:a2ap-dgx025:2308313:2308313 [4] NCCL INFO Channel 09/0 : 4[5] -> 5[4] via P2P/IPC
[1,0]<stdout>:a2ap-dgx025:2308312:2308312 [3] NCCL INFO Channel 08/0 : 3[3] -> 5[4] via P2P/IPC
[1,0]<stdout>:a2ap-dgx025:2308313:2308313 [4] NCCL INFO Channel 11/0 : 4[5] -> 5[4] via P2P/IPC
[1,0]<stdout>:a2ap-dgx025:2308312:2308312 [3] NCCL INFO Channel 10/0 : 3[3] -> 5[4] via P2P/IPC
[1,0]<stdout>:a2ap-dgx025:2308313:2308313 [4] NCCL INFO Channel 12/0 : 4[5] -> 5[4] via P2P/IPC
[1,0]<stdout>:a2ap-dgx025:2308312:2308312 [3] NCCL INFO Channel 14/0 : 3[3] -> 5[4] via P2P/IPC
[1,0]<stdout>:a2ap-dgx025:2308313:2308313 [4] NCCL INFO Channel 15/0 : 4[5] -> 5[4] via P2P/IPC
[1,0]<stdout>:a2ap-dgx025:2308311:2308311 [2] NCCL INFO Channel 03/0 : 2[2] -> 0[1] via P2P/IPC
[1,0]<stdout>:a2ap-dgx025:2308313:2308313 [4] NCCL INFO Channel 00/0 : 4[5] -> 6[6] via P2P/IPC
[1,0]<stdout>:a2ap-dgx025:2308311:2308311 [2] NCCL INFO Channel 05/0 : 2[2] -> 0[1] via P2P/IPC
[1,0]<stdout>:a2ap-dgx025:2308311:2308311 [2] NCCL INFO Channel 07/0 : 2[2] -> 0[1] via P2P/IPC
[1,0]<stdout>:a2ap-dgx025:2308313:2308313 [4] NCCL INFO Channel 02/0 : 4[5] -> 6[6] via P2P/IPC
[1,0]<stdout>:a2ap-dgx025:2308311:2308311 [2] NCCL INFO Channel 09/0 : 2[2] -> 0[1] via P2P/IPC
[1,0]<stdout>:a2ap-dgx025:2308313:2308313 [4] NCCL INFO Channel 04/0 : 4[5] -> 6[6] via P2P/IPC
[1,0]<stdout>:a2ap-dgx025:2308313:2308313 [4] NCCL INFO Channel 08/0 : 4[5] -> 6[6] via P2P/IPC
[1,0]<stdout>:a2ap-dgx025:2308310:2308310 [1] NCCL INFO Channel 00/0 : 1[0] -> 8[0] [send] via NET/IB/0/GDRDMA
[1,0]<stdout>:a2ap-dgx025:2308316:2308316 [7] NCCL INFO Channel 07/0 : 7[7] -> 15[7] [send] via NET/IB/11/GDRDMA
[1,0]<stdout>:a2ap-dgx025:2308313:2308313 [4] NCCL INFO Channel 10/0 : 4[5] -> 6[6] via P2P/IPC
[1,0]<stdout>:a2ap-dgx025:2308310:2308310 [1] NCCL INFO Channel 08/0 : 1[0] -> 8[0] [send] via NET/IB/0/GDRDMA
[1,0]<stdout>:a2ap-dgx025:2308316:2308316 [7] NCCL INFO Channel 15/0 : 7[7] -> 15[7] [send] via NET/IB/11/GDRDMA
[1,0]<stdout>:a2ap-dgx025:2308313:2308313 [4] NCCL INFO Channel 12/0 : 4[5] -> 6[6] via P2P/IPC
[1,0]<stdout>:a2ap-dgx025:2308311:2308311 [2] NCCL INFO Channel 11/0 : 2[2] -> 0[1] via P2P/IPC
[1,0]<stdout>:a2ap-dgx025:2308316:2308316 [7] NCCL INFO Channel 02/0 : 7[7] -> 1[0] via P2P/IPC
[1,0]<stdout>:a2ap-dgx025:2308313:2308313 [4] NCCL INFO Channel 05/0 : 4[5] -> 13[5] [send] via NET/IB/9/GDRDMA
[1,0]<stdout>:a2ap-dgx025:2308313:2308313 [4] NCCL INFO Channel 13/0 : 4[5] -> 13[5] [send] via NET/IB/9/GDRDMA
[1,0]<stdout>:a2ap-dgx025:2308316:2308316 [7] NCCL INFO Channel 04/0 : 7[7] -> 1[0] via P2P/IPC
[1,0]<stdout>:a2ap-dgx025:2308315:2308315 [6] NCCL INFO Channel 06/0 : 6[6] -> 14[6] [send] via NET/IB/10/GDRDMA
[1,0]<stdout>:a2ap-dgx025:2308316:2308316 [7] NCCL INFO Channel 06/0 : 7[7] -> 1[0] via P2P/IPC
[1,0]<stdout>:a2ap-dgx025:2308315:2308315 [6] NCCL INFO Channel 14/0 : 6[6] -> 14[6] [send] via NET/IB/10/GDRDMA
[1,0]<stdout>:a2ap-dgx025:2308311:2308311 [2] NCCL INFO Channel 13/0 : 2[2] -> 0[1] via P2P/IPC
[1,0]<stdout>:a2ap-dgx025:2308315:2308315 [6] NCCL INFO Channel 01/0 : 6[6] -> 4[5] via P2P/IPC
[1,0]<stdout>:a2ap-dgx025:2308316:2308316 [7] NCCL INFO Channel 10/0 : 7[7] -> 1[0] via P2P/IPC
[1,0]<stdout>:a2ap-dgx025:2308314:2308314 [5] NCCL INFO Channel 04/0 : 5[4] -> 12[4] [send] via NET/IB/6/GDRDMA
[1,0]<stdout>:a2ap-dgx025:2308312:2308312 [3] NCCL INFO Channel 03/0 : 3[3] -> 11[3] [send] via NET/IB/5/GDRDMA
[1,0]<stdout>:a2ap-dgx025:2308314:2308314 [5] NCCL INFO Channel 12/0 : 5[4] -> 12[4] [send] via NET/IB/6/GDRDMA
[1,0]<stdout>:a2ap-dgx025:2308312:2308312 [3] NCCL INFO Channel 11/0 : 3[3] -> 11[3] [send] via NET/IB/5/GDRDMA
[1,0]<stdout>:a2ap-dgx025:2308311:2308311 [2] NCCL INFO Channel 15/0 : 2[2] -> 0[1] via P2P/IPC
[1,0]<stdout>:a2ap-dgx025:2308316:2308316 [7] NCCL INFO Channel 12/0 : 7[7] -> 1[0] via P2P/IPC
[1,0]<stdout>:a2ap-dgx025:2308315:2308315 [6] NCCL INFO Channel 03/0 : 6[6] -> 4[5] via P2P/IPC
[1,0]<stdout>:a2ap-dgx025:2308314:2308314 [5] NCCL INFO Channel 01/0 : 5[4] -> 3[3] via P2P/IPC
[1,0]<stdout>:a2ap-dgx025:2308316:2308316 [7] NCCL INFO Channel 14/0 : 7[7] -> 1[0] via P2P/IPC
[1,0]<stdout>:a2ap-dgx025:2308315:2308315 [6] NCCL INFO Channel 05/0 : 6[6] -> 4[5] via P2P/IPC
[1,0]<stdout>:a2ap-dgx025:2308314:2308314 [5] NCCL INFO Channel 03/0 : 5[4] -> 3[3] via P2P/IPC
[1,0]<stdout>:a2ap-dgx025:2308315:2308315 [6] NCCL INFO Channel 07/0 : 6[6] -> 4[5] via P2P/IPC
[1,0]<stdout>:a2ap-dgx025:2308314:2308314 [5] NCCL INFO Channel 05/0 : 5[4] -> 3[3] via P2P/IPC
[1,0]<stdout>:a2ap-dgx025:2308314:2308314 [5] NCCL INFO Channel 07/0 : 5[4] -> 3[3] via P2P/IPC
[1,0]<stdout>:a2ap-dgx025:2308315:2308315 [6] NCCL INFO Channel 09/0 : 6[6] -> 4[5] via P2P/IPC
[1,0]<stdout>:a2ap-dgx025:2308314:2308314 [5] NCCL INFO Channel 09/0 : 5[4] -> 3[3] via P2P/IPC
[1,0]<stdout>:a2ap-dgx025:2308315:2308315 [6] NCCL INFO Channel 11/0 : 6[6] -> 4[5] via P2P/IPC
[1,0]<stdout>:a2ap-dgx025:2308314:2308314 [5] NCCL INFO Channel 11/0 : 5[4] -> 3[3] via P2P/IPC
[1,0]<stdout>:a2ap-dgx025:2308315:2308315 [6] NCCL INFO Channel 13/0 : 6[6] -> 4[5] via P2P/IPC
[1,0]<stdout>:a2ap-dgx025:2308310:2308310 [1] NCCL INFO Channel 00/0 : 1[0] -> 0[1] via P2P/IPC
[1,0]<stdout>:a2ap-dgx025:2308316:2308316 [7] NCCL INFO Channel 01/0 : 7[7] -> 6[6] via P2P/IPC
[1,0]<stdout>:a2ap-dgx025:2308314:2308314 [5] NCCL INFO Channel 13/0 : 5[4] -> 3[3] via P2P/IPC
[1,0]<stdout>:a2ap-dgx025:2308315:2308315 [6] NCCL INFO Channel 15/0 : 6[6] -> 4[5] via P2P/IPC
[1,0]<stdout>:a2ap-dgx025:2308316:2308316 [7] NCCL INFO Channel 03/0 : 7[7] -> 6[6] via P2P/IPC
[1,0]<stdout>:a2ap-dgx025:2308314:2308314 [5] NCCL INFO Channel 15/0 : 5[4] -> 3[3] via P2P/IPC
[1,0]<stdout>:a2ap-dgx025:2308316:2308316 [7] NCCL INFO Channel 05/0 : 7[7] -> 6[6] via P2P/IPC
[1,0]<stdout>:a2ap-dgx025:2308316:2308316 [7] NCCL INFO Channel 06/0 : 7[7] -> 6[6] via P2P/IPC
[1,0]<stdout>:a2ap-dgx025:2308310:2308310 [1] NCCL INFO Channel 02/0 : 1[0] -> 0[1] via P2P/IPC
[1,0]<stdout>:a2ap-dgx025:2308316:2308316 [7] NCCL INFO Channel 09/0 : 7[7] -> 6[6] via P2P/IPC
[1,0]<stdout>:a2ap-dgx025:2308310:2308310 [1] NCCL INFO Channel 04/0 : 1[0] -> 0[1] via P2P/IPC
[1,0]<stdout>:a2ap-dgx025:2308316:2308316 [7] NCCL INFO Channel 11/0 : 7[7] -> 6[6] via P2P/IPC
[1,0]<stdout>:a2ap-dgx025:2308310:2308310 [1] NCCL INFO Channel 06/0 : 1[0] -> 0[1] via P2P/IPC
[1,0]<stdout>:a2ap-dgx025:2308314:2308314 [5] NCCL INFO Channel 00/0 : 5[4] -> 4[5] via P2P/IPC
[1,0]<stdout>:a2ap-dgx025:2308312:2308312 [3] NCCL INFO Channel 01/0 : 3[3] -> 2[2] via P2P/IPC
[1,0]<stdout>:a2ap-dgx025:2308316:2308316 [7] NCCL INFO Channel 13/0 : 7[7] -> 6[6] via P2P/IPC
[1,0]<stdout>:a2ap-dgx025:2308316:2308316 [7] NCCL INFO Channel 14/0 : 7[7] -> 6[6] via P2P/IPC
[1,0]<stdout>:a2ap-dgx025:2308310:2308310 [1] NCCL INFO Channel 08/0 : 1[0] -> 0[1] via P2P/IPC
[1,0]<stdout>:a2ap-dgx025:2308312:2308312 [3] NCCL INFO Channel 02/0 : 3[3] -> 2[2] via P2P/IPC
[1,0]<stdout>:a2ap-dgx025:2308314:2308314 [5] NCCL INFO Channel 02/0 : 5[4] -> 4[5] via P2P/IPC
[1,0]<stdout>:a2ap-dgx025:2308312:2308312 [3] NCCL INFO Channel 05/0 : 3[3] -> 2[2] via P2P/IPC
[1,0]<stdout>:a2ap-dgx025:2308314:2308314 [5] NCCL INFO Channel 04/0 : 5[4] -> 4[5] via P2P/IPC
[1,0]<stdout>:a2ap-dgx025:2308314:2308314 [5] NCCL INFO Channel 06/0 : 5[4] -> 4[5] via P2P/IPC
[1,0]<stdout>:a2ap-dgx025:2308310:2308310 [1] NCCL INFO Channel 10/0 : 1[0] -> 0[1] via P2P/IPC
[1,0]<stdout>:a2ap-dgx025:2308312:2308312 [3] NCCL INFO Channel 07/0 : 3[3] -> 2[2] via P2P/IPC
[1,0]<stdout>:a2ap-dgx025:2308312:2308312 [3] NCCL INFO Channel 09/0 : 3[3] -> 2[2] via P2P/IPC
[1,0]<stdout>:a2ap-dgx025:2308314:2308314 [5] NCCL INFO Channel 08/0 : 5[4] -> 4[5] via P2P/IPC
[1,0]<stdout>:a2ap-dgx025:2308312:2308312 [3] NCCL INFO Channel 10/0 : 3[3] -> 2[2] via P2P/IPC
[1,0]<stdout>:a2ap-dgx025:2308310:2308310 [1] NCCL INFO Channel 12/0 : 1[0] -> 0[1] via P2P/IPC
[1,0]<stdout>:a2ap-dgx025:2308314:2308314 [5] NCCL INFO Channel 10/0 : 5[4] -> 4[5] via P2P/IPC
[1,0]<stdout>:a2ap-dgx025:2308312:2308312 [3] NCCL INFO Channel 13/0 : 3[3] -> 2[2] via P2P/IPC
[1,0]<stdout>:a2ap-dgx025:2308310:2308310 [1] NCCL INFO Channel 14/0 : 1[0] -> 0[1] via P2P/IPC
[1,0]<stdout>:a2ap-dgx025:2308312:2308312 [3] NCCL INFO Channel 15/0 : 3[3] -> 2[2] via P2P/IPC
[1,0]<stdout>:a2ap-dgx025:2308314:2308314 [5] NCCL INFO Channel 12/0 : 5[4] -> 4[5] via P2P/IPC
[1,0]<stdout>:a2ap-dgx025:2308314:2308314 [5] NCCL INFO Channel 14/0 : 5[4] -> 4[5] via P2P/IPC
[1,0]<stdout>:a2ap-dgx025:2308313:2308313 [4] NCCL INFO Connected all trees
[1,0]<stdout>:a2ap-dgx025:2308314:2308314 [5] NCCL INFO Connected all trees
[1,0]<stdout>:a2ap-dgx025:2308315:2308315 [6] NCCL INFO Connected all trees
[1,0]<stdout>:a2ap-dgx025:2308316:2308316 [7] NCCL INFO Connected all trees
[1,0]<stdout>:a2ap-dgx025:2308312:2308312 [3] NCCL INFO Connected all trees
[1,0]<stdout>:a2ap-dgx025:2308311:2308311 [2] NCCL INFO Connected all trees
[1,0]<stdout>:a2ap-dgx025:2308310:2308310 [1] NCCL INFO Connected all trees
[1,0]<stdout>:a2ap-dgx025:2308309:2308309 [0] NCCL INFO Connected all trees
[1,0]<stdout>:a2ap-dgx025:2308313:2308313 [4] NCCL INFO threadThresholds 8/8/64 | 128/8/64 | 512 | 512
[1,0]<stdout>:a2ap-dgx025:2308313:2308313 [4] NCCL INFO 16 coll channels, 16 collnet channels, 0 nvls channels, 16 p2p channels, 2 p2p channels per peer
[1,0]<stdout>:a2ap-dgx025:2308309:2308309 [0] NCCL INFO threadThresholds 8/8/64 | 128/8/64 | 512 | 512
[1,0]<stdout>:a2ap-dgx025:2308309:2308309 [0] NCCL INFO 16 coll channels, 16 collnet channels, 0 nvls channels, 16 p2p channels, 2 p2p channels per peer
[1,0]<stdout>:a2ap-dgx025:2308309:2308309 [0] NCCL INFO CC Off, workFifoBytes 1048576
[1,0]<stdout>:a2ap-dgx025:2308310:2308310 [1] NCCL INFO threadThresholds 8/8/64 | 128/8/64 | 512 | 512
[1,0]<stdout>:a2ap-dgx025:2308310:2308310 [1] NCCL INFO 16 coll channels, 16 collnet channels, 0 nvls channels, 16 p2p channels, 2 p2p channels per peer
[1,0]<stdout>:a2ap-dgx025:2308312:2308312 [3] NCCL INFO threadThresholds 8/8/64 | 128/8/64 | 512 | 512
[1,0]<stdout>:a2ap-dgx025:2308312:2308312 [3] NCCL INFO 16 coll channels, 16 collnet channels, 0 nvls channels, 16 p2p channels, 2 p2p channels per peer
[1,0]<stdout>:a2ap-dgx025:2308314:2308314 [5] NCCL INFO threadThresholds 8/8/64 | 128/8/64 | 512 | 512
[1,0]<stdout>:a2ap-dgx025:2308314:2308314 [5] NCCL INFO 16 coll channels, 16 collnet channels, 0 nvls channels, 16 p2p channels, 2 p2p channels per peer
[1,0]<stdout>:a2ap-dgx025:2308316:2308316 [7] NCCL INFO threadThresholds 8/8/64 | 128/8/64 | 512 | 512
[1,0]<stdout>:a2ap-dgx025:2308316:2308316 [7] NCCL INFO 16 coll channels, 16 collnet channels, 0 nvls channels, 16 p2p channels, 2 p2p channels per peer
[1,0]<stdout>:a2ap-dgx025:2308311:2308311 [2] NCCL INFO threadThresholds 8/8/64 | 128/8/64 | 512 | 512
[1,0]<stdout>:a2ap-dgx025:2308311:2308311 [2] NCCL INFO 16 coll channels, 16 collnet channels, 0 nvls channels, 16 p2p channels, 2 p2p channels per peer
[1,0]<stdout>:a2ap-dgx025:2308315:2308315 [6] NCCL INFO threadThresholds 8/8/64 | 128/8/64 | 512 | 512
[1,0]<stdout>:a2ap-dgx025:2308315:2308315 [6] NCCL INFO 16 coll channels, 16 collnet channels, 0 nvls channels, 16 p2p channels, 2 p2p channels per peer
[1,0]<stdout>:a2ap-dgx025:2308311:2308311 [2] NCCL INFO ncclCommInitRank comm 0x55556f386500 rank 2 nranks 16 cudaDev 2 nvmlDev 2 busId 52000 commId 0x9a0168fb3582cf1b - Init COMPLETE
[1,0]<stdout>:a2ap-dgx025:2308314:2308314 [5] NCCL INFO ncclCommInitRank comm 0x55556f3878a0 rank 5 nranks 16 cudaDev 5 nvmlDev 4 busId 9d000 commId 0x9a0168fb3582cf1b - Init COMPLETE
[1,0]<stdout>:a2ap-dgx025:2308312:2308312 [3] NCCL INFO ncclCommInitRank comm 0x55556f386b90 rank 3 nranks 16 cudaDev 3 nvmlDev 3 busId 61000 commId 0x9a0168fb3582cf1b - Init COMPLETE
[1,0]<stdout>:a2ap-dgx025:2308310:2308310 [1] NCCL INFO ncclCommInitRank comm 0x55556f385da0 rank 1 nranks 16 cudaDev 1 nvmlDev 0 busId 1b000 commId 0x9a0168fb3582cf1b - Init COMPLETE
[1,0]<stdout>:a2ap-dgx025:2308313:2308313 [4] NCCL INFO ncclCommInitRank comm 0x55556f386390 rank 4 nranks 16 cudaDev 4 nvmlDev 5 busId c3000 commId 0x9a0168fb3582cf1b - Init COMPLETE
[1,0]<stdout>:a2ap-dgx025:2308316:2308316 [7] NCCL INFO ncclCommInitRank comm 0x55556f388300 rank 7 nranks 16 cudaDev 7 nvmlDev 7 busId df000 commId 0x9a0168fb3582cf1b - Init COMPLETE
[1,0]<stdout>:a2ap-dgx025:2308315:2308315 [6] NCCL INFO ncclCommInitRank comm 0x55556f387580 rank 6 nranks 16 cudaDev 6 nvmlDev 6 busId d1000 commId 0x9a0168fb3582cf1b - Init COMPLETE
[1,0]<stdout>:a2ap-dgx025:2308311:2308311 [2] NCCL INFO Init timings - ncclCommInitRank: rank 2 nranks 16 total 2.38 (kernels 0.00, alloc 0.00, bootstrap 0.00, allgathers 0.09, topo 1.50, graphs 0.02, connections 0.77, rest 0.00)
[1,0]<stdout>:a2ap-dgx025:2308309:2308309 [0] NCCL INFO ncclCommInitRank comm 0x55556f3b58a0 rank 0 nranks 16 cudaDev 0 nvmlDev 1 busId 43000 commId 0x9a0168fb3582cf1b - Init COMPLETE
[1,0]<stdout>:a2ap-dgx025:2308314:2308314 [5] NCCL INFO Init timings - ncclCommInitRank: rank 5 nranks 16 total 2.38 (kernels 0.00, alloc 0.00, bootstrap 0.00, allgathers 0.09, topo 1.50, graphs 0.01, connections 0.77, rest 0.00)
[1,0]<stdout>:a2ap-dgx025:2308312:2308312 [3] NCCL INFO Init timings - ncclCommInitRank: rank 3 nranks 16 total 2.38 (kernels 0.00, alloc 0.00, bootstrap 0.00, allgathers 0.09, topo 1.50, graphs 0.02, connections 0.77, rest 0.00)
[1,0]<stdout>:a2ap-dgx025:2308310:2308310 [1] NCCL INFO Init timings - ncclCommInitRank: rank 1 nranks 16 total 2.38 (kernels 0.00, alloc 0.00, bootstrap 0.00, allgathers 0.09, topo 1.50, graphs 0.01, connections 0.77, rest 0.00)
[1,0]<stdout>:a2ap-dgx025:2308313:2308313 [4] NCCL INFO Init timings - ncclCommInitRank: rank 4 nranks 16 total 2.38 (kernels 0.00, alloc 0.00, bootstrap 0.00, allgathers 0.09, topo 1.50, graphs 0.01, connections 0.77, rest 0.01)
[1,0]<stdout>:a2ap-dgx025:2308316:2308316 [7] NCCL INFO Init timings - ncclCommInitRank: rank 7 nranks 16 total 2.38 (kernels 0.00, alloc 0.00, bootstrap 0.00, allgathers 0.09, topo 1.50, graphs 0.01, connections 0.77, rest 0.00)
[1,0]<stdout>:a2ap-dgx025:2308315:2308315 [6] NCCL INFO Init timings - ncclCommInitRank: rank 6 nranks 16 total 2.38 (kernels 0.00, alloc 0.00, bootstrap 0.00, allgathers 0.09, topo 1.50, graphs 0.01, connections 0.77, rest 0.00)
[1,0]<stdout>:a2ap-dgx025:2308309:2308309 [0] NCCL INFO Init timings - ncclCommInitRank: rank 0 nranks 16 total 2.38 (kernels 0.00, alloc 0.00, bootstrap 0.00, allgathers 0.09, topo 1.50, graphs 0.01, connections 0.77, rest 0.01)
[1,0]<stdout>:[Gloo] Rank 0 is connected to 0 peer ranks. Expected number of connected peer ranks is : 0
[1,0]<stdout>:[Gloo] Rank 0 is connected to 0 peer ranks. Expected number of connected peer ranks is : 0
[1,0]<stdout>:[Gloo] Rank 0 is connected to 0 peer ranks. Expected number of connected peer ranks is : 0
[1,0]<stdout>:[Gloo] Rank 0 is connected to 0 peer ranks. Expected number of connected peer ranks is : 0
[1,0]<stdout>:[Gloo] Rank 0 is connected to 0 peer ranks. Expected number of connected peer ranks is : 0
[1,0]<stdout>:[Gloo] Rank 0 is connected to 0 peer ranks. Expected number of connected peer ranks is : 0
[1,0]<stdout>:[Gloo] Rank 0 is connected to 0 peer ranks. Expected number of connected peer ranks is : 0
[1,0]<stdout>:[Gloo] Rank 0 is connected to 0 peer ranks. Expected number of connected peer ranks is : 0
[1,0]<stdout>:[Gloo] Rank 1 is connected to 15 peer ranks. Expected number of connected peer ranks is : 15
[1,0]<stdout>:[Gloo] Rank 0 is connected to 15 peer ranks. Expected number of connected peer ranks is : 15
[1,0]<stdout>:[Gloo] Rank 2 is connected to 15 peer ranks. Expected number of connected peer ranks is : 15
[1,0]<stdout>:[Gloo] Rank 3 is connected to 15 peer ranks. Expected number of connected peer ranks is : 15
[1,0]<stdout>:[Gloo] Rank 4 is connected to 15 peer ranks. Expected number of connected peer ranks is : 15
[1,0]<stdout>:[Gloo] Rank 5 is connected to 15 peer ranks. Expected number of connected peer ranks is : 15
[1,0]<stdout>:[Gloo] Rank 6 is connected to 15 peer ranks. Expected number of connected peer ranks is : 15
[1,0]<stdout>:[Gloo] Rank 7 is connected to 15 peer ranks. Expected number of connected peer ranks is : 15
[1,0]<stdout>:#Input tokens: 626729
[1,0]<stdout>:#Output tokens: 388685
[1,0]<stdout>:#Input tokens: 4096
[1,0]<stdout>:#Output tokens: 256
[1,0]<stdout>:a2ap-dgx025:2308309:2323622 [0] NCCL INFO Comm config Blocking set to 1
[1,0]<stdout>:a2ap-dgx025:2308316:2323623 [7] NCCL INFO Comm config Blocking set to 1
[1,0]<stdout>:a2ap-dgx025:2308309:2324415 [0] NCCL INFO Assigned NET plugin IB to comm
[1,0]<stdout>:a2ap-dgx025:2308309:2324415 [0] NCCL INFO Using network IB
[1,0]<stdout>:a2ap-dgx025:2308313:2323620 [4] NCCL INFO Comm config Blocking set to 1
[1,0]<stdout>:a2ap-dgx025:2308311:2323619 [2] NCCL INFO Comm config Blocking set to 1
[1,0]<stdout>:a2ap-dgx025:2308312:2323624 [3] NCCL INFO Comm config Blocking set to 1
[1,0]<stdout>:a2ap-dgx025:2308315:2323621 [6] NCCL INFO Comm config Blocking set to 1
[1,0]<stdout>:a2ap-dgx025:2308314:2323625 [5] NCCL INFO Comm config Blocking set to 1
[1,0]<stdout>:a2ap-dgx025:2308313:2324417 [4] NCCL INFO Assigned NET plugin IB to comm
[1,0]<stdout>:a2ap-dgx025:2308313:2324417 [4] NCCL INFO Using network IB
[1,0]<stdout>:a2ap-dgx025:2308311:2324418 [2] NCCL INFO Assigned NET plugin IB to comm
[1,0]<stdout>:a2ap-dgx025:2308311:2324418 [2] NCCL INFO Using network IB
[1,0]<stdout>:a2ap-dgx025:2308312:2324419 [3] NCCL INFO Assigned NET plugin IB to comm
[1,0]<stdout>:a2ap-dgx025:2308312:2324419 [3] NCCL INFO Using network IB
[1,0]<stdout>:a2ap-dgx025:2308315:2324420 [6] NCCL INFO Assigned NET plugin IB to comm
[1,0]<stdout>:a2ap-dgx025:2308315:2324420 [6] NCCL INFO Using network IB
[1,0]<stdout>:a2ap-dgx025:2308316:2324416 [7] NCCL INFO Assigned NET plugin IB to comm
[1,0]<stdout>:a2ap-dgx025:2308316:2324416 [7] NCCL INFO Using network IB
[1,0]<stdout>:a2ap-dgx025:2308316:2324416 [7] NCCL INFO ncclCommInitRankConfig comm 0x7fe68c17e5c0 rank 7 nranks 16 cudaDev 7 nvmlDev 7 busId df000 commId 0xac6469b22f095766 - Init START
[1,0]<stdout>:a2ap-dgx025:2308314:2324421 [5] NCCL INFO Assigned NET plugin IB to comm
[1,0]<stdout>:a2ap-dgx025:2308314:2324421 [5] NCCL INFO Using network IB
[1,0]<stdout>:a2ap-dgx025:2308311:2324418 [2] NCCL INFO ncclCommInitRankConfig comm 0x7fe6b01880d0 rank 2 nranks 16 cudaDev 2 nvmlDev 2 busId 52000 commId 0xac6469b22f095766 - Init START
[1,0]<stdout>:a2ap-dgx025:2308312:2324419 [3] NCCL INFO ncclCommInitRankConfig comm 0x7fe68c17f050 rank 3 nranks 16 cudaDev 3 nvmlDev 3 busId 61000 commId 0xac6469b22f095766 - Init START
[1,0]<stdout>:a2ap-dgx025:2308313:2324417 [4] NCCL INFO ncclCommInitRankConfig comm 0x7fe6b41885e0 rank 4 nranks 16 cudaDev 4 nvmlDev 5 busId c3000 commId 0xac6469b22f095766 - Init START
[1,0]<stdout>:a2ap-dgx025:2308315:2324420 [6] NCCL INFO ncclCommInitRankConfig comm 0x7fe698180c70 rank 6 nranks 16 cudaDev 6 nvmlDev 6 busId d1000 commId 0xac6469b22f095766 - Init START
[1,0]<stdout>:a2ap-dgx025:2308314:2324421 [5] NCCL INFO ncclCommInitRankConfig comm 0x7fe6b4188b00 rank 5 nranks 16 cudaDev 5 nvmlDev 4 busId 9d000 commId 0xac6469b22f095766 - Init START
[1,0]<stdout>:a2ap-dgx025:2308309:2324415 [0] NCCL INFO ncclCommInitRankConfig comm 0x7fe678198b10 rank 0 nranks 16 cudaDev 0 nvmlDev 1 busId 43000 commId 0xac6469b22f095766 - Init START
[1,0]<stdout>:a2ap-dgx025:2308310:2323626 [1] NCCL INFO Comm config Blocking set to 1
[1,0]<stdout>:a2ap-dgx025:2308310:2324422 [1] NCCL INFO Assigned NET plugin IB to comm
[1,0]<stdout>:a2ap-dgx025:2308310:2324422 [1] NCCL INFO Using network IB
[1,0]<stdout>:a2ap-dgx025:2308310:2324422 [1] NCCL INFO ncclCommInitRankConfig comm 0x7fe6a4182400 rank 1 nranks 16 cudaDev 1 nvmlDev 0 busId 1b000 commId 0xac6469b22f095766 - Init START
[1,0]<stdout>:a2ap-dgx025:2308316:2324416 [7] NCCL INFO Bootstrap timings total 0.017108 (create 0.000031, send 0.000109, recv 0.002714, ring 0.013760, delay 0.000000)
[1,0]<stdout>:a2ap-dgx025:2308315:2324420 [6] NCCL INFO Bootstrap timings total 0.014179 (create 0.000025, send 0.000075, recv 0.000203, ring 0.013699, delay 0.000000)
[1,0]<stdout>:a2ap-dgx025:2308314:2324421 [5] NCCL INFO Bootstrap timings total 0.014135 (create 0.000029, send 0.000089, recv 0.000210, ring 0.013709, delay 0.000000)
[1,0]<stdout>:a2ap-dgx025:2308313:2324417 [4] NCCL INFO Bootstrap timings total 0.014210 (create 0.000020, send 0.000080, recv 0.000260, ring 0.013756, delay 0.000000)
[1,0]<stdout>:a2ap-dgx025:2308312:2324419 [3] NCCL INFO Bootstrap timings total 0.014270 (create 0.000025, send 0.000089, recv 0.000191, ring 0.013868, delay 0.000000)
[1,0]<stdout>:a2ap-dgx025:2308310:2324422 [1] NCCL INFO Bootstrap timings total 0.000762 (create 0.000027, send 0.000090, recv 0.000107, ring 0.000430, delay 0.000000)
[1,0]<stdout>:a2ap-dgx025:2308311:2324418 [2] NCCL INFO Bootstrap timings total 0.014283 (create 0.000024, send 0.000098, recv 0.000139, ring 0.000429, delay 0.000000)
[1,0]<stdout>:a2ap-dgx025:2308309:2324415 [0] NCCL INFO Bootstrap timings total 0.012251 (create 0.000022, send 0.000087, recv 0.011577, ring 0.000451, delay 0.000000)
[1,0]<stdout>:a2ap-dgx025:2308313:2324417 [4] NCCL INFO MNNVL busId 0xc3000 fabric UUID 0.0 cliqueId 0x0 state 3 healthMask 0x0
[1,0]<stdout>:a2ap-dgx025:2308316:2324416 [7] NCCL INFO MNNVL busId 0xdf000 fabric UUID 0.0 cliqueId 0x0 state 3 healthMask 0x0
[1,0]<stdout>:a2ap-dgx025:2308314:2324421 [5] NCCL INFO MNNVL busId 0x9d000 fabric UUID 0.0 cliqueId 0x0 state 3 healthMask 0x0
[1,0]<stdout>:a2ap-dgx025:2308310:2324422 [1] NCCL INFO MNNVL busId 0x1b000 fabric UUID 0.0 cliqueId 0x0 state 3 healthMask 0x0
[1,0]<stdout>:a2ap-dgx025:2308309:2324415 [0] NCCL INFO MNNVL busId 0x43000 fabric UUID 0.0 cliqueId 0x0 state 3 healthMask 0x0
[1,0]<stdout>:a2ap-dgx025:2308311:2324418 [2] NCCL INFO MNNVL busId 0x52000 fabric UUID 0.0 cliqueId 0x0 state 3 healthMask 0x0
[1,0]<stdout>:a2ap-dgx025:2308315:2324420 [6] NCCL INFO MNNVL busId 0xd1000 fabric UUID 0.0 cliqueId 0x0 state 3 healthMask 0x0
[1,0]<stdout>:a2ap-dgx025:2308312:2324419 [3] NCCL INFO MNNVL busId 0x61000 fabric UUID 0.0 cliqueId 0x0 state 3 healthMask 0x0
[1,0]<stdout>:a2ap-dgx025:2308309:2324415 [0] NCCL INFO Setting affinity for GPU 1 to 0-55,112-167
[1,0]<stdout>:a2ap-dgx025:2308316:2324416 [7] NCCL INFO Setting affinity for GPU 7 to 56-111,168-223
[1,0]<stdout>:a2ap-dgx025:2308315:2324420 [6] NCCL INFO Setting affinity for GPU 6 to 56-111,168-223
[1,0]<stdout>:a2ap-dgx025:2308314:2324421 [5] NCCL INFO Setting affinity for GPU 4 to 56-111,168-223
[1,0]<stdout>:a2ap-dgx025:2308313:2324417 [4] NCCL INFO Setting affinity for GPU 5 to 56-111,168-223
[1,0]<stdout>:a2ap-dgx025:2308312:2324419 [3] NCCL INFO Setting affinity for GPU 3 to 0-55,112-167
[1,0]<stdout>:a2ap-dgx025:2308310:2324422 [1] NCCL INFO Setting affinity for GPU 0 to 0-55,112-167
[1,0]<stdout>:a2ap-dgx025:2308311:2324418 [2] NCCL INFO Setting affinity for GPU 2 to 0-55,112-167
[1,0]<stdout>:a2ap-dgx025:2308311:2324418 [2] NCCL INFO comm 0x7fe6b01880d0 rank 2 nRanks 16 nNodes 2 localRanks 8 localRank 2 MNNVL 0
[1,0]<stdout>:a2ap-dgx025:2308315:2324420 [6] NCCL INFO comm 0x7fe698180c70 rank 6 nRanks 16 nNodes 2 localRanks 8 localRank 6 MNNVL 0
[1,0]<stdout>:a2ap-dgx025:2308314:2324421 [5] NCCL INFO comm 0x7fe6b4188b00 rank 5 nRanks 16 nNodes 2 localRanks 8 localRank 5 MNNVL 0
[1,0]<stdout>:a2ap-dgx025:2308311:2324418 [2] NCCL INFO Trees [0] 3/-1/-1->2->0 [1] 3/-1/-1->2->0 [2] 3/10/-1->2->-1 [3] -1/-1/-1->2->0 [4] 3/-1/-1->2->0 [5] 3/-1/-1->2->0 [6] 3/-1/-1->2->0 [7] 3/-1/-1->2->0 [8] 3/-1/-1->2->0 [9] 3/-1/-1->2->0 [10] 3/-1/-1->2->10 [11] -1/-1/-1->2->0 [12] 3/-1/-1->2->0 [13] 3/-1/-1->2->0 [14] 3/-1/-1->2->0 [15] 3/-1/-1->2->0
[1,0]<stdout>:a2ap-dgx025:2308313:2324417 [4] NCCL INFO comm 0x7fe6b41885e0 rank 4 nRanks 16 nNodes 2 localRanks 8 localRank 4 MNNVL 0
[1,0]<stdout>:a2ap-dgx025:2308316:2324416 [7] NCCL INFO comm 0x7fe68c17e5c0 rank 7 nRanks 16 nNodes 2 localRanks 8 localRank 7 MNNVL 0
[1,0]<stdout>:a2ap-dgx025:2308312:2324419 [3] NCCL INFO comm 0x7fe68c17f050 rank 3 nRanks 16 nNodes 2 localRanks 8 localRank 3 MNNVL 0
[1,0]<stdout>:a2ap-dgx025:2308311:2324418 [2] NCCL INFO P2P Chunksize set to 131072
[1,0]<stdout>:a2ap-dgx025:2308315:2324420 [6] NCCL INFO Trees [0] 7/-1/-1->6->4 [1] 7/-1/-1->6->4 [2] 7/-1/-1->6->4 [3] 7/-1/-1->6->4 [4] 7/-1/-1->6->4 [5] 7/-1/-1->6->4 [6] 7/14/-1->6->-1 [7] -1/-1/-1->6->4 [8] 7/-1/-1->6->4 [9] 7/-1/-1->6->4 [10] 7/-1/-1->6->4 [11] 7/-1/-1->6->4 [12] 7/-1/-1->6->4 [13] 7/-1/-1->6->4 [14] 7/-1/-1->6->14 [15] -1/-1/-1->6->4
[1,0]<stdout>:a2ap-dgx025:2308314:2324421 [5] NCCL INFO Trees [0] 4/-1/-1->5->3 [1] 4/-1/-1->5->3 [2] 4/-1/-1->5->3 [3] 4/-1/-1->5->3 [4] 4/12/-1->5->-1 [5] -1/-1/-1->5->3 [6] 4/-1/-1->5->3 [7] 4/-1/-1->5->3 [8] 4/-1/-1->5->3 [9] 4/-1/-1->5->3 [10] 4/-1/-1->5->3 [11] 4/-1/-1->5->3 [12] 4/-1/-1->5->12 [13] -1/-1/-1->5->3 [14] 4/-1/-1->5->3 [15] 4/-1/-1->5->3
[1,0]<stdout>:a2ap-dgx025:2308313:2324417 [4] NCCL INFO Trees [0] 6/-1/-1->4->5 [1] 6/-1/-1->4->5 [2] 6/-1/-1->4->5 [3] 6/-1/-1->4->5 [4] 6/-1/-1->4->5 [5] 6/13/-1->4->-1 [6] -1/-1/-1->4->5 [7] 6/-1/-1->4->5 [8] 6/-1/-1->4->5 [9] 6/-1/-1->4->5 [10] 6/-1/-1->4->5 [11] 6/-1/-1->4->5 [12] 6/-1/-1->4->5 [13] 6/-1/-1->4->13 [14] -1/-1/-1->4->5 [15] 6/-1/-1->4->5
[1,0]<stdout>:a2ap-dgx025:2308315:2324420 [6] NCCL INFO P2P Chunksize set to 131072
[1,0]<stdout>:a2ap-dgx025:2308314:2324421 [5] NCCL INFO P2P Chunksize set to 131072
[1,0]<stdout>:a2ap-dgx025:2308316:2324416 [7] NCCL INFO Trees [0] -1/-1/-1->7->6 [1] 1/-1/-1->7->6 [2] 1/-1/-1->7->6 [3] 1/-1/-1->7->6 [4] 1/-1/-1->7->6 [5] 1/-1/-1->7->6 [6] 1/-1/-1->7->6 [7] 1/15/-1->7->-1 [8] -1/-1/-1->7->6 [9] 1/-1/-1->7->6 [10] 1/-1/-1->7->6 [11] 1/-1/-1->7->6 [12] 1/-1/-1->7->6 [13] 1/-1/-1->7->6 [14] 1/-1/-1->7->6 [15] 1/-1/-1->7->15
[1,0]<stdout>:a2ap-dgx025:2308313:2324417 [4] NCCL INFO P2P Chunksize set to 131072
[1,0]<stdout>:a2ap-dgx025:2308316:2324416 [7] NCCL INFO P2P Chunksize set to 131072
[1,0]<stdout>:a2ap-dgx025:2308312:2324419 [3] NCCL INFO Trees [0] 5/-1/-1->3->2 [1] 5/-1/-1->3->2 [2] 5/-1/-1->3->2 [3] 5/11/-1->3->-1 [4] -1/-1/-1->3->2 [5] 5/-1/-1->3->2 [6] 5/-1/-1->3->2 [7] 5/-1/-1->3->2 [8] 5/-1/-1->3->2 [9] 5/-1/-1->3->2 [10] 5/-1/-1->3->2 [11] 5/-1/-1->3->11 [12] -1/-1/-1->3->2 [13] 5/-1/-1->3->2 [14] 5/-1/-1->3->2 [15] 5/-1/-1->3->2
[1,0]<stdout>:a2ap-dgx025:2308312:2324419 [3] NCCL INFO P2P Chunksize set to 131072
[1,0]<stdout>:a2ap-dgx025:2308310:2324422 [1] NCCL INFO comm 0x7fe6a4182400 rank 1 nRanks 16 nNodes 2 localRanks 8 localRank 1 MNNVL 0
[1,0]<stdout>:a2ap-dgx025:2308309:2324415 [0] NCCL INFO comm 0x7fe678198b10 rank 0 nRanks 16 nNodes 2 localRanks 8 localRank 0 MNNVL 0
[1,0]<stdout>:a2ap-dgx025:2308310:2324422 [1] NCCL INFO Trees [0] 0/8/-1->1->-1 [1] -1/-1/-1->1->7 [2] 0/-1/-1->1->7 [3] 0/-1/-1->1->7 [4] 0/-1/-1->1->7 [5] 0/-1/-1->1->7 [6] 0/-1/-1->1->7 [7] 0/-1/-1->1->7 [8] 0/-1/-1->1->8 [9] -1/-1/-1->1->7 [10] 0/-1/-1->1->7 [11] 0/-1/-1->1->7 [12] 0/-1/-1->1->7 [13] 0/-1/-1->1->7 [14] 0/-1/-1->1->7 [15] 0/-1/-1->1->7
[1,0]<stdout>:a2ap-dgx025:2308310:2324422 [1] NCCL INFO P2P Chunksize set to 131072
[1,0]<stdout>:a2ap-dgx025:2308309:2324415 [0] NCCL INFO Channel 00/16 :  0  9 10 11 12 13 14 15  8  1  7  6  4  5  3  2
[1,0]<stdout>:a2ap-dgx025:2308309:2324415 [0] NCCL INFO Channel 01/16 :  0  2  3  5  4  6  7  1  8 15 14 13 12 11 10  9
[1,0]<stdout>:a2ap-dgx025:2308309:2324415 [0] NCCL INFO Channel 02/16 :  0  1  7  6  4  5  3 11 12 13 14 15  8  9 10  2
[1,0]<stdout>:a2ap-dgx025:2308315:2324466 [6] NCCL INFO [Proxy Service] Device 6 CPU core 64
[1,0]<stdout>:a2ap-dgx025:2308309:2324415 [0] NCCL INFO Channel 03/16 :  0  2 10  9  8 15 14 13 12 11  3  5  4  6  7  1
[1,0]<stdout>:a2ap-dgx025:2308309:2324415 [0] NCCL INFO Channel 04/16 :  0  1  7  6  4 13 14 15  8  9 10 11 12  5  3  2
[1,0]<stdout>:a2ap-dgx025:2308309:2324415 [0] NCCL INFO Channel 05/16 :  0  2  3  5 12 11 10  9  8 15 14 13  4  6  7  1
[1,0]<stdout>:a2ap-dgx025:2308309:2324415 [0] NCCL INFO Channel 06/16 :  0  1  7 15  8  9 10 11 12 13 14  6  4  5  3  2
[1,0]<stdout>:a2ap-dgx025:2308309:2324415 [0] NCCL INFO Channel 07/16 :  0  2  3  5  4  6 14 13 12 11 10  9  8 15  7  1
[1,0]<stdout>:a2ap-dgx025:2308315:2324471 [6] NCCL INFO [Proxy Service UDS] Device 6 CPU core 180
[1,0]<stdout>:a2ap-dgx025:2308309:2324415 [0] NCCL INFO Channel 08/16 :  0  9 10 11 12 13 14 15  8  1  7  6  4  5  3  2
[1,0]<stdout>:a2ap-dgx025:2308309:2324415 [0] NCCL INFO Channel 09/16 :  0  2  3  5  4  6  7  1  8 15 14 13 12 11 10  9
[1,0]<stdout>:a2ap-dgx025:2308316:2324469 [7] NCCL INFO [Proxy Service] Device 7 CPU core 59
[1,0]<stdout>:a2ap-dgx025:2308309:2324415 [0] NCCL INFO Channel 10/16 :  0  1  7  6  4  5  3 11 12 13 14 15  8  9 10  2
[1,0]<stdout>:a2ap-dgx025:2308311:2324465 [2] NCCL INFO [Proxy Service] Device 2 CPU core 7
[1,0]<stdout>:a2ap-dgx025:2308309:2324415 [0] NCCL INFO Channel 11/16 :  0  2 10  9  8 15 14 13 12 11  3  5  4  6  7  1
[1,0]<stdout>:a2ap-dgx025:2308313:2324475 [4] NCCL INFO [Proxy Service UDS] Device 4 CPU core 199
[1,0]<stdout>:a2ap-dgx025:2308309:2324415 [0] NCCL INFO Channel 12/16 :  0  1  7  6  4 13 14 15  8  9 10 11 12  5  3  2
[1,0]<stdout>:a2ap-dgx025:2308316:2324474 [7] NCCL INFO [Proxy Service UDS] Device 7 CPU core 174
[1,0]<stdout>:a2ap-dgx025:2308309:2324415 [0] NCCL INFO Channel 13/16 :  0  2  3  5 12 11 10  9  8 15 14 13  4  6  7  1
[1,0]<stdout>:a2ap-dgx025:2308309:2324415 [0] NCCL INFO Channel 14/16 :  0  1  7 15  8  9 10 11 12 13 14  6  4  5  3  2
[1,0]<stdout>:a2ap-dgx025:2308309:2324415 [0] NCCL INFO Channel 15/16 :  0  2  3  5  4  6 14 13 12 11 10  9  8 15  7  1
[1,0]<stdout>:a2ap-dgx025:2308309:2324415 [0] NCCL INFO Trees [0] 2/-1/-1->0->1 [1] 2/9/-1->0->-1 [2] -1/-1/-1->0->1 [3] 2/-1/-1->0->1 [4] 2/-1/-1->0->1 [5] 2/-1/-1->0->1 [6] 2/-1/-1->0->1 [7] 2/-1/-1->0->1 [8] 2/-1/-1->0->1 [9] 2/-1/-1->0->9 [10] -1/-1/-1->0->1 [11] 2/-1/-1->0->1 [12] 2/-1/-1->0->1 [13] 2/-1/-1->0->1 [14] 2/-1/-1->0->1 [15] 2/-1/-1->0->1
[1,0]<stdout>:a2ap-dgx025:2308309:2324415 [0] NCCL INFO P2P Chunksize set to 131072
[1,0]<stdout>:a2ap-dgx025:2308310:2324478 [1] NCCL INFO [Proxy Service UDS] Device 1 CPU core 14
[1,0]<stdout>:a2ap-dgx025:2308314:2324467 [5] NCCL INFO [Proxy Service] Device 5 CPU core 104
[1,0]<stdout>:a2ap-dgx025:2308309:2324415 [0] NCCL INFO Check P2P Type isAllDirectP2p 1 directMode 0
[1,0]<stdout>:a2ap-dgx025:2308314:2324470 [5] NCCL INFO [Proxy Service UDS] Device 5 CPU core 217
[1,0]<stdout>:a2ap-dgx025:2308313:2324468 [4] NCCL INFO [Proxy Service] Device 4 CPU core 86
[1,0]<stdout>:a2ap-dgx025:2308312:2324473 [3] NCCL INFO [Proxy Service] Device 3 CPU core 10
[1,0]<stdout>:a2ap-dgx025:2308309:2324479 [0] NCCL INFO [Proxy Service] Device 0 CPU core 127
[1,0]<stdout>:a2ap-dgx025:2308311:2324472 [2] NCCL INFO [Proxy Service UDS] Device 2 CPU core 121
[1,0]<stdout>:a2ap-dgx025:2308310:2324476 [1] NCCL INFO [Proxy Service] Device 1 CPU core 125
[1,0]<stdout>:a2ap-dgx025:2308312:2324477 [3] NCCL INFO [Proxy Service UDS] Device 3 CPU core 125
[1,0]<stdout>:a2ap-dgx025:2308309:2324480 [0] NCCL INFO [Proxy Service UDS] Device 0 CPU core 128
[1,0]<stdout>:a2ap-dgx025:2308315:2324420 [6] NCCL INFO Channel 01/0 : 6[6] -> 7[7] via P2P/IPC
[1,0]<stdout>:a2ap-dgx025:2308313:2324417 [4] NCCL INFO Channel 00/0 : 4[5] -> 5[4] via P2P/IPC
[1,0]<stdout>:a2ap-dgx025:2308311:2324418 [2] NCCL INFO Channel 01/0 : 2[2] -> 3[3] via P2P/IPC
[1,0]<stdout>:a2ap-dgx025:2308309:2324415 [0] NCCL INFO Channel 02/0 : 0[1] -> 1[0] via P2P/IPC
[1,0]<stdout>:a2ap-dgx025:2308315:2324420 [6] NCCL INFO Channel 03/0 : 6[6] -> 7[7] via P2P/IPC
[1,0]<stdout>:a2ap-dgx025:2308313:2324417 [4] NCCL INFO Channel 02/0 : 4[5] -> 5[4] via P2P/IPC
[1,0]<stdout>:a2ap-dgx025:2308315:2324420 [6] NCCL INFO Channel 05/0 : 6[6] -> 7[7] via P2P/IPC
[1,0]<stdout>:a2ap-dgx025:2308313:2324417 [4] NCCL INFO Channel 06/0 : 4[5] -> 5[4] via P2P/IPC
[1,0]<stdout>:a2ap-dgx025:2308309:2324415 [0] NCCL INFO Channel 04/0 : 0[1] -> 1[0] via P2P/IPC
[1,0]<stdout>:a2ap-dgx025:2308315:2324420 [6] NCCL INFO Channel 09/0 : 6[6] -> 7[7] via P2P/IPC
[1,0]<stdout>:a2ap-dgx025:2308309:2324415 [0] NCCL INFO Channel 06/0 : 0[1] -> 1[0] via P2P/IPC
[1,0]<stdout>:a2ap-dgx025:2308315:2324420 [6] NCCL INFO Channel 11/0 : 6[6] -> 7[7] via P2P/IPC
[1,0]<stdout>:a2ap-dgx025:2308309:2324415 [0] NCCL INFO Channel 10/0 : 0[1] -> 1[0] via P2P/IPC
[1,0]<stdout>:a2ap-dgx025:2308315:2324420 [6] NCCL INFO Channel 13/0 : 6[6] -> 7[7] via P2P/IPC
[1,0]<stdout>:a2ap-dgx025:2308309:2324415 [0] NCCL INFO Channel 12/0 : 0[1] -> 1[0] via P2P/IPC
[1,0]<stdout>:a2ap-dgx025:2308309:2324415 [0] NCCL INFO Channel 14/0 : 0[1] -> 1[0] via P2P/IPC
[1,0]<stdout>:a2ap-dgx025:2308311:2324418 [2] NCCL INFO Channel 05/0 : 2[2] -> 3[3] via P2P/IPC
[1,0]<stdout>:a2ap-dgx025:2308313:2324417 [4] NCCL INFO Channel 08/0 : 4[5] -> 5[4] via P2P/IPC
[1,0]<stdout>:a2ap-dgx025:2308311:2324418 [2] NCCL INFO Channel 07/0 : 2[2] -> 3[3] via P2P/IPC
[1,0]<stdout>:a2ap-dgx025:2308313:2324417 [4] NCCL INFO Channel 10/0 : 4[5] -> 5[4] via P2P/IPC
[1,0]<stdout>:a2ap-dgx025:2308311:2324418 [2] NCCL INFO Channel 09/0 : 2[2] -> 3[3] via P2P/IPC
[1,0]<stdout>:a2ap-dgx025:2308313:2324417 [4] NCCL INFO Channel 14/0 : 4[5] -> 5[4] via P2P/IPC
[1,0]<stdout>:a2ap-dgx025:2308311:2324418 [2] NCCL INFO Channel 13/0 : 2[2] -> 3[3] via P2P/IPC
[1,0]<stdout>:a2ap-dgx025:2308313:2324417 [4] NCCL INFO Channel 01/0 : 4[5] -> 6[6] via P2P/IPC
[1,0]<stdout>:a2ap-dgx025:2308311:2324418 [2] NCCL INFO Channel 15/0 : 2[2] -> 3[3] via P2P/IPC
[1,0]<stdout>:a2ap-dgx025:2308313:2324417 [4] NCCL INFO Channel 03/0 : 4[5] -> 6[6] via P2P/IPC
[1,0]<stdout>:a2ap-dgx025:2308310:2324422 [1] NCCL INFO Channel 00/0 : 1[0] -> 7[7] via P2P/IPC
[1,0]<stdout>:a2ap-dgx025:2308309:2324415 [0] NCCL INFO Channel 01/0 : 0[1] -> 2[2] via P2P/IPC
[1,0]<stdout>:a2ap-dgx025:2308312:2324419 [3] NCCL INFO Channel 01/0 : 3[3] -> 5[4] via P2P/IPC
[1,0]<stdout>:a2ap-dgx025:2308310:2324422 [1] NCCL INFO Channel 02/0 : 1[0] -> 7[7] via P2P/IPC
[1,0]<stdout>:a2ap-dgx025:2308313:2324417 [4] NCCL INFO Channel 05/0 : 4[5] -> 6[6] via P2P/IPC
[1,0]<stdout>:a2ap-dgx025:2308309:2324415 [0] NCCL INFO Channel 03/0 : 0[1] -> 2[2] via P2P/IPC
[1,0]<stdout>:a2ap-dgx025:2308312:2324419 [3] NCCL INFO Channel 03/0 : 3[3] -> 5[4] via P2P/IPC
[1,0]<stdout>:a2ap-dgx025:2308310:2324422 [1] NCCL INFO Channel 04/0 : 1[0] -> 7[7] via P2P/IPC
[1,0]<stdout>:a2ap-dgx025:2308313:2324417 [4] NCCL INFO Channel 07/0 : 4[5] -> 6[6] via P2P/IPC
[1,0]<stdout>:a2ap-dgx025:2308309:2324415 [0] NCCL INFO Channel 05/0 : 0[1] -> 2[2] via P2P/IPC
[1,0]<stdout>:a2ap-dgx025:2308312:2324419 [3] NCCL INFO Channel 05/0 : 3[3] -> 5[4] via P2P/IPC
[1,0]<stdout>:a2ap-dgx025:2308309:2324415 [0] NCCL INFO Channel 07/0 : 0[1] -> 2[2] via P2P/IPC
[1,0]<stdout>:a2ap-dgx025:2308310:2324422 [1] NCCL INFO Channel 06/0 : 1[0] -> 7[7] via P2P/IPC
[1,0]<stdout>:a2ap-dgx025:2308312:2324419 [3] NCCL INFO Channel 07/0 : 3[3] -> 5[4] via P2P/IPC
[1,0]<stdout>:a2ap-dgx025:2308309:2324415 [0] NCCL INFO Channel 09/0 : 0[1] -> 2[2] via P2P/IPC
[1,0]<stdout>:a2ap-dgx025:2308313:2324417 [4] NCCL INFO Channel 09/0 : 4[5] -> 6[6] via P2P/IPC
[1,0]<stdout>:a2ap-dgx025:2308313:2324417 [4] NCCL INFO Channel 11/0 : 4[5] -> 6[6] via P2P/IPC
[1,0]<stdout>:a2ap-dgx025:2308313:2324417 [4] NCCL INFO Channel 13/0 : 4[5] -> 6[6] via P2P/IPC
[1,0]<stdout>:a2ap-dgx025:2308313:2324417 [4] NCCL INFO Channel 15/0 : 4[5] -> 6[6] via P2P/IPC
[1,0]<stdout>:a2ap-dgx025:2308310:2324422 [1] NCCL INFO Channel 08/0 : 1[0] -> 7[7] via P2P/IPC
[1,0]<stdout>:a2ap-dgx025:2308312:2324419 [3] NCCL INFO Channel 09/0 : 3[3] -> 5[4] via P2P/IPC
[1,0]<stdout>:a2ap-dgx025:2308309:2324415 [0] NCCL INFO Channel 11/0 : 0[1] -> 2[2] via P2P/IPC
[1,0]<stdout>:a2ap-dgx025:2308312:2324419 [3] NCCL INFO Channel 11/0 : 3[3] -> 5[4] via P2P/IPC
[1,0]<stdout>:a2ap-dgx025:2308310:2324422 [1] NCCL INFO Channel 10/0 : 1[0] -> 7[7] via P2P/IPC
[1,0]<stdout>:a2ap-dgx025:2308309:2324415 [0] NCCL INFO Channel 13/0 : 0[1] -> 2[2] via P2P/IPC
[1,0]<stdout>:a2ap-dgx025:2308309:2324415 [0] NCCL INFO Channel 15/0 : 0[1] -> 2[2] via P2P/IPC
[1,0]<stdout>:a2ap-dgx025:2308310:2324422 [1] NCCL INFO Channel 12/0 : 1[0] -> 7[7] via P2P/IPC
[1,0]<stdout>:a2ap-dgx025:2308312:2324419 [3] NCCL INFO Channel 13/0 : 3[3] -> 5[4] via P2P/IPC
[1,0]<stdout>:a2ap-dgx025:2308312:2324419 [3] NCCL INFO Channel 15/0 : 3[3] -> 5[4] via P2P/IPC
[1,0]<stdout>:a2ap-dgx025:2308310:2324422 [1] NCCL INFO Channel 14/0 : 1[0] -> 7[7] via P2P/IPC
[1,0]<stdout>:a2ap-dgx025:2308315:2324483 [6] NCCL INFO [Proxy Progress] Device 6 CPU core 179
[1,0]<stdout>:a2ap-dgx025:2308313:2324417 [4] NCCL INFO Channel 05/0 : 13[5] -> 4[5] [receive] via NET/IB/9/GDRDMA
[1,0]<stdout>:a2ap-dgx025:2308313:2324484 [4] NCCL INFO [Proxy Progress] Device 4 CPU core 200
[1,0]<stdout>:a2ap-dgx025:2308313:2324417 [4] NCCL INFO Channel 13/0 : 13[5] -> 4[5] [receive] via NET/IB/9/GDRDMA
[1,0]<stdout>:a2ap-dgx025:2308313:2324417 [4] NCCL INFO Channel 04/0 : 4[5] -> 13[5] [send] via NET/IB/9/GDRDMA
[1,0]<stdout>:a2ap-dgx025:2308313:2324417 [4] NCCL INFO Channel 12/0 : 4[5] -> 13[5] [send] via NET/IB/9/GDRDMA
[1,0]<stdout>:a2ap-dgx025:2308315:2324420 [6] NCCL INFO Channel 06/0 : 14[6] -> 6[6] [receive] via NET/IB/10/GDRDMA
[1,0]<stdout>:a2ap-dgx025:2308315:2324420 [6] NCCL INFO Channel 14/0 : 14[6] -> 6[6] [receive] via NET/IB/10/GDRDMA
[1,0]<stdout>:a2ap-dgx025:2308309:2324415 [0] NCCL INFO Channel 01/0 : 9[1] -> 0[1] [receive] via NET/IB/3/GDRDMA
[1,0]<stdout>:a2ap-dgx025:2308315:2324420 [6] NCCL INFO Channel 07/0 : 6[6] -> 14[6] [send] via NET/IB/10/GDRDMA
[1,0]<stdout>:a2ap-dgx025:2308309:2324485 [0] NCCL INFO [Proxy Progress] Device 0 CPU core 17
[1,0]<stdout>:a2ap-dgx025:2308315:2324420 [6] NCCL INFO Channel 15/0 : 6[6] -> 14[6] [send] via NET/IB/10/GDRDMA
[1,0]<stdout>:a2ap-dgx025:2308311:2324418 [2] NCCL INFO Channel 02/0 : 10[2] -> 2[2] [receive] via NET/IB/4/GDRDMA
[1,0]<stdout>:a2ap-dgx025:2308311:2324418 [2] NCCL INFO Channel 10/0 : 10[2] -> 2[2] [receive] via NET/IB/4/GDRDMA
[1,0]<stdout>:a2ap-dgx025:2308311:2324418 [2] NCCL INFO Channel 03/0 : 2[2] -> 10[2] [send] via NET/IB/4/GDRDMA
[1,0]<stdout>:a2ap-dgx025:2308311:2324486 [2] NCCL INFO [Proxy Progress] Device 2 CPU core 123
[1,0]<stdout>:a2ap-dgx025:2308309:2324415 [0] NCCL INFO Channel 09/0 : 9[1] -> 0[1] [receive] via NET/IB/3/GDRDMA
[1,0]<stdout>:a2ap-dgx025:2308311:2324418 [2] NCCL INFO Channel 11/0 : 2[2] -> 10[2] [send] via NET/IB/4/GDRDMA
[1,0]<stdout>:a2ap-dgx025:2308315:2324420 [6] NCCL INFO Channel 00/0 : 6[6] -> 4[5] via P2P/IPC
[1,0]<stdout>:a2ap-dgx025:2308311:2324418 [2] NCCL INFO Channel 00/0 : 2[2] -> 0[1] via P2P/IPC
[1,0]<stdout>:a2ap-dgx025:2308309:2324415 [0] NCCL INFO Channel 00/0 : 0[1] -> 9[1] [send] via NET/IB/3/GDRDMA
[1,0]<stdout>:a2ap-dgx025:2308309:2324415 [0] NCCL INFO Channel 08/0 : 0[1] -> 9[1] [send] via NET/IB/3/GDRDMA
[1,0]<stdout>:a2ap-dgx025:2308315:2324420 [6] NCCL INFO Channel 02/0 : 6[6] -> 4[5] via P2P/IPC
[1,0]<stdout>:a2ap-dgx025:2308311:2324418 [2] NCCL INFO Channel 02/0 : 2[2] -> 0[1] via P2P/IPC
[1,0]<stdout>:a2ap-dgx025:2308315:2324420 [6] NCCL INFO Channel 04/0 : 6[6] -> 4[5] via P2P/IPC
[1,0]<stdout>:a2ap-dgx025:2308311:2324418 [2] NCCL INFO Channel 04/0 : 2[2] -> 0[1] via P2P/IPC
[1,0]<stdout>:a2ap-dgx025:2308311:2324418 [2] NCCL INFO Channel 06/0 : 2[2] -> 0[1] via P2P/IPC
[1,0]<stdout>:a2ap-dgx025:2308314:2324487 [5] NCCL INFO [Proxy Progress] Device 5 CPU core 218
[1,0]<stdout>:a2ap-dgx025:2308314:2324421 [5] NCCL INFO Channel 05/0 : 5[4] -> 12[4] [send] via NET/IB/6/GDRDMA
[1,0]<stdout>:a2ap-dgx025:2308314:2324421 [5] NCCL INFO Channel 13/0 : 5[4] -> 12[4] [send] via NET/IB/6/GDRDMA
[1,0]<stdout>:a2ap-dgx025:2308314:2324421 [5] NCCL INFO Channel 04/0 : 12[4] -> 5[4] [receive] via NET/IB/6/GDRDMA
[1,0]<stdout>:a2ap-dgx025:2308314:2324421 [5] NCCL INFO Channel 12/0 : 12[4] -> 5[4] [receive] via NET/IB/6/GDRDMA
[1,0]<stdout>:a2ap-dgx025:2308314:2324421 [5] NCCL INFO Channel 00/0 : 5[4] -> 3[3] via P2P/IPC
[1,0]<stdout>:a2ap-dgx025:2308312:2324488 [3] NCCL INFO [Proxy Progress] Device 3 CPU core 130
[1,0]<stdout>:a2ap-dgx025:2308312:2324419 [3] NCCL INFO Channel 03/0 : 11[3] -> 3[3] [receive] via NET/IB/5/GDRDMA
[1,0]<stdout>:a2ap-dgx025:2308312:2324419 [3] NCCL INFO Channel 11/0 : 11[3] -> 3[3] [receive] via NET/IB/5/GDRDMA
[1,0]<stdout>:a2ap-dgx025:2308312:2324419 [3] NCCL INFO Channel 02/0 : 3[3] -> 11[3] [send] via NET/IB/5/GDRDMA
[1,0]<stdout>:a2ap-dgx025:2308312:2324419 [3] NCCL INFO Channel 10/0 : 3[3] -> 11[3] [send] via NET/IB/5/GDRDMA
[1,0]<stdout>:a2ap-dgx025:2308315:2324420 [6] NCCL INFO Channel 06/0 : 6[6] -> 4[5] via P2P/IPC
[1,0]<stdout>:a2ap-dgx025:2308314:2324421 [5] NCCL INFO Channel 02/0 : 5[4] -> 3[3] via P2P/IPC
[1,0]<stdout>:a2ap-dgx025:2308315:2324420 [6] NCCL INFO Channel 08/0 : 6[6] -> 4[5] via P2P/IPC
[1,0]<stdout>:a2ap-dgx025:2308311:2324418 [2] NCCL INFO Channel 08/0 : 2[2] -> 0[1] via P2P/IPC
[1,0]<stdout>:a2ap-dgx025:2308316:2324489 [7] NCCL INFO [Proxy Progress] Device 7 CPU core 69
[1,0]<stdout>:a2ap-dgx025:2308316:2324416 [7] NCCL INFO Channel 07/0 : 15[7] -> 7[7] [receive] via NET/IB/11/GDRDMA
[1,0]<stdout>:a2ap-dgx025:2308316:2324416 [7] NCCL INFO Channel 15/0 : 15[7] -> 7[7] [receive] via NET/IB/11/GDRDMA
[1,0]<stdout>:a2ap-dgx025:2308316:2324416 [7] NCCL INFO Channel 06/0 : 7[7] -> 15[7] [send] via NET/IB/11/GDRDMA
[1,0]<stdout>:a2ap-dgx025:2308311:2324418 [2] NCCL INFO Channel 10/0 : 2[2] -> 0[1] via P2P/IPC
[1,0]<stdout>:a2ap-dgx025:2308316:2324416 [7] NCCL INFO Channel 14/0 : 7[7] -> 15[7] [send] via NET/IB/11/GDRDMA
[1,0]<stdout>:a2ap-dgx025:2308314:2324421 [5] NCCL INFO Channel 04/0 : 5[4] -> 3[3] via P2P/IPC
[1,0]<stdout>:a2ap-dgx025:2308310:2324490 [1] NCCL INFO [Proxy Progress] Device 1 CPU core 132
[1,0]<stdout>:a2ap-dgx025:2308310:2324422 [1] NCCL INFO Channel 01/0 : 1[0] -> 8[0] [send] via NET/IB/0/GDRDMA
[1,0]<stdout>:a2ap-dgx025:2308310:2324422 [1] NCCL INFO Channel 09/0 : 1[0] -> 8[0] [send] via NET/IB/0/GDRDMA
[1,0]<stdout>:a2ap-dgx025:2308310:2324422 [1] NCCL INFO Channel 00/0 : 8[0] -> 1[0] [receive] via NET/IB/0/GDRDMA
