[1,0]<stdout>:a2ap-dgx025:2308315:2308315 [6] NCCL INFO Connected all rings, use ring PXN 0 GDR 1
[1,0]<stdout>:a2ap-dgx025:2308313:2308313 [4] NCCL INFO Connected all rings, use ring PXN 0 GDR 1
[1,0]<stdout>:a2ap-dgx025:2308314:2308314 [5] NCCL INFO Connected all rings, use ring PXN 0 GDR 1
[1,0]<stdout>:a2ap-dgx025:2308315:2308315 [6] NCCL INFO Channel 00/0 : 6[6] -> 7[7] via P2P/IPC
[1,0]<stdout>:a2ap-dgx025:2308313:2308313 [4] NCCL INFO Channel 01/0 : 4[5] -> 5[4] via P2P/IPC
[1,0]<stdout>:a2ap-dgx025:2308312:2308312 [3] NCCL INFO Connected all rings, use ring PXN 0 GDR 1
[1,0]<stdout>:a2ap-dgx025:2308311:2308311 [2] NCCL INFO Connected all rings, use ring PXN 0 GDR 1
[1,0]<stdout>:a2ap-dgx025:2308311:2308311 [2] NCCL INFO Channel 00/0 : 2[2] -> 3[3] via P2P/IPC
[1,0]<stdout>:a2ap-dgx025:2308309:2308309 [0] NCCL INFO Connected all rings, use ring PXN 0 GDR 1
[1,0]<stdout>:a2ap-dgx025:2308310:2308310 [1] NCCL INFO Connected all rings, use ring PXN 0 GDR 1
[1,0]<stdout>:a2ap-dgx025:2308309:2308309 [0] NCCL INFO Channel 00/0 : 0[1] -> 1[0] via P2P/IPC
[1,0]<stdout>:a2ap-dgx025:2308313:2308313 [4] NCCL INFO Channel 03/0 : 4[5] -> 5[4] via P2P/IPC
[1,0]<stdout>:a2ap-dgx025:2308311:2308311 [2] NCCL INFO Channel 02/0 : 2[2] -> 3[3] via P2P/IPC
[1,0]<stdout>:a2ap-dgx025:2308313:2308313 [4] NCCL INFO Channel 04/0 : 4[5] -> 5[4] via P2P/IPC
[1,0]<stdout>:a2ap-dgx025:2308311:2308311 [2] NCCL INFO Channel 04/0 : 2[2] -> 3[3] via P2P/IPC
[1,0]<stdout>:a2ap-dgx025:2308313:2308313 [4] NCCL INFO Channel 07/0 : 4[5] -> 5[4] via P2P/IPC
[1,0]<stdout>:a2ap-dgx025:2308311:2308311 [2] NCCL INFO Channel 06/0 : 2[2] -> 3[3] via P2P/IPC
[1,0]<stdout>:a2ap-dgx025:2308313:2308313 [4] NCCL INFO Channel 09/0 : 4[5] -> 5[4] via P2P/IPC
[1,0]<stdout>:a2ap-dgx025:2308311:2308311 [2] NCCL INFO Channel 08/0 : 2[2] -> 3[3] via P2P/IPC
[1,0]<stdout>:a2ap-dgx025:2308313:2308313 [4] NCCL INFO Channel 11/0 : 4[5] -> 5[4] via P2P/IPC
[1,0]<stdout>:a2ap-dgx025:2308311:2308311 [2] NCCL INFO Channel 10/0 : 2[2] -> 3[3] via P2P/IPC
[1,0]<stdout>:a2ap-dgx025:2308313:2308313 [4] NCCL INFO Channel 12/0 : 4[5] -> 5[4] via P2P/IPC
[1,0]<stdout>:a2ap-dgx025:2308311:2308311 [2] NCCL INFO Channel 12/0 : 2[2] -> 3[3] via P2P/IPC
[1,0]<stdout>:a2ap-dgx025:2308313:2308313 [4] NCCL INFO Channel 15/0 : 4[5] -> 5[4] via P2P/IPC
[1,0]<stdout>:a2ap-dgx025:2308311:2308311 [2] NCCL INFO Channel 14/0 : 2[2] -> 3[3] via P2P/IPC
[1,0]<stdout>:a2ap-dgx025:2308315:2308315 [6] NCCL INFO Channel 02/0 : 6[6] -> 7[7] via P2P/IPC
[1,0]<stdout>:a2ap-dgx025:2308312:2308312 [3] NCCL INFO Channel 00/0 : 3[3] -> 5[4] via P2P/IPC
[1,0]<stdout>:a2ap-dgx025:2308313:2308313 [4] NCCL INFO Channel 00/0 : 4[5] -> 6[6] via P2P/IPC
[1,0]<stdout>:a2ap-dgx025:2308315:2308315 [6] NCCL INFO Channel 04/0 : 6[6] -> 7[7] via P2P/IPC
[1,0]<stdout>:a2ap-dgx025:2308309:2308309 [0] NCCL INFO Channel 03/0 : 0[1] -> 1[0] via P2P/IPC
[1,0]<stdout>:a2ap-dgx025:2308312:2308312 [3] NCCL INFO Channel 02/0 : 3[3] -> 5[4] via P2P/IPC
[1,0]<stdout>:a2ap-dgx025:2308315:2308315 [6] NCCL INFO Channel 06/0 : 6[6] -> 7[7] via P2P/IPC
[1,0]<stdout>:a2ap-dgx025:2308309:2308309 [0] NCCL INFO Channel 05/0 : 0[1] -> 1[0] via P2P/IPC
[1,0]<stdout>:a2ap-dgx025:2308312:2308312 [3] NCCL INFO Channel 06/0 : 3[3] -> 5[4] via P2P/IPC
[1,0]<stdout>:a2ap-dgx025:2308313:2308313 [4] NCCL INFO Channel 02/0 : 4[5] -> 6[6] via P2P/IPC
[1,0]<stdout>:a2ap-dgx025:2308309:2308309 [0] NCCL INFO Channel 07/0 : 0[1] -> 1[0] via P2P/IPC
[1,0]<stdout>:a2ap-dgx025:2308315:2308315 [6] NCCL INFO Channel 08/0 : 6[6] -> 7[7] via P2P/IPC
[1,0]<stdout>:a2ap-dgx025:2308312:2308312 [3] NCCL INFO Channel 08/0 : 3[3] -> 5[4] via P2P/IPC
[1,0]<stdout>:a2ap-dgx025:2308313:2308313 [4] NCCL INFO Channel 04/0 : 4[5] -> 6[6] via P2P/IPC
[1,0]<stdout>:a2ap-dgx025:2308309:2308309 [0] NCCL INFO Channel 08/0 : 0[1] -> 1[0] via P2P/IPC
[1,0]<stdout>:a2ap-dgx025:2308315:2308315 [6] NCCL INFO Channel 10/0 : 6[6] -> 7[7] via P2P/IPC
[1,0]<stdout>:a2ap-dgx025:2308312:2308312 [3] NCCL INFO Channel 10/0 : 3[3] -> 5[4] via P2P/IPC
[1,0]<stdout>:a2ap-dgx025:2308313:2308313 [4] NCCL INFO Channel 08/0 : 4[5] -> 6[6] via P2P/IPC
[1,0]<stdout>:a2ap-dgx025:2308309:2308309 [0] NCCL INFO Channel 11/0 : 0[1] -> 1[0] via P2P/IPC
[1,0]<stdout>:a2ap-dgx025:2308315:2308315 [6] NCCL INFO Channel 12/0 : 6[6] -> 7[7] via P2P/IPC
[1,0]<stdout>:a2ap-dgx025:2308312:2308312 [3] NCCL INFO Channel 14/0 : 3[3] -> 5[4] via P2P/IPC
[1,0]<stdout>:a2ap-dgx025:2308313:2308313 [4] NCCL INFO Channel 10/0 : 4[5] -> 6[6] via P2P/IPC
[1,0]<stdout>:a2ap-dgx025:2308309:2308309 [0] NCCL INFO Channel 13/0 : 0[1] -> 1[0] via P2P/IPC
[1,0]<stdout>:a2ap-dgx025:2308315:2308315 [6] NCCL INFO Channel 14/0 : 6[6] -> 7[7] via P2P/IPC
[1,0]<stdout>:a2ap-dgx025:2308313:2308313 [4] NCCL INFO Channel 12/0 : 4[5] -> 6[6] via P2P/IPC
[1,0]<stdout>:a2ap-dgx025:2308309:2308309 [0] NCCL INFO Channel 15/0 : 0[1] -> 1[0] via P2P/IPC
[1,0]<stdout>:a2ap-dgx025:2308310:2308310 [1] NCCL INFO Channel 01/0 : 1[0] -> 7[7] via P2P/IPC
[1,0]<stdout>:a2ap-dgx025:2308309:2308309 [0] NCCL INFO Channel 00/0 : 0[1] -> 2[2] via P2P/IPC
[1,0]<stdout>:a2ap-dgx025:2308310:2308310 [1] NCCL INFO Channel 03/0 : 1[0] -> 7[7] via P2P/IPC
[1,0]<stdout>:a2ap-dgx025:2308310:2308310 [1] NCCL INFO Channel 05/0 : 1[0] -> 7[7] via P2P/IPC
[1,0]<stdout>:a2ap-dgx025:2308310:2308310 [1] NCCL INFO Channel 07/0 : 1[0] -> 7[7] via P2P/IPC
[1,0]<stdout>:a2ap-dgx025:2308310:2308310 [1] NCCL INFO Channel 09/0 : 1[0] -> 7[7] via P2P/IPC
[1,0]<stdout>:a2ap-dgx025:2308310:2308310 [1] NCCL INFO Channel 11/0 : 1[0] -> 7[7] via P2P/IPC
[1,0]<stdout>:a2ap-dgx025:2308312:2308312 [3] NCCL INFO Channel 03/0 : 3[3] -> 11[3] [send] via NET/IB/5/GDRDMA
[1,0]<stdout>:a2ap-dgx025:2308314:2308314 [5] NCCL INFO Channel 04/0 : 5[4] -> 12[4] [send] via NET/IB/6/GDRDMA
[1,0]<stdout>:a2ap-dgx025:2308312:2308312 [3] NCCL INFO Channel 11/0 : 3[3] -> 11[3] [send] via NET/IB/5/GDRDMA
[1,0]<stdout>:a2ap-dgx025:2308314:2308314 [5] NCCL INFO Channel 12/0 : 5[4] -> 12[4] [send] via NET/IB/6/GDRDMA
[1,0]<stdout>:a2ap-dgx025:2308315:2308315 [6] NCCL INFO Channel 06/0 : 6[6] -> 14[6] [send] via NET/IB/10/GDRDMA
[1,0]<stdout>:a2ap-dgx025:2308313:2308313 [4] NCCL INFO Channel 05/0 : 4[5] -> 13[5] [send] via NET/IB/9/GDRDMA
[1,0]<stdout>:a2ap-dgx025:2308310:2308310 [1] NCCL INFO Channel 13/0 : 1[0] -> 7[7] via P2P/IPC
[1,0]<stdout>:a2ap-dgx025:2308315:2308315 [6] NCCL INFO Channel 14/0 : 6[6] -> 14[6] [send] via NET/IB/10/GDRDMA
[1,0]<stdout>:a2ap-dgx025:2308313:2308313 [4] NCCL INFO Channel 13/0 : 4[5] -> 13[5] [send] via NET/IB/9/GDRDMA
[1,0]<stdout>:a2ap-dgx025:2308314:2308314 [5] NCCL INFO Channel 01/0 : 5[4] -> 3[3] via P2P/IPC
[1,0]<stdout>:a2ap-dgx025:2308309:2308309 [0] NCCL INFO Channel 04/0 : 0[1] -> 2[2] via P2P/IPC
[1,0]<stdout>:a2ap-dgx025:2308315:2308315 [6] NCCL INFO Channel 01/0 : 6[6] -> 4[5] via P2P/IPC
[1,0]<stdout>:a2ap-dgx025:2308309:2308309 [0] NCCL INFO Channel 06/0 : 0[1] -> 2[2] via P2P/IPC
[1,0]<stdout>:a2ap-dgx025:2308315:2308315 [6] NCCL INFO Channel 03/0 : 6[6] -> 4[5] via P2P/IPC
[1,0]<stdout>:a2ap-dgx025:2308310:2308310 [1] NCCL INFO Channel 15/0 : 1[0] -> 7[7] via P2P/IPC
[1,0]<stdout>:a2ap-dgx025:2308309:2308309 [0] NCCL INFO Channel 08/0 : 0[1] -> 2[2] via P2P/IPC
[1,0]<stdout>:a2ap-dgx025:2308315:2308315 [6] NCCL INFO Channel 05/0 : 6[6] -> 4[5] via P2P/IPC
[1,0]<stdout>:a2ap-dgx025:2308310:2308310 [1] NCCL INFO Channel 00/0 : 1[0] -> 8[0] [send] via NET/IB/0/GDRDMA
[1,0]<stdout>:a2ap-dgx025:2308316:2308316 [7] NCCL INFO Channel 07/0 : 7[7] -> 15[7] [send] via NET/IB/11/GDRDMA
[1,0]<stdout>:a2ap-dgx025:2308310:2308310 [1] NCCL INFO Channel 08/0 : 1[0] -> 8[0] [send] via NET/IB/0/GDRDMA
[1,0]<stdout>:a2ap-dgx025:2308316:2308316 [7] NCCL INFO Channel 15/0 : 7[7] -> 15[7] [send] via NET/IB/11/GDRDMA
[1,0]<stdout>:a2ap-dgx025:2308316:2308316 [7] NCCL INFO Channel 02/0 : 7[7] -> 1[0] via P2P/IPC
[1,0]<stdout>:a2ap-dgx025:2308309:2308309 [0] NCCL INFO Channel 12/0 : 0[1] -> 2[2] via P2P/IPC
[1,0]<stdout>:a2ap-dgx025:2308315:2308315 [6] NCCL INFO Channel 07/0 : 6[6] -> 4[5] via P2P/IPC
[1,0]<stdout>:a2ap-dgx025:2308316:2308316 [7] NCCL INFO Channel 04/0 : 7[7] -> 1[0] via P2P/IPC
[1,0]<stdout>:a2ap-dgx025:2308315:2308315 [6] NCCL INFO Channel 09/0 : 6[6] -> 4[5] via P2P/IPC
[1,0]<stdout>:a2ap-dgx025:2308316:2308316 [7] NCCL INFO Channel 06/0 : 7[7] -> 1[0] via P2P/IPC
[1,0]<stdout>:a2ap-dgx025:2308315:2308315 [6] NCCL INFO Channel 11/0 : 6[6] -> 4[5] via P2P/IPC
[1,0]<stdout>:a2ap-dgx025:2308314:2308314 [5] NCCL INFO Channel 03/0 : 5[4] -> 3[3] via P2P/IPC
[1,0]<stdout>:a2ap-dgx025:2308316:2308316 [7] NCCL INFO Channel 10/0 : 7[7] -> 1[0] via P2P/IPC
[1,0]<stdout>:a2ap-dgx025:2308315:2308315 [6] NCCL INFO Channel 13/0 : 6[6] -> 4[5] via P2P/IPC
[1,0]<stdout>:a2ap-dgx025:2308314:2308314 [5] NCCL INFO Channel 05/0 : 5[4] -> 3[3] via P2P/IPC
[1,0]<stdout>:a2ap-dgx025:2308309:2308309 [0] NCCL INFO Channel 14/0 : 0[1] -> 2[2] via P2P/IPC
[1,0]<stdout>:a2ap-dgx025:2308316:2308316 [7] NCCL INFO Channel 12/0 : 7[7] -> 1[0] via P2P/IPC
[1,0]<stdout>:a2ap-dgx025:2308315:2308315 [6] NCCL INFO Channel 15/0 : 6[6] -> 4[5] via P2P/IPC
[1,0]<stdout>:a2ap-dgx025:2308316:2308316 [7] NCCL INFO Channel 14/0 : 7[7] -> 1[0] via P2P/IPC
[1,0]<stdout>:a2ap-dgx025:2308310:2308310 [1] NCCL INFO Channel 00/0 : 1[0] -> 0[1] via P2P/IPC
[1,0]<stdout>:a2ap-dgx025:2308316:2308316 [7] NCCL INFO Channel 01/0 : 7[7] -> 6[6] via P2P/IPC
[1,0]<stdout>:a2ap-dgx025:2308314:2308314 [5] NCCL INFO Channel 07/0 : 5[4] -> 3[3] via P2P/IPC
[1,0]<stdout>:a2ap-dgx025:2308316:2308316 [7] NCCL INFO Channel 03/0 : 7[7] -> 6[6] via P2P/IPC
[1,0]<stdout>:a2ap-dgx025:2308314:2308314 [5] NCCL INFO Channel 09/0 : 5[4] -> 3[3] via P2P/IPC
[1,0]<stdout>:a2ap-dgx025:2308309:2308309 [0] NCCL INFO Channel 01/0 : 0[1] -> 9[1] [send] via NET/IB/3/GDRDMA
[1,0]<stdout>:a2ap-dgx025:2308311:2308311 [2] NCCL INFO Channel 02/0 : 2[2] -> 10[2] [send] via NET/IB/4/GDRDMA
[1,0]<stdout>:a2ap-dgx025:2308310:2308310 [1] NCCL INFO Channel 02/0 : 1[0] -> 0[1] via P2P/IPC
[1,0]<stdout>:a2ap-dgx025:2308311:2308311 [2] NCCL INFO Channel 10/0 : 2[2] -> 10[2] [send] via NET/IB/4/GDRDMA
[1,0]<stdout>:a2ap-dgx025:2308309:2308309 [0] NCCL INFO Channel 09/0 : 0[1] -> 9[1] [send] via NET/IB/3/GDRDMA
[1,0]<stdout>:a2ap-dgx025:2308316:2308316 [7] NCCL INFO Channel 05/0 : 7[7] -> 6[6] via P2P/IPC
[1,0]<stdout>:a2ap-dgx025:2308311:2308311 [2] NCCL INFO Channel 01/0 : 2[2] -> 0[1] via P2P/IPC
[1,0]<stdout>:a2ap-dgx025:2308314:2308314 [5] NCCL INFO Channel 11/0 : 5[4] -> 3[3] via P2P/IPC
[1,0]<stdout>:a2ap-dgx025:2308310:2308310 [1] NCCL INFO Channel 04/0 : 1[0] -> 0[1] via P2P/IPC
[1,0]<stdout>:a2ap-dgx025:2308316:2308316 [7] NCCL INFO Channel 06/0 : 7[7] -> 6[6] via P2P/IPC
[1,0]<stdout>:a2ap-dgx025:2308311:2308311 [2] NCCL INFO Channel 03/0 : 2[2] -> 0[1] via P2P/IPC
[1,0]<stdout>:a2ap-dgx025:2308314:2308314 [5] NCCL INFO Channel 13/0 : 5[4] -> 3[3] via P2P/IPC
[1,0]<stdout>:a2ap-dgx025:2308310:2308310 [1] NCCL INFO Channel 06/0 : 1[0] -> 0[1] via P2P/IPC
[1,0]<stdout>:a2ap-dgx025:2308316:2308316 [7] NCCL INFO Channel 09/0 : 7[7] -> 6[6] via P2P/IPC
[1,0]<stdout>:a2ap-dgx025:2308314:2308314 [5] NCCL INFO Channel 15/0 : 5[4] -> 3[3] via P2P/IPC
[1,0]<stdout>:a2ap-dgx025:2308310:2308310 [1] NCCL INFO Channel 08/0 : 1[0] -> 0[1] via P2P/IPC
[1,0]<stdout>:a2ap-dgx025:2308316:2308316 [7] NCCL INFO Channel 11/0 : 7[7] -> 6[6] via P2P/IPC
[1,0]<stdout>:a2ap-dgx025:2308310:2308310 [1] NCCL INFO Channel 10/0 : 1[0] -> 0[1] via P2P/IPC
[1,0]<stdout>:a2ap-dgx025:2308314:2308314 [5] NCCL INFO Channel 00/0 : 5[4] -> 4[5] via P2P/IPC
[1,0]<stdout>:a2ap-dgx025:2308312:2308312 [3] NCCL INFO Channel 01/0 : 3[3] -> 2[2] via P2P/IPC
[1,0]<stdout>:a2ap-dgx025:2308316:2308316 [7] NCCL INFO Channel 13/0 : 7[7] -> 6[6] via P2P/IPC
[1,0]<stdout>:a2ap-dgx025:2308310:2308310 [1] NCCL INFO Channel 12/0 : 1[0] -> 0[1] via P2P/IPC
[1,0]<stdout>:a2ap-dgx025:2308314:2308314 [5] NCCL INFO Channel 02/0 : 5[4] -> 4[5] via P2P/IPC
[1,0]<stdout>:a2ap-dgx025:2308312:2308312 [3] NCCL INFO Channel 02/0 : 3[3] -> 2[2] via P2P/IPC
[1,0]<stdout>:a2ap-dgx025:2308316:2308316 [7] NCCL INFO Channel 14/0 : 7[7] -> 6[6] via P2P/IPC
[1,0]<stdout>:a2ap-dgx025:2308310:2308310 [1] NCCL INFO Channel 14/0 : 1[0] -> 0[1] via P2P/IPC
[1,0]<stdout>:a2ap-dgx025:2308314:2308314 [5] NCCL INFO Channel 04/0 : 5[4] -> 4[5] via P2P/IPC
[1,0]<stdout>:a2ap-dgx025:2308312:2308312 [3] NCCL INFO Channel 05/0 : 3[3] -> 2[2] via P2P/IPC
[1,0]<stdout>:a2ap-dgx025:2308312:2308312 [3] NCCL INFO Channel 07/0 : 3[3] -> 2[2] via P2P/IPC
[1,0]<stdout>:a2ap-dgx025:2308314:2308314 [5] NCCL INFO Channel 06/0 : 5[4] -> 4[5] via P2P/IPC
[1,0]<stdout>:a2ap-dgx025:2308312:2308312 [3] NCCL INFO Channel 09/0 : 3[3] -> 2[2] via P2P/IPC
[1,0]<stdout>:a2ap-dgx025:2308314:2308314 [5] NCCL INFO Channel 08/0 : 5[4] -> 4[5] via P2P/IPC
[1,0]<stdout>:a2ap-dgx025:2308312:2308312 [3] NCCL INFO Channel 10/0 : 3[3] -> 2[2] via P2P/IPC
[1,0]<stdout>:a2ap-dgx025:2308314:2308314 [5] NCCL INFO Channel 10/0 : 5[4] -> 4[5] via P2P/IPC
[1,0]<stdout>:a2ap-dgx025:2308312:2308312 [3] NCCL INFO Channel 13/0 : 3[3] -> 2[2] via P2P/IPC
[1,0]<stdout>:a2ap-dgx025:2308314:2308314 [5] NCCL INFO Channel 12/0 : 5[4] -> 4[5] via P2P/IPC
[1,0]<stdout>:a2ap-dgx025:2308312:2308312 [3] NCCL INFO Channel 15/0 : 3[3] -> 2[2] via P2P/IPC
[1,0]<stdout>:a2ap-dgx025:2308314:2308314 [5] NCCL INFO Channel 14/0 : 5[4] -> 4[5] via P2P/IPC
[1,0]<stdout>:a2ap-dgx025:2308311:2308311 [2] NCCL INFO Channel 05/0 : 2[2] -> 0[1] via P2P/IPC
[1,0]<stdout>:a2ap-dgx025:2308311:2308311 [2] NCCL INFO Channel 07/0 : 2[2] -> 0[1] via P2P/IPC
[1,0]<stdout>:a2ap-dgx025:2308311:2308311 [2] NCCL INFO Channel 09/0 : 2[2] -> 0[1] via P2P/IPC
[1,0]<stdout>:a2ap-dgx025:2308311:2308311 [2] NCCL INFO Channel 11/0 : 2[2] -> 0[1] via P2P/IPC
[1,0]<stdout>:a2ap-dgx025:2308311:2308311 [2] NCCL INFO Channel 13/0 : 2[2] -> 0[1] via P2P/IPC
[1,0]<stdout>:a2ap-dgx025:2308311:2308311 [2] NCCL INFO Channel 15/0 : 2[2] -> 0[1] via P2P/IPC
[1,0]<stdout>:a2ap-dgx025:2308314:2308314 [5] NCCL INFO Connected all trees
[1,0]<stdout>:a2ap-dgx025:2308313:2308313 [4] NCCL INFO Connected all trees
[1,0]<stdout>:a2ap-dgx025:2308316:2308316 [7] NCCL INFO Connected all trees
[1,0]<stdout>:a2ap-dgx025:2308315:2308315 [6] NCCL INFO Connected all trees
[1,0]<stdout>:a2ap-dgx025:2308310:2308310 [1] NCCL INFO Connected all trees
[1,0]<stdout>:a2ap-dgx025:2308311:2308311 [2] NCCL INFO Connected all trees
[1,0]<stdout>:a2ap-dgx025:2308312:2308312 [3] NCCL INFO Connected all trees
[1,0]<stdout>:a2ap-dgx025:2308309:2308309 [0] NCCL INFO Connected all trees
[1,0]<stdout>:a2ap-dgx025:2308314:2308314 [5] NCCL INFO threadThresholds 8/8/64 | 128/8/64 | 512 | 512
[1,0]<stdout>:a2ap-dgx025:2308314:2308314 [5] NCCL INFO 16 coll channels, 16 collnet channels, 0 nvls channels, 16 p2p channels, 2 p2p channels per peer
[1,0]<stdout>:a2ap-dgx025:2308313:2308313 [4] NCCL INFO threadThresholds 8/8/64 | 128/8/64 | 512 | 512
[1,0]<stdout>:a2ap-dgx025:2308313:2308313 [4] NCCL INFO 16 coll channels, 16 collnet channels, 0 nvls channels, 16 p2p channels, 2 p2p channels per peer
[1,0]<stdout>:a2ap-dgx025:2308312:2308312 [3] NCCL INFO threadThresholds 8/8/64 | 128/8/64 | 512 | 512
[1,0]<stdout>:a2ap-dgx025:2308312:2308312 [3] NCCL INFO 16 coll channels, 16 collnet channels, 0 nvls channels, 16 p2p channels, 2 p2p channels per peer
[1,0]<stdout>:a2ap-dgx025:2308315:2308315 [6] NCCL INFO threadThresholds 8/8/64 | 128/8/64 | 512 | 512
[1,0]<stdout>:a2ap-dgx025:2308315:2308315 [6] NCCL INFO 16 coll channels, 16 collnet channels, 0 nvls channels, 16 p2p channels, 2 p2p channels per peer
[1,0]<stdout>:a2ap-dgx025:2308309:2308309 [0] NCCL INFO threadThresholds 8/8/64 | 128/8/64 | 512 | 512
[1,0]<stdout>:a2ap-dgx025:2308309:2308309 [0] NCCL INFO 16 coll channels, 16 collnet channels, 0 nvls channels, 16 p2p channels, 2 p2p channels per peer
[1,0]<stdout>:a2ap-dgx025:2308309:2308309 [0] NCCL INFO CC Off, workFifoBytes 1048576
[1,0]<stdout>:a2ap-dgx025:2308311:2308311 [2] NCCL INFO threadThresholds 8/8/64 | 128/8/64 | 512 | 512
[1,0]<stdout>:a2ap-dgx025:2308311:2308311 [2] NCCL INFO 16 coll channels, 16 collnet channels, 0 nvls channels, 16 p2p channels, 2 p2p channels per peer
[1,0]<stdout>:a2ap-dgx025:2308310:2308310 [1] NCCL INFO threadThresholds 8/8/64 | 128/8/64 | 512 | 512
[1,0]<stdout>:a2ap-dgx025:2308310:2308310 [1] NCCL INFO 16 coll channels, 16 collnet channels, 0 nvls channels, 16 p2p channels, 2 p2p channels per peer
[1,0]<stdout>:a2ap-dgx025:2308316:2308316 [7] NCCL INFO threadThresholds 8/8/64 | 128/8/64 | 512 | 512
[1,0]<stdout>:a2ap-dgx025:2308316:2308316 [7] NCCL INFO 16 coll channels, 16 collnet channels, 0 nvls channels, 16 p2p channels, 2 p2p channels per peer
[1,0]<stdout>:a2ap-dgx025:2308313:2308313 [4] NCCL INFO TUNER/Plugin: Could not find: libnccl-tuner.so. Using internal tuner plugin.
[1,0]<stdout>:a2ap-dgx025:2308315:2308315 [6] NCCL INFO TUNER/Plugin: Could not find: libnccl-tuner.so. Using internal tuner plugin.
[1,0]<stdout>:a2ap-dgx025:2308316:2308316 [7] NCCL INFO TUNER/Plugin: Could not find: libnccl-tuner.so. Using internal tuner plugin.
[1,0]<stdout>:a2ap-dgx025:2308310:2308310 [1] NCCL INFO TUNER/Plugin: Could not find: libnccl-tuner.so. Using internal tuner plugin.
[1,0]<stdout>:a2ap-dgx025:2308314:2308314 [5] NCCL INFO TUNER/Plugin: Could not find: libnccl-tuner.so. Using internal tuner plugin.
[1,0]<stdout>:a2ap-dgx025:2308309:2308309 [0] NCCL INFO TUNER/Plugin: Could not find: libnccl-tuner.so. Using internal tuner plugin.
[1,0]<stdout>:a2ap-dgx025:2308312:2308312 [3] NCCL INFO TUNER/Plugin: Could not find: libnccl-tuner.so. Using internal tuner plugin.
[1,0]<stdout>:a2ap-dgx025:2308315:2308315 [6] NCCL INFO ncclCommInitRank comm 0x555562f34470 rank 6 nranks 16 cudaDev 6 nvmlDev 6 busId d1000 commId 0xda48c8ad2f48c155 - Init COMPLETE
[1,0]<stdout>:a2ap-dgx025:2308311:2308311 [2] NCCL INFO TUNER/Plugin: Could not find: libnccl-tuner.so. Using internal tuner plugin.
[1,0]<stdout>:a2ap-dgx025:2308310:2308310 [1] NCCL INFO ncclCommInitRank comm 0x555562e0dea0 rank 1 nranks 16 cudaDev 1 nvmlDev 0 busId 1b000 commId 0xda48c8ad2f48c155 - Init COMPLETE
[1,0]<stdout>:a2ap-dgx025:2308314:2308314 [5] NCCL INFO ncclCommInitRank comm 0x5555621de0e0 rank 5 nranks 16 cudaDev 5 nvmlDev 4 busId 9d000 commId 0xda48c8ad2f48c155 - Init COMPLETE
[1,0]<stdout>:a2ap-dgx025:2308309:2308309 [0] NCCL INFO ncclCommInitRank comm 0x555562f65f50 rank 0 nranks 16 cudaDev 0 nvmlDev 1 busId 43000 commId 0xda48c8ad2f48c155 - Init COMPLETE
[1,0]<stdout>:a2ap-dgx025:2308315:2308315 [6] NCCL INFO Init timings - ncclCommInitRank: rank 6 nranks 16 total 7.52 (kernels 0.74, alloc 3.00, bootstrap 0.12, allgathers 0.09, topo 2.67, graphs 0.01, connections 0.84, rest 0.05)
[1,0]<stdout>:a2ap-dgx025:2308312:2308312 [3] NCCL INFO ncclCommInitRank comm 0x555562f33b50 rank 3 nranks 16 cudaDev 3 nvmlDev 3 busId 61000 commId 0xda48c8ad2f48c155 - Init COMPLETE
[1,0]<stdout>:a2ap-dgx025:2308310:2308310 [1] NCCL INFO Init timings - ncclCommInitRank: rank 1 nranks 16 total 7.46 (kernels 0.69, alloc 3.08, bootstrap 0.02, allgathers 0.09, topo 2.67, graphs 0.02, connections 0.87, rest 0.02)
[1,0]<stdout>:a2ap-dgx025:2308311:2308311 [2] NCCL INFO ncclCommInitRank comm 0x555562f324a0 rank 2 nranks 16 cudaDev 2 nvmlDev 2 busId 52000 commId 0xda48c8ad2f48c155 - Init COMPLETE
[1,0]<stdout>:a2ap-dgx025:2308314:2308314 [5] NCCL INFO Init timings - ncclCommInitRank: rank 5 nranks 16 total 7.46 (kernels 0.68, alloc 3.08, bootstrap 0.04, allgathers 0.09, topo 2.67, graphs 0.01, connections 0.82, rest 0.06)
[1,0]<stdout>:a2ap-dgx025:2308309:2308309 [0] NCCL INFO Init timings - ncclCommInitRank: rank 0 nranks 16 total 7.96 (kernels 0.80, alloc 2.39, bootstrap 1.10, allgathers 0.09, topo 2.67, graphs 0.02, connections 0.84, rest 0.05)
[1,0]<stdout>:a2ap-dgx025:2308313:2308313 [4] NCCL INFO ncclCommInitRank comm 0x555562178690 rank 4 nranks 16 cudaDev 4 nvmlDev 5 busId c3000 commId 0xda48c8ad2f48c155 - Init COMPLETE
[1,0]<stdout>:a2ap-dgx025:2308312:2308312 [3] NCCL INFO Init timings - ncclCommInitRank: rank 3 nranks 16 total 7.46 (kernels 0.64, alloc 3.06, bootstrap 0.10, allgathers 0.10, topo 2.67, graphs 0.01, connections 0.84, rest 0.05)
[1,0]<stdout>:a2ap-dgx025:2308316:2308316 [7] NCCL INFO ncclCommInitRank comm 0x555562197c10 rank 7 nranks 16 cudaDev 7 nvmlDev 7 busId df000 commId 0xda48c8ad2f48c155 - Init COMPLETE
[1,0]<stdout>:a2ap-dgx025:2308311:2308311 [2] NCCL INFO Init timings - ncclCommInitRank: rank 2 nranks 16 total 7.52 (kernels 0.70, alloc 2.69, bootstrap 0.46, allgathers 0.09, topo 2.67, graphs 0.01, connections 0.87, rest 0.02)
[1,0]<stdout>:a2ap-dgx025:2308313:2308313 [4] NCCL INFO Init timings - ncclCommInitRank: rank 4 nranks 16 total 7.46 (kernels 0.68, alloc 2.99, bootstrap 0.13, allgathers 0.09, topo 2.67, graphs 0.01, connections 0.85, rest 0.04)
[1,0]<stdout>:a2ap-dgx025:2308316:2308316 [7] NCCL INFO Init timings - ncclCommInitRank: rank 7 nranks 16 total 7.46 (kernels 0.75, alloc 2.99, bootstrap 0.06, allgathers 0.09, topo 2.67, graphs 0.01, connections 0.87, rest 0.02)
[1,0]<stdout>:[Gloo] Rank 0 is connected to 0 peer ranks. Expected number of connected peer ranks is : 0
[1,0]<stdout>:[Gloo] Rank 0 is connected to 0 peer ranks. Expected number of connected peer ranks is : 0
[1,0]<stdout>:[Gloo] Rank 0 is connected to 0 peer ranks. Expected number of connected peer ranks is : 0
[1,0]<stdout>:[Gloo] Rank 0 is connected to 0 peer ranks. Expected number of connected peer ranks is : 0
[1,0]<stdout>:[Gloo] Rank 0 is connected to 0 peer ranks. Expected number of connected peer ranks is : 0
[1,0]<stdout>:[Gloo] Rank 0 is connected to 0 peer ranks. Expected number of connected peer ranks is : 0
[1,0]<stdout>:[Gloo] Rank 0 is connected to 0 peer ranks. Expected number of connected peer ranks is : 0
[1,0]<stdout>:[Gloo] Rank 0 is connected to 0 peer ranks. Expected number of connected peer ranks is : 0
[1,0]<stdout>:[Gloo] Rank 0 is connected to 15 peer ranks. Expected number of connected peer ranks is : 15
[1,0]<stdout>:[Gloo] Rank 1 is connected to 15 peer ranks. Expected number of connected peer ranks is : 15
[1,0]<stdout>:[Gloo] Rank 2 is connected to 15 peer ranks. Expected number of connected peer ranks is : 15
[1,0]<stdout>:[Gloo] Rank 3 is connected to 15 peer ranks. Expected number of connected peer ranks is : 15
[1,0]<stdout>:[Gloo] Rank 4 is connected to 15 peer ranks. Expected number of connected peer ranks is : 15
[1,0]<stdout>:[Gloo] Rank 6 is connected to 15 peer ranks. Expected number of connected peer ranks is : 15
[1,0]<stdout>:[Gloo] Rank 5 is connected to 15 peer ranks. Expected number of connected peer ranks is : 15
[1,0]<stdout>:[Gloo] Rank 7 is connected to 15 peer ranks. Expected number of connected peer ranks is : 15
[1,0]<stdout>:a2ap-dgx025:2308315:2308315 [6] NCCL INFO Assigned NET plugin IB to comm
[1,0]<stdout>:a2ap-dgx025:2308315:2308315 [6] NCCL INFO Using network IB
[1,0]<stdout>:a2ap-dgx025:2308311:2308311 [2] NCCL INFO Assigned NET plugin IB to comm
[1,0]<stdout>:a2ap-dgx025:2308311:2308311 [2] NCCL INFO Using network IB
[1,0]<stdout>:a2ap-dgx025:2308315:2308315 [6] NCCL INFO ncclCommInitRank comm 0x55556f387580 rank 6 nranks 16 cudaDev 6 nvmlDev 6 busId d1000 commId 0x9a0168fb3582cf1b - Init START
[1,0]<stdout>:a2ap-dgx025:2308312:2308312 [3] NCCL INFO Assigned NET plugin IB to comm
[1,0]<stdout>:a2ap-dgx025:2308312:2308312 [3] NCCL INFO Using network IB
[1,0]<stdout>:a2ap-dgx025:2308314:2308314 [5] NCCL INFO Assigned NET plugin IB to comm
[1,0]<stdout>:a2ap-dgx025:2308314:2308314 [5] NCCL INFO Using network IB
[1,0]<stdout>:a2ap-dgx025:2308309:2308309 [0] NCCL INFO Assigned NET plugin IB to comm
[1,0]<stdout>:a2ap-dgx025:2308309:2308309 [0] NCCL INFO Using network IB
[1,0]<stdout>:a2ap-dgx025:2308311:2308311 [2] NCCL INFO ncclCommInitRank comm 0x55556f386500 rank 2 nranks 16 cudaDev 2 nvmlDev 2 busId 52000 commId 0x9a0168fb3582cf1b - Init START
[1,0]<stdout>:a2ap-dgx025:2308312:2308312 [3] NCCL INFO ncclCommInitRank comm 0x55556f386b90 rank 3 nranks 16 cudaDev 3 nvmlDev 3 busId 61000 commId 0x9a0168fb3582cf1b - Init START
[1,0]<stdout>:a2ap-dgx025:2308314:2308314 [5] NCCL INFO ncclCommInitRank comm 0x55556f3878a0 rank 5 nranks 16 cudaDev 5 nvmlDev 4 busId 9d000 commId 0x9a0168fb3582cf1b - Init START
[1,0]<stdout>:a2ap-dgx025:2308313:2308313 [4] NCCL INFO Assigned NET plugin IB to comm
[1,0]<stdout>:a2ap-dgx025:2308313:2308313 [4] NCCL INFO Using network IB
[1,0]<stdout>:a2ap-dgx025:2308309:2308309 [0] NCCL INFO ncclCommInitRank comm 0x55556f3b58a0 rank 0 nranks 16 cudaDev 0 nvmlDev 1 busId 43000 commId 0x9a0168fb3582cf1b - Init START
[1,0]<stdout>:a2ap-dgx025:2308316:2308316 [7] NCCL INFO Assigned NET plugin IB to comm
[1,0]<stdout>:a2ap-dgx025:2308316:2308316 [7] NCCL INFO Using network IB
[1,0]<stdout>:a2ap-dgx025:2308313:2308313 [4] NCCL INFO ncclCommInitRank comm 0x55556f386390 rank 4 nranks 16 cudaDev 4 nvmlDev 5 busId c3000 commId 0x9a0168fb3582cf1b - Init START
[1,0]<stdout>:a2ap-dgx025:2308310:2308310 [1] NCCL INFO Assigned NET plugin IB to comm
[1,0]<stdout>:a2ap-dgx025:2308310:2308310 [1] NCCL INFO Using network IB
[1,0]<stdout>:a2ap-dgx025:2308316:2308316 [7] NCCL INFO ncclCommInitRank comm 0x55556f388300 rank 7 nranks 16 cudaDev 7 nvmlDev 7 busId df000 commId 0x9a0168fb3582cf1b - Init START
[1,0]<stdout>:a2ap-dgx025:2308310:2308310 [1] NCCL INFO ncclCommInitRank comm 0x55556f385da0 rank 1 nranks 16 cudaDev 1 nvmlDev 0 busId 1b000 commId 0x9a0168fb3582cf1b - Init START
[1,0]<stdout>:a2ap-dgx025:2308316:2308316 [7] NCCL INFO Bootstrap timings total 0.001980 (create 0.000016, send 0.000061, recv 0.001452, ring 0.000304, delay 0.000000)
[1,0]<stdout>:a2ap-dgx025:2308315:2308315 [6] NCCL INFO Bootstrap timings total 0.002365 (create 0.000018, send 0.000100, recv 0.000700, ring 0.001457, delay 0.000000)
[1,0]<stdout>:a2ap-dgx025:2308314:2308314 [5] NCCL INFO Bootstrap timings total 0.002215 (create 0.000017, send 0.000059, recv 0.000098, ring 0.001829, delay 0.000000)
[1,0]<stdout>:a2ap-dgx025:2308311:2308311 [2] NCCL INFO Bootstrap timings total 0.002309 (create 0.000020, send 0.000086, recv 0.000110, ring 0.001400, delay 0.000000)
[1,0]<stdout>:a2ap-dgx025:2308313:2308313 [4] NCCL INFO Bootstrap timings total 0.002097 (create 0.000015, send 0.000059, recv 0.000093, ring 0.001820, delay 0.000000)
[1,0]<stdout>:a2ap-dgx025:2308312:2308312 [3] NCCL INFO Bootstrap timings total 0.002243 (create 0.000016, send 0.000072, recv 0.000180, ring 0.001887, delay 0.000000)
[1,0]<stdout>:a2ap-dgx025:2308310:2308310 [1] NCCL INFO Bootstrap timings total 0.001915 (create 0.000028, send 0.000061, recv 0.000313, ring 0.001427, delay 0.000000)
[1,0]<stdout>:a2ap-dgx025:2308309:2308309 [0] NCCL INFO Bootstrap timings total 0.002210 (create 0.000013, send 0.000068, recv 0.000581, ring 0.000356, delay 0.000000)
[1,0]<stdout>:a2ap-dgx025:2308315:2308315 [6] NCCL INFO MNNVL busId 0xd1000 fabric UUID 0.0 cliqueId 0x0 state 3 healthMask 0x0
[1,0]<stdout>:a2ap-dgx025:2308316:2308316 [7] NCCL INFO MNNVL busId 0xdf000 fabric UUID 0.0 cliqueId 0x0 state 3 healthMask 0x0
[1,0]<stdout>:a2ap-dgx025:2308310:2308310 [1] NCCL INFO MNNVL busId 0x1b000 fabric UUID 0.0 cliqueId 0x0 state 3 healthMask 0x0
[1,0]<stdout>:a2ap-dgx025:2308313:2308313 [4] NCCL INFO MNNVL busId 0xc3000 fabric UUID 0.0 cliqueId 0x0 state 3 healthMask 0x0
[1,0]<stdout>:a2ap-dgx025:2308312:2308312 [3] NCCL INFO MNNVL busId 0x61000 fabric UUID 0.0 cliqueId 0x0 state 3 healthMask 0x0
[1,0]<stdout>:a2ap-dgx025:2308314:2308314 [5] NCCL INFO MNNVL busId 0x9d000 fabric UUID 0.0 cliqueId 0x0 state 3 healthMask 0x0
[1,0]<stdout>:a2ap-dgx025:2308311:2308311 [2] NCCL INFO MNNVL busId 0x52000 fabric UUID 0.0 cliqueId 0x0 state 3 healthMask 0x0
[1,0]<stdout>:a2ap-dgx025:2308309:2308309 [0] NCCL INFO MNNVL busId 0x43000 fabric UUID 0.0 cliqueId 0x0 state 3 healthMask 0x0
[1,0]<stdout>:a2ap-dgx025:2308312:2308312 [3] NCCL INFO Setting affinity for GPU 3 to 0-55,112-167
[1,0]<stdout>:a2ap-dgx025:2308311:2308311 [2] NCCL INFO Setting affinity for GPU 2 to 0-55,112-167
[1,0]<stdout>:a2ap-dgx025:2308310:2308310 [1] NCCL INFO Setting affinity for GPU 0 to 0-55,112-167
[1,0]<stdout>:a2ap-dgx025:2308316:2308316 [7] NCCL INFO Setting affinity for GPU 7 to 56-111,168-223
[1,0]<stdout>:a2ap-dgx025:2308314:2308314 [5] NCCL INFO Setting affinity for GPU 4 to 56-111,168-223
[1,0]<stdout>:a2ap-dgx025:2308313:2308313 [4] NCCL INFO Setting affinity for GPU 5 to 56-111,168-223
[1,0]<stdout>:a2ap-dgx025:2308315:2308315 [6] NCCL INFO Setting affinity for GPU 6 to 56-111,168-223
[1,0]<stdout>:a2ap-dgx025:2308309:2308309 [0] NCCL INFO Setting affinity for GPU 1 to 0-55,112-167
[1,0]<stdout>:a2ap-dgx025:2308316:2308316 [7] NCCL INFO comm 0x55556f388300 rank 7 nRanks 16 nNodes 2 localRanks 8 localRank 7 MNNVL 0
[1,0]<stdout>:a2ap-dgx025:2308315:2308315 [6] NCCL INFO comm 0x55556f387580 rank 6 nRanks 16 nNodes 2 localRanks 8 localRank 6 MNNVL 0
[1,0]<stdout>:a2ap-dgx025:2308314:2308314 [5] NCCL INFO comm 0x55556f3878a0 rank 5 nRanks 16 nNodes 2 localRanks 8 localRank 5 MNNVL 0
[1,0]<stdout>:a2ap-dgx025:2308313:2308313 [4] NCCL INFO comm 0x55556f386390 rank 4 nRanks 16 nNodes 2 localRanks 8 localRank 4 MNNVL 0
[1,0]<stdout>:a2ap-dgx025:2308311:2308311 [2] NCCL INFO comm 0x55556f386500 rank 2 nRanks 16 nNodes 2 localRanks 8 localRank 2 MNNVL 0
[1,0]<stdout>:a2ap-dgx025:2308312:2308312 [3] NCCL INFO comm 0x55556f386b90 rank 3 nRanks 16 nNodes 2 localRanks 8 localRank 3 MNNVL 0
[1,0]<stdout>:a2ap-dgx025:2308309:2308309 [0] NCCL INFO comm 0x55556f3b58a0 rank 0 nRanks 16 nNodes 2 localRanks 8 localRank 0 MNNVL 0
[1,0]<stdout>:a2ap-dgx025:2308316:2308316 [7] NCCL INFO Trees [0] -1/-1/-1->7->6 [1] 1/-1/-1->7->6 [2] 1/-1/-1->7->6 [3] 1/-1/-1->7->6 [4] 1/-1/-1->7->6 [5] 1/-1/-1->7->6 [6] 1/-1/-1->7->6 [7] 1/15/-1->7->-1 [8] -1/-1/-1->7->6 [9] 1/-1/-1->7->6 [10] 1/-1/-1->7->6 [11] 1/-1/-1->7->6 [12] 1/-1/-1->7->6 [13] 1/-1/-1->7->6 [14] 1/-1/-1->7->6 [15] 1/-1/-1->7->15
[1,0]<stdout>:a2ap-dgx025:2308310:2308310 [1] NCCL INFO comm 0x55556f385da0 rank 1 nRanks 16 nNodes 2 localRanks 8 localRank 1 MNNVL 0
[1,0]<stdout>:a2ap-dgx025:2308315:2308315 [6] NCCL INFO Trees [0] 7/-1/-1->6->4 [1] 7/-1/-1->6->4 [2] 7/-1/-1->6->4 [3] 7/-1/-1->6->4 [4] 7/-1/-1->6->4 [5] 7/-1/-1->6->4 [6] 7/14/-1->6->-1 [7] -1/-1/-1->6->4 [8] 7/-1/-1->6->4 [9] 7/-1/-1->6->4 [10] 7/-1/-1->6->4 [11] 7/-1/-1->6->4 [12] 7/-1/-1->6->4 [13] 7/-1/-1->6->4 [14] 7/-1/-1->6->14 [15] -1/-1/-1->6->4
[1,0]<stdout>:a2ap-dgx025:2308314:2308314 [5] NCCL INFO Trees [0] 4/-1/-1->5->3 [1] 4/-1/-1->5->3 [2] 4/-1/-1->5->3 [3] 4/-1/-1->5->3 [4] 4/12/-1->5->-1 [5] -1/-1/-1->5->3 [6] 4/-1/-1->5->3 [7] 4/-1/-1->5->3 [8] 4/-1/-1->5->3 [9] 4/-1/-1->5->3 [10] 4/-1/-1->5->3 [11] 4/-1/-1->5->3 [12] 4/-1/-1->5->12 [13] -1/-1/-1->5->3 [14] 4/-1/-1->5->3 [15] 4/-1/-1->5->3
[1,0]<stdout>:a2ap-dgx025:2308316:2308316 [7] NCCL INFO P2P Chunksize set to 131072
[1,0]<stdout>:a2ap-dgx025:2308314:2308314 [5] NCCL INFO P2P Chunksize set to 131072
[1,0]<stdout>:a2ap-dgx025:2308313:2308313 [4] NCCL INFO Trees [0] 6/-1/-1->4->5 [1] 6/-1/-1->4->5 [2] 6/-1/-1->4->5 [3] 6/-1/-1->4->5 [4] 6/-1/-1->4->5 [5] 6/13/-1->4->-1 [6] -1/-1/-1->4->5 [7] 6/-1/-1->4->5 [8] 6/-1/-1->4->5 [9] 6/-1/-1->4->5 [10] 6/-1/-1->4->5 [11] 6/-1/-1->4->5 [12] 6/-1/-1->4->5 [13] 6/-1/-1->4->13 [14] -1/-1/-1->4->5 [15] 6/-1/-1->4->5
[1,0]<stdout>:a2ap-dgx025:2308315:2308315 [6] NCCL INFO P2P Chunksize set to 131072
[1,0]<stdout>:a2ap-dgx025:2308313:2308313 [4] NCCL INFO P2P Chunksize set to 131072
[1,0]<stdout>:a2ap-dgx025:2308309:2308309 [0] NCCL INFO Channel 00/16 :  0  9 10 11 12 13 14 15  8  1  7  6  4  5  3  2
[1,0]<stdout>:a2ap-dgx025:2308309:2308309 [0] NCCL INFO Channel 01/16 :  0  2  3  5  4  6  7  1  8 15 14 13 12 11 10  9
[1,0]<stdout>:a2ap-dgx025:2308309:2308309 [0] NCCL INFO Channel 02/16 :  0  1  7  6  4  5  3 11 12 13 14 15  8  9 10  2
[1,0]<stdout>:a2ap-dgx025:2308312:2308312 [3] NCCL INFO Trees [0] 5/-1/-1->3->2 [1] 5/-1/-1->3->2 [2] 5/-1/-1->3->2 [3] 5/11/-1->3->-1 [4] -1/-1/-1->3->2 [5] 5/-1/-1->3->2 [6] 5/-1/-1->3->2 [7] 5/-1/-1->3->2 [8] 5/-1/-1->3->2 [9] 5/-1/-1->3->2 [10] 5/-1/-1->3->2 [11] 5/-1/-1->3->11 [12] -1/-1/-1->3->2 [13] 5/-1/-1->3->2 [14] 5/-1/-1->3->2 [15] 5/-1/-1->3->2
[1,0]<stdout>:a2ap-dgx025:2308311:2308311 [2] NCCL INFO Trees [0] 3/-1/-1->2->0 [1] 3/-1/-1->2->0 [2] 3/10/-1->2->-1 [3] -1/-1/-1->2->0 [4] 3/-1/-1->2->0 [5] 3/-1/-1->2->0 [6] 3/-1/-1->2->0 [7] 3/-1/-1->2->0 [8] 3/-1/-1->2->0 [9] 3/-1/-1->2->0 [10] 3/-1/-1->2->10 [11] -1/-1/-1->2->0 [12] 3/-1/-1->2->0 [13] 3/-1/-1->2->0 [14] 3/-1/-1->2->0 [15] 3/-1/-1->2->0
[1,0]<stdout>:a2ap-dgx025:2308309:2308309 [0] NCCL INFO Channel 03/16 :  0  2 10  9  8 15 14 13 12 11  3  5  4  6  7  1
[1,0]<stdout>:a2ap-dgx025:2308310:2308310 [1] NCCL INFO Trees [0] 0/8/-1->1->-1 [1] -1/-1/-1->1->7 [2] 0/-1/-1->1->7 [3] 0/-1/-1->1->7 [4] 0/-1/-1->1->7 [5] 0/-1/-1->1->7 [6] 0/-1/-1->1->7 [7] 0/-1/-1->1->7 [8] 0/-1/-1->1->8 [9] -1/-1/-1->1->7 [10] 0/-1/-1->1->7 [11] 0/-1/-1->1->7 [12] 0/-1/-1->1->7 [13] 0/-1/-1->1->7 [14] 0/-1/-1->1->7 [15] 0/-1/-1->1->7
[1,0]<stdout>:a2ap[1,0]<stdout>:-dgx025:2308312:2308312 [3] NCCL INFO P2P Chunksize set to 131072
[1,0]<stdout>:a2ap-dgx025:2308311:2308311 [2] NCCL INFO P2P Chunksize set to 131072
[1,0]<stdout>:a2ap-dgx025:2308309:2308309 [0] NCCL INFO Channel 04/16 :  0  1  7  6  4 13 14 15  8  9 10 11 12  5  3  2
[1,0]<stdout>:a2ap-dgx025:2308310:2308310 [1] NCCL INFO P2P Chunksize set to 131072
[1,0]<stdout>:a2ap-dgx025:2308309:2308309 [0] NCCL INFO Channel 05/16 :  0  2  3  5 12 11 10  9  8 15 14 13  4  6  7  1
[1,0]<stdout>:a2ap-dgx025:2308309:2308309 [0] NCCL INFO Channel 06/16 :  0  1  7 15  8  9 10 11 12 13 14  6  4  5  3  2
[1,0]<stdout>:a2ap-dgx025:2308309:2308309 [0] NCCL INFO Channel 07/16 :  0  2  3  5  4  6 14 13 12 11 10  9  8 15  7  1
[1,0]<stdout>:a2ap-dgx025:2308309:2308309 [0] NCCL INFO Channel 08/16 :  0  9 10 11 12 13 14 15  8  1  7  6  4  5  3  2
[1,0]<stdout>:a2ap-dgx025:2308309:2308309 [0] NCCL INFO Channel 09/16 :  0  2  3  5  4  6  7  1  8 15 14 13 12 11 10  9
[1,0]<stdout>:a2ap-dgx025:2308309:2308309 [0] NCCL INFO Channel 10/16 :  0  1  7  6  4  5  3 11 12 13 14 15  8  9 10  2
[1,0]<stdout>:a2ap-dgx025:2308309:2308309 [0] NCCL INFO Channel 11/16 :  0  2 10  9  8 15 14 13 12 11  3  5  4  6  7  1
[1,0]<stdout>:a2ap-dgx025:2308309:2308309 [0] NCCL INFO Channel 12/16 :  0  1  7  6  4 13 14 15  8  9 10 11 12  5  3  2
[1,0]<stdout>:a2ap-dgx025:2308309:2308309 [0] NCCL INFO Channel 13/16 :  0  2  3  5 12 11 10  9  8 15 14 13  4  6  7  1
[1,0]<stdout>:a2ap-dgx025:2308309:2308309 [0] NCCL INFO Channel 14/16 :  0  1  7 15  8  9 10 11 12 13 14  6  4  5  3  2
[1,0]<stdout>:a2ap-dgx025:2308309:2308309 [0] NCCL INFO Channel 15/16 :  0  2  3  5  4  6 14 13 12 11 10  9  8 15  7  1
[1,0]<stdout>:a2ap-dgx025:2308309:2308309 [0] NCCL INFO Trees [0] 2/-1/-1->0->1 [1] 2/9/-1->0->-1 [2] -1/-1/-1->0->1 [3] 2/-1/-1->0->1 [4] 2/-1/-1->0->1 [5] 2/-1/-1->0->1 [6] 2/-1/-1->0->1 [7] 2/-1/-1->0->1 [8] 2/-1/-1->0->1 [9] 2/-1/-1->0->9 [10] -1/-1/-1->0->1 [11] 2/-1/-1->0->1 [12] 2/-1/-1->0->1 [13] 2/-1/-1->0->1 [14] 2/-1/-1->0->1 [15] 2/-1/-1->0->1
[1,0]<stdout>:a2ap-dgx025:2308309:2308309 [0] NCCL INFO P2P Chunksize set to 131072
[1,0]<stdout>:a2ap-dgx025:2308309:2308309 [0] NCCL INFO Check P2P Type isAllDirectP2p 1 directMode 0
[1,0]<stdout>:a2ap-dgx025:2308312:2311796 [3] NCCL INFO [Proxy Service] Device 3 CPU core 1
[1,0]<stdout>:a2ap-dgx025:2308310:2311795 [1] NCCL INFO [Proxy Service] Device 1 CPU core 38
[1,0]<stdout>:a2ap-dgx025:2308312:2311804 [3] NCCL INFO [Proxy Service UDS] Device 3 CPU core 2
[1,0]<stdout>:a2ap-dgx025:2308311:2311805 [2] NCCL INFO [Proxy Service UDS] Device 2 CPU core 114
[1,0]<stdout>:a2ap-dgx025:2308311:2311798 [2] NCCL INFO [Proxy Service] Device 2 CPU core 1
[1,0]<stdout>:a2ap-dgx025:2308314:2311792 [5] NCCL INFO [Proxy Service] Device 5 CPU core 63
[1,0]<stdout>:a2ap-dgx025:2308309:2311801 [0] NCCL INFO [Proxy Service] Device 0 CPU core 11
[1,0]<stdout>:a2ap-dgx025:2308314:2311797 [5] NCCL INFO [Proxy Service UDS] Device 5 CPU core 69
[1,0]<stdout>:a2ap-dgx025:2308309:2311806 [0] NCCL INFO [Proxy Service UDS] Device 0 CPU core 12
[1,0]<stdout>:a2ap-dgx025:2308310:2311803 [1] NCCL INFO [Proxy Service UDS] Device 1 CPU core 39
[1,0]<stdout>:a2ap-dgx025:2308313:2311799 [4] NCCL INFO [Proxy Service UDS] Device 4 CPU core 212
[1,0]<stdout>:a2ap-dgx025:2308316:2311793 [7] NCCL INFO [Proxy Service] Device 7 CPU core 105
[1,0]<stdout>:a2ap-dgx025:2308315:2311794 [6] NCCL INFO [Proxy Service] Device 6 CPU core 196
[1,0]<stdout>:a2ap-dgx025:2308313:2311791 [4] NCCL INFO [Proxy Service] Device 4 CPU core 98
[1,0]<stdout>:a2ap-dgx025:2308316:2311800 [7] NCCL INFO [Proxy Service UDS] Device 7 CPU core 108
[1,0]<stdout>:a2ap-dgx025:2308315:2311802 [6] NCCL INFO [Proxy Service UDS] Device 6 CPU core 200
[1,0]<stdout>:a2ap-dgx025:2308313:2308313 [4] NCCL INFO Channel 00/0 : 4[5] -> 5[4] via P2P/IPC
[1,0]<stdout>:a2ap-dgx025:2308315:2308315 [6] NCCL INFO Channel 01/0 : 6[6] -> 7[7] via P2P/IPC
[1,0]<stdout>:a2ap-dgx025:2308309:2308309 [0] NCCL INFO Channel 02/0 : 0[1] -> 1[0] via P2P/IPC
[1,0]<stdout>:a2ap-dgx025:2308311:2308311 [2] NCCL INFO Channel 01/0 : 2[2] -> 3[3] via P2P/IPC
[1,0]<stdout>:a2ap-dgx025:2308313:2308313 [4] NCCL INFO Channel 02/0 : 4[5] -> 5[4] via P2P/IPC
[1,0]<stdout>:a2ap-dgx025:2308315:2308315 [6] NCCL INFO Channel 03/0 : 6[6] -> 7[7] via P2P/IPC
[1,0]<stdout>:a2ap-dgx025:2308313:2308313 [4] NCCL INFO Channel 06/0 : 4[5] -> 5[4] via P2P/IPC
[1,0]<stdout>:a2ap-dgx025:2308315:2308315 [6] NCCL INFO Channel 05/0 : 6[6] -> 7[7] via P2P/IPC
[1,0]<stdout>:a2ap-dgx025:2308313:2308313 [4] NCCL INFO Channel 08/0 : 4[5] -> 5[4] via P2P/IPC
[1,0]<stdout>:a2ap-dgx025:2308309:2308309 [0] NCCL INFO Channel 04/0 : 0[1] -> 1[0] via P2P/IPC
[1,0]<stdout>:a2ap-dgx025:2308315:2308315 [6] NCCL INFO Channel 09/0 : 6[6] -> 7[7] via P2P/IPC
[1,0]<stdout>:a2ap-dgx025:2308313:2308313 [4] NCCL INFO Channel 10/0 : 4[5] -> 5[4] via P2P/IPC
[1,0]<stdout>:a2ap-dgx025:2308309:2308309 [0] NCCL INFO Channel 06/0 : 0[1] -> 1[0] via P2P/IPC
[1,0]<stdout>:a2ap-dgx025:2308315:2308315 [6] NCCL INFO Channel 11/0 : 6[6] -> 7[7] via P2P/IPC
[1,0]<stdout>:a2ap-dgx025:2308313:2308313 [4] NCCL INFO Channel 14/0 : 4[5] -> 5[4] via P2P/IPC
[1,0]<stdout>:a2ap-dgx025:2308315:2308315 [6] NCCL INFO Channel 13/0 : 6[6] -> 7[7] via P2P/IPC
[1,0]<stdout>:a2ap-dgx025:2308313:2308313 [4] NCCL INFO Channel 01/0 : 4[5] -> 6[6] via P2P/IPC
[1,0]<stdout>:a2ap-dgx025:2308309:2308309 [0] NCCL INFO Channel 10/0 : 0[1] -> 1[0] via P2P/IPC
[1,0]<stdout>:a2ap-dgx025:2308311:2308311 [2] NCCL INFO Channel 05/0 : 2[2] -> 3[3] via P2P/IPC
[1,0]<stdout>:a2ap-dgx025:2308313:2308313 [4] NCCL INFO Channel 03/0 : 4[5] -> 6[6] via P2P/IPC
[1,0]<stdout>:a2ap-dgx025:2308309:2308309 [0] NCCL INFO Channel 12/0 : 0[1] -> 1[0] via P2P/IPC
[1,0]<stdout>:a2ap-dgx025:2308311:2308311 [2] NCCL INFO Channel 07/0 : 2[2] -> 3[3] via P2P/IPC
[1,0]<stdout>:a2ap-dgx025:2308313:2308313 [4] NCCL INFO Channel 05/0 : 4[5] -> 6[6] via P2P/IPC
[1,0]<stdout>:a2ap-dgx025:2308309:2308309 [0] NCCL INFO Channel 14/0 : 0[1] -> 1[0] via P2P/IPC
[1,0]<stdout>:a2ap-dgx025:2308311:2308311 [2] NCCL INFO Channel 09/0 : 2[2] -> 3[3] via P2P/IPC
[1,0]<stdout>:a2ap-dgx025:2308313:2308313 [4] NCCL INFO Channel 07/0 : 4[5] -> 6[6] via P2P/IPC
[1,0]<stdout>:a2ap-dgx025:2308311:2308311 [2] NCCL INFO Channel 13/0 : 2[2] -> 3[3] via P2P/IPC
[1,0]<stdout>:a2ap-dgx025:2308313:2308313 [4] NCCL INFO Channel 09/0 : 4[5] -> 6[6] via P2P/IPC
[1,0]<stdout>:a2ap-dgx025:2308310:2308310 [1] NCCL INFO Channel 00/0 : 1[0] -> 7[7] via P2P/IPC
[1,0]<stdout>:a2ap-dgx025:2308309:2308309 [0] NCCL INFO Channel 01/0 : 0[1] -> 2[2] via P2P/IPC
[1,0]<stdout>:a2ap-dgx025:2308311:2308311 [2] NCCL INFO Channel 15/0 : 2[2] -> 3[3] via P2P/IPC
[1,0]<stdout>:a2ap-dgx025:2308313:2308313 [4] NCCL INFO Channel 11/0 : 4[5] -> 6[6] via P2P/IPC
[1,0]<stdout>:a2ap-dgx025:2308312:2308312 [3] NCCL INFO Channel 01/0 : 3[3] -> 5[4] via P2P/IPC
[1,0]<stdout>:a2ap-dgx025:2308313:2308313 [4] NCCL INFO Channel 13/0 : 4[5] -> 6[6] via P2P/IPC
[1,0]<stdout>:a2ap-dgx025:2308312:2308312 [3] NCCL INFO Channel 03/0 : 3[3] -> 5[4] via P2P/IPC
[1,0]<stdout>:a2ap-dgx025:2308313:2308313 [4] NCCL INFO Channel 15/0 : 4[5] -> 6[6] via P2P/IPC
[1,0]<stdout>:a2ap-dgx025:2308312:2308312 [3] NCCL INFO Channel 05/0 : 3[3] -> 5[4] via P2P/IPC
[1,0]<stdout>:a2ap-dgx025:2308312:2308312 [3] NCCL INFO Channel 07/0 : 3[3] -> 5[4] via P2P/IPC
[1,0]<stdout>:a2ap-dgx025:2308310:2308310 [1] NCCL INFO Channel 02/0 : 1[0] -> 7[7] via P2P/IPC
[1,0]<stdout>:a2ap-dgx025:2308309:2308309 [0] NCCL INFO Channel 03/0 : 0[1] -> 2[2] via P2P/IPC
[1,0]<stdout>:a2ap-dgx025:2308312:2308312 [3] NCCL INFO Channel 09/0 : 3[3] -> 5[4] via P2P/IPC
[1,0]<stdout>:a2ap-dgx025:2308310:2308310 [1] NCCL INFO Channel 04/0 : 1[0] -> 7[7] via P2P/IPC
[1,0]<stdout>:a2ap-dgx025:2308309:2308309 [0] NCCL INFO Channel 05/0 : 0[1] -> 2[2] via P2P/IPC
[1,0]<stdout>:a2ap-dgx025:2308312:2308312 [3] NCCL INFO Channel 11/0 : 3[3] -> 5[4] via P2P/IPC
[1,0]<stdout>:a2ap-dgx025:2308310:2308310 [1] NCCL INFO Channel 06/0 : 1[0] -> 7[7] via P2P/IPC
[1,0]<stdout>:a2ap-dgx025:2308309:2308309 [0] NCCL INFO Channel 07/0 : 0[1] -> 2[2] via P2P/IPC
[1,0]<stdout>:a2ap-dgx025:2308312:2308312 [3] NCCL INFO Channel 13/0 : 3[3] -> 5[4] via P2P/IPC
[1,0]<stdout>:a2ap-dgx025:2308310:2308310 [1] NCCL INFO Channel 08/0 : 1[0] -> 7[7] via P2P/IPC
[1,0]<stdout>:a2ap-dgx025:2308309:2308309 [0] NCCL INFO Channel 09/0 : 0[1] -> 2[2] via P2P/IPC
[1,0]<stdout>:a2ap-dgx025:2308312:2308312 [3] NCCL INFO Channel 15/0 : 3[3] -> 5[4] via P2P/IPC
[1,0]<stdout>:a2ap-dgx025:2308310:2308310 [1] NCCL INFO Channel 10/0 : 1[0] -> 7[7] via P2P/IPC
[1,0]<stdout>:a2ap-dgx025:2308309:2308309 [0] NCCL INFO Channel 11/0 : 0[1] -> 2[2] via P2P/IPC
[1,0]<stdout>:a2ap-dgx025:2308310:2308310 [1] NCCL INFO Channel 12/0 : 1[0] -> 7[7] via P2P/IPC
[1,0]<stdout>:a2ap-dgx025:2308309:2308309 [0] NCCL INFO Channel 13/0 : 0[1] -> 2[2] via P2P/IPC
[1,0]<stdout>:a2ap-dgx025:2308310:2308310 [1] NCCL INFO Channel 14/0 : 1[0] -> 7[7] via P2P/IPC
[1,0]<stdout>:a2ap-dgx025:2308309:2308309 [0] NCCL INFO Channel 15/0 : 0[1] -> 2[2] via P2P/IPC
[1,0]<stdout>:a2ap-dgx025:2308313:2308313 [4] NCCL INFO Channel 05/0 : 13[5] -> 4[5] [receive] via NET/IB/9/GDRDMA
[1,0]<stdout>:a2ap-dgx025:2308313:2311809 [4] NCCL INFO [Proxy Progress] Device 4 CPU core 213
[1,0]<stdout>:a2ap-dgx025:2308313:2308313 [4] NCCL INFO Channel 13/0 : 13[5] -> 4[5] [receive] via NET/IB/9/GDRDMA
[1,0]<stdout>:a2ap-dgx025:2308315:2311810 [6] NCCL INFO [Proxy Progress] Device 6 CPU core 197
[1,0]<stdout>:a2ap-dgx025:2308315:2308315 [6] NCCL INFO Channel 06/0 : 14[6] -> 6[6] [receive] via NET/IB/10/GDRDMA
[1,0]<stdout>:a2ap-dgx025:2308315:2308315 [6] NCCL INFO Channel 14/0 : 14[6] -> 6[6] [receive] via NET/IB/10/GDRDMA
[1,0]<stdout>:a2ap-dgx025:2308315:2308315 [6] NCCL INFO Channel 07/0 : 6[6] -> 14[6] [send] via NET/IB/10/GDRDMA
[1,0]<stdout>:a2ap-dgx025:2308315:2308315 [6] NCCL INFO Channel 15/0 : 6[6] -> 14[6] [send] via NET/IB/10/GDRDMA
[1,0]<stdout>:a2ap-dgx025:2308315:2308315 [6] NCCL INFO Channel 00/0 : 6[6] -> 4[5] via P2P/IPC
[1,0]<stdout>:a2ap-dgx025:2308313:2308313 [4] NCCL INFO Channel 04/0 : 4[5] -> 13[5] [send] via NET/IB/9/GDRDMA
[1,0]<stdout>:a2ap-dgx025:2308313:2308313 [4] NCCL INFO Channel 12/0 : 4[5] -> 13[5] [send] via NET/IB/9/GDRDMA
[1,0]<stdout>:a2ap-dgx025:2308314:2311811 [5] NCCL INFO [Proxy Progress] Device 5 CPU core 177
[1,0]<stdout>:a2ap-dgx025:2308314:2308314 [5] NCCL INFO Channel 05/0 : 5[4] -> 12[4] [send] via NET/IB/6/GDRDMA
[1,0]<stdout>:a2ap-dgx025:2308314:2308314 [5] NCCL INFO Channel 13/0 : 5[4] -> 12[4] [send] via NET/IB/6/GDRDMA
[1,0]<stdout>:a2ap-dgx025:2308314:2308314 [5] NCCL INFO Channel 04/0 : 12[4] -> 5[4] [receive] via NET/IB/6/GDRDMA
[1,0]<stdout>:a2ap-dgx025:2308314:2308314 [5] NCCL INFO Channel 12/0 : 12[4] -> 5[4] [receive] via NET/IB/6/GDRDMA
[1,0]<stdout>:a2ap-dgx025:2308314:2308314 [5] NCCL INFO Channel 00/0 : 5[4] -> 3[3] via P2P/IPC
[1,0]<stdout>:a2ap-dgx025:2308312:2308312 [3] NCCL INFO Channel 03/0 : 11[3] -> 3[3] [receive] via NET/IB/5/GDRDMA
[1,0]<stdout>:a2ap-dgx025:2308312:2311812 [3] NCCL INFO [Proxy Progress] Device 3 CPU core 3
[1,0]<stdout>:a2ap-dgx025:2308312:2308312 [3] NCCL INFO Channel 11/0 : 11[3] -> 3[3] [receive] via NET/IB/5/GDRDMA
[1,0]<stdout>:a2ap-dgx025:2308312:2308312 [3] NCCL INFO Channel 02/0 : 3[3] -> 11[3] [send] via NET/IB/5/GDRDMA
[1,0]<stdout>:a2ap-dgx025:2308312:2308312 [3] NCCL INFO Channel 10/0 : 3[3] -> 11[3] [send] via NET/IB/5/GDRDMA
[1,0]<stdout>:a2ap-dgx025:2308315:2308315 [6] NCCL INFO Channel 02/0 : 6[6] -> 4[5] via P2P/IPC
[1,0]<stdout>:a2ap-dgx025:2308316:2308316 [7] NCCL INFO Channel 07/0 : 15[7] -> 7[7] [receive] via NET/IB/11/GDRDMA
[1,0]<stdout>:a2ap-dgx025:2308316:2311813 [7] NCCL INFO [Proxy Progress] Device 7 CPU core 221
[1,0]<stdout>:a2ap-dgx025:2308316:2308316 [7] NCCL INFO Channel 15/0 : 15[7] -> 7[7] [receive] via NET/IB/11/GDRDMA
[1,0]<stdout>:a2ap-dgx025:2308316:2308316 [7] NCCL INFO Channel 06/0 : 7[7] -> 15[7] [send] via NET/IB/11/GDRDMA
[1,0]<stdout>:a2ap-dgx025:2308316:2308316 [7] NCCL INFO Channel 14/0 : 7[7] -> 15[7] [send] via NET/IB/11/GDRDMA
[1,0]<stdout>:a2ap-dgx025:2308310:2308310 [1] NCCL INFO Channel 01/0 : 1[0] -> 8[0] [send] via NET/IB/0/GDRDMA
[1,0]<stdout>:a2ap-dgx025:2308310:2308310 [1] NCCL INFO Channel 09/0 : 1[0] -> 8[0] [send] via NET/IB/0/GDRDMA
[1,0]<stdout>:a2ap-dgx025:2308310:2311814 [1] NCCL INFO [Proxy Progress] Device 1 CPU core 153
[1,0]<stdout>:a2ap-dgx025:2308310:2308310 [1] NCCL INFO Channel 00/0 : 8[0] -> 1[0] [receive] via NET/IB/0/GDRDMA
[1,0]<stdout>:a2ap-dgx025:2308310:2308310 [1] NCCL INFO Channel 08/0 : 8[0] -> 1[0] [receive] via NET/IB/0/GDRDMA
[1,0]<stdout>:a2ap-dgx025:2308315:2308315 [6] NCCL INFO Channel 04/0 : 6[6] -> 4[5] via P2P/IPC
[1,0]<stdout>:a2ap-dgx025:2308315:2308315 [6] NCCL INFO Channel 06/0 : 6[6] -> 4[5] via P2P/IPC
[1,0]<stdout>:a2ap-dgx025:2308311:2311815 [2] NCCL INFO [Proxy Progress] Device 2 CPU core 116
[1,0]<stdout>:a2ap-dgx025:2308311:2308311 [2] NCCL INFO Channel 02/0 : 10[2] -> 2[2] [receive] via NET/IB/4/GDRDMA
[1,0]<stdout>:a2ap-dgx025:2308311:2308311 [2] NCCL INFO Channel 10/0 : 10[2] -> 2[2] [receive] via NET/IB/4/GDRDMA
[1,0]<stdout>:a2ap-dgx025:2308311:2308311 [2] NCCL INFO Channel 03/0 : 2[2] -> 10[2] [send] via NET/IB/4/GDRDMA
[1,0]<stdout>:a2ap-dgx025:2308311:2308311 [2] NCCL INFO Channel 11/0 : 2[2] -> 10[2] [send] via NET/IB/4/GDRDMA
[1,0]<stdout>:a2ap-dgx025:2308309:2311816 [0] NCCL INFO [Proxy Progress] Device 0 CPU core 15
[1,0]<stdout>:a2ap-dgx025:2308309:2308309 [0] NCCL INFO Channel 01/0 : 9[1] -> 0[1] [receive] via NET/IB/3/GDRDMA
[1,0]<stdout>:a2ap-dgx025:2308311:2308311 [2] NCCL INFO Channel 00/0 : 2[2] -> 0[1] via P2P/IPC
[1,0]<stdout>:a2ap-dgx025:2308309:2308309 [0] NCCL INFO Channel 09/0 : 9[1] -> 0[1] [receive] via NET/IB/3/GDRDMA
[1,0]<stdout>:a2ap-dgx025:2308309:2308309 [0] NCCL INFO Channel 00/0 : 0[1] -> 9[1] [send] via NET/IB/3/GDRDMA
[1,0]<stdout>:a2ap-dgx025:2308309:2308309 [0] NCCL INFO Channel 08/0 : 0[1] -> 9[1] [send] via NET/IB/3/GDRDMA
[1,0]<stdout>:a2ap-dgx025:2308314:2308314 [5] NCCL INFO Channel 02/0 : 5[4] -> 3[3] via P2P/IPC
[1,0]<stdout>:a2ap-dgx025:2308315:2308315 [6] NCCL INFO Channel 08/0 : 6[6] -> 4[5] via P2P/IPC
[1,0]<stdout>:a2ap-dgx025:2308315:2308315 [6] NCCL INFO Channel 10/0 : 6[6] -> 4[5] via P2P/IPC
[1,0]<stdout>:a2ap-dgx025:2308315:2308315 [6] NCCL INFO Channel 12/0 : 6[6] -> 4[5] via P2P/IPC
[1,0]<stdout>:a2ap-dgx025:2308315:2308315 [6] NCCL INFO Channel 14/0 : 6[6] -> 4[5] via P2P/IPC
[1,0]<stdout>:a2ap-dgx025:2308311:2308311 [2] NCCL INFO Channel 02/0 : 2[2] -> 0[1] via P2P/IPC
[1,0]<stdout>:a2ap-dgx025:2308311:2308311 [2] NCCL INFO Channel 04/0 : 2[2] -> 0[1] via P2P/IPC
[1,0]<stdout>:a2ap-dgx025:2308314:2308314 [5] NCCL INFO Channel 04/0 : 5[4] -> 3[3] via P2P/IPC
[1,0]<stdout>:a2ap-dgx025:2308311:2308311 [2] NCCL INFO Channel 06/0 : 2[2] -> 0[1] via P2P/IPC
[1,0]<stdout>:a2ap-dgx025:2308314:2308314 [5] NCCL INFO Channel 06/0 : 5[4] -> 3[3] via P2P/IPC
[1,0]<stdout>:a2ap-dgx025:2308314:2308314 [5] NCCL INFO Channel 08/0 : 5[4] -> 3[3] via P2P/IPC
[1,0]<stdout>:a2ap-dgx025:2308311:2308311 [2] NCCL INFO Channel 08/0 : 2[2] -> 0[1] via P2P/IPC
[1,0]<stdout>:a2ap-dgx025:2308314:2308314 [5] NCCL INFO Channel 10/0 : 5[4] -> 3[3] via P2P/IPC
[1,0]<stdout>:a2ap-dgx025:2308311:2308311 [2] NCCL INFO Channel 10/0 : 2[2] -> 0[1] via P2P/IPC
[1,0]<stdout>:a2ap-dgx025:2308314:2308314 [5] NCCL INFO Channel 12/0 : 5[4] -> 3[3] via P2P/IPC
[1,0]<stdout>:a2ap-dgx025:2308311:2308311 [2] NCCL INFO Channel 12/0 : 2[2] -> 0[1] via P2P/IPC
[1,0]<stdout>:a2ap-dgx025:2308314:2308314 [5] NCCL INFO Channel 14/0 : 5[4] -> 3[3] via P2P/IPC
[1,0]<stdout>:a2ap-dgx025:2308311:2308311 [2] NCCL INFO Channel 14/0 : 2[2] -> 0[1] via P2P/IPC
[1,0]<stdout>:a2ap-dgx025:2308314:2308314 [5] NCCL INFO Channel 01/0 : 5[4] -> 4[5] via P2P/IPC
[1,0]<stdout>:a2ap-dgx025:2308312:2308312 [3] NCCL INFO Channel 00/0 : 3[3] -> 2[2] via P2P/IPC
[1,0]<stdout>:a2ap-dgx025:2308314:2308314 [5] NCCL INFO Channel 03/0 : 5[4] -> 4[5] via P2P/IPC
[1,0]<stdout>:a2ap-dgx025:2308312:2308312 [3] NCCL INFO Channel 04/0 : 3[3] -> 2[2] via P2P/IPC
[1,0]<stdout>:a2ap-dgx025:2308316:2308316 [7] NCCL INFO Channel 01/0 : 7[7] -> 1[0] via P2P/IPC
[1,0]<stdout>:a2ap-dgx025:2308312:2308312 [3] NCCL INFO Channel 06/0 : 3[3] -> 2[2] via P2P/IPC
[1,0]<stdout>:a2ap-dgx025:2308316:2308316 [7] NCCL INFO Channel 03/0 : 7[7] -> 1[0] via P2P/IPC
[1,0]<stdout>:a2ap-dgx025:2308312:2308312 [3] NCCL INFO Channel 08/0 : 3[3] -> 2[2] via P2P/IPC
[1,0]<stdout>:a2ap-dgx025:2308316:2308316 [7] NCCL INFO Channel 05/0 : 7[7] -> 1[0] via P2P/IPC
[1,0]<stdout>:a2ap-dgx025:2308312:2308312 [3] NCCL INFO Channel 12/0 : 3[3] -> 2[2] via P2P/IPC
