[1,0]<stdout>:a2ap-dgx025:2308310:2324422 [1] NCCL INFO Channel 08/0 : 8[0] -> 1[0] [receive] via NET/IB/0/GDRDMA
[1,0]<stdout>:a2ap-dgx025:2308315:2324420 [6] NCCL INFO Channel 10/0 : 6[6] -> 4[5] via P2P/IPC
[1,0]<stdout>:a2ap-dgx025:2308314:2324421 [5] NCCL INFO Channel 06/0 : 5[4] -> 3[3] via P2P/IPC
[1,0]<stdout>:a2ap-dgx025:2308314:2324421 [5] NCCL INFO Channel 08/0 : 5[4] -> 3[3] via P2P/IPC
[1,0]<stdout>:a2ap-dgx025:2308315:2324420 [6] NCCL INFO Channel 12/0 : 6[6] -> 4[5] via P2P/IPC
[1,0]<stdout>:a2ap-dgx025:2308314:2324421 [5] NCCL INFO Channel 10/0 : 5[4] -> 3[3] via P2P/IPC
[1,0]<stdout>:a2ap-dgx025:2308315:2324420 [6] NCCL INFO Channel 14/0 : 6[6] -> 4[5] via P2P/IPC
[1,0]<stdout>:a2ap-dgx025:2308314:2324421 [5] NCCL INFO Channel 12/0 : 5[4] -> 3[3] via P2P/IPC
[1,0]<stdout>:a2ap-dgx025:2308314:2324421 [5] NCCL INFO Channel 14/0 : 5[4] -> 3[3] via P2P/IPC
[1,0]<stdout>:a2ap-dgx025:2308311:2324418 [2] NCCL INFO Channel 12/0 : 2[2] -> 0[1] via P2P/IPC
[1,0]<stdout>:a2ap-dgx025:2308314:2324421 [5] NCCL INFO Channel 01/0 : 5[4] -> 4[5] via P2P/IPC
[1,0]<stdout>:a2ap-dgx025:2308312:2324419 [3] NCCL INFO Channel 00/0 : 3[3] -> 2[2] via P2P/IPC
[1,0]<stdout>:a2ap-dgx025:2308311:2324418 [2] NCCL INFO Channel 14/0 : 2[2] -> 0[1] via P2P/IPC
[1,0]<stdout>:a2ap-dgx025:2308314:2324421 [5] NCCL INFO Channel 03/0 : 5[4] -> 4[5] via P2P/IPC
[1,0]<stdout>:a2ap-dgx025:2308312:2324419 [3] NCCL INFO Channel 04/0 : 3[3] -> 2[2] via P2P/IPC
[1,0]<stdout>:a2ap-dgx025:2308312:2324419 [3] NCCL INFO Channel 06/0 : 3[3] -> 2[2] via P2P/IPC
[1,0]<stdout>:a2ap-dgx025:2308314:2324421 [5] NCCL INFO Channel 07/0 : 5[4] -> 4[5] via P2P/IPC
[1,0]<stdout>:a2ap-dgx025:2308316:2324416 [7] NCCL INFO Channel 01/0 : 7[7] -> 1[0] via P2P/IPC
[1,0]<stdout>:a2ap-dgx025:2308312:2324419 [3] NCCL INFO Channel 08/0 : 3[3] -> 2[2] via P2P/IPC
[1,0]<stdout>:a2ap-dgx025:2308312:2324419 [3] NCCL INFO Channel 12/0 : 3[3] -> 2[2] via P2P/IPC
[1,0]<stdout>:a2ap-dgx025:2308314:2324421 [5] NCCL INFO Channel 09/0 : 5[4] -> 4[5] via P2P/IPC
[1,0]<stdout>:a2ap-dgx025:2308312:2324419 [3] NCCL INFO Channel 14/0 : 3[3] -> 2[2] via P2P/IPC
[1,0]<stdout>:a2ap-dgx025:2308314:2324421 [5] NCCL INFO Channel 11/0 : 5[4] -> 4[5] via P2P/IPC
[1,0]<stdout>:a2ap-dgx025:2308316:2324416 [7] NCCL INFO Channel 03/0 : 7[7] -> 1[0] via P2P/IPC
[1,0]<stdout>:a2ap-dgx025:2308316:2324416 [7] NCCL INFO Channel 05/0 : 7[7] -> 1[0] via P2P/IPC
[1,0]<stdout>:a2ap-dgx025:2308314:2324421 [5] NCCL INFO Channel 15/0 : 5[4] -> 4[5] via P2P/IPC
[1,0]<stdout>:a2ap-dgx025:2308316:2324416 [7] NCCL INFO Channel 07/0 : 7[7] -> 1[0] via P2P/IPC
[1,0]<stdout>:a2ap-dgx025:2308316:2324416 [7] NCCL INFO Channel 09/0 : 7[7] -> 1[0] via P2P/IPC
[1,0]<stdout>:a2ap-dgx025:2308316:2324416 [7] NCCL INFO Channel 11/0 : 7[7] -> 1[0] via P2P/IPC
[1,0]<stdout>:a2ap-dgx025:2308316:2324416 [7] NCCL INFO Channel 13/0 : 7[7] -> 1[0] via P2P/IPC
[1,0]<stdout>:a2ap-dgx025:2308316:2324416 [7] NCCL INFO Channel 15/0 : 7[7] -> 1[0] via P2P/IPC
[1,0]<stdout>:a2ap-dgx025:2308310:2324422 [1] NCCL INFO Channel 03/0 : 1[0] -> 0[1] via P2P/IPC
[1,0]<stdout>:a2ap-dgx025:2308316:2324416 [7] NCCL INFO Channel 00/0 : 7[7] -> 6[6] via P2P/IPC
[1,0]<stdout>:a2ap-dgx025:2308316:2324416 [7] NCCL INFO Channel 02/0 : 7[7] -> 6[6] via P2P/IPC
[1,0]<stdout>:a2ap-dgx025:2308310:2324422 [1] NCCL INFO Channel 05/0 : 1[0] -> 0[1] via P2P/IPC
[1,0]<stdout>:a2ap-dgx025:2308310:2324422 [1] NCCL INFO Channel 07/0 : 1[0] -> 0[1] via P2P/IPC
[1,0]<stdout>:a2ap-dgx025:2308316:2324416 [7] NCCL INFO Channel 04/0 : 7[7] -> 6[6] via P2P/IPC
[1,0]<stdout>:a2ap-dgx025:2308310:2324422 [1] NCCL INFO Channel 11/0 : 1[0] -> 0[1] via P2P/IPC
[1,0]<stdout>:a2ap-dgx025:2308316:2324416 [7] NCCL INFO Channel 08/0 : 7[7] -> 6[6] via P2P/IPC
[1,0]<stdout>:a2ap-dgx025:2308310:2324422 [1] NCCL INFO Channel 13/0 : 1[0] -> 0[1] via P2P/IPC
[1,0]<stdout>:a2ap-dgx025:2308310:2324422 [1] NCCL INFO Channel 15/0 : 1[0] -> 0[1] via P2P/IPC
[1,0]<stdout>:a2ap-dgx025:2308316:2324416 [7] NCCL INFO Channel 10/0 : 7[7] -> 6[6] via P2P/IPC
[1,0]<stdout>:a2ap-dgx025:2308316:2324416 [7] NCCL INFO Channel 12/0 : 7[7] -> 6[6] via P2P/IPC
[1,0]<stdout>:a2ap-dgx025:2308316:2324416 [7] NCCL INFO Connected all rings, use ring PXN 0 GDR 1
[1,0]<stdout>:a2ap-dgx025:2308315:2324420 [6] NCCL INFO Connected all rings, use ring PXN 0 GDR 1
[1,0]<stdout>:a2ap-dgx025:2308314:2324421 [5] NCCL INFO Connected all rings, use ring PXN 0 GDR 1
[1,0]<stdout>:a2ap-dgx025:2308310:2324422 [1] NCCL INFO Connected all rings, use ring PXN 0 GDR 1
[1,0]<stdout>:a2ap-dgx025:2308311:2324418 [2] NCCL INFO Connected all rings, use ring PXN 0 GDR 1
[1,0]<stdout>:a2ap-dgx025:2308313:2324417 [4] NCCL INFO Connected all rings, use ring PXN 0 GDR 1
[1,0]<stdout>:a2ap-dgx025:2308309:2324415 [0] NCCL INFO Connected all rings, use ring PXN 0 GDR 1
[1,0]<stdout>:a2ap-dgx025:2308315:2324420 [6] NCCL INFO Channel 00/0 : 6[6] -> 7[7] via P2P/IPC
[1,0]<stdout>:a2ap-dgx025:2308312:2324419 [3] NCCL INFO Connected all rings, use ring PXN 0 GDR 1
[1,0]<stdout>:a2ap-dgx025:2308313:2324417 [4] NCCL INFO Channel 01/0 : 4[5] -> 5[4] via P2P/IPC
[1,0]<stdout>:a2ap-dgx025:2308311:2324418 [2] NCCL INFO Channel 00/0 : 2[2] -> 3[3] via P2P/IPC
[1,0]<stdout>:a2ap-dgx025:2308309:2324415 [0] NCCL INFO Channel 00/0 : 0[1] -> 1[0] via P2P/IPC
[1,0]<stdout>:a2ap-dgx025:2308313:2324417 [4] NCCL INFO Channel 03/0 : 4[5] -> 5[4] via P2P/IPC
[1,0]<stdout>:a2ap-dgx025:2308309:2324415 [0] NCCL INFO Channel 03/0 : 0[1] -> 1[0] via P2P/IPC
[1,0]<stdout>:a2ap-dgx025:2308311:2324418 [2] NCCL INFO Channel 02/0 : 2[2] -> 3[3] via P2P/IPC
[1,0]<stdout>:a2ap-dgx025:2308313:2324417 [4] NCCL INFO Channel 04/0 : 4[5] -> 5[4] via P2P/IPC
[1,0]<stdout>:a2ap-dgx025:2308309:2324415 [0] NCCL INFO Channel 05/0 : 0[1] -> 1[0] via P2P/IPC
[1,0]<stdout>:a2ap-dgx025:2308311:2324418 [2] NCCL INFO Channel 04/0 : 2[2] -> 3[3] via P2P/IPC
[1,0]<stdout>:a2ap-dgx025:2308313:2324417 [4] NCCL INFO Channel 07/0 : 4[5] -> 5[4] via P2P/IPC
[1,0]<stdout>:a2ap-dgx025:2308309:2324415 [0] NCCL INFO Channel 07/0 : 0[1] -> 1[0] via P2P/IPC
[1,0]<stdout>:a2ap-dgx025:2308311:2324418 [2] NCCL INFO Channel 06/0 : 2[2] -> 3[3] via P2P/IPC
[1,0]<stdout>:a2ap-dgx025:2308313:2324417 [4] NCCL INFO Channel 09/0 : 4[5] -> 5[4] via P2P/IPC
[1,0]<stdout>:a2ap-dgx025:2308309:2324415 [0] NCCL INFO Channel 08/0 : 0[1] -> 1[0] via P2P/IPC
[1,0]<stdout>:a2ap-dgx025:2308311:2324418 [2] NCCL INFO Channel 08/0 : 2[2] -> 3[3] via P2P/IPC
[1,0]<stdout>:a2ap-dgx025:2308315:2324420 [6] NCCL INFO Channel 02/0 : 6[6] -> 7[7] via P2P/IPC
[1,0]<stdout>:a2ap-dgx025:2308309:2324415 [0] NCCL INFO Channel 11/0 : 0[1] -> 1[0] via P2P/IPC
[1,0]<stdout>:a2ap-dgx025:2308311:2324418 [2] NCCL INFO Channel 10/0 : 2[2] -> 3[3] via P2P/IPC
[1,0]<stdout>:a2ap-dgx025:2308309:2324415 [0] NCCL INFO Channel 13/0 : 0[1] -> 1[0] via P2P/IPC
[1,0]<stdout>:a2ap-dgx025:2308311:2324418 [2] NCCL INFO Channel 12/0 : 2[2] -> 3[3] via P2P/IPC
[1,0]<stdout>:a2ap-dgx025:2308309:2324415 [0] NCCL INFO Channel 15/0 : 0[1] -> 1[0] via P2P/IPC
[1,0]<stdout>:a2ap-dgx025:2308311:2324418 [2] NCCL INFO Channel 14/0 : 2[2] -> 3[3] via P2P/IPC
[1,0]<stdout>:a2ap-dgx025:2308313:2324417 [4] NCCL INFO Channel 11/0 : 4[5] -> 5[4] via P2P/IPC
[1,0]<stdout>:a2ap-dgx025:2308312:2324419 [3] NCCL INFO Channel 00/0 : 3[3] -> 5[4] via P2P/IPC
[1,0]<stdout>:a2ap-dgx025:2308315:2324420 [6] NCCL INFO Channel 04/0 : 6[6] -> 7[7] via P2P/IPC
[1,0]<stdout>:a2ap-dgx025:2308313:2324417 [4] NCCL INFO Channel 12/0 : 4[5] -> 5[4] via P2P/IPC
[1,0]<stdout>:a2ap-dgx025:2308315:2324420 [6] NCCL INFO Channel 06/0 : 6[6] -> 7[7] via P2P/IPC
[1,0]<stdout>:a2ap-dgx025:2308313:2324417 [4] NCCL INFO Channel 15/0 : 4[5] -> 5[4] via P2P/IPC
[1,0]<stdout>:a2ap-dgx025:2308315:2324420 [6] NCCL INFO Channel 08/0 : 6[6] -> 7[7] via P2P/IPC
[1,0]<stdout>:a2ap-dgx025:2308315:2324420 [6] NCCL INFO Channel 10/0 : 6[6] -> 7[7] via P2P/IPC
[1,0]<stdout>:a2ap-dgx025:2308315:2324420 [6] NCCL INFO Channel 12/0 : 6[6] -> 7[7] via P2P/IPC
[1,0]<stdout>:a2ap-dgx025:2308315:2324420 [6] NCCL INFO Channel 14/0 : 6[6] -> 7[7] via P2P/IPC
[1,0]<stdout>:a2ap-dgx025:2308313:2324417 [4] NCCL INFO Channel 00/0 : 4[5] -> 6[6] via P2P/IPC
[1,0]<stdout>:a2ap-dgx025:2308313:2324417 [4] NCCL INFO Channel 02/0 : 4[5] -> 6[6] via P2P/IPC
[1,0]<stdout>:a2ap-dgx025:2308313:2324417 [4] NCCL INFO Channel 04/0 : 4[5] -> 6[6] via P2P/IPC
[1,0]<stdout>:a2ap-dgx025:2308313:2324417 [4] NCCL INFO Channel 08/0 : 4[5] -> 6[6] via P2P/IPC
[1,0]<stdout>:a2ap-dgx025:2308310:2324422 [1] NCCL INFO Channel 01/0 : 1[0] -> 7[7] via P2P/IPC
[1,0]<stdout>:a2ap-dgx025:2308309:2324415 [0] NCCL INFO Channel 00/0 : 0[1] -> 2[2] via P2P/IPC
[1,0]<stdout>:a2ap-dgx025:2308313:2324417 [4] NCCL INFO Channel 10/0 : 4[5] -> 6[6] via P2P/IPC
[1,0]<stdout>:a2ap-dgx025:2308310:2324422 [1] NCCL INFO Channel 03/0 : 1[0] -> 7[7] via P2P/IPC
[1,0]<stdout>:a2ap-dgx025:2308309:2324415 [0] NCCL INFO Channel 04/0 : 0[1] -> 2[2] via P2P/IPC
[1,0]<stdout>:a2ap-dgx025:2308312:2324419 [3] NCCL INFO Channel 02/0 : 3[3] -> 5[4] via P2P/IPC
[1,0]<stdout>:a2ap-dgx025:2308313:2324417 [4] NCCL INFO Channel 12/0 : 4[5] -> 6[6] via P2P/IPC
[1,0]<stdout>:a2ap-dgx025:2308313:2324417 [4] NCCL INFO Channel 05/0 : 4[5] -> 13[5] [send] via NET/IB/9/GDRDMA
[1,0]<stdout>:a2ap-dgx025:2308315:2324420 [6] NCCL INFO Channel 06/0 : 6[6] -> 14[6] [send] via NET/IB/10/GDRDMA
[1,0]<stdout>:a2ap-dgx025:2308309:2324415 [0] NCCL INFO Channel 06/0 : 0[1] -> 2[2] via P2P/IPC
[1,0]<stdout>:a2ap-dgx025:2308313:2324417 [4] NCCL INFO Channel 13/0 : 4[5] -> 13[5] [send] via NET/IB/9/GDRDMA
[1,0]<stdout>:a2ap-dgx025:2308315:2324420 [6] NCCL INFO Channel 14/0 : 6[6] -> 14[6] [send] via NET/IB/10/GDRDMA
[1,0]<stdout>:a2ap-dgx025:2308310:2324422 [1] NCCL INFO Channel 05/0 : 1[0] -> 7[7] via P2P/IPC
[1,0]<stdout>:a2ap-dgx025:2308312:2324419 [3] NCCL INFO Channel 06/0 : 3[3] -> 5[4] via P2P/IPC
[1,0]<stdout>:a2ap-dgx025:2308310:2324422 [1] NCCL INFO Channel 07/0 : 1[0] -> 7[7] via P2P/IPC
[1,0]<stdout>:a2ap-dgx025:2308309:2324415 [0] NCCL INFO Channel 08/0 : 0[1] -> 2[2] via P2P/IPC
[1,0]<stdout>:a2ap-dgx025:2308312:2324419 [3] NCCL INFO Channel 08/0 : 3[3] -> 5[4] via P2P/IPC
[1,0]<stdout>:a2ap-dgx025:2308310:2324422 [1] NCCL INFO Channel 09/0 : 1[0] -> 7[7] via P2P/IPC
[1,0]<stdout>:a2ap-dgx025:2308312:2324419 [3] NCCL INFO Channel 10/0 : 3[3] -> 5[4] via P2P/IPC
[1,0]<stdout>:a2ap-dgx025:2308315:2324420 [6] NCCL INFO Channel 01/0 : 6[6] -> 4[5] via P2P/IPC
[1,0]<stdout>:a2ap-dgx025:2308312:2324419 [3] NCCL INFO Channel 14/0 : 3[3] -> 5[4] via P2P/IPC
[1,0]<stdout>:a2ap-dgx025:2308315:2324420 [6] NCCL INFO Channel 03/0 : 6[6] -> 4[5] via P2P/IPC
[1,0]<stdout>:a2ap-dgx025:2308315:2324420 [6] NCCL INFO Channel 05/0 : 6[6] -> 4[5] via P2P/IPC
[1,0]<stdout>:a2ap-dgx025:2308312:2324419 [3] NCCL INFO Channel 03/0 : 3[3] -> 11[3] [send] via NET/IB/5/GDRDMA
[1,0]<stdout>:a2ap-dgx025:2308310:2324422 [1] NCCL INFO Channel 11/0 : 1[0] -> 7[7] via P2P/IPC
[1,0]<stdout>:a2ap-dgx025:2308309:2324415 [0] NCCL INFO Channel 12/0 : 0[1] -> 2[2] via P2P/IPC
[1,0]<stdout>:a2ap-dgx025:2308312:2324419 [3] NCCL INFO Channel 11/0 : 3[3] -> 11[3] [send] via NET/IB/5/GDRDMA
[1,0]<stdout>:a2ap-dgx025:2308314:2324421 [5] NCCL INFO Channel 04/0 : 5[4] -> 12[4] [send] via NET/IB/6/GDRDMA
[1,0]<stdout>:a2ap-dgx025:2308314:2324421 [5] NCCL INFO Channel 12/0 : 5[4] -> 12[4] [send] via NET/IB/6/GDRDMA
[1,0]<stdout>:a2ap-dgx025:2308314:2324421 [5] NCCL INFO Channel 01/0 : 5[4] -> 3[3] via P2P/IPC
[1,0]<stdout>:a2ap-dgx025:2308315:2324420 [6] NCCL INFO Channel 07/0 : 6[6] -> 4[5] via P2P/IPC
[1,0]<stdout>:a2ap-dgx025:2308310:2324422 [1] NCCL INFO Channel 13/0 : 1[0] -> 7[7] via P2P/IPC
[1,0]<stdout>:a2ap-dgx025:2308309:2324415 [0] NCCL INFO Channel 14/0 : 0[1] -> 2[2] via P2P/IPC
[1,0]<stdout>:a2ap-dgx025:2308314:2324421 [5] NCCL INFO Channel 03/0 : 5[4] -> 3[3] via P2P/IPC
[1,0]<stdout>:a2ap-dgx025:2308315:2324420 [6] NCCL INFO Channel 09/0 : 6[6] -> 4[5] via P2P/IPC
[1,0]<stdout>:a2ap-dgx025:2308310:2324422 [1] NCCL INFO Channel 15/0 : 1[0] -> 7[7] via P2P/IPC
[1,0]<stdout>:a2ap-dgx025:2308309:2324415 [0] NCCL INFO Channel 01/0 : 0[1] -> 9[1] [send] via NET/IB/3/GDRDMA
[1,0]<stdout>:a2ap-dgx025:2308311:2324418 [2] NCCL INFO Channel 02/0 : 2[2] -> 10[2] [send] via NET/IB/4/GDRDMA
[1,0]<stdout>:a2ap-dgx025:2308309:2324415 [0] NCCL INFO Channel 09/0 : 0[1] -> 9[1] [send] via NET/IB/3/GDRDMA
[1,0]<stdout>:a2ap-dgx025:2308311:2324418 [2] NCCL INFO Channel 10/0 : 2[2] -> 10[2] [send] via NET/IB/4/GDRDMA
[1,0]<stdout>:a2ap-dgx025:2308314:2324421 [5] NCCL INFO Channel 05/0 : 5[4] -> 3[3] via P2P/IPC
[1,0]<stdout>:a2ap-dgx025:2308315:2324420 [6] NCCL INFO Channel 11/0 : 6[6] -> 4[5] via P2P/IPC
[1,0]<stdout>:a2ap-dgx025:2308310:2324422 [1] NCCL INFO Channel 00/0 : 1[0] -> 8[0] [send] via NET/IB/0/GDRDMA
[1,0]<stdout>:a2ap-dgx025:2308310:2324422 [1] NCCL INFO Channel 08/0 : 1[0] -> 8[0] [send] via NET/IB/0/GDRDMA
[1,0]<stdout>:a2ap-dgx025:2308316:2324416 [7] NCCL INFO Channel 07/0 : 7[7] -> 15[7] [send] via NET/IB/11/GDRDMA
[1,0]<stdout>:a2ap-dgx025:2308316:2324416 [7] NCCL INFO Channel 15/0 : 7[7] -> 15[7] [send] via NET/IB/11/GDRDMA
[1,0]<stdout>:a2ap-dgx025:2308314:2324421 [5] NCCL INFO Channel 07/0 : 5[4] -> 3[3] via P2P/IPC
[1,0]<stdout>:a2ap-dgx025:2308315:2324420 [6] NCCL INFO Channel 13/0 : 6[6] -> 4[5] via P2P/IPC
[1,0]<stdout>:a2ap-dgx025:2308314:2324421 [5] NCCL INFO Channel 09/0 : 5[4] -> 3[3] via P2P/IPC
[1,0]<stdout>:a2ap-dgx025:2308315:2324420 [6] NCCL INFO Channel 15/0 : 6[6] -> 4[5] via P2P/IPC
[1,0]<stdout>:a2ap-dgx025:2308311:2324418 [2] NCCL INFO Channel 01/0 : 2[2] -> 0[1] via P2P/IPC
[1,0]<stdout>:a2ap-dgx025:2308314:2324421 [5] NCCL INFO Channel 11/0 : 5[4] -> 3[3] via P2P/IPC
[1,0]<stdout>:a2ap-dgx025:2308311:2324418 [2] NCCL INFO Channel 03/0 : 2[2] -> 0[1] via P2P/IPC
[1,0]<stdout>:a2ap-dgx025:2308314:2324421 [5] NCCL INFO Channel 13/0 : 5[4] -> 3[3] via P2P/IPC
[1,0]<stdout>:a2ap-dgx025:2308311:2324418 [2] NCCL INFO Channel 05/0 : 2[2] -> 0[1] via P2P/IPC
[1,0]<stdout>:a2ap-dgx025:2308314:2324421 [5] NCCL INFO Channel 15/0 : 5[4] -> 3[3] via P2P/IPC
[1,0]<stdout>:a2ap-dgx025:2308311:2324418 [2] NCCL INFO Channel 07/0 : 2[2] -> 0[1] via P2P/IPC
[1,0]<stdout>:a2ap-dgx025:2308311:2324418 [2] NCCL INFO Channel 09/0 : 2[2] -> 0[1] via P2P/IPC
[1,0]<stdout>:a2ap-dgx025:2308312:2324419 [3] NCCL INFO Channel 01/0 : 3[3] -> 2[2] via P2P/IPC
[1,0]<stdout>:a2ap-dgx025:2308311:2324418 [2] NCCL INFO Channel 11/0 : 2[2] -> 0[1] via P2P/IPC
[1,0]<stdout>:a2ap-dgx025:2308312:2324419 [3] NCCL INFO Channel 02/0 : 3[3] -> 2[2] via P2P/IPC
[1,0]<stdout>:a2ap-dgx025:2308311:2324418 [2] NCCL INFO Channel 13/0 : 2[2] -> 0[1] via P2P/IPC
[1,0]<stdout>:a2ap-dgx025:2308312:2324419 [3] NCCL INFO Channel 05/0 : 3[3] -> 2[2] via P2P/IPC
[1,0]<stdout>:a2ap-dgx025:2308311:2324418 [2] NCCL INFO Channel 15/0 : 2[2] -> 0[1] via P2P/IPC
[1,0]<stdout>:a2ap-dgx025:2308314:2324421 [5] NCCL INFO Channel 00/0 : 5[4] -> 4[5] via P2P/IPC
[1,0]<stdout>:a2ap-dgx025:2308312:2324419 [3] NCCL INFO Channel 07/0 : 3[3] -> 2[2] via P2P/IPC
[1,0]<stdout>:a2ap-dgx025:2308314:2324421 [5] NCCL INFO Channel 02/0 : 5[4] -> 4[5] via P2P/IPC
[1,0]<stdout>:a2ap-dgx025:2308312:2324419 [3] NCCL INFO Channel 09/0 : 3[3] -> 2[2] via P2P/IPC
[1,0]<stdout>:a2ap-dgx025:2308314:2324421 [5] NCCL INFO Channel 04/0 : 5[4] -> 4[5] via P2P/IPC
[1,0]<stdout>:a2ap-dgx025:2308314:2324421 [5] NCCL INFO Channel 06/0 : 5[4] -> 4[5] via P2P/IPC
[1,0]<stdout>:a2ap-dgx025:2308312:2324419 [3] NCCL INFO Channel 10/0 : 3[3] -> 2[2] via P2P/IPC
[1,0]<stdout>:a2ap-dgx025:2308314:2324421 [5] NCCL INFO Channel 08/0 : 5[4] -> 4[5] via P2P/IPC
[1,0]<stdout>:a2ap-dgx025:2308312:2324419 [3] NCCL INFO Channel 13/0 : 3[3] -> 2[2] via P2P/IPC
[1,0]<stdout>:a2ap-dgx025:2308314:2324421 [5] NCCL INFO Channel 10/0 : 5[4] -> 4[5] via P2P/IPC
[1,0]<stdout>:a2ap-dgx025:2308312:2324419 [3] NCCL INFO Channel 15/0 : 3[3] -> 2[2] via P2P/IPC
[1,0]<stdout>:a2ap-dgx025:2308314:2324421 [5] NCCL INFO Channel 12/0 : 5[4] -> 4[5] via P2P/IPC
[1,0]<stdout>:a2ap-dgx025:2308314:2324421 [5] NCCL INFO Channel 14/0 : 5[4] -> 4[5] via P2P/IPC
[1,0]<stdout>:a2ap-dgx025:2308316:2324416 [7] NCCL INFO Channel 02/0 : 7[7] -> 1[0] via P2P/IPC
[1,0]<stdout>:a2ap-dgx025:2308316:2324416 [7] NCCL INFO Channel 04/0 : 7[7] -> 1[0] via P2P/IPC
[1,0]<stdout>:a2ap-dgx025:2308316:2324416 [7] NCCL INFO Channel 06/0 : 7[7] -> 1[0] via P2P/IPC
[1,0]<stdout>:a2ap-dgx025:2308316:2324416 [7] NCCL INFO Channel 10/0 : 7[7] -> 1[0] via P2P/IPC
[1,0]<stdout>:a2ap-dgx025:2308316:2324416 [7] NCCL INFO Channel 12/0 : 7[7] -> 1[0] via P2P/IPC
[1,0]<stdout>:a2ap-dgx025:2308316:2324416 [7] NCCL INFO Channel 14/0 : 7[7] -> 1[0] via P2P/IPC
[1,0]<stdout>:a2ap-dgx025:2308310:2324422 [1] NCCL INFO Channel 00/0 : 1[0] -> 0[1] via P2P/IPC
[1,0]<stdout>:a2ap-dgx025:2308316:2324416 [7] NCCL INFO Channel 01/0 : 7[7] -> 6[6] via P2P/IPC
[1,0]<stdout>:a2ap-dgx025:2308316:2324416 [7] NCCL INFO Channel 03/0 : 7[7] -> 6[6] via P2P/IPC
[1,0]<stdout>:a2ap-dgx025:2308310:2324422 [1] NCCL INFO Channel 02/0 : 1[0] -> 0[1] via P2P/IPC
[1,0]<stdout>:a2ap-dgx025:2308316:2324416 [7] NCCL INFO Channel 05/0 : 7[7] -> 6[6] via P2P/IPC
[1,0]<stdout>:a2ap-dgx025:2308316:2324416 [7] NCCL INFO Channel 06/0 : 7[7] -> 6[6] via P2P/IPC
[1,0]<stdout>:a2ap-dgx025:2308316:2324416 [7] NCCL INFO Channel 09/0 : 7[7] -> 6[6] via P2P/IPC
[1,0]<stdout>:a2ap-dgx025:2308310:2324422 [1] NCCL INFO Channel 04/0 : 1[0] -> 0[1] via P2P/IPC
[1,0]<stdout>:a2ap-dgx025:2308316:2324416 [7] NCCL INFO Channel 11/0 : 7[7] -> 6[6] via P2P/IPC
[1,0]<stdout>:a2ap-dgx025:2308316:2324416 [7] NCCL INFO Channel 13/0 : 7[7] -> 6[6] via P2P/IPC
[1,0]<stdout>:a2ap-dgx025:2308316:2324416 [7] NCCL INFO Channel 14/0 : 7[7] -> 6[6] via P2P/IPC
[1,0]<stdout>:a2ap-dgx025:2308310:2324422 [1] NCCL INFO Channel 06/0 : 1[0] -> 0[1] via P2P/IPC
[1,0]<stdout>:a2ap-dgx025:2308310:2324422 [1] NCCL INFO Channel 08/0 : 1[0] -> 0[1] via P2P/IPC
[1,0]<stdout>:a2ap-dgx025:2308310:2324422 [1] NCCL INFO Channel 10/0 : 1[0] -> 0[1] via P2P/IPC
[1,0]<stdout>:a2ap-dgx025:2308310:2324422 [1] NCCL INFO Channel 12/0 : 1[0] -> 0[1] via P2P/IPC
[1,0]<stdout>:a2ap-dgx025:2308310:2324422 [1] NCCL INFO Channel 14/0 : 1[0] -> 0[1] via P2P/IPC
[1,0]<stdout>:a2ap-dgx025:2308312:2324419 [3] NCCL INFO Connected all trees
[1,0]<stdout>:a2ap-dgx025:2308311:2324418 [2] NCCL INFO Connected all trees
[1,0]<stdout>:a2ap-dgx025:2308310:2324422 [1] NCCL INFO Connected all trees
[1,0]<stdout>:a2ap-dgx025:2308315:2324420 [6] NCCL INFO Connected all trees
[1,0]<stdout>:a2ap-dgx025:2308313:2324417 [4] NCCL INFO Connected all trees
[1,0]<stdout>:a2ap-dgx025:2308314:2324421 [5] NCCL INFO Connected all trees
[1,0]<stdout>:a2ap-dgx025:2308316:2324416 [7] NCCL INFO Connected all trees
[1,0]<stdout>:a2ap-dgx025:2308309:2324415 [0] NCCL INFO Connected all trees
[1,0]<stdout>:a2ap-dgx025:2308311:2324418 [2] NCCL INFO threadThresholds 8/8/64 | 128/8/64 | 512 | 512
[1,0]<stdout>:a2ap-dgx025:2308311:2324418 [2] NCCL INFO 16 coll channels, 16 collnet channels, 0 nvls channels, 16 p2p channels, 2 p2p channels per peer
[1,0]<stdout>:a2ap-dgx025:2308312:2324419 [3] NCCL INFO threadThresholds 8/8/64 | 128/8/64 | 512 | 512
[1,0]<stdout>:a2ap-dgx025:2308312:2324419 [3] NCCL INFO 16 coll channels, 16 collnet channels, 0 nvls channels, 16 p2p channels, 2 p2p channels per peer
[1,0]<stdout>:a2ap-dgx025:2308309:2324415 [0] NCCL INFO threadThresholds 8/8/64 | 128/8/64 | 512 | 512
[1,0]<stdout>:a2ap-dgx025:2308309:2324415 [0] NCCL INFO 16 coll channels, 16 collnet channels, 0 nvls channels, 16 p2p channels, 2 p2p channels per peer
[1,0]<stdout>:a2ap-dgx025:2308309:2324415 [0] NCCL INFO CC Off, workFifoBytes 1048576
[1,0]<stdout>:a2ap-dgx025:2308315:2324420 [6] NCCL INFO threadThresholds 8/8/64 | 128/8/64 | 512 | 512
[1,0]<stdout>:a2ap-dgx025:2308315:2324420 [6] NCCL INFO 16 coll channels, 16 collnet channels, 0 nvls channels, 16 p2p channels, 2 p2p channels per peer
[1,0]<stdout>:a2ap-dgx025:2308310:2324422 [1] NCCL INFO threadThresholds 8/8/64 | 128/8/64 | 512 | 512
[1,0]<stdout>:a2ap-dgx025:2308310:2324422 [1] NCCL INFO 16 coll channels, 16 collnet channels, 0 nvls channels, 16 p2p channels, 2 p2p channels per peer
[1,0]<stdout>:a2ap-dgx025:2308314:2324421 [5] NCCL INFO threadThresholds 8/8/64 | 128/8/64 | 512 | 512
[1,0]<stdout>:a2ap-dgx025:2308314:2324421 [5] NCCL INFO 16 coll channels, 16 collnet channels, 0 nvls channels, 16 p2p channels, 2 p2p channels per peer
[1,0]<stdout>:a2ap-dgx025:2308316:2324416 [7] NCCL INFO threadThresholds 8/8/64 | 128/8/64 | 512 | 512
[1,0]<stdout>:a2ap-dgx025:2308316:2324416 [7] NCCL INFO 16 coll channels, 16 collnet channels, 0 nvls channels, 16 p2p channels, 2 p2p channels per peer
[1,0]<stdout>:a2ap-dgx025:2308313:2324417 [4] NCCL INFO threadThresholds 8/8/64 | 128/8/64 | 512 | 512
[1,0]<stdout>:a2ap-dgx025:2308313:2324417 [4] NCCL INFO 16 coll channels, 16 collnet channels, 0 nvls channels, 16 p2p channels, 2 p2p channels per peer
[1,0]<stdout>:a2ap-dgx025:2308316:2324416 [7] NCCL INFO ncclCommInitRankConfig comm 0x7fe68c17e5c0 rank 7 nranks 16 cudaDev 7 nvmlDev 7 busId df000 commId 0xac6469b22f095766 - Init COMPLETE
[1,0]<stdout>:a2ap-dgx025:2308316:2324416 [7] NCCL INFO Init timings - ncclCommInitRankConfig: rank 7 nranks 16 total 2.76 (kernels 0.00, alloc 0.00, bootstrap 0.02, allgathers 0.03, topo 1.51, graphs 0.01, connections 1.19, rest 0.00)
[1,0]<stdout>:a2ap-dgx025:2308313:2324417 [4] NCCL INFO ncclCommInitRankConfig comm 0x7fe6b41885e0 rank 4 nranks 16 cudaDev 4 nvmlDev 5 busId c3000 commId 0xac6469b22f095766 - Init COMPLETE
[1,0]<stdout>:a2ap-dgx025:2308313:2324417 [4] NCCL INFO Init timings - ncclCommInitRankConfig: rank 4 nranks 16 total 2.76 (kernels 0.00, alloc 0.00, bootstrap 0.01, allgathers 0.03, topo 1.51, graphs 0.01, connections 1.19, rest 0.00)
[1,0]<stdout>:a2ap-dgx025:2308312:2324419 [3] NCCL INFO ncclCommInitRankConfig comm 0x7fe68c17f050 rank 3 nranks 16 cudaDev 3 nvmlDev 3 busId 61000 commId 0xac6469b22f095766 - Init COMPLETE
[1,0]<stdout>:a2ap-dgx025:2308309:2324415 [0] NCCL INFO ncclCommInitRankConfig comm 0x7fe678198b10 rank 0 nranks 16 cudaDev 0 nvmlDev 1 busId 43000 commId 0xac6469b22f095766 - Init COMPLETE
[1,0]<stdout>:a2ap-dgx025:2308312:2324419 [3] NCCL INFO Init timings - ncclCommInitRankConfig: rank 3 nranks 16 total 2.76 (kernels 0.00, alloc 0.00, bootstrap 0.01, allgathers 0.02, topo 1.52, graphs 0.01, connections 1.08, rest 0.11)
[1,0]<stdout>:a2ap-dgx025:2308309:2324415 [0] NCCL INFO Init timings - ncclCommInitRankConfig: rank 0 nranks 16 total 2.76 (kernels 0.00, alloc 0.01, bootstrap 0.01, allgathers 0.03, topo 1.51, graphs 0.01, connections 1.07, rest 0.12)
[1,0]<stdout>:a2ap-dgx025:2308315:2324420 [6] NCCL INFO ncclCommInitRankConfig comm 0x7fe698180c70 rank 6 nranks 16 cudaDev 6 nvmlDev 6 busId d1000 commId 0xac6469b22f095766 - Init COMPLETE
[1,0]<stdout>:a2ap-dgx025:2308311:2324418 [2] NCCL INFO ncclCommInitRankConfig comm 0x7fe6b01880d0 rank 2 nranks 16 cudaDev 2 nvmlDev 2 busId 52000 commId 0xac6469b22f095766 - Init COMPLETE
[1,0]<stdout>:a2ap-dgx025:2308315:2324420 [6] NCCL INFO Init timings - ncclCommInitRankConfig: rank 6 nranks 16 total 2.76 (kernels 0.00, alloc 0.00, bootstrap 0.01, allgathers 0.03, topo 1.51, graphs 0.01, connections 1.08, rest 0.11)
[1,0]<stdout>:a2ap-dgx025:2308311:2324418 [2] NCCL INFO Init timings - ncclCommInitRankConfig: rank 2 nranks 16 total 2.76 (kernels 0.00, alloc 0.00, bootstrap 0.01, allgathers 0.02, topo 1.52, graphs 0.01, connections 1.06, rest 0.13)
[1,0]<stdout>:a2ap-dgx025:2308310:2324422 [1] NCCL INFO ncclCommInitRankConfig comm 0x7fe6a4182400 rank 1 nranks 16 cudaDev 1 nvmlDev 0 busId 1b000 commId 0xac6469b22f095766 - Init COMPLETE
[1,0]<stdout>:a2ap-dgx025:2308314:2324421 [5] NCCL INFO ncclCommInitRankConfig comm 0x7fe6b4188b00 rank 5 nranks 16 cudaDev 5 nvmlDev 4 busId 9d000 commId 0xac6469b22f095766 - Init COMPLETE
[1,0]<stdout>:a2ap-dgx025:2308310:2324422 [1] NCCL INFO Init timings - ncclCommInitRankConfig: rank 1 nranks 16 total 2.75 (kernels 0.00, alloc 0.00, bootstrap 0.00, allgathers 0.03, topo 1.52, graphs 0.01, connections 1.10, rest 0.09)
[1,0]<stdout>:a2ap-dgx025:2308314:2324421 [5] NCCL INFO Init timings - ncclCommInitRankConfig: rank 5 nranks 16 total 2.76 (kernels 0.00, alloc 0.00, bootstrap 0.01, allgathers 0.03, topo 1.51, graphs 0.01, connections 1.18, rest 0.01)
[1,0]<stdout>:
[1,0]<stdout>:====== Offline Throughput Benchmark Result =======
[1,0]<stdout>:Backend:                                 engine    
[1,0]<stdout>:Successful requests:                     2000      
[1,0]<stdout>:Benchmark duration (s):                  149.83    
[1,0]<stdout>:Total input tokens:                      626729    
[1,0]<stdout>:Total generated tokens:                  388685    
[1,0]<stdout>:Last generation throughput (tok/s):      46.29     
[1,0]<stdout>:Request throughput (req/s):              13.35     
[1,0]<stdout>:Input token throughput (tok/s):          4182.89   
[1,0]<stdout>:Output token throughput (tok/s):         2594.15   
[1,0]<stdout>:Total token throughput (tok/s):          6777.04   
[1,0]<stdout>:==================================================
