[1,1]<stdout>:a2ap-dgx029:1034171:1034171 [0] NCCL INFO Channel 05/0 : 8[0] -> 9[1] via P2P/IPC
[1,1]<stdout>:a2ap-dgx029:1034171:1034171 [0] NCCL INFO Channel 07/0 : 8[0] -> 9[1] via P2P/IPC
[1,1]<stdout>:a2ap-dgx029:1034171:1034171 [0] NCCL INFO Channel 08/0 : 8[0] -> 9[1] via P2P/IPC
[1,1]<stdout>:a2ap-dgx029:1034171:1034171 [0] NCCL INFO Channel 11/0 : 8[0] -> 9[1] via P2P/IPC
[1,1]<stdout>:a2ap-dgx029:1034171:1034171 [0] NCCL INFO Channel 13/0 : 8[0] -> 9[1] via P2P/IPC
[1,1]<stdout>:a2ap-dgx029:1034171:1034171 [0] NCCL INFO Channel 15/0 : 8[0] -> 9[1] via P2P/IPC
[1,1]<stdout>:a2ap-dgx029:1034174:1034174 [3] NCCL INFO Channel 01/0 : 11[3] -> 12[4] via P2P/IPC
[1,1]<stdout>:a2ap-dgx029:1034174:1034174 [3] NCCL INFO Channel 03/0 : 11[3] -> 12[4] via P2P/IPC
[1,1]<stdout>:a2ap-dgx029:1034174:1034174 [3] NCCL INFO Channel 05/0 : 11[3] -> 12[4] via P2P/IPC
[1,1]<stdout>:a2ap-dgx029:1034172:1034172 [1] NCCL INFO Channel 01/0 : 9[1] -> 10[2] via P2P/IPC
[1,1]<stdout>:a2ap-dgx029:1034174:1034174 [3] NCCL INFO Channel 07/0 : 11[3] -> 12[4] via P2P/IPC
[1,1]<stdout>:a2ap-dgx029:1034172:1034172 [1] NCCL INFO Channel 03/0 : 9[1] -> 10[2] via P2P/IPC
[1,1]<stdout>:a2ap-dgx029:1034173:1034173 [2] NCCL INFO Channel 01/0 : 10[2] -> 11[3] via P2P/IPC
[1,1]<stdout>:a2ap-dgx029:1034174:1034174 [3] NCCL INFO Channel 09/0 : 11[3] -> 12[4] via P2P/IPC
[1,1]<stdout>:a2ap-dgx029:1034172:1034172 [1] NCCL INFO Channel 05/0 : 9[1] -> 10[2] via P2P/IPC
[1,1]<stdout>:a2ap-dgx029:1034173:1034173 [2] NCCL INFO Channel 02/0 : 10[2] -> 11[3] via P2P/IPC
[1,1]<stdout>:a2ap-dgx029:1034174:1034174 [3] NCCL INFO Channel 11/0 : 11[3] -> 12[4] via P2P/IPC
[1,1]<stdout>:a2ap-dgx029:1034172:1034172 [1] NCCL INFO Channel 07/0 : 9[1] -> 10[2] via P2P/IPC
[1,1]<stdout>:a2ap-dgx029:1034173:1034173 [2] NCCL INFO Channel 05/0 : 10[2] -> 11[3] via P2P/IPC
[1,1]<stdout>:a2ap-dgx029:1034172:1034172 [1] NCCL INFO Channel 09/0 : 9[1] -> 10[2] via P2P/IPC
[1,1]<stdout>:a2ap-dgx029:1034174:1034174 [3] NCCL INFO Channel 13/0 : 11[3] -> 12[4] via P2P/IPC
[1,1]<stdout>:a2ap-dgx029:1034173:1034173 [2] NCCL INFO Channel 07/0 : 10[2] -> 11[3] via P2P/IPC
[1,1]<stdout>:a2ap-dgx029:1034175:1034175 [4] NCCL INFO Channel 01/0 : 12[4] -> 13[5] via P2P/IPC
[1,1]<stdout>:a2ap-dgx029:1034172:1034172 [1] NCCL INFO Channel 11/0 : 9[1] -> 10[2] via P2P/IPC
[1,1]<stdout>:a2ap-dgx029:1034174:1034174 [3] NCCL INFO Channel 15/0 : 11[3] -> 12[4] via P2P/IPC
[1,1]<stdout>:a2ap-dgx029:1034173:1034173 [2] NCCL INFO Channel 09/0 : 10[2] -> 11[3] via P2P/IPC
[1,1]<stdout>:a2ap-dgx029:1034175:1034175 [4] NCCL INFO Channel 03/0 : 12[4] -> 13[5] via P2P/IPC
[1,1]<stdout>:a2ap-dgx029:1034172:1034172 [1] NCCL INFO Channel 13/0 : 9[1] -> 10[2] via P2P/IPC
[1,1]<stdout>:a2ap-dgx029:1034177:1034177 [6] NCCL INFO Channel 01/0 : 14[6] -> 15[7] via P2P/IPC
[1,1]<stdout>:a2ap-dgx029:1034173:1034173 [2] NCCL INFO Channel 10/0 : 10[2] -> 11[3] via P2P/IPC
[1,1]<stdout>:a2ap-dgx029:1034175:1034175 [4] NCCL INFO Channel 04/0 : 12[4] -> 13[5] via P2P/IPC
[1,1]<stdout>:a2ap-dgx029:1034172:1034172 [1] NCCL INFO Channel 15/0 : 9[1] -> 10[2] via P2P/IPC
[1,1]<stdout>:a2ap-dgx029:1034177:1034177 [6] NCCL INFO Channel 03/0 : 14[6] -> 15[7] via P2P/IPC
[1,1]<stdout>:a2ap-dgx029:1034173:1034173 [2] NCCL INFO Channel 13/0 : 10[2] -> 11[3] via P2P/IPC
[1,1]<stdout>:a2ap-dgx029:1034175:1034175 [4] NCCL INFO Channel 07/0 : 12[4] -> 13[5] via P2P/IPC
[1,1]<stdout>:a2ap-dgx029:1034177:1034177 [6] NCCL INFO Channel 05/0 : 14[6] -> 15[7] via P2P/IPC
[1,1]<stdout>:a2ap-dgx029:1034171:1034171 [0] NCCL INFO Channel 00/0 : 1[0] -> 8[0] [receive] via NET/IB/0/GDRDMA
[1,1]<stdout>:a2ap-dgx029:1034171:1034171 [0] NCCL INFO Channel 08/0 : 1[0] -> 8[0] [receive] via NET/IB/0/GDRDMA
[1,1]<stdout>:a2ap-dgx029:1034171:1034171 [0] NCCL INFO Channel 02/0 : 8[0] -> 15[7] via P2P/IPC
[1,1]<stdout>:a2ap-dgx029:1034173:1034173 [2] NCCL INFO Channel 15/0 : 10[2] -> 11[3] via P2P/IPC
[1,1]<stdout>:a2ap-dgx029:1034175:1034175 [4] NCCL INFO Channel 09/0 : 12[4] -> 13[5] via P2P/IPC
[1,1]<stdout>:a2ap-dgx029:1034177:1034177 [6] NCCL INFO Channel 06/0 : 14[6] -> 15[7] via P2P/IPC
[1,1]<stdout>:a2ap-dgx029:1034171:1034171 [0] NCCL INFO Channel 04/0 : 8[0] -> 15[7] via P2P/IPC
[1,1]<stdout>:a2ap-dgx029:1034171:1034171 [0] NCCL INFO Channel 06/0 : 8[0] -> 15[7] via P2P/IPC
[1,1]<stdout>:a2ap-dgx029:1034175:1034175 [4] NCCL INFO Channel 11/0 : 12[4] -> 13[5] via P2P/IPC
[1,1]<stdout>:a2ap-dgx029:1034172:1034172 [1] NCCL INFO Channel 01/0 : 0[1] -> 9[1] [receive] via NET/IB/3/GDRDMA
[1,1]<stdout>:a2ap-dgx029:1034177:1034177 [6] NCCL INFO Channel 09/0 : 14[6] -> 15[7] via P2P/IPC
[1,1]<stdout>:a2ap-dgx029:1034173:1034173 [2] NCCL INFO Channel 02/0 : 2[2] -> 10[2] [receive] via NET/IB/4/GDRDMA
[1,1]<stdout>:a2ap-dgx029:1034172:1034172 [1] NCCL INFO Channel 09/0 : 0[1] -> 9[1] [receive] via NET/IB/3/GDRDMA
[1,1]<stdout>:a2ap-dgx029:1034173:1034173 [2] NCCL INFO Channel 10/0 : 2[2] -> 10[2] [receive] via NET/IB/4/GDRDMA
[1,1]<stdout>:a2ap-dgx029:1034175:1034175 [4] NCCL INFO Channel 12/0 : 12[4] -> 13[5] via P2P/IPC
[1,1]<stdout>:a2ap-dgx029:1034171:1034171 [0] NCCL INFO Channel 10/0 : 8[0] -> 15[7] via P2P/IPC
[1,1]<stdout>:a2ap-dgx029:1034177:1034177 [6] NCCL INFO Channel 11/0 : 14[6] -> 15[7] via P2P/IPC
[1,1]<stdout>:a2ap-dgx029:1034175:1034175 [4] NCCL INFO Channel 15/0 : 12[4] -> 13[5] via P2P/IPC
[1,1]<stdout>:a2ap-dgx029:1034171:1034171 [0] NCCL INFO Channel 12/0 : 8[0] -> 15[7] via P2P/IPC
[1,1]<stdout>:a2ap-dgx029:1034177:1034177 [6] NCCL INFO Channel 13/0 : 14[6] -> 15[7] via P2P/IPC
[1,1]<stdout>:a2ap-dgx029:1034174:1034174 [3] NCCL INFO Channel 03/0 : 3[3] -> 11[3] [receive] via NET/IB/5/GDRDMA
[1,1]<stdout>:a2ap-dgx029:1034174:1034174 [3] NCCL INFO Channel 11/0 : 3[3] -> 11[3] [receive] via NET/IB/5/GDRDMA
[1,1]<stdout>:a2ap-dgx029:1034171:1034171 [0] NCCL INFO Channel 14/0 : 8[0] -> 15[7] via P2P/IPC
[1,1]<stdout>:a2ap-dgx029:1034177:1034177 [6] NCCL INFO Channel 14/0 : 14[6] -> 15[7] via P2P/IPC
[1,1]<stdout>:a2ap-dgx029:1034176:1034176 [5] NCCL INFO Channel 01/0 : 13[5] -> 14[6] via P2P/IPC
[1,1]<stdout>:a2ap-dgx029:1034176:1034176 [5] NCCL INFO Channel 03/0 : 13[5] -> 14[6] via P2P/IPC
[1,1]<stdout>:a2ap-dgx029:1034176:1034176 [5] NCCL INFO Channel 05/0 : 13[5] -> 14[6] via P2P/IPC
[1,1]<stdout>:a2ap-dgx029:1034176:1034176 [5] NCCL INFO Channel 07/0 : 13[5] -> 14[6] via P2P/IPC
[1,1]<stdout>:a2ap-dgx029:1034172:1034172 [1] NCCL INFO Channel 00/0 : 9[1] -> 8[0] via P2P/IPC
[1,1]<stdout>:a2ap-dgx029:1034176:1034176 [5] NCCL INFO Channel 09/0 : 13[5] -> 14[6] via P2P/IPC
[1,1]<stdout>:a2ap-dgx029:1034172:1034172 [1] NCCL INFO Channel 02/0 : 9[1] -> 8[0] via P2P/IPC
[1,1]<stdout>:a2ap-dgx029:1034176:1034176 [5] NCCL INFO Channel 11/0 : 13[5] -> 14[6] via P2P/IPC
[1,1]<stdout>:a2ap-dgx029:1034172:1034172 [1] NCCL INFO Channel 04/0 : 9[1] -> 8[0] via P2P/IPC
[1,1]<stdout>:a2ap-dgx029:1034176:1034176 [5] NCCL INFO Channel 13/0 : 13[5] -> 14[6] via P2P/IPC
[1,1]<stdout>:a2ap-dgx029:1034172:1034172 [1] NCCL INFO Channel 06/0 : 9[1] -> 8[0] via P2P/IPC
[1,1]<stdout>:a2ap-dgx029:1034172:1034172 [1] NCCL INFO Channel 08/0 : 9[1] -> 8[0] via P2P/IPC
[1,1]<stdout>:a2ap-dgx029:1034176:1034176 [5] NCCL INFO Channel 15/0 : 13[5] -> 14[6] via P2P/IPC
[1,1]<stdout>:a2ap-dgx029:1034178:1034178 [7] NCCL INFO Channel 07/0 : 7[7] -> 15[7] [receive] via NET/IB/11/GDRDMA
[1,1]<stdout>:a2ap-dgx029:1034178:1034178 [7] NCCL INFO Channel 15/0 : 7[7] -> 15[7] [receive] via NET/IB/11/GDRDMA
[1,1]<stdout>:a2ap-dgx029:1034178:1034178 [7] NCCL INFO Channel 01/0 : 15[7] -> 8[0] via P2P/IPC
[1,1]<stdout>:a2ap-dgx029:1034173:1034173 [2] NCCL INFO Channel 00/0 : 10[2] -> 9[1] via P2P/IPC
[1,1]<stdout>:a2ap-dgx029:1034172:1034172 [1] NCCL INFO Channel 10/0 : 9[1] -> 8[0] via P2P/IPC
[1,1]<stdout>:a2ap-dgx029:1034178:1034178 [7] NCCL INFO Channel 03/0 : 15[7] -> 8[0] via P2P/IPC
[1,1]<stdout>:a2ap-dgx029:1034173:1034173 [2] NCCL INFO Channel 04/0 : 10[2] -> 9[1] via P2P/IPC
[1,1]<stdout>:a2ap-dgx029:1034172:1034172 [1] NCCL INFO Channel 12/0 : 9[1] -> 8[0] via P2P/IPC
[1,1]<stdout>:a2ap-dgx029:1034175:1034175 [4] NCCL INFO Channel 04/0 : 5[4] -> 12[4] [receive] via NET/IB/6/GDRDMA
[1,1]<stdout>:a2ap-dgx029:1034176:1034176 [5] NCCL INFO Channel 05/0 : 4[5] -> 13[5] [receive] via NET/IB/9/GDRDMA
[1,1]<stdout>:a2ap-dgx029:1034177:1034177 [6] NCCL INFO Channel 06/0 : 6[6] -> 14[6] [receive] via NET/IB/10/GDRDMA
[1,1]<stdout>:a2ap-dgx029:1034175:1034175 [4] NCCL INFO Channel 12/0 : 5[4] -> 12[4] [receive] via NET/IB/6/GDRDMA
[1,1]<stdout>:a2ap-dgx029:1034176:1034176 [5] NCCL INFO Channel 13/0 : 4[5] -> 13[5] [receive] via NET/IB/9/GDRDMA
[1,1]<stdout>:a2ap-dgx029:1034177:1034177 [6] NCCL INFO Channel 14/0 : 6[6] -> 14[6] [receive] via NET/IB/10/GDRDMA
[1,1]<stdout>:a2ap-dgx029:1034178:1034178 [7] NCCL INFO Channel 05/0 : 15[7] -> 8[0] via P2P/IPC
[1,1]<stdout>:a2ap-dgx029:1034173:1034173 [2] NCCL INFO Channel 06/0 : 10[2] -> 9[1] via P2P/IPC
[1,1]<stdout>:a2ap-dgx029:1034172:1034172 [1] NCCL INFO Channel 14/0 : 9[1] -> 8[0] via P2P/IPC
[1,1]<stdout>:a2ap-dgx029:1034178:1034178 [7] NCCL INFO Channel 07/0 : 15[7] -> 8[0] via P2P/IPC
[1,1]<stdout>:a2ap-dgx029:1034173:1034173 [2] NCCL INFO Channel 08/0 : 10[2] -> 9[1] via P2P/IPC
[1,1]<stdout>:a2ap-dgx029:1034178:1034178 [7] NCCL INFO Channel 09/0 : 15[7] -> 8[0] via P2P/IPC
[1,1]<stdout>:a2ap-dgx029:1034173:1034173 [2] NCCL INFO Channel 12/0 : 10[2] -> 9[1] via P2P/IPC
[1,1]<stdout>:a2ap-dgx029:1034178:1034178 [7] NCCL INFO Channel 11/0 : 15[7] -> 8[0] via P2P/IPC
[1,1]<stdout>:a2ap-dgx029:1034173:1034173 [2] NCCL INFO Channel 14/0 : 10[2] -> 9[1] via P2P/IPC
[1,1]<stdout>:a2ap-dgx029:1034178:1034178 [7] NCCL INFO Channel 13/0 : 15[7] -> 8[0] via P2P/IPC
[1,1]<stdout>:a2ap-dgx029:1034178:1034178 [7] NCCL INFO Channel 15/0 : 15[7] -> 8[0] via P2P/IPC
[1,1]<stdout>:a2ap-dgx029:1034176:1034176 [5] NCCL INFO Channel 00/0 : 13[5] -> 12[4] via P2P/IPC
[1,1]<stdout>:a2ap-dgx029:1034176:1034176 [5] NCCL INFO Channel 02/0 : 13[5] -> 12[4] via P2P/IPC
[1,1]<stdout>:a2ap-dgx029:1034174:1034174 [3] NCCL INFO Channel 00/0 : 11[3] -> 10[2] via P2P/IPC
[1,1]<stdout>:a2ap-dgx029:1034176:1034176 [5] NCCL INFO Channel 04/0 : 13[5] -> 12[4] via P2P/IPC
[1,1]<stdout>:a2ap-dgx029:1034178:1034178 [7] NCCL INFO Channel 00/0 : 15[7] -> 14[6] via P2P/IPC
[1,1]<stdout>:a2ap-dgx029:1034174:1034174 [3] NCCL INFO Channel 02/0 : 11[3] -> 10[2] via P2P/IPC
[1,1]<stdout>:a2ap-dgx029:1034178:1034178 [7] NCCL INFO Channel 02/0 : 15[7] -> 14[6] via P2P/IPC
[1,1]<stdout>:a2ap-dgx029:1034176:1034176 [5] NCCL INFO Channel 06/0 : 13[5] -> 12[4] via P2P/IPC
[1,1]<stdout>:a2ap-dgx029:1034174:1034174 [3] NCCL INFO Channel 04/0 : 11[3] -> 10[2] via P2P/IPC
[1,1]<stdout>:a2ap-dgx029:1034174:1034174 [3] NCCL INFO Channel 06/0 : 11[3] -> 10[2] via P2P/IPC
[1,1]<stdout>:a2ap-dgx029:1034178:1034178 [7] NCCL INFO Channel 04/0 : 15[7] -> 14[6] via P2P/IPC
[1,1]<stdout>:a2ap-dgx029:1034174:1034174 [3] NCCL INFO Channel 08/0 : 11[3] -> 10[2] via P2P/IPC
[1,1]<stdout>:a2ap-dgx029:1034175:1034175 [4] NCCL INFO Channel 00/0 : 12[4] -> 11[3] via P2P/IPC
[1,1]<stdout>:a2ap-dgx029:1034178:1034178 [7] NCCL INFO Channel 06/0 : 15[7] -> 14[6] via P2P/IPC
[1,1]<stdout>:a2ap-dgx029:1034174:1034174 [3] NCCL INFO Channel 10/0 : 11[3] -> 10[2] via P2P/IPC
[1,1]<stdout>:a2ap-dgx029:1034175:1034175 [4] NCCL INFO Channel 02/0 : 12[4] -> 11[3] via P2P/IPC
[1,1]<stdout>:a2ap-dgx029:1034178:1034178 [7] NCCL INFO Channel 08/0 : 15[7] -> 14[6] via P2P/IPC
[1,1]<stdout>:a2ap-dgx029:1034174:1034174 [3] NCCL INFO Channel 12/0 : 11[3] -> 10[2] via P2P/IPC
[1,1]<stdout>:a2ap-dgx029:1034175:1034175 [4] NCCL INFO Channel 06/0 : 12[4] -> 11[3] via P2P/IPC
[1,1]<stdout>:a2ap-dgx029:1034178:1034178 [7] NCCL INFO Channel 10/0 : 15[7] -> 14[6] via P2P/IPC
[1,1]<stdout>:a2ap-dgx029:1034174:1034174 [3] NCCL INFO Channel 14/0 : 11[3] -> 10[2] via P2P/IPC
[1,1]<stdout>:a2ap-dgx029:1034175:1034175 [4] NCCL INFO Channel 08/0 : 12[4] -> 11[3] via P2P/IPC
[1,1]<stdout>:a2ap-dgx029:1034178:1034178 [7] NCCL INFO Channel 12/0 : 15[7] -> 14[6] via P2P/IPC
[1,1]<stdout>:a2ap-dgx029:1034175:1034175 [4] NCCL INFO Channel 10/0 : 12[4] -> 11[3] via P2P/IPC
[1,1]<stdout>:a2ap-dgx029:1034178:1034178 [7] NCCL INFO Channel 14/0 : 15[7] -> 14[6] via P2P/IPC
[1,1]<stdout>:a2ap-dgx029:1034177:1034177 [6] NCCL INFO Channel 00/0 : 14[6] -> 13[5] via P2P/IPC
[1,1]<stdout>:a2ap-dgx029:1034176:1034176 [5] NCCL INFO Channel 08/0 : 13[5] -> 12[4] via P2P/IPC
[1,1]<stdout>:a2ap-dgx029:1034175:1034175 [4] NCCL INFO Channel 14/0 : 12[4] -> 11[3] via P2P/IPC
[1,1]<stdout>:a2ap-dgx029:1034176:1034176 [5] NCCL INFO Channel 10/0 : 13[5] -> 12[4] via P2P/IPC
[1,1]<stdout>:a2ap-dgx029:1034177:1034177 [6] NCCL INFO Channel 02/0 : 14[6] -> 13[5] via P2P/IPC
[1,1]<stdout>:a2ap-dgx029:1034177:1034177 [6] NCCL INFO Channel 04/0 : 14[6] -> 13[5] via P2P/IPC
[1,1]<stdout>:a2ap-dgx029:1034177:1034177 [6] NCCL INFO Channel 08/0 : 14[6] -> 13[5] via P2P/IPC
[1,1]<stdout>:a2ap-dgx029:1034177:1034177 [6] NCCL INFO Channel 10/0 : 14[6] -> 13[5] via P2P/IPC
[1,1]<stdout>:a2ap-dgx029:1034177:1034177 [6] NCCL INFO Channel 12/0 : 14[6] -> 13[5] via P2P/IPC
[1,1]<stdout>:a2ap-dgx029:1034176:1034176 [5] NCCL INFO Channel 12/0 : 13[5] -> 12[4] via P2P/IPC
[1,1]<stdout>:a2ap-dgx029:1034176:1034176 [5] NCCL INFO Channel 14/0 : 13[5] -> 12[4] via P2P/IPC
[1,1]<stdout>:a2ap-dgx029:1034175:1034175 [4] NCCL INFO Connected all trees
[1,1]<stdout>:a2ap-dgx029:1034176:1034176 [5] NCCL INFO Connected all trees
[1,1]<stdout>:a2ap-dgx029:1034177:1034177 [6] NCCL INFO Connected all trees
[1,1]<stdout>:a2ap-dgx029:1034178:1034178 [7] NCCL INFO Connected all trees
[1,1]<stdout>:a2ap-dgx029:1034174:1034174 [3] NCCL INFO Connected all trees
[1,1]<stdout>:a2ap-dgx029:1034175:1034175 [4] NCCL INFO threadThresholds 8/8/64 | 128/8/64 | 512 | 512
[1,1]<stdout>:a2ap-dgx029:1034175:1034175 [4] NCCL INFO 16 coll channels, 16 collnet channels, 0 nvls channels, 16 p2p channels, 2 p2p channels per peer
[1,1]<stdout>:a2ap-dgx029:1034176:1034176 [5] NCCL INFO threadThresholds 8/8/64 | 128/8/64 | 512 | 512
[1,1]<stdout>:a2ap-dgx029:1034176:1034176 [5] NCCL INFO 16 coll channels, 16 collnet channels, 0 nvls channels, 16 p2p channels, 2 p2p channels per peer
[1,1]<stdout>:a2ap-dgx029:1034171:1034171 [0] NCCL INFO Connected all trees
[1,1]<stdout>:a2ap-dgx029:1034172:1034172 [1] NCCL INFO Connected all trees
[1,1]<stdout>:a2ap-dgx029:1034173:1034173 [2] NCCL INFO Connected all trees
[1,1]<stdout>:a2ap-dgx029:1034177:1034177 [6] NCCL INFO threadThresholds 8/8/64 | 128/8/64 | 512 | 512
[1,1]<stdout>:a2ap-dgx029:1034177:1034177 [6] NCCL INFO 16 coll channels, 16 collnet channels, 0 nvls channels, 16 p2p channels, 2 p2p channels per peer
[1,1]<stdout>:a2ap-dgx029:1034172:1034172 [1] NCCL INFO threadThresholds 8/8/64 | 128/8/64 | 512 | 512
[1,1]<stdout>:a2ap-dgx029:1034172:1034172 [1] NCCL INFO 16 coll channels, 16 collnet channels, 0 nvls channels, 16 p2p channels, 2 p2p channels per peer
[1,1]<stdout>:a2ap-dgx029:1034174:1034174 [3] NCCL INFO threadThresholds 8/8/64 | 128/8/64 | 512 | 512
[1,1]<stdout>:a2ap-dgx029:1034174:1034174 [3] NCCL INFO 16 coll channels, 16 collnet channels, 0 nvls channels, 16 p2p channels, 2 p2p channels per peer
[1,1]<stdout>:a2ap-dgx029:1034173:1034173 [2] NCCL INFO threadThresholds 8/8/64 | 128/8/64 | 512 | 512
[1,1]<stdout>:a2ap-dgx029:1034173:1034173 [2] NCCL INFO 16 coll channels, 16 collnet channels, 0 nvls channels, 16 p2p channels, 2 p2p channels per peer
[1,1]<stdout>:a2ap-dgx029:1034178:1034178 [7] NCCL INFO threadThresholds 8/8/64 | 128/8/64 | 512 | 512
[1,1]<stdout>:a2ap-dgx029:1034178:1034178 [7] NCCL INFO 16 coll channels, 16 collnet channels, 0 nvls channels, 16 p2p channels, 2 p2p channels per peer
[1,1]<stdout>:a2ap-dgx029:1034171:1034171 [0] NCCL INFO threadThresholds 8/8/64 | 128/8/64 | 512 | 512
[1,1]<stdout>:a2ap-dgx029:1034171:1034171 [0] NCCL INFO 16 coll channels, 16 collnet channels, 0 nvls channels, 16 p2p channels, 2 p2p channels per peer
[1,1]<stdout>:a2ap-dgx029:1034177:1034177 [6] NCCL INFO ncclCommInitRank comm 0x55556f3868c0 rank 14 nranks 16 cudaDev 6 nvmlDev 6 busId d1000 commId 0x9a0168fb3582cf1b - Init COMPLETE
[1,1]<stdout>:a2ap-dgx029:1034171:1034171 [0] NCCL INFO ncclCommInitRank comm 0x55556f386410 rank 8 nranks 16 cudaDev 0 nvmlDev 0 busId 1b000 commId 0x9a0168fb3582cf1b - Init COMPLETE
[1,1]<stdout>:a2ap-dgx029:1034175:1034175 [4] NCCL INFO ncclCommInitRank comm 0x55556f387dc0 rank 12 nranks 16 cudaDev 4 nvmlDev 4 busId 9d000 commId 0x9a0168fb3582cf1b - Init COMPLETE
[1,1]<stdout>:a2ap-dgx029:1034174:1034174 [3] NCCL INFO ncclCommInitRank comm 0x55556f386900 rank 11 nranks 16 cudaDev 3 nvmlDev 3 busId 61000 commId 0x9a0168fb3582cf1b - Init COMPLETE
[1,1]<stdout>:a2ap-dgx029:1034173:1034173 [2] NCCL INFO ncclCommInitRank comm 0x55556f386ab0 rank 10 nranks 16 cudaDev 2 nvmlDev 2 busId 52000 commId 0x9a0168fb3582cf1b - Init COMPLETE
[1,1]<stdout>:a2ap-dgx029:1034177:1034177 [6] NCCL INFO Init timings - ncclCommInitRank: rank 14 nranks 16 total 2.37 (kernels 0.00, alloc 0.00, bootstrap 0.00, allgathers 0.25, topo 1.34, graphs 0.01, connections 0.76, rest 0.00)
[1,1]<stdout>:a2ap-dgx029:1034176:1034176 [5] NCCL INFO ncclCommInitRank comm 0x55556f386670 rank 13 nranks 16 cudaDev 5 nvmlDev 5 busId c3000 commId 0x9a0168fb3582cf1b - Init COMPLETE
[1,1]<stdout>:a2ap-dgx029:1034178:1034178 [7] NCCL INFO ncclCommInitRank comm 0x55556f3866b0 rank 15 nranks 16 cudaDev 7 nvmlDev 7 busId df000 commId 0x9a0168fb3582cf1b - Init COMPLETE
[1,1]<stdout>:a2ap-dgx029:1034171:1034171 [0] NCCL INFO Init timings - ncclCommInitRank: rank 8 nranks 16 total 2.37 (kernels 0.00, alloc 0.00, bootstrap 0.00, allgathers 0.26, topo 1.34, graphs 0.01, connections 0.76, rest 0.00)
[1,1]<stdout>:a2ap-dgx029:1034172:1034172 [1] NCCL INFO ncclCommInitRank comm 0x55556f385cf0 rank 9 nranks 16 cudaDev 1 nvmlDev 1 busId 43000 commId 0x9a0168fb3582cf1b - Init COMPLETE
[1,1]<stdout>:a2ap-dgx029:1034175:1034175 [4] NCCL INFO Init timings - ncclCommInitRank: rank 12 nranks 16 total 2.37 (kernels 0.00, alloc 0.00, bootstrap 0.00, allgathers 0.25, topo 1.34, graphs 0.01, connections 0.73, rest 0.03)
[1,1]<stdout>:a2ap-dgx029:1034174:1034174 [3] NCCL INFO Init timings - ncclCommInitRank: rank 11 nranks 16 total 2.37 (kernels 0.00, alloc 0.00, bootstrap 0.00, allgathers 0.25, topo 1.34, graphs 0.01, connections 0.76, rest 0.00)
[1,1]<stdout>:a2ap-dgx029:1034173:1034173 [2] NCCL INFO Init timings - ncclCommInitRank: rank 10 nranks 16 total 2.37 (kernels 0.00, alloc 0.00, bootstrap 0.00, allgathers 0.25, topo 1.34, graphs 0.01, connections 0.76, rest 0.00)
[1,1]<stdout>:a2ap-dgx029:1034176:1034176 [5] NCCL INFO Init timings - ncclCommInitRank: rank 13 nranks 16 total 2.37 (kernels 0.00, alloc 0.00, bootstrap 0.00, allgathers 0.25, topo 1.34, graphs 0.01, connections 0.73, rest 0.03)
[1,1]<stdout>:a2ap-dgx029:1034178:1034178 [7] NCCL INFO Init timings - ncclCommInitRank: rank 15 nranks 16 total 2.37 (kernels 0.00, alloc 0.00, bootstrap 0.00, allgathers 0.25, topo 1.34, graphs 0.01, connections 0.76, rest 0.00)
[1,1]<stdout>:a2ap-dgx029:1034172:1034172 [1] NCCL INFO Init timings - ncclCommInitRank: rank 9 nranks 16 total 2.37 (kernels 0.00, alloc 0.00, bootstrap 0.00, allgathers 0.25, topo 1.34, graphs 0.01, connections 0.76, rest 0.00)
[1,1]<stdout>:[Gloo] Rank 0 is connected to 0 peer ranks. Expected number of connected peer ranks is : 0
[1,1]<stdout>:[Gloo] Rank 0 is connected to 0 peer ranks. Expected number of connected peer ranks is : 0
[1,1]<stdout>:[Gloo] Rank 0 is connected to 0 peer ranks. Expected number of connected peer ranks is : 0
[1,1]<stdout>:[Gloo] Rank 0 is connected to 0 peer ranks. Expected number of connected peer ranks is : 0
[1,1]<stdout>:[Gloo] Rank 0 is connected to 0 peer ranks. Expected number of connected peer ranks is : 0
[1,1]<stdout>:[Gloo] Rank 0 is connected to 0 peer ranks. Expected number of connected peer ranks is : 0
[1,1]<stdout>:[Gloo] Rank 0 is connected to 0 peer ranks. Expected number of connected peer ranks is : 0
[1,1]<stdout>:[Gloo] Rank 0 is connected to 0 peer ranks. Expected number of connected peer ranks is : 0
[1,1]<stdout>:[Gloo] Rank 9 is connected to 15 peer ranks. Expected number of connected peer ranks is : 15
[1,1]<stdout>:[Gloo] Rank 13 is connected to 15 peer ranks. Expected number of connected peer ranks is : 15
[1,1]<stdout>:[Gloo] Rank 8 is connected to 15 peer ranks. Expected number of connected peer ranks is : 15
[1,1]<stdout>:[Gloo] Rank 10 is connected to 15 peer ranks. Expected number of connected peer ranks is : 15
[1,1]<stdout>:[Gloo] Rank 11 is connected to 15 peer ranks. Expected number of connected peer ranks is : 15
[1,1]<stdout>:[Gloo] Rank 12 is connected to 15 peer ranks. Expected number of connected peer ranks is : 15
[1,1]<stdout>:[Gloo] Rank 14 is connected to 15 peer ranks. Expected number of connected peer ranks is : 15
[1,1]<stdout>:[Gloo] Rank 15 is connected to 15 peer ranks. Expected number of connected peer ranks is : 15
[1,1]<stdout>:a2ap-dgx029:1034172:1049506 [1] NCCL INFO Comm config Blocking set to 1
[1,1]<stdout>:a2ap-dgx029:1034171:1049502 [0] NCCL INFO Comm config Blocking set to 1
[1,1]<stdout>:a2ap-dgx029:1034174:1049508 [3] NCCL INFO Comm config Blocking set to 1
[1,1]<stdout>:a2ap-dgx029:1034176:1049509 [5] NCCL INFO Comm config Blocking set to 1
[1,1]<stdout>:a2ap-dgx029:1034178:1049507 [7] NCCL INFO Comm config Blocking set to 1
[1,1]<stdout>:a2ap-dgx029:1034173:1049503 [2] NCCL INFO Comm config Blocking set to 1
[1,1]<stdout>:a2ap-dgx029:1034177:1049504 [6] NCCL INFO Comm config Blocking set to 1
[1,1]<stdout>:a2ap-dgx029:1034172:1050218 [1] NCCL INFO Assigned NET plugin IB to comm
[1,1]<stdout>:a2ap-dgx029:1034172:1050218 [1] NCCL INFO Using network IB
[1,1]<stdout>:a2ap-dgx029:1034174:1050219 [3] NCCL INFO Assigned NET plugin IB to comm
[1,1]<stdout>:a2ap-dgx029:1034174:1050219 [3] NCCL INFO Using network IB
[1,1]<stdout>:a2ap-dgx029:1034175:1049505 [4] NCCL INFO Comm config Blocking set to 1
[1,1]<stdout>:a2ap-dgx029:1034173:1050223 [2] NCCL INFO Assigned NET plugin IB to comm
[1,1]<stdout>:a2ap-dgx029:1034173:1050223 [2] NCCL INFO Using network IB
[1,1]<stdout>:a2ap-dgx029:1034171:1050220 [0] NCCL INFO Assigned NET plugin IB to comm
[1,1]<stdout>:a2ap-dgx029:1034171:1050220 [0] NCCL INFO Using network IB
[1,1]<stdout>:a2ap-dgx029:1034177:1050224 [6] NCCL INFO Assigned NET plugin IB to comm
[1,1]<stdout>:a2ap-dgx029:1034177:1050224 [6] NCCL INFO Using network IB
[1,1]<stdout>:a2ap-dgx029:1034176:1050221 [5] NCCL INFO Assigned NET plugin IB to comm
[1,1]<stdout>:a2ap-dgx029:1034176:1050221 [5] NCCL INFO Using network IB
[1,1]<stdout>:a2ap-dgx029:1034175:1050225 [4] NCCL INFO Assigned NET plugin IB to comm
[1,1]<stdout>:a2ap-dgx029:1034178:1050222 [7] NCCL INFO Assigned NET plugin IB to comm
[1,1]<stdout>:a2ap-dgx029:1034175:1050225 [4] NCCL INFO Using network IB
[1,1]<stdout>:a2ap-dgx029:1034178:1050222 [7] NCCL INFO Using network IB
[1,1]<stdout>:a2ap-dgx029:1034178:1050222 [7] NCCL INFO ncclCommInitRankConfig comm 0x7fe69017d320 rank 15 nranks 16 cudaDev 7 nvmlDev 7 busId df000 commId 0xac6469b22f095766 - Init START
[1,1]<stdout>:a2ap-dgx029:1034172:1050218 [1] NCCL INFO ncclCommInitRankConfig comm 0x7fe69417ff80 rank 9 nranks 16 cudaDev 1 nvmlDev 1 busId 43000 commId 0xac6469b22f095766 - Init START
[1,1]<stdout>:a2ap-dgx029:1034174:1050219 [3] NCCL INFO ncclCommInitRankConfig comm 0x7fe69017dac0 rank 11 nranks 16 cudaDev 3 nvmlDev 3 busId 61000 commId 0xac6469b22f095766 - Init START
[1,1]<stdout>:a2ap-dgx029:1034176:1050221 [5] NCCL INFO ncclCommInitRankConfig comm 0x7fe68c180030 rank 13 nranks 16 cudaDev 5 nvmlDev 5 busId c3000 commId 0xac6469b22f095766 - Init START
[1,1]<stdout>:a2ap-dgx029:1034173:1050223 [2] NCCL INFO ncclCommInitRankConfig comm 0x7fe68417f4f0 rank 10 nranks 16 cudaDev 2 nvmlDev 2 busId 52000 commId 0xac6469b22f095766 - Init START
[1,1]<stdout>:a2ap-dgx029:1034171:1050220 [0] NCCL INFO ncclCommInitRankConfig comm 0x7fe6b017f180 rank 8 nranks 16 cudaDev 0 nvmlDev 0 busId 1b000 commId 0xac6469b22f095766 - Init START
[1,1]<stdout>:a2ap-dgx029:1034177:1050224 [6] NCCL INFO ncclCommInitRankConfig comm 0x7fe69817d3a0 rank 14 nranks 16 cudaDev 6 nvmlDev 6 busId d1000 commId 0xac6469b22f095766 - Init START
[1,1]<stdout>:a2ap-dgx029:1034175:1050225 [4] NCCL INFO ncclCommInitRankConfig comm 0x7fe6901866a0 rank 12 nranks 16 cudaDev 4 nvmlDev 4 busId 9d000 commId 0xac6469b22f095766 - Init START
[1,1]<stdout>:a2ap-dgx029:1034171:1050220 [0] NCCL INFO Bootstrap timings total 0.015745 (create 0.000027, send 0.000310, recv 0.001215, ring 0.013783, delay 0.000000)
[1,1]<stdout>:a2ap-dgx029:1034175:1050225 [4] NCCL INFO Bootstrap timings total 0.015587 (create 0.000026, send 0.000096, recv 0.001154, ring 0.014199, delay 0.000000)
[1,1]<stdout>:a2ap-dgx029:1034174:1050219 [3] NCCL INFO Bootstrap timings total 0.015829 (create 0.000030, send 0.000299, recv 0.001112, ring 0.014276, delay 0.000000)
[1,1]<stdout>:a2ap-dgx029:1034172:1050218 [1] NCCL INFO Bootstrap timings total 0.016236 (create 0.000026, send 0.000114, recv 0.000670, ring 0.014094, delay 0.000000)
[1,1]<stdout>:a2ap-dgx029:1034177:1050224 [6] NCCL INFO Bootstrap timings total 0.015717 (create 0.000024, send 0.000403, recv 0.000128, ring 0.014654, delay 0.000000)
[1,1]<stdout>:a2ap-dgx029:1034176:1050221 [5] NCCL INFO Bootstrap timings total 0.015789 (create 0.000031, send 0.000261, recv 0.000710, ring 0.014208, delay 0.000000)
[1,1]<stdout>:a2ap-dgx029:1034173:1050223 [2] NCCL INFO Bootstrap timings total 0.015773 (create 0.000030, send 0.000140, recv 0.000659, ring 0.014813, delay 0.000000)
[1,1]<stdout>:a2ap-dgx029:1034178:1050222 [7] NCCL INFO Bootstrap timings total 0.016820 (create 0.000028, send 0.000231, recv 0.004550, ring 0.011739, delay 0.000000)
[1,1]<stdout>:a2ap-dgx029:1034178:1050222 [7] NCCL INFO MNNVL busId 0xdf000 fabric UUID 0.0 cliqueId 0x0 state 3 healthMask 0x0
[1,1]<stdout>:a2ap-dgx029:1034177:1050224 [6] NCCL INFO MNNVL busId 0xd1000 fabric UUID 0.0 cliqueId 0x0 state 3 healthMask 0x0
[1,1]<stdout>:a2ap-dgx029:1034176:1050221 [5] NCCL INFO MNNVL busId 0xc3000 fabric UUID 0.0 cliqueId 0x0 state 3 healthMask 0x0
[1,1]<stdout>:a2ap-dgx029:1034174:1050219 [3] NCCL INFO MNNVL busId 0x61000 fabric UUID 0.0 cliqueId 0x0 state 3 healthMask 0x0
[1,1]<stdout>:a2ap-dgx029:1034172:1050218 [1] NCCL INFO MNNVL busId 0x43000 fabric UUID 0.0 cliqueId 0x0 state 3 healthMask 0x0
[1,1]<stdout>:a2ap-dgx029:1034171:1050220 [0] NCCL INFO MNNVL busId 0x1b000 fabric UUID 0.0 cliqueId 0x0 state 3 healthMask 0x0
[1,1]<stdout>:a2ap-dgx029:1034175:1050225 [4] NCCL INFO MNNVL busId 0x9d000 fabric UUID 0.0 cliqueId 0x0 state 3 healthMask 0x0
[1,1]<stdout>:a2ap-dgx029:1034173:1050223 [2] NCCL INFO MNNVL busId 0x52000 fabric UUID 0.0 cliqueId 0x0 state 3 healthMask 0x0
[1,1]<stdout>:a2ap-dgx029:1034178:1050222 [7] NCCL INFO Setting affinity for GPU 7 to 56-111,168-223
[1,1]<stdout>:a2ap-dgx029:1034171:1050220 [0] NCCL INFO Setting affinity for GPU 0 to 0-55,112-167
[1,1]<stdout>:a2ap-dgx029:1034177:1050224 [6] NCCL INFO Setting affinity for GPU 6 to 56-111,168-223
[1,1]<stdout>:a2ap-dgx029:1034172:1050218 [1] NCCL INFO Setting affinity for GPU 1 to 0-55,112-167
[1,1]<stdout>:a2ap-dgx029:1034175:1050225 [4] NCCL INFO Setting affinity for GPU 4 to 56-111,168-223
[1,1]<stdout>:a2ap-dgx029:1034174:1050219 [3] NCCL INFO Setting affinity for GPU 3 to 0-55,112-167
[1,1]<stdout>:a2ap-dgx029:1034173:1050223 [2] NCCL INFO Setting affinity for GPU 2 to 0-55,112-167
[1,1]<stdout>:a2ap-dgx029:1034176:1050221 [5] NCCL INFO Setting affinity for GPU 5 to 56-111,168-223
[1,1]<stdout>:a2ap-dgx029:1034177:1050224 [6] NCCL INFO comm 0x7fe69817d3a0 rank 14 nRanks 16 nNodes 2 localRanks 8 localRank 6 MNNVL 0
[1,1]<stdout>:a2ap-dgx029:1034178:1050222 [7] NCCL INFO comm 0x7fe69017d320 rank 15 nRanks 16 nNodes 2 localRanks 8 localRank 7 MNNVL 0
[1,1]<stdout>:a2ap-dgx029:1034176:1050221 [5] NCCL INFO comm 0x7fe68c180030 rank 13 nRanks 16 nNodes 2 localRanks 8 localRank 5 MNNVL 0
[1,1]<stdout>:a2ap-dgx029:1034172:1050218 [1] NCCL INFO comm 0x7fe69417ff80 rank 9 nRanks 16 nNodes 2 localRanks 8 localRank 1 MNNVL 0
[1,1]<stdout>:a2ap-dgx029:1034175:1050225 [4] NCCL INFO comm 0x7fe6901866a0 rank 12 nRanks 16 nNodes 2 localRanks 8 localRank 4 MNNVL 0
[1,1]<stdout>:a2ap-dgx029:1034173:1050223 [2] NCCL INFO comm 0x7fe68417f4f0 rank 10 nRanks 16 nNodes 2 localRanks 8 localRank 2 MNNVL 0
[1,1]<stdout>:a2ap-dgx029:1034171:1050220 [0] NCCL INFO comm 0x7fe6b017f180 rank 8 nRanks 16 nNodes 2 localRanks 8 localRank 0 MNNVL 0
[1,1]<stdout>:a2ap-dgx029:1034174:1050219 [3] NCCL INFO comm 0x7fe69017dac0 rank 11 nRanks 16 nNodes 2 localRanks 8 localRank 3 MNNVL 0
[1,1]<stdout>:a2ap-dgx029:1034172:1050218 [1] NCCL INFO Trees [0] 10/-1/-1->9->8 [1] 10/-1/-1->9->0 [2] -1/-1/-1->9->8 [3] 10/-1/-1->9->8 [4] 10/-1/-1->9->8 [5] 10/-1/-1->9->8 [6] 10/-1/-1->9->8 [7] 10/-1/-1->9->8 [8] 10/-1/-1->9->8 [9] 10/0/-1->9->-1 [10] -1/-1/-1->9->8 [11] 10/-1/-1->9->8 [12] 10/-1/-1->9->8 [13] 10/-1/-1->9->8 [14] 10/-1/-1->9->8 [15] 10/-1/-1->9->8
[1,1]<stdout>:a2ap-dgx029:1034176:1050221 [5] NCCL INFO Trees [0] 14/-1/-1->13->12 [1] 14/-1/-1->13->12 [2] 14/-1/-1->13->12 [3] 14/-1/-1->13->12 [4] 14/-1/-1->13->12 [5] 14/-1/-1->13->4 [6] -1/-1/-1->13->12 [7] 14/-1/-1->13->12 [8] 14/-1/-1->13->12 [9] 14/-1/-1->13->12 [10] 14/-1/-1->13->12 [11] 14/-1/-1->13->12 [12] 14/-1/-1->13->12 [13] 14/4/-1->13->-1 [14] -1/-1/-1->13->12 [15] 14/-1/-1->13->12
[1,1]<stdout>:a2ap-dgx029:1034178:1050222 [7] NCCL INFO Trees [0] -1/-1/-1->15->14 [1] 8/-1/-1->15->14 [2] 8/-1/-1->15->14 [3] 8/-1/-1->15->14 [4] 8/-1/-1->15->14 [5] 8/-1/-1->15->14 [6] 8/-1/-1->15->14 [7] 8/-1/-1->15->7 [8] -1/-1/-1->15->14 [9] 8/-1/-1->15->14 [10] 8/-1/-1->15->14 [11] 8/-1/-1->15->14 [12] 8/-1/-1->15->14 [13] 8/-1/-1->15->14 [14] 8/-1/-1->15->14 [15] 8/7/-1->15->-1
[1,1]<stdout>:a2ap-dgx029:1034177:1050224 [6] NCCL INFO Trees [0] 15/-1/-1->14->13 [1] 15/-1/-1->14->13 [2] 15/-1/-1->14->13 [3] 15/-1/-1->14->13 [4] 15/-1/-1->14->13 [5] 15/-1/-1->14->13 [6] 15/-1/-1->14->6 [7] -1/-1/-1->14->13 [8] 15/-1/-1->14->13 [9] 15/-1/-1->14->13 [10] 15/-1/-1->14->13 [11] 15/-1/-1->14->13 [12] 15/-1/-1->14->13 [13] 15/-1/-1->14->13 [14] 15/6/-1->14->-1 [15] -1/-1/-1->14->13
[1,1]<stdout>:a2ap-dgx029:1034172:1050218 [1] NCCL INFO P2P Chunksize set to 131072
[1,1]<stdout>:a2ap-dgx029:1034175:1050225 [4] NCCL INFO Trees [0] 13/-1/-1->12->11 [1] 13/-1/-1->12->11 [2] 13/-1/-1->12->11 [3] 13/-1/-1->12->11 [4] 13/-1/-1->12->5 [5] -1/-1/-1->12->11 [6] 13/-1/-1->12->11 [7] 13/-1/-1->12->11 [8] 13/-1/-1->12->11 [9] 13/-1/-1->12->11 [10] 13/-1/-1->12->11 [11] 13/-1/-1->12->11 [12] 13/5/-1->12->-1 [13] -1/-1/-1->12->11 [14] 13/-1/-1->12->11 [15] 13/-1/-1->12->11
[1,1]<stdout>:a2ap-dgx029:1034176:1050221 [5] NCCL INFO P2P Chunksize set to 131072
[1,1]<stdout>:a2ap-dgx029:1034178:1050222 [7] NCCL INFO P2P Chunksize set to 131072
[1,1]<stdout>:a2ap-dgx029:1034177:1050224 [6] NCCL INFO P2P Chunksize set to 131072
[1,1]<stdout>:a2ap-dgx029:1034173:1050223 [2] NCCL INFO Trees [0] 11/-1/-1->10->9 [1] 11/-1/-1->10->9 [2] 11/-1/-1->10->2 [3] -1/-1/-1->10->9 [4] 11/-1/-1->10->9 [5] 11/-1/-1->10->9 [6] 11/-1/-1->10->9 [7] 11/-1/-1->10->9 [8] 11/-1/-1->10->9 [9] 11/-1/-1->10->9 [10] 11/2/-1->10->-1 [11] -1/-1/-1->10->9 [12] 11/-1/-1->10->9 [13] 11/-1/-1->10->9 [14] 11/-1/-1->10->9 [15] 11/-1/-1->10->9
[1,1]<stdout>:a2ap-dgx029:1034175:1050225 [4] NCCL INFO P2P Chunksize set to 131072
[1,1]<stdout>:a2ap-dgx029:1034173:1050223 [2] NCCL INFO P2P Chunksize set to 131072
[1,1]<stdout>:a2ap-dgx029:1034174:1050219 [3] NCCL INFO Trees [0] 12/-1/-1->11->10 [1] 12/-1/-1->11->10 [2] 12/-1/-1->11->10 [3] 12/-1/-1->11->3 [4] -1/-1/-1->11->10 [5] 12/-1/-1->11->10 [6] 12/-1/-1->11->10 [7] 12/-1/-1->11->10 [8] 12/-1/-1->11->10 [9] 12/-1/-1->11->10 [10] 12/-1/-1->11->10 [11] 12/3/-1->11->-1 [12] -1/-1/-1->11->10 [13] 12/-1/-1->11->10 [14] 12/-1/-1->11->10 [15] 12/-1/-1->11->10
[1,1]<stdout>:a2ap-dgx029:1034171:1050220 [0] NCCL INFO T[1,1]<stdout>:rees [0] 9/-1/-1->8->1 [1] -1/-1/-1->8->15 [2] 9/-1/-1->8->15 [3] 9/-1/-1->8->15 [4] 9/-1/-1->8->15 [5] 9/-1/-1->8->15 [6] 9/-1/-1->8->15 [7] 9/-1/-1->8->15 [8] 9/1/-1->8->-1 [9] -1/-1/-1->8->15 [10] 9/-1/-1->8->15 [11] 9/-1/-1->8->15 [12] 9/-1/-1->8->15 [13] 9/-1/-1->8->15 [14] 9/-1/-1->8->15 [15] 9/-1/-1->8->15
[1,1]<stdout>:a2ap-dgx029:1034174:1050219 [3] NCCL INFO P2P Chunksize set to 131072
[1,1]<stdout>:a2ap-dgx029:1034171:1050220 [0] NCCL INFO P2P Chunksize set to 131072
[1,1]<stdout>:a2ap-dgx029:1034176:1050251 [5] NCCL INFO [Proxy Service] Device 5 CPU core 216
[1,1]<stdout>:a2ap-dgx029:1034178:1050252 [7] NCCL INFO [Proxy Service] Device 7 CPU core 58
[1,1]<stdout>:a2ap-dgx029:1034177:1050258 [6] NCCL INFO [Proxy Service UDS] Device 6 CPU core 184
[1,1]<stdout>:a2ap-dgx029:1034173:1050255 [2] NCCL INFO [Proxy Service] Device 2 CPU core 2
[1,1]<stdout>:a2ap-dgx029:1034172:1050250 [1] NCCL INFO [Proxy Service] Device 1 CPU core 11
[1,1]<stdout>:a2ap-dgx029:1034171:1050260 [0] NCCL INFO [Proxy Service] Device 0 CPU core 6
[1,1]<stdout>:a2ap-dgx029:1034173:1050262 [2] NCCL INFO [Proxy Service UDS] Device 2 CPU core 118
[1,1]<stdout>:a2ap-dgx029:1034176:1050257 [5] NCCL INFO [Proxy Service UDS] Device 5 CPU core 106
[1,1]<stdout>:a2ap-dgx029:1034177:1050253 [6] NCCL INFO [Proxy Service] Device 6 CPU core 179
[1,1]<stdout>:a2ap-dgx029:1034175:1050254 [4] NCCL INFO [Proxy Service] Device 4 CPU core 190
[1,1]<stdout>:a2ap-dgx029:1034172:1050256 [1] NCCL INFO [Proxy Service UDS] Device 1 CPU core 124
[1,1]<stdout>:a2ap-dgx029:1034178:1050261 [7] NCCL INFO [Proxy Service UDS] Device 7 CPU core 63
[1,1]<stdout>:a2ap-dgx029:1034175:1050259 [4] NCCL INFO [Proxy Service UDS] Device 4 CPU core 191
[1,1]<stdout>:a2ap-dgx029:1034171:1050264 [0] NCCL INFO [Proxy Service UDS] Device 0 CPU core 120
[1,1]<stdout>:a2ap-dgx029:1034174:1050263 [3] NCCL INFO [Proxy Service] Device 3 CPU core 7
[1,1]<stdout>:a2ap-dgx029:1034174:1050265 [3] NCCL INFO [Proxy Service UDS] Device 3 CPU core 9
[1,1]<stdout>:a2ap-dgx029:1034171:1050220 [0] NCCL INFO Channel 02/0 : 8[0] -> 9[1] via P2P/IPC
[1,1]<stdout>:a2ap-dgx029:1034171:1050220 [0] NCCL INFO Channel 04/0 : 8[0] -> 9[1] via P2P/IPC
[1,1]<stdout>:a2ap-dgx029:1034171:1050220 [0] NCCL INFO Channel 06/0 : 8[0] -> 9[1] via P2P/IPC
[1,1]<stdout>:a2ap-dgx029:1034171:1050220 [0] NCCL INFO Channel 10/0 : 8[0] -> 9[1] via P2P/IPC
[1,1]<stdout>:a2ap-dgx029:1034171:1050220 [0] NCCL INFO Channel 12/0 : 8[0] -> 9[1] via P2P/IPC
[1,1]<stdout>:a2ap-dgx029:1034172:1050218 [1] NCCL INFO Channel 00/0 : 9[1] -> 10[2] via P2P/IPC
[1,1]<stdout>:a2ap-dgx029:1034171:1050220 [0] NCCL INFO Channel 14/0 : 8[0] -> 9[1] via P2P/IPC
[1,1]<stdout>:a2ap-dgx029:1034176:1050221 [5] NCCL INFO Channel 00/0 : 13[5] -> 14[6] via P2P/IPC
[1,1]<stdout>:a2ap-dgx029:1034172:1050218 [1] NCCL INFO Channel 02/0 : 9[1] -> 10[2] via P2P/IPC
[1,1]<stdout>:a2ap-dgx029:1034177:1050224 [6] NCCL INFO Channel 00/0 : 14[6] -> 15[7] via P2P/IPC
[1,1]<stdout>:a2ap-dgx029:1034173:1050223 [2] NCCL INFO Channel 00/0 : 10[2] -> 11[3] via P2P/IPC
[1,1]<stdout>:a2ap-dgx029:1034176:1050221 [5] NCCL INFO Channel 02/0 : 13[5] -> 14[6] via P2P/IPC
[1,1]<stdout>:a2ap-dgx029:1034172:1050218 [1] NCCL INFO Channel 04/0 : 9[1] -> 10[2] via P2P/IPC
[1,1]<stdout>:a2ap-dgx029:1034177:1050224 [6] NCCL INFO Channel 02/0 : 14[6] -> 15[7] via P2P/IPC
[1,1]<stdout>:a2ap-dgx029:1034173:1050223 [2] NCCL INFO Channel 04/0 : 10[2] -> 11[3] via P2P/IPC
[1,1]<stdout>:a2ap-dgx029:1034176:1050221 [5] NCCL INFO Channel 04/0 : 13[5] -> 14[6] via P2P/IPC
[1,1]<stdout>:a2ap-dgx029:1034172:1050218 [1] NCCL INFO Channel 06/0 : 9[1] -> 10[2] via P2P/IPC
[1,1]<stdout>:a2ap-dgx029:1034174:1050219 [3] NCCL INFO Channel 00/0 : 11[3] -> 12[4] via P2P/IPC
[1,1]<stdout>:a2ap-dgx029:1034173:1050223 [2] NCCL INFO Channel 06/0 : 10[2] -> 11[3] via P2P/IPC
[1,1]<stdout>:a2ap-dgx029:1034177:1050224 [6] NCCL INFO Channel 04/0 : 14[6] -> 15[7] via P2P/IPC
[1,1]<stdout>:a2ap-dgx029:1034176:1050221 [5] NCCL INFO Channel 06/0 : 13[5] -> 14[6] via P2P/IPC
[1,1]<stdout>:a2ap-dgx029:1034172:1050218 [1] NCCL INFO Channel 08/0 : 9[1] -> 10[2] via P2P/IPC
[1,1]<stdout>:a2ap-dgx029:1034174:1050219 [3] NCCL INFO Channel 02/0 : 11[3] -> 12[4] via P2P/IPC
[1,1]<stdout>:a2ap-dgx029:1034173:1050223 [2] NCCL INFO Channel 08/0 : 10[2] -> 11[3] via P2P/IPC
[1,1]<stdout>:a2ap-dgx029:1034177:1050224 [6] NCCL INFO Channel 08/0 : 14[6] -> 15[7] via P2P/IPC
[1,1]<stdout>:a2ap-dgx029:1034176:1050221 [5] NCCL INFO Channel 08/0 : 13[5] -> 14[6] via P2P/IPC
[1,1]<stdout>:a2ap-dgx029:1034172:1050218 [1] NCCL INFO Channel 10/0 : 9[1] -> 10[2] via P2P/IPC
[1,1]<stdout>:a2ap-dgx029:1034174:1050219 [3] NCCL INFO Channel 04/0 : 11[3] -> 12[4] via P2P/IPC
[1,1]<stdout>:a2ap-dgx029:1034177:1050224 [6] NCCL INFO Channel 10/0 : 14[6] -> 15[7] via P2P/IPC
[1,1]<stdout>:a2ap-dgx029:1034173:1050223 [2] NCCL INFO Channel 12/0 : 10[2] -> 11[3] via P2P/IPC
[1,1]<stdout>:a2ap-dgx029:1034176:1050221 [5] NCCL INFO Channel 10/0 : 13[5] -> 14[6] via P2P/IPC
[1,1]<stdout>:a2ap-dgx029:1034172:1050218 [1] NCCL INFO Channel 12/0 : 9[1] -> 10[2] via P2P/IPC
[1,1]<stdout>:a2ap-dgx029:1034177:1050224 [6] NCCL INFO Channel 12/0 : 14[6] -> 15[7] via P2P/IPC
[1,1]<stdout>:a2ap-dgx029:1034173:1050223 [2] NCCL INFO Channel 14/0 : 10[2] -> 11[3] via P2P/IPC
[1,1]<stdout>:a2ap-dgx029:1034176:1050221 [5] NCCL INFO Channel 12/0 : 13[5] -> 14[6] via P2P/IPC
[1,1]<stdout>:a2ap-dgx029:1034174:1050219 [3] NCCL INFO Channel 06/0 : 11[3] -> 12[4] via P2P/IPC
[1,1]<stdout>:a2ap-dgx029:1034172:1050218 [1] NCCL INFO Channel 14/0 : 9[1] -> 10[2] via P2P/IPC
[1,1]<stdout>:a2ap-dgx029:1034174:1050219 [3] NCCL INFO Channel 08/0 : 11[3] -> 12[4] via P2P/IPC
[1,1]<stdout>:a2ap-dgx029:1034175:1050225 [4] NCCL INFO Channel 00/0 : 12[4] -> 13[5] via P2P/IPC
[1,1]<stdout>:a2ap-dgx029:1034176:1050221 [5] NCCL INFO Channel 14/0 : 13[5] -> 14[6] via P2P/IPC
[1,1]<stdout>:a2ap-dgx029:1034174:1050219 [3] NCCL INFO Channel 10/0 : 11[3] -> 12[4] via P2P/IPC
[1,1]<stdout>:a2ap-dgx029:1034175:1050225 [4] NCCL INFO Channel 02/0 : 12[4] -> 13[5] via P2P/IPC
[1,1]<stdout>:a2ap-dgx029:1034174:1050219 [3] NCCL INFO Channel 12/0 : 11[3] -> 12[4] via P2P/IPC
[1,1]<stdout>:a2ap-dgx029:1034174:1050219 [3] NCCL INFO Channel 14/0 : 11[3] -> 12[4] via P2P/IPC
[1,1]<stdout>:a2ap-dgx029:1034175:1050225 [4] NCCL INFO Channel 06/0 : 12[4] -> 13[5] via P2P/IPC
[1,1]<stdout>:a2ap-dgx029:1034171:1050266 [0] NCCL INFO [Proxy Progress] Device 0 CPU core 126
[1,1]<stdout>:a2ap-dgx029:1034172:1050218 [1] NCCL INFO Channel 01/0 : 9[1] -> 0[1] [send] via NET/IB/3/GDRDMA
[1,1]<stdout>:a2ap-dgx029:1034172:1050218 [1] NCCL INFO Channel 09/0 : 9[1] -> 0[1] [send] via NET/IB/3/GDRDMA
[1,1]<stdout>:a2ap-dgx029:1034172:1050267 [1] NCCL INFO [Proxy Progress] Device 1 CPU core 17
[1,1]<stdout>:a2ap-dgx029:1034171:1050220 [0] NCCL INFO Channel 01/0 : 1[0] -> 8[0] [receive] via NET/IB/0/GDRDMA
[1,1]<stdout>:a2ap-dgx029:1034171:1050220 [0] NCCL INFO Channel 09/0 : 1[0] -> 8[0] [receive] via NET/IB/0/GDRDMA
[1,1]<stdout>:a2ap-dgx029:1034171:1050220 [0] NCCL INFO Channel 01/0 : 8[0] -> 15[7] via P2P/IPC
[1,1]<stdout>:a2ap-dgx029:1034175:1050225 [4] NCCL INFO Channel 08/0 : 12[4] -> 13[5] via P2P/IPC
[1,1]<stdout>:a2ap-dgx029:1034175:1050225 [4] NCCL INFO Channel 10/0 : 12[4] -> 13[5] via P2P/IPC
[1,1]<stdout>:a2ap-dgx029:1034171:1050220 [0] NCCL INFO Channel 03/0 : 8[0] -> 15[7] via P2P/IPC
[1,1]<stdout>:a2ap-dgx029:1034175:1050225 [4] NCCL INFO Channel 14/0 : 12[4] -> 13[5] via P2P/IPC
[1,1]<stdout>:a2ap-dgx029:1034171:1050220 [0] NCCL INFO Channel 05/0 : 8[0] -> 15[7] via P2P/IPC
[1,1]<stdout>:a2ap-dgx029:1034171:1050220 [0] NCCL INFO Channel 07/0 : 8[0] -> 15[7] via P2P/IPC
[1,1]<stdout>:a2ap-dgx029:1034177:1050268 [6] NCCL INFO [Proxy Progress] Device 6 CPU core 183
[1,1]<stdout>:a2ap-dgx029:1034177:1050224 [6] NCCL INFO Channel 07/0 : 6[6] -> 14[6] [receive] via NET/IB/10/GDRDMA
[1,1]<stdout>:a2ap-dgx029:1034177:1050224 [6] NCCL INFO Channel 15/0 : 6[6] -> 14[6] [receive] via NET/IB/10/GDRDMA
[1,1]<stdout>:a2ap-dgx029:1034177:1050224 [6] NCCL INFO Channel 06/0 : 14[6] -> 6[6] [send] via NET/IB/10/GDRDMA
[1,1]<stdout>:a2ap-dgx029:1034177:1050224 [6] NCCL INFO Channel 14/0 : 14[6] -> 6[6] [send] via NET/IB/10/GDRDMA
[1,1]<stdout>:a2ap-dgx029:1034171:1050220 [0] NCCL INFO Channel 09/0 : 8[0] -> 15[7] via P2P/IPC
[1,1]<stdout>:a2ap-dgx029:1034173:1050269 [2] NCCL INFO [Proxy Progress] Device 2 CPU core 3
[1,1]<stdout>:a2ap-dgx029:1034173:1050223 [2] NCCL INFO Channel 03/0 : 2[2] -> 10[2] [receive] via NET/IB/4/GDRDMA
[1,1]<stdout>:a2ap-dgx029:1034173:1050223 [2] NCCL INFO Channel 11/0 : 2[2] -> 10[2] [receive] via NET/IB/4/GDRDMA
[1,1]<stdout>:a2ap-dgx029:1034173:1050223 [2] NCCL INFO Channel 02/0 : 10[2] -> 2[2] [send] via NET/IB/4/GDRDMA
[1,1]<stdout>:a2ap-dgx029:1034173:1050223 [2] NCCL INFO Channel 10/0 : 10[2] -> 2[2] [send] via NET/IB/4/GDRDMA
[1,1]<stdout>:a2ap-dgx029:1034171:1050220 [0] NCCL INFO Channel 11/0 : 8[0] -> 15[7] via P2P/IPC
[1,1]<stdout>:a2ap-dgx029:1034175:1050225 [4] NCCL INFO Channel 05/0 : 5[4] -> 12[4] [receive] via NET/IB/6/GDRDMA
[1,1]<stdout>:a2ap-dgx029:1034175:1050270 [4] NCCL INFO [Proxy Progress] Device 4 CPU core 80
[1,1]<stdout>:a2ap-dgx029:1034174:1050219 [3] NCCL INFO Channel 02/0 : 3[3] -> 11[3] [receive] via NET/IB/5/GDRDMA
[1,1]<stdout>:a2ap-dgx029:1034175:1050225 [4] NCCL INFO Channel 13/0 : 5[4] -> 12[4] [receive] via NET/IB/6/GDRDMA
[1,1]<stdout>:a2ap-dgx029:1034174:1050271 [3] NCCL INFO [Proxy Progress] Device 3 CPU core 128
[1,1]<stdout>:a2ap-dgx029:1034174:1050219 [3] NCCL INFO Channel 10/0 : 3[3] -> 11[3] [receive] via NET/IB/5/GDRDMA
[1,1]<stdout>:a2ap-dgx029:1034174:1050219 [3] NCCL INFO Channel 03/0 : 11[3] -> 3[3] [send] via NET/IB/5/GDRDMA
[1,1]<stdout>:a2ap-dgx029:1034174:1050219 [3] NCCL INFO Channel 11/0 : 11[3] -> 3[3] [send] via NET/IB/5/GDRDMA
[1,1]<stdout>:a2ap-dgx029:1034176:1050221 [5] NCCL INFO Channel 05/0 : 13[5] -> 4[5] [send] via NET/IB/9/GDRDMA
[1,1]<stdout>:a2ap-dgx029:1034176:1050272 [5] NCCL INFO [Proxy Progress] Device 5 CPU core 108
[1,1]<stdout>:a2ap-dgx029:1034176:1050221 [5] NCCL INFO Channel 13/0 : 13[5] -> 4[5] [send] via NET/IB/9/GDRDMA
[1,1]<stdout>:a2ap-dgx029:1034171:1050220 [0] NCCL INFO Channel 13/0 : 8[0] -> 15[7] via P2P/IPC
[1,1]<stdout>:a2ap-dgx029:1034176:1050221 [5] NCCL INFO Channel 04/0 : 4[5] -> 13[5] [receive] via NET/IB/9/GDRDMA
[1,1]<stdout>:a2ap-dgx029:1034176:1050221 [5] NCCL INFO Channel 12/0 : 4[5] -> 13[5] [receive] via NET/IB/9/GDRDMA
[1,1]<stdout>:a2ap-dgx029:1034172:1050218 [1] NCCL INFO Channel 00/0 : 0[1] -> 9[1] [receive] via NET/IB/3/GDRDMA
[1,1]<stdout>:a2ap-dgx029:1034171:1050220 [0] NCCL INFO Channel 15/0 : 8[0] -> 15[7] via P2P/IPC
[1,1]<stdout>:a2ap-dgx029:1034172:1050218 [1] NCCL INFO Channel 08/0 : 0[1] -> 9[1] [receive] via NET/IB/3/GDRDMA
[1,1]<stdout>:a2ap-dgx029:1034175:1050225 [4] NCCL INFO Channel 04/0 : 12[4] -> 5[4] [send] via NET/IB/6/GDRDMA
[1,1]<stdout>:a2ap-dgx029:1034175:1050225 [4] NCCL INFO Channel 12/0 : 12[4] -> 5[4] [send] via NET/IB/6/GDRDMA
[1,1]<stdout>:a2ap-dgx029:1034173:1050223 [2] NCCL INFO Channel 01/0 : 10[2] -> 9[1] via P2P/IPC
[1,1]<stdout>:a2ap-dgx029:1034177:1050224 [6] NCCL INFO Channel 01/0 : 14[6] -> 13[5] via P2P/IPC
[1,1]<stdout>:a2ap-dgx029:1034173:1050223 [2] NCCL INFO Channel 03/0 : 10[2] -> 9[1] via P2P/IPC
[1,1]<stdout>:a2ap-dgx029:1034177:1050224 [6] NCCL INFO Channel 03/0 : 14[6] -> 13[5] via P2P/IPC
[1,1]<stdout>:a2ap-dgx029:1034173:1050223 [2] NCCL INFO Channel 05/0 : 10[2] -> 9[1] via P2P/IPC
[1,1]<stdout>:a2ap-dgx029:1034177:1050224 [6] NCCL INFO Channel 05/0 : 14[6] -> 13[5] via P2P/IPC
[1,1]<stdout>:a2ap-dgx029:1034177:1050224 [6] NCCL INFO Channel 07/0 : 14[6] -> 13[5] via P2P/IPC
[1,1]<stdout>:a2ap-dgx029:1034176:1050221 [5] NCCL INFO Channel 01/0 : 13[5] -> 12[4] via P2P/IPC
[1,1]<stdout>:a2ap-dgx029:1034173:1050223 [2] NCCL INFO Channel 07/0 : 10[2] -> 9[1] via P2P/IPC
[1,1]<stdout>:a2ap-dgx029:1034177:1050224 [6] NCCL INFO Channel 09/0 : 14[6] -> 13[5] via P2P/IPC
[1,1]<stdout>:a2ap-dgx029:1034176:1050221 [5] NCCL INFO Channel 03/0 : 13[5] -> 12[4] via P2P/IPC
[1,1]<stdout>:a2ap-dgx029:1034173:1050223 [2] NCCL INFO Channel 09/0 : 10[2] -> 9[1] via P2P/IPC
[1,1]<stdout>:a2ap-dgx029:1034172:1050218 [1] NCCL INFO Channel 03/0 : 9[1] -> 8[0] via P2P/IPC
[1,1]<stdout>:a2ap-dgx029:1034173:1050223 [2] NCCL INFO Channel 11/0 : 10[2] -> 9[1] via P2P/IPC
[1,1]<stdout>:a2ap-dgx029:1034174:1050219 [3] NCCL INFO Channel 01/0 : 11[3] -> 10[2] via P2P/IPC
[1,1]<stdout>:a2ap-dgx029:1034172:1050218 [1] NCCL INFO Channel 05/0 : 9[1] -> 8[0] via P2P/IPC
[1,1]<stdout>:a2ap-dgx029:1034173:1050223 [2] NCCL INFO Channel 13/0 : 10[2] -> 9[1] via P2P/IPC
[1,1]<stdout>:a2ap-dgx029:1034174:1050219 [3] NCCL INFO Channel 05/0 : 11[3] -> 10[2] via P2P/IPC
[1,1]<stdout>:a2ap-dgx029:1034175:1050225 [4] NCCL INFO Channel 01/0 : 12[4] -> 11[3] via P2P/IPC
[1,1]<stdout>:a2ap-dgx029:1034172:1050218 [1] NCCL INFO Channel 07/0 : 9[1] -> 8[0] via P2P/IPC
[1,1]<stdout>:a2ap-dgx029:1034173:1050223 [2] NCCL INFO Channel 15/0 : 10[2] -> 9[1] via P2P/IPC
[1,1]<stdout>:a2ap-dgx029:1034174:1050219 [3] NCCL INFO Channel 07/0 : 11[3] -> 10[2] via P2P/IPC
[1,1]<stdout>:a2ap-dgx029:1034171:1050220 [0] NCCL INFO Channel 00/0 : 8[0] -> 1[0] [send] via NET/IB/0/GDRDMA
[1,1]<stdout>:a2ap-dgx029:1034171:1050220 [0] NCCL INFO Channel 08/0 : 8[0] -> 1[0] [send] via NET/IB/0/GDRDMA
[1,1]<stdout>:a2ap-dgx029:1034175:1050225 [4] NCCL INFO Channel 03/0 : 12[4] -> 11[3] via P2P/IPC
[1,1]<stdout>:a2ap-dgx029:1034172:1050218 [1] NCCL INFO Channel 11/0 : 9[1] -> 8[0] via P2P/IPC
[1,1]<stdout>:a2ap-dgx029:1034177:1050224 [6] NCCL INFO Channel 11/0 : 14[6] -> 13[5] via P2P/IPC
[1,1]<stdout>:a2ap-dgx029:1034174:1050219 [3] NCCL INFO Channel 09/0 : 11[3] -> 10[2] via P2P/IPC
[1,1]<stdout>:a2ap-dgx029:1034175:1050225 [4] NCCL INFO Channel 05/0 : 12[4] -> 11[3] via P2P/IPC
[1,1]<stdout>:a2ap-dgx029:1034172:1050218 [1] NCCL INFO Channel 13/0 : 9[1] -> 8[0] via P2P/IPC
[1,1]<stdout>:a2ap-dgx029:1034174:1050219 [3] NCCL INFO Channel 13/0 : 11[3] -> 10[2] via P2P/IPC
[1,1]<stdout>:a2ap-dgx029:1034177:1050224 [6] NCCL INFO Channel 13/0 : 14[6] -> 13[5] via P2P/IPC
[1,1]<stdout>:a2ap-dgx029:1034175:1050225 [4] NCCL INFO Channel 07/0 : 12[4] -> 11[3] via P2P/IPC
[1,1]<stdout>:a2ap-dgx029:1034172:1050218 [1] NCCL INFO Channel 15/0 : 9[1] -> 8[0] via P2P/IPC
[1,1]<stdout>:a2ap-dgx029:1034174:1050219 [3] NCCL INFO Channel 15/0 : 11[3] -> 10[2] via P2P/IPC
[1,1]<stdout>:a2ap-dgx029:1034177:1050224 [6] NCCL INFO Channel 15/0 : 14[6] -> 13[5] via P2P/IPC
[1,1]<stdout>:a2ap-dgx029:1034176:1050221 [5] NCCL INFO Channel 07/0 : 13[5] -> 12[4] via P2P/IPC
[1,1]<stdout>:a2ap-dgx029:1034175:1050225 [4] NCCL INFO Channel 09/0 : 12[4] -> 11[3] via P2P/IPC
[1,1]<stdout>:a2ap-dgx029:1034178:1050273 [7] NCCL INFO [Proxy Progress] Device 7 CPU core 176
[1,1]<stdout>:a2ap-dgx029:1034178:1050222 [7] NCCL INFO Channel 06/0 : 7[7] -> 15[7] [receive] via NET/IB/11/GDRDMA
[1,1]<stdout>:a2ap-dgx029:1034178:1050222 [7] NCCL INFO Channel 14/0 : 7[7] -> 15[7] [receive] via NET/IB/11/GDRDMA
[1,1]<stdout>:a2ap-dgx029:1034178:1050222 [7] NCCL INFO Channel 07/0 : 15[7] -> 7[7] [send] via NET/IB/11/GDRDMA
[1,1]<stdout>:a2ap-dgx029:1034178:1050222 [7] NCCL INFO Channel 15/0 : 15[7] -> 7[7] [send] via NET/IB/11/GDRDMA
[1,1]<stdout>:a2ap-dgx029:1034178:1050222 [7] NCCL INFO Channel 00/0 : 15[7] -> 8[0] via P2P/IPC
[1,1]<stdout>:a2ap-dgx029:1034176:1050221 [5] NCCL INFO Channel 09/0 : 13[5] -> 12[4] via P2P/IPC
[1,1]<stdout>:a2ap-dgx029:1034175:1050225 [4] NCCL INFO Channel 11/0 : 12[4] -> 11[3] via P2P/IPC
[1,1]<stdout>:a2ap-dgx029:1034176:1050221 [5] NCCL INFO Channel 11/0 : 13[5] -> 12[4] via P2P/IPC
[1,1]<stdout>:a2ap-dgx029:1034175:1050225 [4] NCCL INFO Channel 13/0 : 12[4] -> 11[3] via P2P/IPC
[1,1]<stdout>:a2ap-dgx029:1034178:1050222 [7] NCCL INFO Channel 02/0 : 15[7] -> 8[0] via P2P/IPC
[1,1]<stdout>:a2ap-dgx029:1034176:1050221 [5] NCCL INFO Channel 15/0 : 13[5] -> 12[4] via P2P/IPC
[1,1]<stdout>:a2ap-dgx029:1034178:1050222 [7] NCCL INFO Channel 04/0 : 15[7] -> 8[0] via P2P/IPC
[1,1]<stdout>:a2ap-dgx029:1034175:1050225 [4] NCCL INFO Channel 15/0 : 12[4] -> 11[3] via P2P/IPC
[1,1]<stdout>:a2ap-dgx029:1034178:1050222 [7] NCCL INFO Channel 06/0 : 15[7] -> 8[0] via P2P/IPC
[1,1]<stdout>:a2ap-dgx029:1034178:1050222 [7] NCCL INFO Channel 08/0 : 15[7] -> 8[0] via P2P/IPC
[1,1]<stdout>:a2ap-dgx029:1034178:1050222 [7] NCCL INFO Channel 10/0 : 15[7] -> 8[0] via P2P/IPC
[1,1]<stdout>:a2ap-dgx029:1034178:1050222 [7] NCCL INFO Channel 12/0 : 15[7] -> 8[0] via P2P/IPC
[1,1]<stdout>:a2ap-dgx029:1034178:1050222 [7] NCCL INFO Channel 14/0 : 15[7] -> 8[0] via P2P/IPC
[1,1]<stdout>:a2ap-dgx029:1034178:1050222 [7] NCCL INFO Channel 01/0 : 15[7] -> 14[6] via P2P/IPC
[1,1]<stdout>:a2ap-dgx029:1034178:1050222 [7] NCCL INFO Channel 03/0 : 15[7] -> 14[6] via P2P/IPC
[1,1]<stdout>:a2ap-dgx029:1034178:1050222 [7] NCCL INFO Channel 05/0 : 15[7] -> 14[6] via P2P/IPC
[1,1]<stdout>:a2ap-dgx029:1034178:1050222 [7] NCCL INFO Channel 09/0 : 15[7] -> 14[6] via P2P/IPC
[1,1]<stdout>:a2ap-dgx029:1034178:1050222 [7] NCCL INFO Channel 11/0 : 15[7] -> 14[6] via P2P/IPC
[1,1]<stdout>:a2ap-dgx029:1034178:1050222 [7] NCCL INFO Channel 13/0 : 15[7] -> 14[6] via P2P/IPC
[1,1]<stdout>:a2ap-dgx029:1034172:1050218 [1] NCCL INFO Connected all rings, use ring PXN 0 GDR 1
[1,1]<stdout>:a2ap-dgx029:1034173:1050223 [2] NCCL INFO Connected all rings, use ring PXN 0 GDR 1
[1,1]<stdout>:a2ap-dgx029:1034171:1050220 [0] NCCL INFO Connected all rings, use ring PXN 0 GDR 1
[1,1]<stdout>:a2ap-dgx029:1034176:1050221 [5] NCCL INFO Connected all rings, use ring PXN 0 GDR 1
[1,1]<stdout>:a2ap-dgx029:1034177:1050224 [6] NCCL INFO Connected all rings, use ring PXN 0 GDR 1
[1,1]<stdout>:a2ap-dgx029:1034175:1050225 [4] NCCL INFO Connected all rings, use ring PXN 0 GDR 1
