[1,1]<stdout>:a2ap-dgx029:1034174:1034174 [3] NCCL INFO Channel 05/0 : 11[3] -> 12[4] via P2P/IPC
[1,1]<stdout>:a2ap-dgx029:1034173:1034173 [2] NCCL INFO Channel 07/0 : 10[2] -> 11[3] via P2P/IPC
[1,1]<stdout>:a2ap-dgx029:1034174:1034174 [3] NCCL INFO Channel 07/0 : 11[3] -> 12[4] via P2P/IPC
[1,1]<stdout>:a2ap-dgx029:1034173:1034173 [2] NCCL INFO Channel 09/0 : 10[2] -> 11[3] via P2P/IPC
[1,1]<stdout>:a2ap-dgx029:1034172:1034172 [1] NCCL INFO Channel 01/0 : 9[1] -> 10[2] via P2P/IPC
[1,1]<stdout>:a2ap-dgx029:1034174:1034174 [3] NCCL INFO Channel 09/0 : 11[3] -> 12[4] via P2P/IPC
[1,1]<stdout>:a2ap-dgx029:1034173:1034173 [2] NCCL INFO Channel 10/0 : 10[2] -> 11[3] via P2P/IPC
[1,1]<stdout>:a2ap-dgx029:1034172:1034172 [1] NCCL INFO Channel 03/0 : 9[1] -> 10[2] via P2P/IPC
[1,1]<stdout>:a2ap-dgx029:1034174:1034174 [3] NCCL INFO Channel 11/0 : 11[3] -> 12[4] via P2P/IPC
[1,1]<stdout>:a2ap-dgx029:1034173:1034173 [2] NCCL INFO Channel 13/0 : 10[2] -> 11[3] via P2P/IPC
[1,1]<stdout>:a2ap-dgx029:1034171:1034171 [0] NCCL INFO Channel 11/0 : 8[0] -> 9[1] via P2P/IPC
[1,1]<stdout>:a2ap-dgx029:1034172:1034172 [1] NCCL INFO Channel 05/0 : 9[1] -> 10[2] via P2P/IPC
[1,1]<stdout>:a2ap-dgx029:1034172:1034172 [1] NCCL INFO Channel 07/0 : 9[1] -> 10[2] via P2P/IPC
[1,1]<stdout>:a2ap-dgx029:1034174:1034174 [3] NCCL INFO Channel 13/0 : 11[3] -> 12[4] via P2P/IPC
[1,1]<stdout>:a2ap-dgx029:1034172:1034172 [1] NCCL INFO Channel 09/0 : 9[1] -> 10[2] via P2P/IPC
[1,1]<stdout>:a2ap-dgx029:1034176:1034176 [5] NCCL INFO Channel 01/0 : 13[5] -> 14[6] via P2P/IPC
[1,1]<stdout>:a2ap-dgx029:1034174:1034174 [3] NCCL INFO Channel 15/0 : 11[3] -> 12[4] via P2P/IPC
[1,1]<stdout>:a2ap-dgx029:1034177:1034177 [6] NCCL INFO Channel 01/0 : 14[6] -> 15[7] via P2P/IPC
[1,1]<stdout>:a2ap-dgx029:1034172:1034172 [1] NCCL INFO Channel 11/0 : 9[1] -> 10[2] via P2P/IPC
[1,1]<stdout>:a2ap-dgx029:1034176:1034176 [5] NCCL INFO Channel 03/0 : 13[5] -> 14[6] via P2P/IPC
[1,1]<stdout>:a2ap-dgx029:1034177:1034177 [6] NCCL INFO Channel 03/0 : 14[6] -> 15[7] via P2P/IPC
[1,1]<stdout>:a2ap-dgx029:1034172:1034172 [1] NCCL INFO Channel 13/0 : 9[1] -> 10[2] via P2P/IPC
[1,1]<stdout>:a2ap-dgx029:1034176:1034176 [5] NCCL INFO Channel 05/0 : 13[5] -> 14[6] via P2P/IPC
[1,1]<stdout>:a2ap-dgx029:1034173:1034173 [2] NCCL INFO Channel 15/0 : 10[2] -> 11[3] via P2P/IPC
[1,1]<stdout>:a2ap-dgx029:1034177:1034177 [6] NCCL INFO Channel 05/0 : 14[6] -> 15[7] via P2P/IPC
[1,1]<stdout>:a2ap-dgx029:1034172:1034172 [1] NCCL INFO Channel 15/0 : 9[1] -> 10[2] via P2P/IPC
[1,1]<stdout>:a2ap-dgx029:1034176:1034176 [5] NCCL INFO Channel 07/0 : 13[5] -> 14[6] via P2P/IPC
[1,1]<stdout>:a2ap-dgx029:1034177:1034177 [6] NCCL INFO Channel 06/0 : 14[6] -> 15[7] via P2P/IPC
[1,1]<stdout>:a2ap-dgx029:1034176:1034176 [5] NCCL INFO Channel 09/0 : 13[5] -> 14[6] via P2P/IPC
[1,1]<stdout>:a2ap-dgx029:1034173:1034173 [2] NCCL INFO Channel 02/0 : 2[2] -> 10[2] [receive] via NET/IB/4/GDRDMA
[1,1]<stdout>:a2ap-dgx029:1034171:1034171 [0] NCCL INFO Channel 13/0 : 8[0] -> 9[1] via P2P/IPC
[1,1]<stdout>:a2ap-dgx029:1034173:1034173 [2] NCCL INFO Channel 10/0 : 2[2] -> 10[2] [receive] via NET/IB/4/GDRDMA
[1,1]<stdout>:a2ap-dgx029:1034177:1034177 [6] NCCL INFO Channel 09/0 : 14[6] -> 15[7] via P2P/IPC
[1,1]<stdout>:a2ap-dgx029:1034176:1034176 [5] NCCL INFO Channel 11/0 : 13[5] -> 14[6] via P2P/IPC
[1,1]<stdout>:a2ap-dgx029:1034171:1034171 [0] NCCL INFO Channel 15/0 : 8[0] -> 9[1] via P2P/IPC
[1,1]<stdout>:a2ap-dgx029:1034177:1034177 [6] NCCL INFO Channel 11/0 : 14[6] -> 15[7] via P2P/IPC
[1,1]<stdout>:a2ap-dgx029:1034176:1034176 [5] NCCL INFO Channel 13/0 : 13[5] -> 14[6] via P2P/IPC
[1,1]<stdout>:a2ap-dgx029:1034177:1034177 [6] NCCL INFO Channel 13/0 : 14[6] -> 15[7] via P2P/IPC
[1,1]<stdout>:a2ap-dgx029:1034171:1034171 [0] NCCL INFO Channel 00/0 : 1[0] -> 8[0] [receive] via NET/IB/0/GDRDMA
[1,1]<stdout>:a2ap-dgx029:1034172:1034172 [1] NCCL INFO Channel 01/0 : 0[1] -> 9[1] [receive] via NET/IB/3/GDRDMA
[1,1]<stdout>:a2ap-dgx029:1034171:1034171 [0] NCCL INFO Channel 08/0 : 1[0] -> 8[0] [receive] via NET/IB/0/GDRDMA
[1,1]<stdout>:a2ap-dgx029:1034171:1034171 [0] NCCL INFO Channel 02/0 : 8[0] -> 15[7] via P2P/IPC
[1,1]<stdout>:a2ap-dgx029:1034175:1034175 [4] NCCL INFO Channel 01/0 : 12[4] -> 13[5] via P2P/IPC
[1,1]<stdout>:a2ap-dgx029:1034176:1034176 [5] NCCL INFO Channel 15/0 : 13[5] -> 14[6] via P2P/IPC
[1,1]<stdout>:a2ap-dgx029:1034172:1034172 [1] NCCL INFO Channel 09/0 : 0[1] -> 9[1] [receive] via NET/IB/3/GDRDMA
[1,1]<stdout>:a2ap-dgx029:1034177:1034177 [6] NCCL INFO Channel 14/0 : 14[6] -> 15[7] via P2P/IPC
[1,1]<stdout>:a2ap-dgx029:1034171:1034171 [0] NCCL INFO Channel 04/0 : 8[0] -> 15[7] via P2P/IPC
[1,1]<stdout>:a2ap-dgx029:1034175:1034175 [4] NCCL INFO Channel 03/0 : 12[4] -> 13[5] via P2P/IPC
[1,1]<stdout>:a2ap-dgx029:1034171:1034171 [0] NCCL INFO Channel 06/0 : 8[0] -> 15[7] via P2P/IPC
[1,1]<stdout>:a2ap-dgx029:1034175:1034175 [4] NCCL INFO Channel 04/0 : 12[4] -> 13[5] via P2P/IPC
[1,1]<stdout>:a2ap-dgx029:1034177:1034177 [6] NCCL INFO Channel 06/0 : 6[6] -> 14[6] [receive] via NET/IB/10/GDRDMA
[1,1]<stdout>:a2ap-dgx029:1034177:1034177 [6] NCCL INFO Channel 14/0 : 6[6] -> 14[6] [receive] via NET/IB/10/GDRDMA
[1,1]<stdout>:a2ap-dgx029:1034171:1034171 [0] NCCL INFO Channel 10/0 : 8[0] -> 15[7] via P2P/IPC
[1,1]<stdout>:a2ap-dgx029:1034175:1034175 [4] NCCL INFO Channel 07/0 : 12[4] -> 13[5] via P2P/IPC
[1,1]<stdout>:a2ap-dgx029:1034171:1034171 [0] NCCL INFO Channel 12/0 : 8[0] -> 15[7] via P2P/IPC
[1,1]<stdout>:a2ap-dgx029:1034175:1034175 [4] NCCL INFO Channel 09/0 : 12[4] -> 13[5] via P2P/IPC
[1,1]<stdout>:a2ap-dgx029:1034171:1034171 [0] NCCL INFO Channel 14/0 : 8[0] -> 15[7] via P2P/IPC
[1,1]<stdout>:a2ap-dgx029:1034175:1034175 [4] NCCL INFO Channel 11/0 : 12[4] -> 13[5] via P2P/IPC
[1,1]<stdout>:a2ap-dgx029:1034175:1034175 [4] NCCL INFO Channel 12/0 : 12[4] -> 13[5] via P2P/IPC
[1,1]<stdout>:a2ap-dgx029:1034175:1034175 [4] NCCL INFO Channel 15/0 : 12[4] -> 13[5] via P2P/IPC
[1,1]<stdout>:a2ap-dgx029:1034178:1034178 [7] NCCL INFO Channel 07/0 : 7[7] -> 15[7] [receive] via NET/IB/11/GDRDMA
[1,1]<stdout>:a2ap-dgx029:1034175:1034175 [4] NCCL INFO Channel 04/0 : 5[4] -> 12[4] [receive] via NET/IB/6/GDRDMA
[1,1]<stdout>:a2ap-dgx029:1034174:1034174 [3] NCCL INFO Channel 03/0 : 3[3] -> 11[3] [receive] via NET/IB/5/GDRDMA
[1,1]<stdout>:a2ap-dgx029:1034176:1034176 [5] NCCL INFO Channel 05/0 : 4[5] -> 13[5] [receive] via NET/IB/9/GDRDMA
[1,1]<stdout>:a2ap-dgx029:1034178:1034178 [7] NCCL INFO Channel 15/0 : 7[7] -> 15[7] [receive] via NET/IB/11/GDRDMA
[1,1]<stdout>:a2ap-dgx029:1034175:1034175 [4] NCCL INFO Channel 12/0 : 5[4] -> 12[4] [receive] via NET/IB/6/GDRDMA
[1,1]<stdout>:a2ap-dgx029:1034174:1034174 [3] NCCL INFO Channel 11/0 : 3[3] -> 11[3] [receive] via NET/IB/5/GDRDMA
[1,1]<stdout>:a2ap-dgx029:1034176:1034176 [5] NCCL INFO Channel 13/0 : 4[5] -> 13[5] [receive] via NET/IB/9/GDRDMA
[1,1]<stdout>:a2ap-dgx029:1034174:1034174 [3] NCCL INFO Channel 00/0 : 11[3] -> 10[2] via P2P/IPC
[1,1]<stdout>:a2ap-dgx029:1034174:1034174 [3] NCCL INFO Channel 02/0 : 11[3] -> 10[2] via P2P/IPC
[1,1]<stdout>:a2ap-dgx029:1034174:1034174 [3] NCCL INFO Channel 04/0 : 11[3] -> 10[2] via P2P/IPC
[1,1]<stdout>:a2ap-dgx029:1034174:1034174 [3] NCCL INFO Channel 06/0 : 11[3] -> 10[2] via P2P/IPC
[1,1]<stdout>:a2ap-dgx029:1034174:1034174 [3] NCCL INFO Channel 08/0 : 11[3] -> 10[2] via P2P/IPC
[1,1]<stdout>:a2ap-dgx029:1034174:1034174 [3] NCCL INFO Channel 10/0 : 11[3] -> 10[2] via P2P/IPC
[1,1]<stdout>:a2ap-dgx029:1034177:1034177 [6] NCCL INFO Channel 00/0 : 14[6] -> 13[5] via P2P/IPC
[1,1]<stdout>:a2ap-dgx029:1034176:1034176 [5] NCCL INFO Channel 00/0 : 13[5] -> 12[4] via P2P/IPC
[1,1]<stdout>:a2ap-dgx029:1034175:1034175 [4] NCCL INFO Channel 00/0 : 12[4] -> 11[3] via P2P/IPC
[1,1]<stdout>:a2ap-dgx029:1034174:1034174 [3] NCCL INFO Channel 12/0 : 11[3] -> 10[2] via P2P/IPC
[1,1]<stdout>:a2ap-dgx029:1034177:1034177 [6] NCCL INFO Channel 02/0 : 14[6] -> 13[5] via P2P/IPC
[1,1]<stdout>:a2ap-dgx029:1034176:1034176 [5] NCCL INFO Channel 02/0 : 13[5] -> 12[4] via P2P/IPC
[1,1]<stdout>:a2ap-dgx029:1034175:1034175 [4] NCCL INFO Channel 02/0 : 12[4] -> 11[3] via P2P/IPC
[1,1]<stdout>:a2ap-dgx029:1034174:1034174 [3] NCCL INFO Channel 14/0 : 11[3] -> 10[2] via P2P/IPC
[1,1]<stdout>:a2ap-dgx029:1034177:1034177 [6] NCCL INFO Channel 04/0 : 14[6] -> 13[5] via P2P/IPC
[1,1]<stdout>:a2ap-dgx029:1034176:1034176 [5] NCCL INFO Channel 04/0 : 13[5] -> 12[4] via P2P/IPC
[1,1]<stdout>:a2ap-dgx029:1034175:1034175 [4] NCCL INFO Channel 06/0 : 12[4] -> 11[3] via P2P/IPC
[1,1]<stdout>:a2ap-dgx029:1034176:1034176 [5] NCCL INFO Channel 06/0 : 13[5] -> 12[4] via P2P/IPC
[1,1]<stdout>:a2ap-dgx029:1034175:1034175 [4] NCCL INFO Channel 08/0 : 12[4] -> 11[3] via P2P/IPC
[1,1]<stdout>:a2ap-dgx029:1034176:1034176 [5] NCCL INFO Channel 08/0 : 13[5] -> 12[4] via P2P/IPC
[1,1]<stdout>:a2ap-dgx029:1034175:1034175 [4] NCCL INFO Channel 10/0 : 12[4] -> 11[3] via P2P/IPC
[1,1]<stdout>:a2ap-dgx029:1034176:1034176 [5] NCCL INFO Channel 10/0 : 13[5] -> 12[4] via P2P/IPC
[1,1]<stdout>:a2ap-dgx029:1034175:1034175 [4] NCCL INFO Channel 14/0 : 12[4] -> 11[3] via P2P/IPC
[1,1]<stdout>:a2ap-dgx029:1034176:1034176 [5] NCCL INFO Channel 12/0 : 13[5] -> 12[4] via P2P/IPC
[1,1]<stdout>:a2ap-dgx029:1034176:1034176 [5] NCCL INFO Channel 14/0 : 13[5] -> 12[4] via P2P/IPC
[1,1]<stdout>:a2ap-dgx029:1034177:1034177 [6] NCCL INFO Channel 08/0 : 14[6] -> 13[5] via P2P/IPC
[1,1]<stdout>:a2ap-dgx029:1034177:1034177 [6] NCCL INFO Channel 10/0 : 14[6] -> 13[5] via P2P/IPC
[1,1]<stdout>:a2ap-dgx029:1034177:1034177 [6] NCCL INFO Channel 12/0 : 14[6] -> 13[5] via P2P/IPC
[1,1]<stdout>:a2ap-dgx029:1034178:1034178 [7] NCCL INFO Channel 01/0 : 15[7] -> 8[0] via P2P/IPC
[1,1]<stdout>:a2ap-dgx029:1034178:1034178 [7] NCCL INFO Channel 03/0 : 15[7] -> 8[0] via P2P/IPC
[1,1]<stdout>:a2ap-dgx029:1034178:1034178 [7] NCCL INFO Channel 05/0 : 15[7] -> 8[0] via P2P/IPC
[1,1]<stdout>:a2ap-dgx029:1034178:1034178 [7] NCCL INFO Channel 07/0 : 15[7] -> 8[0] via P2P/IPC
[1,1]<stdout>:a2ap-dgx029:1034178:1034178 [7] NCCL INFO Channel 09/0 : 15[7] -> 8[0] via P2P/IPC
[1,1]<stdout>:a2ap-dgx029:1034178:1034178 [7] NCCL INFO Channel 11/0 : 15[7] -> 8[0] via P2P/IPC
[1,1]<stdout>:a2ap-dgx029:1034178:1034178 [7] NCCL INFO Channel 13/0 : 15[7] -> 8[0] via P2P/IPC
[1,1]<stdout>:a2ap-dgx029:1034178:1034178 [7] NCCL INFO Channel 15/0 : 15[7] -> 8[0] via P2P/IPC
[1,1]<stdout>:a2ap-dgx029:1034178:1034178 [7] NCCL INFO Channel 00/0 : 15[7] -> 14[6] via P2P/IPC
[1,1]<stdout>:a2ap-dgx029:1034178:1034178 [7] NCCL INFO Channel 02/0 : 15[7] -> 14[6] via P2P/IPC
[1,1]<stdout>:a2ap-dgx029:1034178:1034178 [7] NCCL INFO Channel 04/0 : 15[7] -> 14[6] via P2P/IPC
[1,1]<stdout>:a2ap-dgx029:1034178:1034178 [7] NCCL INFO Channel 06/0 : 15[7] -> 14[6] via P2P/IPC
[1,1]<stdout>:a2ap-dgx029:1034178:1034178 [7] NCCL INFO Channel 08/0 : 15[7] -> 14[6] via P2P/IPC
[1,1]<stdout>:a2ap-dgx029:1034178:1034178 [7] NCCL INFO Channel 10/0 : 15[7] -> 14[6] via P2P/IPC
[1,1]<stdout>:a2ap-dgx029:1034178:1034178 [7] NCCL INFO Channel 12/0 : 15[7] -> 14[6] via P2P/IPC
[1,1]<stdout>:a2ap-dgx029:1034178:1034178 [7] NCCL INFO Channel 14/0 : 15[7] -> 14[6] via P2P/IPC
[1,1]<stdout>:a2ap-dgx029:1034172:1034172 [1] NCCL INFO Channel 00/0 : 9[1] -> 8[0] via P2P/IPC
[1,1]<stdout>:a2ap-dgx029:1034172:1034172 [1] NCCL INFO Channel 02/0 : 9[1] -> 8[0] via P2P/IPC
[1,1]<stdout>:a2ap-dgx029:1034172:1034172 [1] NCCL INFO Channel 04/0 : 9[1] -> 8[0] via P2P/IPC
[1,1]<stdout>:a2ap-dgx029:1034172:1034172 [1] NCCL INFO Channel 06/0 : 9[1] -> 8[0] via P2P/IPC
[1,1]<stdout>:a2ap-dgx029:1034172:1034172 [1] NCCL INFO Channel 08/0 : 9[1] -> 8[0] via P2P/IPC
[1,1]<stdout>:a2ap-dgx029:1034172:1034172 [1] NCCL INFO Channel 10/0 : 9[1] -> 8[0] via P2P/IPC
[1,1]<stdout>:a2ap-dgx029:1034172:1034172 [1] NCCL INFO Channel 12/0 : 9[1] -> 8[0] via P2P/IPC
[1,1]<stdout>:a2ap-dgx029:1034172:1034172 [1] NCCL INFO Channel 14/0 : 9[1] -> 8[0] via P2P/IPC
[1,1]<stdout>:a2ap-dgx029:1034173:1034173 [2] NCCL INFO Channel 00/0 : 10[2] -> 9[1] via P2P/IPC
[1,1]<stdout>:a2ap-dgx029:1034173:1034173 [2] NCCL INFO Channel 04/0 : 10[2] -> 9[1] via P2P/IPC
[1,1]<stdout>:a2ap-dgx029:1034173:1034173 [2] NCCL INFO Channel 06/0 : 10[2] -> 9[1] via P2P/IPC
[1,1]<stdout>:a2ap-dgx029:1034173:1034173 [2] NCCL INFO Channel 08/0 : 10[2] -> 9[1] via P2P/IPC
[1,1]<stdout>:a2ap-dgx029:1034173:1034173 [2] NCCL INFO Channel 12/0 : 10[2] -> 9[1] via P2P/IPC
[1,1]<stdout>:a2ap-dgx029:1034173:1034173 [2] NCCL INFO Channel 14/0 : 10[2] -> 9[1] via P2P/IPC
[1,1]<stdout>:a2ap-dgx029:1034176:1034176 [5] NCCL INFO Connected all trees
[1,1]<stdout>:a2ap-dgx029:1034175:1034175 [4] NCCL INFO Connected all trees
[1,1]<stdout>:a2ap-dgx029:1034175:1034175 [4] NCCL INFO threadThresholds 8/8/64 | 128/8/64 | 512 | 512
[1,1]<stdout>:a2ap-dgx029:1034175:1034175 [4] NCCL INFO 16 coll channels, 16 collnet channels, 0 nvls channels, 16 p2p channels, 2 p2p channels per peer
[1,1]<stdout>:a2ap-dgx029:1034176:1034176 [5] NCCL INFO threadThresholds 8/8/64 | 128/8/64 | 512 | 512
[1,1]<stdout>:a2ap-dgx029:1034176:1034176 [5] NCCL INFO 16 coll channels, 16 collnet channels, 0 nvls channels, 16 p2p channels, 2 p2p channels per peer
[1,1]<stdout>:a2ap-dgx029:1034177:1034177 [6] NCCL INFO Connected all trees
[1,1]<stdout>:a2ap-dgx029:1034171:1034171 [0] NCCL INFO Connected all trees
[1,1]<stdout>:a2ap-dgx029:1034178:1034178 [7] NCCL INFO Connected all trees
[1,1]<stdout>:a2ap-dgx029:1034172:1034172 [1] NCCL INFO Connected all trees
[1,1]<stdout>:a2ap-dgx029:1034173:1034173 [2] NCCL INFO Connected all trees
[1,1]<stdout>:a2ap-dgx029:1034174:1034174 [3] NCCL INFO Connected all trees
[1,1]<stdout>:a2ap-dgx029:1034172:1034172 [1] NCCL INFO threadThresholds 8/8/64 | 128/8/64 | 512 | 512
[1,1]<stdout>:a2ap-dgx029:1034172:1034172 [1] NCCL INFO 16 coll channels, 16 collnet channels, 0 nvls channels, 16 p2p channels, 2 p2p channels per peer
[1,1]<stdout>:a2ap-dgx029:1034177:1034177 [6] NCCL INFO threadThresholds 8/8/64 | 128/8/64 | 512 | 512
[1,1]<stdout>:a2ap-dgx029:1034177:1034177 [6] NCCL INFO 16 coll channels, 16 collnet channels, 0 nvls channels, 16 p2p channels, 2 p2p channels per peer
[1,1]<stdout>:a2ap-dgx029:1034171:1034171 [0] NCCL INFO threadThresholds 8/8/64 | 128/8/64 | 512 | 512
[1,1]<stdout>:a2ap-dgx029:1034171:1034171 [0] NCCL INFO 16 coll channels, 16 collnet channels, 0 nvls channels, 16 p2p channels, 2 p2p channels per peer
[1,1]<stdout>:a2ap-dgx029:1034178:1034178 [7] NCCL INFO threadThresholds 8/8/64 | 128/8/64 | 512 | 512
[1,1]<stdout>:a2ap-dgx029:1034178:1034178 [7] NCCL INFO 16 coll channels, 16 collnet channels, 0 nvls channels, 16 p2p channels, 2 p2p channels per peer
[1,1]<stdout>:a2ap-dgx029:1034173:1034173 [2] NCCL INFO threadThresholds 8/8/64 | 128/8/64 | 512 | 512
[1,1]<stdout>:a2ap-dgx029:1034173:1034173 [2] NCCL INFO 16 coll channels, 16 collnet channels, 0 nvls channels, 16 p2p channels, 2 p2p channels per peer
[1,1]<stdout>:a2ap-dgx029:1034174:1034174 [3] NCCL INFO threadThresholds 8/8/64 | 128/8/64 | 512 | 512
[1,1]<stdout>:a2ap-dgx029:1034174:1034174 [3] NCCL INFO 16 coll channels, 16 collnet channels, 0 nvls channels, 16 p2p channels, 2 p2p channels per peer
[1,1]<stdout>:a2ap-dgx029:1034173:1034173 [2] NCCL INFO TUNER/Plugin: Could not find: libnccl-tuner.so. Using internal tuner plugin.
[1,1]<stdout>:a2ap-dgx029:1034171:1034171 [0] NCCL INFO TUNER/Plugin: Could not find: libnccl-tuner.so. Using internal tuner plugin.
[1,1]<stdout>:a2ap-dgx029:1034172:1034172 [1] NCCL INFO TUNER/Plugin: Could not find: libnccl-tuner.so. Using internal tuner plugin.
[1,1]<stdout>:a2ap-dgx029:1034175:1034175 [4] NCCL INFO TUNER/Plugin: Could not find: libnccl-tuner.so. Using internal tuner plugin.
[1,1]<stdout>:a2ap-dgx029:1034178:1034178 [7] NCCL INFO TUNER/Plugin: Could not find: libnccl-tuner.so. Using internal tuner plugin.
[1,1]<stdout>:a2ap-dgx029:1034173:1034173 [2] NCCL INFO ncclCommInitRank comm 0x555562f32c40 rank 10 nranks 16 cudaDev 2 nvmlDev 2 busId 52000 commId 0xda48c8ad2f48c155 - Init COMPLETE
[1,1]<stdout>:a2ap-dgx029:1034172:1034172 [1] NCCL INFO ncclCommInitRank comm 0x555562f31920 rank 9 nranks 16 cudaDev 1 nvmlDev 1 busId 43000 commId 0xda48c8ad2f48c155 - Init COMPLETE
[1,1]<stdout>:a2ap-dgx029:1034175:1034175 [4] NCCL INFO ncclCommInitRank comm 0x555562f333a0 rank 12 nranks 16 cudaDev 4 nvmlDev 4 busId 9d000 commId 0xda48c8ad2f48c155 - Init COMPLETE
[1,1]<stdout>:a2ap-dgx029:1034173:1034173 [2] NCCL INFO Init timings - ncclCommInitRank: rank 10 nranks 16 total 6.80 (kernels 0.75, alloc 2.44, bootstrap 0.03, allgathers 1.39, topo 1.38, graphs 0.01, connections 0.80, rest 0.01)
[1,1]<stdout>:a2ap-dgx029:1034172:1034172 [1] NCCL INFO Init timings - ncclCommInitRank: rank 9 nranks 16 total 6.79 (kernels 0.72, alloc 2.48, bootstrap 0.00, allgathers 1.37, topo 1.40, graphs 0.01, connections 0.79, rest 0.03)
[1,1]<stdout>:a2ap-dgx029:1034175:1034175 [4] NCCL INFO Init timings - ncclCommInitRank: rank 12 nranks 16 total 6.80 (kernels 0.73, alloc 2.46, bootstrap 0.02, allgathers 1.37, topo 1.39, graphs 0.01, connections 0.72, rest 0.09)
[1,1]<stdout>:a2ap-dgx029:1034177:1034177 [6] NCCL INFO TUNER/Plugin: Could not find: libnccl-tuner.so. Using internal tuner plugin.
[1,1]<stdout>:a2ap-dgx029:1034171:1034171 [0] NCCL INFO ncclCommInitRank comm 0x555562176400 rank 8 nranks 16 cudaDev 0 nvmlDev 0 busId 1b000 commId 0xda48c8ad2f48c155 - Init COMPLETE
[1,1]<stdout>:a2ap-dgx029:1034178:1034178 [7] NCCL INFO ncclCommInitRank comm 0x555562e0d8c0 rank 15 nranks 16 cudaDev 7 nvmlDev 7 busId df000 commId 0xda48c8ad2f48c155 - Init COMPLETE
[1,1]<stdout>:a2ap-dgx029:1034177:1034177 [6] NCCL INFO ncclCommInitRank comm 0x555562f2f850 rank 14 nranks 16 cudaDev 6 nvmlDev 6 busId d1000 commId 0xda48c8ad2f48c155 - Init COMPLETE
[1,1]<stdout>:a2ap-dgx029:1034171:1034171 [0] NCCL INFO Init timings - ncclCommInitRank: rank 8 nranks 16 total 6.80 (kernels 0.73, alloc 2.41, bootstrap 0.07, allgathers 1.40, topo 1.37, graphs 0.01, connections 0.79, rest 0.03)
[1,1]<stdout>:a2ap-dgx029:1034178:1034178 [7] NCCL INFO Init timings - ncclCommInitRank: rank 15 nranks 16 total 6.81 (kernels 0.75, alloc 2.40, bootstrap 0.07, allgathers 1.40, topo 1.37, graphs 0.01, connections 0.79, rest 0.02)
[1,1]<stdout>:a2ap-dgx029:1034177:1034177 [6] NCCL INFO Init timings - ncclCommInitRank: rank 14 nranks 16 total 6.80 (kernels 0.73, alloc 2.47, bootstrap 0.01, allgathers 1.40, topo 1.37, graphs 0.01, connections 0.79, rest 0.03)
[1,1]<stdout>:a2ap-dgx029:1034176:1034176 [5] NCCL INFO TUNER/Plugin: Could not find: libnccl-tuner.so. Using internal tuner plugin.
[1,1]<stdout>:a2ap-dgx029:1034174:1034174 [3] NCCL INFO TUNER/Plugin: Could not find: libnccl-tuner.so. Using internal tuner plugin.
[1,1]<stdout>:a2ap-dgx029:1034176:1034176 [5] NCCL INFO ncclCommInitRank comm 0x555562f31df0 rank 13 nranks 16 cudaDev 5 nvmlDev 5 busId c3000 commId 0xda48c8ad2f48c155 - Init COMPLETE
[1,1]<stdout>:a2ap-dgx029:1034174:1034174 [3] NCCL INFO ncclCommInitRank comm 0x5555621d99b0 rank 11 nranks 16 cudaDev 3 nvmlDev 3 busId 61000 commId 0xda48c8ad2f48c155 - Init COMPLETE
[1,1]<stdout>:a2ap-dgx029:1034176:1034176 [5] NCCL INFO Init timings - ncclCommInitRank: rank 13 nranks 16 total 6.81 (kernels 0.74, alloc 2.40, bootstrap 0.08, allgathers 1.37, topo 1.39, graphs 0.01, connections 0.72, rest 0.09)
[1,1]<stdout>:a2ap-dgx029:1034174:1034174 [3] NCCL INFO Init timings - ncclCommInitRank: rank 11 nranks 16 total 6.80 (kernels 0.73, alloc 2.44, bootstrap 0.04, allgathers 1.40, topo 1.37, graphs 0.01, connections 0.79, rest 0.02)
[1,1]<stdout>:[Gloo] Rank 0 is connected to 0 peer ranks. Expected number of connected peer ranks is : 0
[1,1]<stdout>:[Gloo] Rank 0 is connected to 0 peer ranks. Expected number of connected peer ranks is : 0
[1,1]<stdout>:[Gloo] Rank 0 is connected to 0 peer ranks. Expected number of connected peer ranks is : 0
[1,1]<stdout>:[Gloo] Rank 0 is connected to 0 peer ranks. Expected number of connected peer ranks is : 0
[1,1]<stdout>:[Gloo] Rank 0 is connected to 0 peer ranks. Expected number of connected peer ranks is : 0
[1,1]<stdout>:[Gloo] Rank 0 is connected to 0 peer ranks. Expected number of connected peer ranks is : 0
[1,1]<stdout>:[Gloo] Rank 0 is connected to 0 peer ranks. Expected number of connected peer ranks is : 0
[1,1]<stdout>:[Gloo] Rank 0 is connected to 0 peer ranks. Expected number of connected peer ranks is : 0
[1,1]<stdout>:[Gloo] Rank 13 is connected to 15 peer ranks. Expected number of connected peer ranks is : 15
[1,1]<stdout>:[Gloo] Rank 11 is connected to 15 peer ranks. Expected number of connected peer ranks is : 15
[1,1]<stdout>:[Gloo] Rank 10 is connected to 15 peer ranks. Expected number of connected peer ranks is : 15
[1,1]<stdout>:[Gloo] Rank 14 is connected to 15 peer ranks. Expected number of connected peer ranks is : 15
[1,1]<stdout>:[Gloo] Rank 8 is connected to 15 peer ranks. Expected number of connected peer ranks is : 15
[1,1]<stdout>:[Gloo] Rank 9 is connected to 15 peer ranks. Expected number of connected peer ranks is : 15
[1,1]<stdout>:[Gloo] Rank 12 is connected to 15 peer ranks. Expected number of connected peer ranks is : 15
[1,1]<stdout>:[Gloo] Rank 15 is connected to 15 peer ranks. Expected number of connected peer ranks is : 15
[1,1]<stdout>:a2ap-dgx029:1034173:1034173 [2] NCCL INFO Assigned NET plugin IB to comm
[1,1]<stdout>:a2ap-dgx029:1034174:1034174 [3] NCCL INFO Assigned NET plugin IB to comm
[1,1]<stdout>:a2ap-dgx029:1034173:1034173 [2] NCCL INFO Using network IB
[1,1]<stdout>:a2ap-dgx029:1034174:1034174 [3] NCCL INFO Using network IB
[1,1]<stdout>:a2ap-dgx029:1034177:1034177 [6] NCCL INFO Assigned NET plugin IB to comm
[1,1]<stdout>:a2ap-dgx029:1034177:1034177 [6] NCCL INFO Using network IB
[1,1]<stdout>:a2ap-dgx029:1034173:1034173 [2] NCCL INFO ncclCommInitRank comm 0x55556f386ab0 rank 10 nranks 16 cudaDev 2 nvmlDev 2 busId 52000 commId 0x9a0168fb3582cf1b - Init START
[1,1]<stdout>:a2ap-dgx029:1034176:1034176 [5] NCCL INFO Assigned NET plugin IB to comm
[1,1]<stdout>:a2ap-dgx029:1034174:1034174 [3] NCCL INFO ncclCommInitRank comm 0x55556f386900 rank 11 nranks 16 cudaDev 3 nvmlDev 3 busId 61000 commId 0x9a0168fb3582cf1b - Init START
[1,1]<stdout>:a2ap-dgx029:1034176:1034176 [5] NCCL INFO Using network IB
[1,1]<stdout>:a2ap-dgx029:1034177:1034177 [6] NCCL INFO ncclCommInitRank comm 0x55556f3868c0 rank 14 nranks 16 cudaDev 6 nvmlDev 6 busId d1000 commId 0x9a0168fb3582cf1b - Init START
[1,1]<stdout>:a2ap-dgx029:1034175:1034175 [4] NCCL INFO Assigned NET plugin IB to comm
[1,1]<stdout>:a2ap-dgx029:1034175:1034175 [4] NCCL INFO Using network IB
[1,1]<stdout>:a2ap-dgx029:1034176:1034176 [5] NCCL INFO ncclCommInitRank comm 0x55556f386670 rank 13 nranks 16 cudaDev 5 nvmlDev 5 busId c3000 commId 0x9a0168fb3582cf1b - Init START
[1,1]<stdout>:a2ap-dgx029:1034175:1034175 [4] NCCL INFO ncclCommInitRank comm 0x55556f387dc0 rank 12 nranks 16 cudaDev 4 nvmlDev 4 busId 9d000 commId 0x9a0168fb3582cf1b - Init START
[1,1]<stdout>:a2ap-dgx029:1034178:1034178 [7] NCCL INFO Assigned NET plugin IB to comm
[1,1]<stdout>:a2ap-dgx029:1034178:1034178 [7] NCCL INFO Using network IB
[1,1]<stdout>:a2ap-dgx029:1034171:1034171 [0] NCCL INFO Assigned NET plugin IB to comm
[1,1]<stdout>:a2ap-dgx029:1034171:1034171 [0] NCCL INFO Using network IB
[1,1]<stdout>:a2ap-dgx029:1034172:1034172 [1] NCCL INFO Assigned NET plugin IB to comm
[1,1]<stdout>:a2ap-dgx029:1034172:1034172 [1] NCCL INFO Using network IB
[1,1]<stdout>:a2ap-dgx029:1034178:1034178 [7] NCCL INFO ncclCommInitRank comm 0x55556f3866b0 rank 15 nranks 16 cudaDev 7 nvmlDev 7 busId df000 commId 0x9a0168fb3582cf1b - Init START
[1,1]<stdout>:a2ap-dgx029:1034171:1034171 [0] NCCL INFO ncclCommInitRank comm 0x55556f386410 rank 8 nranks 16 cudaDev 0 nvmlDev 0 busId 1b000 commId 0x9a0168fb3582cf1b - Init START
[1,1]<stdout>:a2ap-dgx029:1034172:1034172 [1] NCCL INFO ncclCommInitRank comm 0x55556f385cf0 rank 9 nranks 16 cudaDev 1 nvmlDev 1 busId 43000 commId 0x9a0168fb3582cf1b - Init START
[1,1]<stdout>:a2ap-dgx029:1034171:1034171 [0] NCCL INFO Bootstrap timings total 0.001886 (create 0.000019, send 0.000228, recv 0.001262, ring 0.000271, delay 0.000000)
[1,1]<stdout>:a2ap-dgx029:1034176:1034176 [5] NCCL INFO Bootstrap timings total 0.002137 (create 0.000015, send 0.000388, recv 0.000813, ring 0.000827, delay 0.000000)
[1,1]<stdout>:a2ap-dgx029:1034177:1034177 [6] NCCL INFO Bootstrap timings total 0.002230 (create 0.000019, send 0.000381, recv 0.001216, ring 0.000507, delay 0.000000)
[1,1]<stdout>:a2ap-dgx029:1034178:1034178 [7] NCCL INFO Bootstrap timings total 0.001955 (create 0.000016, send 0.000269, recv 0.001167, ring 0.000377, delay 0.000000)
[1,1]<stdout>:a2ap-dgx029:1034175:1034175 [4] NCCL INFO Bootstrap timings total 0.002086 (create 0.000017, send 0.000087, recv 0.000778, ring 0.001103, delay 0.000000)
[1,1]<stdout>:a2ap-dgx029:1034174:1034174 [3] NCCL INFO Bootstrap timings total 0.002272 (create 0.000017, send 0.000227, recv 0.000432, ring 0.001225, delay 0.000000)
[1,1]<stdout>:a2ap-dgx029:1034172:1034172 [1] NCCL INFO Bootstrap timings total 0.001823 (create 0.000018, send 0.000104, recv 0.000858, ring 0.000284, delay 0.000000)
[1,1]<stdout>:a2ap-dgx029:1034173:1034173 [2] NCCL INFO Bootstrap timings total 0.002284 (create 0.000015, send 0.000107, recv 0.000839, ring 0.000723, delay 0.000000)
[1,1]<stdout>:a2ap-dgx029:1034178:1034178 [7] NCCL INFO MNNVL busId 0xdf000 fabric UUID 0.0 cliqueId 0x0 state 3 healthMask 0x0
[1,1]<stdout>:a2ap-dgx029:1034177:1034177 [6] NCCL INFO MNNVL busId 0xd1000 fabric UUID 0.0 cliqueId 0x0 state 3 healthMask 0x0
[1,1]<stdout>:a2ap-dgx029:1034176:1034176 [5] NCCL INFO MNNVL busId 0xc3000 fabric UUID 0.0 cliqueId 0x0 state 3 healthMask 0x0
[1,1]<stdout>:a2ap-dgx029:1034173:1034173 [2] NCCL INFO MNNVL busId 0x52000 fabric UUID 0.0 cliqueId 0x0 state 3 healthMask 0x0
[1,1]<stdout>:a2ap-dgx029:1034175:1034175 [4] NCCL INFO MNNVL busId 0x9d000 fabric UUID 0.0 cliqueId 0x0 state 3 healthMask 0x0
[1,1]<stdout>:a2ap-dgx029:1034174:1034174 [3] NCCL INFO MNNVL busId 0x61000 fabric UUID 0.0 cliqueId 0x0 state 3 healthMask 0x0
[1,1]<stdout>:a2ap-dgx029:1034172:1034172 [1] NCCL INFO MNNVL busId 0x43000 fabric UUID 0.0 cliqueId 0x0 state 3 healthMask 0x0
[1,1]<stdout>:a2ap-dgx029:1034171:1034171 [0] NCCL INFO MNNVL busId 0x1b000 fabric UUID 0.0 cliqueId 0x0 state 3 healthMask 0x0
[1,1]<stdout>:a2ap-dgx029:1034171:1034171 [0] NCCL INFO Setting affinity for GPU 0 to 0-55,112-167
[1,1]<stdout>:a2ap-dgx029:1034172:1034172 [1] NCCL INFO Setting affinity for GPU 1 to 0-55,112-167
[1,1]<stdout>:a2ap-dgx029:1034173:1034173 [2] NCCL INFO Setting affinity for GPU 2 to 0-55,112-167
[1,1]<stdout>:a2ap-dgx029:1034178:1034178 [7] NCCL INFO Setting affinity for GPU 7 to 56-111,168-223
[1,1]<stdout>:a2ap-dgx029:1034176:1034176 [5] NCCL INFO Setting affinity for GPU 5 to 56-111,168-223
[1,1]<stdout>:a2ap-dgx029:1034177:1034177 [6] NCCL INFO Setting affinity for GPU 6 to 56-111,168-223
[1,1]<stdout>:a2ap-dgx029:1034175:1034175 [4] NCCL INFO Setting affinity for GPU 4 to 56-111,168-223
[1,1]<stdout>:a2ap-dgx029:1034174:1034174 [3] NCCL INFO Setting affinity for GPU 3 to 0-55,112-167
[1,1]<stdout>:a2ap-dgx029:1034173:1034173 [2] NCCL INFO comm 0x55556f386ab0 rank 10 nRanks 16 nNodes 2 localRanks 8 localRank 2 MNNVL 0
[1,1]<stdout>:a2ap-dgx029:1034178:1034178 [7] NCCL INFO comm 0x55556f3866b0 rank 15 nRanks 16 nNodes 2 localRanks 8 localRank 7 MNNVL 0
[1,1]<stdout>:a2ap-dgx029:1034176:1034176 [5] NCCL INFO comm 0x55556f386670 rank 13 nRanks 16 nNodes 2 localRanks 8 localRank 5 MNNVL 0
[1,1]<stdout>:a2ap-dgx029:1034177:1034177 [6] NCCL INFO comm 0x55556f3868c0 rank 14 nRanks 16 nNodes 2 localRanks 8 localRank 6 MNNVL 0
[1,1]<stdout>:a2ap-dgx029:1034174:1034174 [3] NCCL INFO comm 0x55556f386900 rank 11 nRanks 16 nNodes 2 localRanks 8 localRank 3 MNNVL 0
[1,1]<stdout>:a2ap-dgx029:1034172:1034172 [1] NCCL INFO comm 0x55556f385cf0 rank 9 nRanks 16 nNodes 2 localRanks 8 localRank 1 MNNVL 0
[1,1]<stdout>:a2ap-dgx029:1034171:1034171 [0] NCCL INFO comm 0x55556f386410 rank 8 nRanks 16 nNodes 2 localRanks 8 localRank 0 MNNVL 0
[1,1]<stdout>:a2ap-dgx029:1034178:1034178 [7] NCCL INFO Trees [0] -1/-1/-1->15->14 [1] 8/-1/-1->15->14 [2] 8/-1/-1->15->14 [3] 8/-1/-1->15->14 [4] 8/-1/-1->15->14 [5] 8/-1/-1->15->14 [6] 8/-1/-1->15->14 [7] 8/-1/-1->15->7 [8] -1/-1/-1->15->14 [9] 8/-1/-1->15->14 [10] 8/-1/-1->15->14 [11] 8/-1/-1->15->14 [12] 8/-1/-1->15->14 [13] 8/-1/-1->15->14 [14] 8/-1/-1->15->14 [15] 8/7/-1->15->-1
[1,1]<stdout>:a2ap-dgx029:1034173:1034173 [2] NCCL INFO Trees [0] 11/-1/-1->10->9 [1] 11/-1/-1->10->9 [2] 11/-1/-1->10->2 [3] -1/-1/-1->10->9 [4] 11/-1/-1->10->9 [5] 11/-1/-1->10->9 [6] 11/-1/-1->10->9 [7] 11/-1/-1->10->9 [8] 11/-1/-1->10->9 [9] 11/-1/-1->10->9 [10] 11/2/-1->10->-1 [11] -1/-1/-1->10->9 [12] 11/-1/-1->10->9 [13] 11/-1/-1->10->9 [14] 11/-1/-1->10->9 [15] 11/-1/-1->10->9
[1,1]<stdout>:a2ap-dgx029:1034176:1034176 [5] NCCL INFO Trees [0] 14/-1/-1->13->12 [1] 14/-1/-1->13->12 [2] 14/-1/-1->13->12 [3] 14/-1/-1->13->12 [4] 14/-1/-1->13->12 [5] 14/-1/-1->13->4 [6] -1/-1/-1->13->12 [7] 14/-1/-1->13->12 [8] 14/-1/-1->13->12 [9] 14/-1/-1->13->12 [10] 14/-1/-1->13->12 [11] 14/-1/-1->13->12 [12] 14/-1/-1->13->12 [13] 14/4/-1->13->-1 [14] -1/-1/-1->13->12 [15] 14/-1/-1->13->12
[1,1]<stdout>:a2ap-dgx029:1034178:1034178 [7] NCCL INFO P2P Chunksize set to 131072
[1,1]<stdout>:a2ap-dgx029:1034175:1034175 [4] NCCL INFO comm 0x55556f387dc0 rank 12 nRanks 16 nNodes 2 localRanks 8 localRank 4 MNNVL 0
[1,1]<stdout>:a2ap-dgx029:1034173:1034173 [2] NCCL INFO P2P Chunksize set to 131072
[1,1]<stdout>:a2ap-dgx029:1034177:1034177 [6] NCCL INFO Trees [0] 15/-1/-1->14->13 [1] 15/-1/-1->14->13 [2] 15/-1/-1->14->13 [3] 15/-1/-1->14->13 [4] 15/-1/-1->14->13 [5] 15/-1/-1->14->13 [6] 15/-1/-1->14->6 [7] -1/-1/-1->14->13 [8] 15/-1/-1->14->13 [9] 15/-1/-1->14->13 [10] 15/-1/-1->14->13 [11] 15/-1/-1->14->13 [12] 15/-1/-1->14->13 [13] 15/-1/-1->14->13 [14] 15/6/-1->14->-1 [15] -1/-1/-1->14->13
[1,1]<stdout>:a2ap-dgx029:1034174:1034174 [3] NCCL INFO Trees [0] 12/-1/-1->11->10 [1] 12/-1/-1->11->10 [2] 12/-1/-1->11->10 [3] 12/-1/-1->11->3 [4] -1/-1/-1->11->10 [5] 12/-1/-1->11->10 [6] 12/-1/-1->11->10 [7] 12/-1/-1->11->10 [8] 12/-1/-1->11->10 [9] 12/-1/-1->11->10 [10] 12/-1/-1->11->10 [11] 12/3/-1->11->-1 [12] -1/-1/-1->11->10 [13] 12/-1/-1->11->10 [14] 12/-1/-1->11->10 [15] 12/-1/-1->11->10
[1,1]<stdout>:a2ap-dgx029:1034172:1034172 [1] NCCL INFO Trees [0] 10/-1/-1->9->8 [1] 10/-1/-1->9->0 [2] -1/-1/-1->9->8 [3] 10/-1/-1->9->8 [4] 10/-1/-1->9->8 [5] 10/-1/-1->9->8 [6] 10/-1/-1->9->8 [7] 10/-1/-1->9->8 [8] 10/-1/-1->9->8 [9] 10/0/-1->9->-1 [10] -1/-1/-1->9->8 [11] 10/-1/-1->9->8 [12] 10/-1/-1->9->8 [13] 10/-1/-1->9->8 [14] 10/-1/-1->9->8 [15] 10/-1/-1->9->8
[1,1]<stdout>:a2ap-dgx029:1034176:1034176 [5] NCCL INFO P2P Chunksize set to 131072
[1,1]<stdout>:a2ap-dgx029:1034171:1034171 [0] NCCL INFO Trees [0] 9/-1/-1->8->1 [1] -1/-1/-1->8->15 [2] 9/-1/-1->8->15 [3] 9/-1/-1->8->15 [4] 9/-1/-1->8->15 [5] 9/-1/-1->8->15 [6] 9/-1/-1->8->15 [7] 9/-1/-1->8->15 [8] 9/1/-1->8->-1 [9] -1/-1/-1->8->15 [10] 9/-1/-1->8->15 [11] 9/-1/-1->8->15 [12] 9/-1/-1->8->15 [13] 9/-1/-1->8->15 [14] 9/-1/-1->8->15 [15] 9/-1/-1->8->15
[1,1]<stdout>:a2ap-dgx029:1034177:1034177 [6] NCCL INFO P2P Chunksize set to 131072
[1,1]<stdout>:a2ap-dgx029:1034174:1034174 [3] NCCL INFO P2P Chunksize set to 131072
[1,1]<stdout>:a2ap-dgx029:1034172:1034172 [1] NCCL INFO P2P Chunksize set to 131072
[1,1]<stdout>:a2ap-dgx029:1034175:1034175 [4] NCCL INFO Trees [0] 13/-1/-1->12->11 [1] 13/-1/-1->12->11 [2] 13/-1/-1->12->11 [3] 13/-1/-1->12->11 [4] 13/-1/-1->12->5 [5] -1/-1/-1->12->11 [6] 13/-1/-1->12->11 [7] 13/-1/-1->12->11 [8] 13/-1/-1->12->11 [9] 13/-1/-1->12->11 [10] 13/-1/-1->12->11 [11] 13/-1/-1->12->11 [12] 13/5/-1->12->-1 [13] -1/-1/-1->12->11 [14] 13/-1/-1->12->11 [15] 13/-1/-1->12->11
[1,1]<stdout>:a2ap-dgx029:1034171:1034171 [0] NCCL INFO P2P Chunksize set to 131072
[1,1]<stdout>:a2ap-dgx029:1034175:1034175 [4] NCCL INFO P2P Chunksize set to 131072
[1,1]<stdout>:a2ap-dgx029:1034178:1037427 [7] NCCL INFO [Proxy Service] Device 7 CPU core 58
[1,1]<stdout>:a2ap-dgx029:1034178:1037433 [7] NCCL INFO [Proxy Service UDS] Device 7 CPU core 171
[1,1]<stdout>:a2ap-dgx029:1034173:1037431 [2] NCCL INFO [Proxy Service] Device 2 CPU core 113
[1,1]<stdout>:a2ap-dgx029:1034177:1037434 [6] NCCL INFO [Proxy Service] Device 6 CPU core 60
[1,1]<stdout>:a2ap-dgx029:1034171:1037435 [0] NCCL INFO [Proxy Service] Device 0 CPU core 16
[1,1]<stdout>:a2ap-dgx029:1034175:1037441 [4] NCCL INFO [Proxy Service UDS] Device 4 CPU core 205
[1,1]<stdout>:a2ap-dgx029:1034177:1037440 [6] NCCL INFO [Proxy Service UDS] Device 6 CPU core 173
[1,1]<stdout>:a2ap-dgx029:1034172:1037429 [1] NCCL INFO [Proxy Service] Device 1 CPU core 5
[1,1]<stdout>:a2ap-dgx029:1034174:1037430 [3] NCCL INFO [Proxy Service] Device 3 CPU core 24
[1,1]<stdout>:a2ap-dgx029:1034175:1037432 [4] NCCL INFO [Proxy Service] Device 4 CPU core 204
[1,1]<stdout>:a2ap-dgx029:1034174:1037437 [3] NCCL INFO [Proxy Service UDS] Device 3 CPU core 25
[1,1]<stdout>:a2ap-dgx029:1034176:1037428 [5] NCCL INFO [Proxy Service] Device 5 CPU core 176
[1,1]<stdout>:a2ap-dgx029:1034172:1037438 [1] NCCL INFO [Proxy Service UDS] Device 1 CPU core 118
[1,1]<stdout>:a2ap-dgx029:1034171:1037442 [0] NCCL INFO [Proxy Service UDS] Device 0 CPU core 17
[1,1]<stdout>:a2ap-dgx029:1034173:1037439 [2] NCCL INFO [Proxy Service UDS] Device 2 CPU core 8
[1,1]<stdout>:a2ap-dgx029:1034176:1037436 [5] NCCL INFO [Proxy Service UDS] Device 5 CPU core 178
[1,1]<stdout>:a2ap-dgx029:1034171:1034171 [0] NCCL INFO Channel 02/0 : 8[0] -> 9[1] via P2P/IPC
[1,1]<stdout>:a2ap-dgx029:1034174:1034174 [3] NCCL INFO Channel 00/0 : 11[3] -> 12[4] via P2P/IPC
[1,1]<stdout>:a2ap-dgx029:1034172:1034172 [1] NCCL INFO Channel 00/0 : 9[1] -> 10[2] via P2P/IPC
[1,1]<stdout>:a2ap-dgx029:1034174:1034174 [3] NCCL INFO Channel 02/0 : 11[3] -> 12[4] via P2P/IPC
[1,1]<stdout>:a2ap-dgx029:1034172:1034172 [1] NCCL INFO Channel 02/0 : 9[1] -> 10[2] via P2P/IPC
[1,1]<stdout>:a2ap-dgx029:1034175:1034175 [4] NCCL INFO Channel 00/0 : 12[4] -> 13[5] via P2P/IPC
[1,1]<stdout>:a2ap-dgx029:1034174:1034174 [3] NCCL INFO Channel 04/0 : 11[3] -> 12[4] via P2P/IPC
[1,1]<stdout>:a2ap-dgx029:1034172:1034172 [1] NCCL INFO Channel 04/0 : 9[1] -> 10[2] via P2P/IPC
[1,1]<stdout>:a2ap-dgx029:1034173:1034173 [2] NCCL INFO Channel 00/0 : 10[2] -> 11[3] via P2P/IPC
[1,1]<stdout>:a2ap-dgx029:1034175:1034175 [4] NCCL INFO Channel 02/0 : 12[4] -> 13[5] via P2P/IPC
[1,1]<stdout>:a2ap-dgx029:1034174:1034174 [3] NCCL INFO Channel 06/0 : 11[3] -> 12[4] via P2P/IPC
[1,1]<stdout>:a2ap-dgx029:1034172:1034172 [1] NCCL INFO Channel 06/0 : 9[1] -> 10[2] via P2P/IPC
[1,1]<stdout>:a2ap-dgx029:1034173:1034173 [2] NCCL INFO Channel 04/0 : 10[2] -> 11[3] via P2P/IPC
[1,1]<stdout>:a2ap-dgx029:1034175:1034175 [4] NCCL INFO Channel 06/0 : 12[4] -> 13[5] via P2P/IPC
[1,1]<stdout>:a2ap-dgx029:1034174:1034174 [3] NCCL INFO Channel 08/0 : 11[3] -> 12[4] via P2P/IPC
[1,1]<stdout>:a2ap-dgx029:1034172:1034172 [1] NCCL INFO Channel 08/0 : 9[1] -> 10[2] via P2P/IPC
[1,1]<stdout>:a2ap-dgx029:1034173:1034173 [2] NCCL INFO Channel 06/0 : 10[2] -> 11[3] via P2P/IPC
[1,1]<stdout>:a2ap-dgx029:1034175:1034175 [4] NCCL INFO Channel 08/0 : 12[4] -> 13[5] via P2P/IPC
[1,1]<stdout>:a2ap-dgx029:1034174:1034174 [3] NCCL INFO Channel 10/0 : 11[3] -> 12[4] via P2P/IPC
[1,1]<stdout>:a2ap-dgx029:1034172:1034172 [1] NCCL INFO Channel 10/0 : 9[1] -> 10[2] via P2P/IPC
[1,1]<stdout>:a2ap-dgx029:1034173:1034173 [2] NCCL INFO Channel 08/0 : 10[2] -> 11[3] via P2P/IPC
[1,1]<stdout>:a2ap-dgx029:1034175:1034175 [4] NCCL INFO Channel 10/0 : 12[4] -> 13[5] via P2P/IPC
[1,1]<stdout>:a2ap-dgx029:1034174:1034174 [3] NCCL INFO Channel 12/0 : 11[3] -> 12[4] via P2P/IPC
[1,1]<stdout>:a2ap-dgx029:1034172:1034172 [1] NCCL INFO Channel 12/0 : 9[1] -> 10[2] via P2P/IPC
[1,1]<stdout>:a2ap-dgx029:1034173:1034173 [2] NCCL INFO Channel 12/0 : 10[2] -> 11[3] via P2P/IPC
[1,1]<stdout>:a2ap-dgx029:1034175:1034175 [4] NCCL INFO Channel 14/0 : 12[4] -> 13[5] via P2P/IPC
[1,1]<stdout>:a2ap-dgx029:1034174:1034174 [3] NCCL INFO Channel 14/0 : 11[3] -> 12[4] via P2P/IPC
[1,1]<stdout>:a2ap-dgx029:1034172:1034172 [1] NCCL INFO Channel 14/0 : 9[1] -> 10[2] via P2P/IPC
[1,1]<stdout>:a2ap-dgx029:1034173:1034173 [2] NCCL INFO Channel 14/0 : 10[2] -> 11[3] via P2P/IPC
[1,1]<stdout>:a2ap-dgx029:1034171:1034171 [0] NCCL INFO Channel 04/0 : 8[0] -> 9[1] via P2P/IPC
[1,1]<stdout>:a2ap-dgx029:1034171:1034171 [0] NCCL INFO Channel 06/0 : 8[0] -> 9[1] via P2P/IPC
[1,1]<stdout>:a2ap-dgx029:1034171:1034171 [0] NCCL INFO Channel 10/0 : 8[0] -> 9[1] via P2P/IPC
[1,1]<stdout>:a2ap-dgx029:1034171:1034171 [0] NCCL INFO Channel 12/0 : 8[0] -> 9[1] via P2P/IPC
[1,1]<stdout>:a2ap-dgx029:1034171:1034171 [0] NCCL INFO Channel 14/0 : 8[0] -> 9[1] via P2P/IPC
[1,1]<stdout>:a2ap-dgx029:1034173:1034173 [2] NCCL INFO Channel 03/0 : 2[2] -> 10[2] [receive] via NET/IB/4/GDRDMA
[1,1]<stdout>:a2ap-dgx029:1034173:1034173 [2] NCCL INFO Channel 11/0 : 2[2] -> 10[2] [receive] via NET/IB/4/GDRDMA
[1,1]<stdout>:a2ap-dgx029:1034173:1037447 [2] NCCL INFO [Proxy Progress] Device 2 CPU core 121
[1,1]<stdout>:a2ap-dgx029:1034173:1034173 [2] NCCL INFO Channel 02/0 : 10[2] -> 2[2] [send] via NET/IB/4/GDRDMA
[1,1]<stdout>:a2ap-dgx029:1034173:1034173 [2] NCCL INFO Channel 10/0 : 10[2] -> 2[2] [send] via NET/IB/4/GDRDMA
[1,1]<stdout>:a2ap-dgx029:1034174:1037448 [3] NCCL INFO [Proxy Progress] Device 3 CPU core 27
[1,1]<stdout>:a2ap-dgx029:1034174:1034174 [3] NCCL INFO Channel 02/0 : 3[3] -> 11[3] [receive] via NET/IB/5/GDRDMA
[1,1]<stdout>:a2ap-dgx029:1034174:1034174 [3] NCCL INFO Channel 10/0 : 3[3] -> 11[3] [receive] via NET/IB/5/GDRDMA
[1,1]<stdout>:a2ap-dgx029:1034174:1034174 [3] NCCL INFO Channel 03/0 : 11[3] -> 3[3] [send] via NET/IB/5/GDRDMA
[1,1]<stdout>:a2ap-dgx029:1034174:1034174 [3] NCCL INFO Channel 11/0 : 11[3] -> 3[3] [send] via NET/IB/5/GDRDMA
[1,1]<stdout>:a2ap-dgx029:1034176:1034176 [5] NCCL INFO Channel 00/0 : 13[5] -> 14[6] via P2P/IPC
[1,1]<stdout>:a2ap-dgx029:1034176:1034176 [5] NCCL INFO Channel 02/0 : 13[5] -> 14[6] via P2P/IPC
[1,1]<stdout>:a2ap-dgx029:1034177:1034177 [6] NCCL INFO Channel 00/0 : 14[6] -> 15[7] via P2P/IPC
[1,1]<stdout>:a2ap-dgx029:1034176:1034176 [5] NCCL INFO Channel 04/0 : 13[5] -> 14[6] via P2P/IPC
[1,1]<stdout>:a2ap-dgx029:1034177:1034177 [6] NCCL INFO Channel 02/0 : 14[6] -> 15[7] via P2P/IPC
[1,1]<stdout>:a2ap-dgx029:1034171:1034171 [0] NCCL INFO Channel 01/0 : 1[0] -> 8[0] [receive] via NET/IB/0/GDRDMA
[1,1]<stdout>:a2ap-dgx029:1034171:1034171 [0] NCCL INFO Channel 09/0 : 1[0] -> 8[0] [receive] via NET/IB/0/GDRDMA
[1,1]<stdout>:a2ap-dgx029:1034171:1034171 [0] NCCL INFO Channel 01/0 : 8[0] -> 15[7] via P2P/IPC
[1,1]<stdout>:a2ap-dgx029:1034171:1037452 [0] NCCL INFO [Proxy Progress] Device 0 CPU core 130
[1,1]<stdout>:a2ap-dgx029:1034172:1037453 [1] NCCL INFO [Proxy Progress] Device 1 CPU core 7
[1,1]<stdout>:a2ap-dgx029:1034172:1034172 [1] NCCL INFO Channel 01/0 : 9[1] -> 0[1] [send] via NET/IB/3/GDRDMA
[1,1]<stdout>:a2ap-dgx029:1034172:1034172 [1] NCCL INFO Channel 09/0 : 9[1] -> 0[1] [send] via NET/IB/3/GDRDMA
[1,1]<stdout>:a2ap-dgx029:1034176:1034176 [5] NCCL INFO Channel 06/0 : 13[5] -> 14[6] via P2P/IPC
[1,1]<stdout>:a2ap-dgx029:1034177:1034177 [6] NCCL INFO Channel 04/0 : 14[6] -> 15[7] via P2P/IPC
[1,1]<stdout>:a2ap-dgx029:1034177:1034177 [6] NCCL INFO Channel 08/0 : 14[6] -> 15[7] via P2P/IPC
[1,1]<stdout>:a2ap-dgx029:1034176:1034176 [5] NCCL INFO Channel 08/0 : 13[5] -> 14[6] via P2P/IPC
[1,1]<stdout>:a2ap-dgx029:1034177:1034177 [6] NCCL INFO Channel 10/0 : 14[6] -> 15[7] via P2P/IPC
[1,1]<stdout>:a2ap-dgx029:1034171:1034171 [0] NCCL INFO Channel 03/0 : 8[0] -> 15[7] via P2P/IPC
[1,1]<stdout>:a2ap-dgx029:1034176:1034176 [5] NCCL INFO Channel 10/0 : 13[5] -> 14[6] via P2P/IPC
[1,1]<stdout>:a2ap-dgx029:1034177:1034177 [6] NCCL INFO Channel 12/0 : 14[6] -> 15[7] via P2P/IPC
[1,1]<stdout>:a2ap-dgx029:1034171:1034171 [0] NCCL INFO Channel 05/0 : 8[0] -> 15[7] via P2P/IPC
[1,1]<stdout>:a2ap-dgx029:1034176:1034176 [5] NCCL INFO Channel 12/0 : 13[5] -> 14[6] via P2P/IPC
[1,1]<stdout>:a2ap-dgx029:1034171:1034171 [0] NCCL INFO Channel 07/0 : 8[0] -> 15[7] via P2P/IPC
[1,1]<stdout>:a2ap-dgx029:1034176:1034176 [5] NCCL INFO Channel 14/0 : 13[5] -> 14[6] via P2P/IPC
[1,1]<stdout>:a2ap-dgx029:1034171:1034171 [0] NCCL INFO Channel 09/0 : 8[0] -> 15[7] via P2P/IPC
[1,1]<stdout>:a2ap-dgx029:1034171:1034171 [0] NCCL INFO Channel 11/0 : 8[0] -> 15[7] via P2P/IPC
[1,1]<stdout>:a2ap-dgx029:1034171:1034171 [0] NCCL INFO Channel 13/0 : 8[0] -> 15[7] via P2P/IPC
[1,1]<stdout>:a2ap-dgx029:1034171:1034171 [0] NCCL INFO Channel 15/0 : 8[0] -> 15[7] via P2P/IPC
[1,1]<stdout>:a2ap-dgx029:1034177:1034177 [6] NCCL INFO Channel 07/0 : 6[6] -> 14[6] [receive] via NET/IB/10/GDRDMA
[1,1]<stdout>:a2ap-dgx029:1034177:1034177 [6] NCCL INFO Channel 15/0 : 6[6] -> 14[6] [receive] via NET/IB/10/GDRDMA
[1,1]<stdout>:a2ap-dgx029:1034177:1037455 [6] NCCL INFO [Proxy Progress] Device 6 CPU core 65
[1,1]<stdout>:a2ap-dgx029:1034177:1034177 [6] NCCL INFO Channel 06/0 : 14[6] -> 6[6] [send] via NET/IB/10/GDRDMA
[1,1]<stdout>:a2ap-dgx029:1034177:1034177 [6] NCCL INFO Channel 14/0 : 14[6] -> 6[6] [send] via NET/IB/10/GDRDMA
[1,1]<stdout>:a2ap-dgx029:1034176:1034176 [5] NCCL INFO Channel 05/0 : 13[5] -> 4[5] [send] via NET/IB/9/GDRDMA
[1,1]<stdout>:a2ap-dgx029:1034176:1037456 [5] NCCL INFO [Proxy Progress] Device 5 CPU core 179
[1,1]<stdout>:a2ap-dgx029:1034176:1034176 [5] NCCL INFO Channel 13/0 : 13[5] -> 4[5] [send] via NET/IB/9/GDRDMA
[1,1]<stdout>:a2ap-dgx029:1034175:1034175 [4] NCCL INFO Channel 05/0 : 5[4] -> 12[4] [receive] via NET/IB/6/GDRDMA
[1,1]<stdout>:a2ap-dgx029:1034175:1037457 [4] NCCL INFO [Proxy Progress] Device 4 CPU core 206
[1,1]<stdout>:a2ap-dgx029:1034176:1034176 [5] NCCL INFO Channel 04/0 : 4[5] -> 13[5] [receive] via NET/IB/9/GDRDMA
[1,1]<stdout>:a2ap-dgx029:1034175:1034175 [4] NCCL INFO Channel 13/0 : 5[4] -> 12[4] [receive] via NET/IB/6/GDRDMA
[1,1]<stdout>:a2ap-dgx029:1034176:1034176 [5] NCCL INFO Channel 12/0 : 4[5] -> 13[5] [receive] via NET/IB/9/GDRDMA
[1,1]<stdout>:a2ap-dgx029:1034175:1034175 [4] NCCL INFO Channel 04/0 : 12[4] -> 5[4] [send] via NET/IB/6/GDRDMA
[1,1]<stdout>:a2ap-dgx029:1034175:1034175 [4] NCCL INFO Channel 12/0 : 12[4] -> 5[4] [send] via NET/IB/6/GDRDMA
[1,1]<stdout>:a2ap-dgx029:1034172:1034172 [1] NCCL INFO Channel 00/0 : 0[1] -> 9[1] [receive] via NET/IB/3/GDRDMA
[1,1]<stdout>:a2ap-dgx029:1034172:1034172 [1] NCCL INFO Channel 08/0 : 0[1] -> 9[1] [receive] via NET/IB/3/GDRDMA
[1,1]<stdout>:a2ap-dgx029:1034175:1034175 [4] NCCL INFO Channel 01/0 : 12[4] -> 11[3] via P2P/IPC
[1,1]<stdout>:a2ap-dgx029:1034178:1037460 [7] NCCL INFO [Proxy Progress] Device 7 CPU core 68
[1,1]<stdout>:a2ap-dgx029:1034178:1034178 [7] NCCL INFO Channel 06/0 : 7[7] -> 15[7] [receive] via NET/IB/11/GDRDMA
[1,1]<stdout>:a2ap-dgx029:1034178:1034178 [7] NCCL INFO Channel 14/0 : 7[7] -> 15[7] [receive] via NET/IB/11/GDRDMA
[1,1]<stdout>:a2ap-dgx029:1034178:1034178 [7] NCCL INFO Channel 07/0 : 15[7] -> 7[7] [send] via NET/IB/11/GDRDMA
[1,1]<stdout>:a2ap-dgx029:1034178:1034178 [7] NCCL INFO Channel 15/0 : 15[7] -> 7[7] [send] via NET/IB/11/GDRDMA
[1,1]<stdout>:a2ap-dgx029:1034178:1034178 [7] NCCL INFO Channel 00/0 : 15[7] -> 8[0] via P2P/IPC
[1,1]<stdout>:a2ap-dgx029:1034178:1034178 [7] NCCL INFO Channel 02/0 : 15[7] -> 8[0] via P2P/IPC
[1,1]<stdout>:a2ap-dgx029:1034173:1034173 [2] NCCL INFO Channel 01/0 : 10[2] -> 9[1] via P2P/IPC
[1,1]<stdout>:a2ap-dgx029:1034174:1034174 [3] NCCL INFO Channel 01/0 : 11[3] -> 10[2] via P2P/IPC
[1,1]<stdout>:a2ap-dgx029:1034178:1034178 [7] NCCL INFO Channel 04/0 : 15[7] -> 8[0] via P2P/IPC
[1,1]<stdout>:a2ap-dgx029:1034173:1034173 [2] NCCL INFO Channel 03/0 : 10[2] -> 9[1] via P2P/IPC
[1,1]<stdout>:a2ap-dgx029:1034174:1034174 [3] NCCL INFO Channel 05/0 : 11[3] -> 10[2] via P2P/IPC
[1,1]<stdout>:a2ap-dgx029:1034178:1034178 [7] NCCL INFO Channel 06/0 : 15[7] -> 8[0] via P2P/IPC
[1,1]<stdout>:a2ap-dgx029:1034173:1034173 [2] NCCL INFO Channel 05/0 : 10[2] -> 9[1] via P2P/IPC
[1,1]<stdout>:a2ap-dgx029:1034176:1034176 [5] NCCL INFO Channel 01/0 : 13[5] -> 12[4] via P2P/IPC
[1,1]<stdout>:a2ap-dgx029:1034174:1034174 [3] NCCL INFO Channel 07/0 : 11[3] -> 10[2] via P2P/IPC
[1,1]<stdout>:a2ap-dgx029:1034178:1034178 [7] NCCL INFO Channel 08/0 : 15[7] -> 8[0] via P2P/IPC
[1,1]<stdout>:a2ap-dgx029:1034173:1034173 [2] NCCL INFO Channel 07/0 : 10[2] -> 9[1] via P2P/IPC
[1,1]<stdout>:a2ap-dgx029:1034176:1034176 [5] NCCL INFO Channel 03/0 : 13[5] -> 12[4] via P2P/IPC
[1,1]<stdout>:a2ap-dgx029:1034172:1034172 [1] NCCL INFO Channel 03/0 : 9[1] -> 8[0] via P2P/IPC
[1,1]<stdout>:a2ap-dgx029:1034174:1034174 [3] NCCL INFO Channel 09/0 : 11[3] -> 10[2] via P2P/IPC
[1,1]<stdout>:a2ap-dgx029:1034178:1034178 [7] NCCL INFO Channel 10/0 : 15[7] -> 8[0] via P2P/IPC
[1,1]<stdout>:a2ap-dgx029:1034173:1034173 [2] NCCL INFO Channel 09/0 : 10[2] -> 9[1] via P2P/IPC
[1,1]<stdout>:a2ap-dgx029:1034176:1034176 [5] NCCL INFO Channel 07/0 : 13[5] -> 12[4] via P2P/IPC
[1,1]<stdout>:a2ap-dgx029:1034172:1034172 [1] NCCL INFO Channel 05/0 : 9[1] -> 8[0] via P2P/IPC
[1,1]<stdout>:a2ap-dgx029:1034177:1034177 [6] NCCL INFO Channel 01/0 : 14[6] -> 13[5] via P2P/IPC
[1,1]<stdout>:a2ap-dgx029:1034174:1034174 [3] NCCL INFO Channel 13/0 : 11[3] -> 10[2] via P2P/IPC
[1,1]<stdout>:a2ap-dgx029:1034171:1034171 [0] NCCL INFO Channel 00/0 : 8[0] -> 1[0] [send] via NET/IB/0/GDRDMA
[1,1]<stdout>:a2ap-dgx029:1034171:1034171 [0] NCCL INFO Channel 08/0 : 8[0] -> 1[0] [send] via NET/IB/0/GDRDMA
[1,1]<stdout>:a2ap-dgx029:1034178:1034178 [7] NCCL INFO Channel 12/0 : 15[7] -> 8[0] via P2P/IPC
[1,1]<stdout>:a2ap-dgx029:1034173:1034173 [2] NCCL INFO Channel 11/0 : 10[2] -> 9[1] via P2P/IPC
[1,1]<stdout>:a2ap-dgx029:1034176:1034176 [5] NCCL INFO Channel 09/0 : 13[5] -> 12[4] via P2P/IPC
[1,1]<stdout>:a2ap-dgx029:1034172:1034172 [1] NCCL INFO Channel 07/0 : 9[1] -> 8[0] via P2P/IPC
[1,1]<stdout>:a2ap-dgx029:1034177:1034177 [6] NCCL INFO Channel 03/0 : 14[6] -> 13[5] via P2P/IPC
[1,1]<stdout>:a2ap-dgx029:1034174:1034174 [3] NCCL INFO Channel 15/0 : 11[3] -> 10[2] via P2P/IPC
[1,1]<stdout>:a2ap-dgx029:1034178:1034178 [7] NCCL INFO Channel 14/0 : 15[7] -> 8[0] via P2P/IPC
[1,1]<stdout>:a2ap-dgx029:1034173:1034173 [2] NCCL INFO Channel 13/0 : 10[2] -> 9[1] via P2P/IPC
[1,1]<stdout>:a2ap-dgx029:1034176:1034176 [5] NCCL INFO Channel 11/0 : 13[5] -> 12[4] via P2P/IPC
[1,1]<stdout>:a2ap-dgx029:1034172:1034172 [1] NCCL INFO Channel 11/0 : 9[1] -> 8[0] via P2P/IPC
[1,1]<stdout>:a2ap-dgx029:1034177:1034177 [6] NCCL INFO Channel 05/0 : 14[6] -> 13[5] via P2P/IPC
[1,1]<stdout>:a2ap-dgx029:1034173:1034173 [2] NCCL INFO Channel 15/0 : 10[2] -> 9[1] via P2P/IPC
[1,1]<stdout>:a2ap-dgx029:1034178:1034178 [7] NCCL INFO Channel 01/0 : 15[7] -> 14[6] via P2P/IPC
[1,1]<stdout>:a2ap-dgx029:1034176:1034176 [5] NCCL INFO Channel 15/0 : 13[5] -> 12[4] via P2P/IPC
[1,1]<stdout>:a2ap-dgx029:1034172:1034172 [1] NCCL INFO Channel 13/0 : 9[1] -> 8[0] via P2P/IPC
[1,1]<stdout>:a2ap-dgx029:1034177:1034177 [6] NCCL INFO Channel 07/0 : 14[6] -> 13[5] via P2P/IPC
[1,1]<stdout>:a2ap-dgx029:1034178:1034178 [7] NCCL INFO Channel 03/0 : 15[7] -> 14[6] via P2P/IPC
[1,1]<stdout>:a2ap-dgx029:1034177:1034177 [6] NCCL INFO Channel 09/0 : 14[6] -> 13[5] via P2P/IPC
[1,1]<stdout>:a2ap-dgx029:1034172:1034172 [1] NCCL INFO Channel 15/0 : 9[1] -> 8[0] via P2P/IPC
[1,1]<stdout>:a2ap-dgx029:1034178:1034178 [7] NCCL INFO Channel 05/0 : 15[7] -> 14[6] via P2P/IPC
[1,1]<stdout>:a2ap-dgx029:1034177:1034177 [6] NCCL INFO Channel 11/0 : 14[6] -> 13[5] via P2P/IPC
[1,1]<stdout>:a2ap-dgx029:1034178:1034178 [7] NCCL INFO Channel 09/0 : 15[7] -> 14[6] via P2P/IPC
[1,1]<stdout>:a2ap-dgx029:1034175:1034175 [4] NCCL INFO Channel 03/0 : 12[4] -> 11[3] via P2P/IPC
[1,1]<stdout>:a2ap-dgx029:1034177:1034177 [6] NCCL INFO Channel 13/0 : 14[6] -> 13[5] via P2P/IPC
[1,1]<stdout>:a2ap-dgx029:1034178:1034178 [7] NCCL INFO Channel 11/0 : 15[7] -> 14[6] via P2P/IPC
[1,1]<stdout>:a2ap-dgx029:1034175:1034175 [4] NCCL INFO Channel 05/0 : 12[4] -> 11[3] via P2P/IPC
[1,1]<stdout>:a2ap-dgx029:1034177:1034177 [6] NCCL INFO Channel 15/0 : 14[6] -> 13[5] via P2P/IPC
[1,1]<stdout>:a2ap-dgx029:1034178:1034178 [7] NCCL INFO Channel 13/0 : 15[7] -> 14[6] via P2P/IPC
[1,1]<stdout>:a2ap-dgx029:1034175:1034175 [4] NCCL INFO Channel 07/0 : 12[4] -> 11[3] via P2P/IPC
[1,1]<stdout>:a2ap-dgx029:1034175:1034175 [4] NCCL INFO Channel 09/0 : 12[4] -> 11[3] via P2P/IPC
[1,1]<stdout>:a2ap-dgx029:1034175:1034175 [4] NCCL INFO Channel 11/0 : 12[4] -> 11[3] via P2P/IPC
[1,1]<stdout>:a2ap-dgx029:1034175:1034175 [4] NCCL INFO Channel 13/0 : 12[4] -> 11[3] via P2P/IPC
[1,1]<stdout>:a2ap-dgx029:1034175:1034175 [4] NCCL INFO Channel 15/0 : 12[4] -> 11[3] via P2P/IPC
[1,1]<stdout>:a2ap-dgx029:1034178:1034178 [7] NCCL INFO Connected all rings, use ring PXN 0 GDR 1
[1,1]<stdout>:a2ap-dgx029:1034171:1034171 [0] NCCL INFO Connected all rings, use ring PXN 0 GDR 1
[1,1]<stdout>:a2ap-dgx029:1034177:1034177 [6] NCCL INFO Connected all rings, use ring PXN 0 GDR 1
[1,1]<stdout>:a2ap-dgx029:1034172:1034172 [1] NCCL INFO Connected all rings, use ring PXN 0 GDR 1
[1,1]<stdout>:a2ap-dgx029:1034176:1034176 [5] NCCL INFO Connected all rings, use ring PXN 0 GDR 1
[1,1]<stdout>:a2ap-dgx029:1034173:1034173 [2] NCCL INFO Connected all rings, use ring PXN 0 GDR 1
[1,1]<stdout>:a2ap-dgx029:1034175:1034175 [4] NCCL INFO Connected all rings, use ring PXN 0 GDR 1
[1,1]<stdout>:a2ap-dgx029:1034174:1034174 [3] NCCL INFO Connected all rings, use ring PXN 0 GDR 1
[1,1]<stdout>:a2ap-dgx029:1034171:1034171 [0] NCCL INFO Channel 00/0 : 8[0] -> 9[1] via P2P/IPC
[1,1]<stdout>:a2ap-dgx029:1034171:1034171 [0] NCCL INFO Channel 03/0 : 8[0] -> 9[1] via P2P/IPC
