[1,0]<stdout>:a2ap-dgx008:3573147:3573147 [4] NCCL INFO Channel 14/0 : 4[5] -> 6[6] via P2P/IPC
[1,0]<stdout>:a2ap-dgx008:3573143:3573143 [0] NCCL INFO Channel 14/0 : 0[1] -> 2[2] via P2P/IPC
[1,0]<stdout>:a2ap-dgx008:3573145:3573145 [2] NCCL INFO Channel 15/0 : 2[2] -> 3[3] via P2P/IPC
[1,0]<stdout>:a2ap-dgx008:3573147:3573147 [4] NCCL INFO Channel 15/0 : 4[5] -> 6[6] via P2P/IPC
[1,0]<stdout>:a2ap-dgx008:3573143:3573143 [0] NCCL INFO Channel 15/0 : 0[1] -> 2[2] via P2P/IPC
[1,0]<stdout>:a2ap-dgx008:3573145:3573145 [2] NCCL INFO Channel 16/0 : 2[2] -> 3[3] via P2P/IPC
[1,0]<stdout>:a2ap-dgx008:3573147:3573147 [4] NCCL INFO Channel 16/0 : 4[5] -> 6[6] via P2P/IPC
[1,0]<stdout>:a2ap-dgx008:3573143:3573143 [0] NCCL INFO Channel 16/0 : 0[1] -> 2[2] via P2P/IPC
[1,0]<stdout>:a2ap-dgx008:3573145:3573145 [2] NCCL INFO Channel 17/0 : 2[2] -> 3[3] via P2P/IPC
[1,0]<stdout>:a2ap-dgx008:3573147:3573147 [4] NCCL INFO Channel 17/0 : 4[5] -> 6[6] via P2P/IPC
[1,0]<stdout>:a2ap-dgx008:3573143:3573143 [0] NCCL INFO Channel 17/0 : 0[1] -> 2[2] via P2P/IPC
[1,0]<stdout>:a2ap-dgx008:3573145:3573145 [2] NCCL INFO Channel 18/0 : 2[2] -> 3[3] via P2P/IPC
[1,0]<stdout>:a2ap-dgx008:3573143:3573143 [0] NCCL INFO Channel 18/0 : 0[1] -> 2[2] via P2P/IPC
[1,0]<stdout>:a2ap-dgx008:3573149:3573149 [6] NCCL INFO Channel 01/0 : 6[6] -> 7[7] via P2P/IPC
[1,0]<stdout>:a2ap-dgx008:3573145:3573145 [2] NCCL INFO Channel 19/0 : 2[2] -> 3[3] via P2P/IPC
[1,0]<stdout>:a2ap-dgx008:3573143:3573143 [0] NCCL INFO Channel 19/0 : 0[1] -> 2[2] via P2P/IPC
[1,0]<stdout>:a2ap-dgx008:3573149:3573149 [6] NCCL INFO Channel 02/0 : 6[6] -> 7[7] via P2P/IPC
[1,0]<stdout>:a2ap-dgx008:3573145:3573145 [2] NCCL INFO Channel 20/0 : 2[2] -> 3[3] via P2P/IPC
[1,0]<stdout>:a2ap-dgx008:3573143:3573143 [0] NCCL INFO Channel 20/0 : 0[1] -> 2[2] via P2P/IPC
[1,0]<stdout>:a2ap-dgx008:3573149:3573149 [6] NCCL INFO Channel 03/0 : 6[6] -> 7[7] via P2P/IPC
[1,0]<stdout>:a2ap-dgx008:3573145:3573145 [2] NCCL INFO Channel 21/0 : 2[2] -> 3[3] via P2P/IPC
[1,0]<stdout>:a2ap-dgx008:3573143:3573143 [0] NCCL INFO Channel 21/0 : 0[1] -> 2[2] via P2P/IPC
[1,0]<stdout>:a2ap-dgx008:3573149:3573149 [6] NCCL INFO Channel 04/0 : 6[6] -> 7[7] via P2P/IPC
[1,0]<stdout>:a2ap-dgx008:3573145:3573145 [2] NCCL INFO Channel 22/0 : 2[2] -> 3[3] via P2P/IPC
[1,0]<stdout>:a2ap-dgx008:3573143:3573143 [0] NCCL INFO Channel 22/0 : 0[1] -> 2[2] via P2P/IPC
[1,0]<stdout>:a2ap-dgx008:3573149:3573149 [6] NCCL INFO Channel 05/0 : 6[6] -> 7[7] via P2P/IPC
[1,0]<stdout>:a2ap-dgx008:3573145:3573145 [2] NCCL INFO Channel 23/0 : 2[2] -> 3[3] via P2P/IPC
[1,0]<stdout>:a2ap-dgx008:3573143:3573143 [0] NCCL INFO Channel 23/0 : 0[1] -> 2[2] via P2P/IPC
[1,0]<stdout>:a2ap-dgx008:3573149:3573149 [6] NCCL INFO Channel 06/0 : 6[6] -> 7[7] via P2P/IPC
[1,0]<stdout>:a2ap-dgx008:3573149:3573149 [6] NCCL INFO Channel 07/0 : 6[6] -> 7[7] via P2P/IPC
[1,0]<stdout>:a2ap-dgx008:3573149:3573149 [6] NCCL INFO Channel 08/0 : 6[6] -> 7[7] via P2P/IPC
[1,0]<stdout>:a2ap-dgx008:3573147:3573147 [4] NCCL INFO Channel 18/0 : 4[5] -> 6[6] via P2P/IPC
[1,0]<stdout>:a2ap-dgx008:3573149:3573149 [6] NCCL INFO Channel 09/0 : 6[6] -> 7[7] via P2P/IPC
[1,0]<stdout>:a2ap-dgx008:3573147:3573147 [4] NCCL INFO Channel 19/0 : 4[5] -> 6[6] via P2P/IPC
[1,0]<stdout>:a2ap-dgx008:3573149:3573149 [6] NCCL INFO Channel 10/0 : 6[6] -> 7[7] via P2P/IPC
[1,0]<stdout>:a2ap-dgx008:3573147:3573147 [4] NCCL INFO Channel 20/0 : 4[5] -> 6[6] via P2P/IPC
[1,0]<stdout>:a2ap-dgx008:3573149:3573149 [6] NCCL INFO Channel 11/0 : 6[6] -> 7[7] via P2P/IPC
[1,0]<stdout>:a2ap-dgx008:3573147:3573147 [4] NCCL INFO Channel 21/0 : 4[5] -> 6[6] via P2P/IPC
[1,0]<stdout>:a2ap-dgx008:3573149:3573149 [6] NCCL INFO Channel 12/0 : 6[6] -> 7[7] via P2P/IPC
[1,0]<stdout>:a2ap-dgx008:3573147:3573147 [4] NCCL INFO Channel 22/0 : 4[5] -> 6[6] via P2P/IPC
[1,0]<stdout>:a2ap-dgx008:3573149:3573149 [6] NCCL INFO Channel 13/0 : 6[6] -> 7[7] via P2P/IPC
[1,0]<stdout>:a2ap-dgx008:3573147:3573147 [4] NCCL INFO Channel 23/0 : 4[5] -> 6[6] via P2P/IPC
[1,0]<stdout>:a2ap-dgx008:3573149:3573149 [6] NCCL INFO Channel 14/0 : 6[6] -> 7[7] via P2P/IPC
[1,0]<stdout>:a2ap-dgx008:3573146:3573146 [3] NCCL INFO Channel 00/0 : 3[3] -> 5[4] via P2P/IPC
[1,0]<stdout>:a2ap-dgx008:3573149:3573149 [6] NCCL INFO Channel 15/0 : 6[6] -> 7[7] via P2P/IPC
[1,0]<stdout>:a2ap-dgx008:3573146:3573146 [3] NCCL INFO Channel 01/0 : 3[3] -> 5[4] via P2P/IPC
[1,0]<stdout>:a2ap-dgx008:3573146:3573146 [3] NCCL INFO Channel 02/0 : 3[3] -> 5[4] via P2P/IPC
[1,0]<stdout>:a2ap-dgx008:3573149:3573149 [6] NCCL INFO Channel 16/0 : 6[6] -> 7[7] via P2P/IPC
[1,0]<stdout>:a2ap-dgx008:3573149:3573149 [6] NCCL INFO Channel 17/0 : 6[6] -> 7[7] via P2P/IPC
[1,0]<stdout>:a2ap-dgx008:3573146:3573146 [3] NCCL INFO Channel 03/0 : 3[3] -> 5[4] via P2P/IPC
[1,0]<stdout>:a2ap-dgx008:3573149:3573149 [6] NCCL INFO Channel 18/0 : 6[6] -> 7[7] via P2P/IPC
[1,0]<stdout>:a2ap-dgx008:3573146:3573146 [3] NCCL INFO Channel 04/0 : 3[3] -> 5[4] via P2P/IPC
[1,0]<stdout>:a2ap-dgx008:3573149:3573149 [6] NCCL INFO Channel 19/0 : 6[6] -> 7[7] via P2P/IPC
[1,0]<stdout>:a2ap-dgx008:3573146:3573146 [3] NCCL INFO Channel 05/0 : 3[3] -> 5[4] via P2P/IPC
[1,0]<stdout>:a2ap-dgx008:3573149:3573149 [6] NCCL INFO Channel 20/0 : 6[6] -> 7[7] via P2P/IPC
[1,0]<stdout>:a2ap-dgx008:3573146:3573146 [3] NCCL INFO Channel 06/0 : 3[3] -> 5[4] via P2P/IPC
[1,0]<stdout>:a2ap-dgx008:3573149:3573149 [6] NCCL INFO Channel 21/0 : 6[6] -> 7[7] via P2P/IPC
[1,0]<stdout>:a2ap-dgx008:3573146:3573146 [3] NCCL INFO Channel 07/0 : 3[3] -> 5[4] via P2P/IPC
[1,0]<stdout>:a2ap-dgx008:3573149:3573149 [6] NCCL INFO Channel 22/0 : 6[6] -> 7[7] via P2P/IPC
[1,0]<stdout>:a2ap-dgx008:3573146:3573146 [3] NCCL INFO Channel 08/0 : 3[3] -> 5[4] via P2P/IPC
[1,0]<stdout>:a2ap-dgx008:3573149:3573149 [6] NCCL INFO Channel 23/0 : 6[6] -> 7[7] via P2P/IPC
[1,0]<stdout>:a2ap-dgx008:3573146:3573146 [3] NCCL INFO Channel 09/0 : 3[3] -> 5[4] via P2P/IPC
[1,0]<stdout>:a2ap-dgx008:3573174:3573174 [7] NCCL INFO Channel 00/0 : 7[7] -> 1[0] via P2P/IPC
[1,0]<stdout>:a2ap-dgx008:3573146:3573146 [3] NCCL INFO Channel 10/0 : 3[3] -> 5[4] via P2P/IPC
[1,0]<stdout>:a2ap-dgx008:3573174:3573174 [7] NCCL INFO Channel 01/0 : 7[7] -> 1[0] via P2P/IPC
[1,0]<stdout>:a2ap-dgx008:3573146:3573146 [3] NCCL INFO Channel 11/0 : 3[3] -> 5[4] via P2P/IPC
[1,0]<stdout>:a2ap-dgx008:3573174:3573174 [7] NCCL INFO Channel 02/0 : 7[7] -> 1[0] via P2P/IPC
[1,0]<stdout>:a2ap-dgx008:3573174:3573174 [7] NCCL INFO Channel 03/0 : 7[7] -> 1[0] via P2P/IPC
[1,0]<stdout>:a2ap-dgx008:3573146:3573146 [3] NCCL INFO Channel 12/0 : 3[3] -> 5[4] via P2P/IPC
[1,0]<stdout>:a2ap-dgx008:3573174:3573174 [7] NCCL INFO Channel 04/0 : 7[7] -> 1[0] via P2P/IPC
[1,0]<stdout>:a2ap-dgx008:3573174:3573174 [7] NCCL INFO Channel 05/0 : 7[7] -> 1[0] via P2P/IPC
[1,0]<stdout>:a2ap-dgx008:3573174:3573174 [7] NCCL INFO Channel 06/0 : 7[7] -> 1[0] via P2P/IPC
[1,0]<stdout>:a2ap-dgx008:3573174:3573174 [7] NCCL INFO Channel 07/0 : 7[7] -> 1[0] via P2P/IPC
[1,0]<stdout>:a2ap-dgx008:3573146:3573146 [3] NCCL INFO Channel 13/0 : 3[3] -> 5[4] via P2P/IPC
[1,0]<stdout>:a2ap-dgx008:3573174:3573174 [7] NCCL INFO Channel 08/0 : 7[7] -> 1[0] via P2P/IPC
[1,0]<stdout>:a2ap-dgx008:3573174:3573174 [7] NCCL INFO Channel 09/0 : 7[7] -> 1[0] via P2P/IPC
[1,0]<stdout>:a2ap-dgx008:3573146:3573146 [3] NCCL INFO Channel 14/0 : 3[3] -> 5[4] via P2P/IPC
[1,0]<stdout>:a2ap-dgx008:3573174:3573174 [7] NCCL INFO Channel 10/0 : 7[7] -> 1[0] via P2P/IPC
[1,0]<stdout>:a2ap-dgx008:3573146:3573146 [3] NCCL INFO Channel 15/0 : 3[3] -> 5[4] via P2P/IPC
[1,0]<stdout>:a2ap-dgx008:3573146:3573146 [3] NCCL INFO Channel 16/0 : 3[3] -> 5[4] via P2P/IPC
[1,0]<stdout>:a2ap-dgx008:3573174:3573174 [7] NCCL INFO Channel 11/0 : 7[7] -> 1[0] via P2P/IPC
[1,0]<stdout>:a2ap-dgx008:3573146:3573146 [3] NCCL INFO Channel 17/0 : 3[3] -> 5[4] via P2P/IPC
[1,0]<stdout>:a2ap-dgx008:3573174:3573174 [7] NCCL INFO Channel 12/0 : 7[7] -> 1[0] via P2P/IPC
[1,0]<stdout>:a2ap-dgx008:3573146:3573146 [3] NCCL INFO Channel 18/0 : 3[3] -> 5[4] via P2P/IPC
[1,0]<stdout>:a2ap-dgx008:3573174:3573174 [7] NCCL INFO Channel 13/0 : 7[7] -> 1[0] via P2P/IPC
[1,0]<stdout>:a2ap-dgx008:3573146:3573146 [3] NCCL INFO Channel 19/0 : 3[3] -> 5[4] via P2P/IPC
[1,0]<stdout>:a2ap-dgx008:3573174:3573174 [7] NCCL INFO Channel 14/0 : 7[7] -> 1[0] via P2P/IPC
[1,0]<stdout>:a2ap-dgx008:3573146:3573146 [3] NCCL INFO Channel 20/0 : 3[3] -> 5[4] via P2P/IPC
[1,0]<stdout>:a2ap-dgx008:3573146:3573146 [3] NCCL INFO Channel 21/0 : 3[3] -> 5[4] via P2P/IPC
[1,0]<stdout>:a2ap-dgx008:3573146:3573146 [3] NCCL INFO Channel 22/0 : 3[3] -> 5[4] via P2P/IPC
[1,0]<stdout>:a2ap-dgx008:3573146:3573146 [3] NCCL INFO Channel 23/0 : 3[3] -> 5[4] via P2P/IPC
[1,0]<stdout>:a2ap-dgx008:3573148:3573148 [5] NCCL INFO Channel 00/0 : 5[4] -> 4[5] via P2P/IPC
[1,0]<stdout>:a2ap-dgx008:3573148:3573148 [5] NCCL INFO Channel 01/0 : 5[4] -> 4[5] via P2P/IPC
[1,0]<stdout>:a2ap-dgx008:3573148:3573148 [5] NCCL INFO Channel 02/0 : 5[4] -> 4[5] via P2P/IPC
[1,0]<stdout>:a2ap-dgx008:3573148:3573148 [5] NCCL INFO Channel 03/0 : 5[4] -> 4[5] via P2P/IPC
[1,0]<stdout>:a2ap-dgx008:3573148:3573148 [5] NCCL INFO Channel 04/0 : 5[4] -> 4[5] via P2P/IPC
[1,0]<stdout>:a2ap-dgx008:3573174:3573174 [7] NCCL INFO Channel 15/0 : 7[7] -> 1[0] via P2P/IPC
[1,0]<stdout>:a2ap-dgx008:3573174:3573174 [7] NCCL INFO Channel 16/0 : 7[7] -> 1[0] via P2P/IPC
[1,0]<stdout>:a2ap-dgx008:3573148:3573148 [5] NCCL INFO Channel 05/0 : 5[4] -> 4[5] via P2P/IPC
[1,0]<stdout>:a2ap-dgx008:3573174:3573174 [7] NCCL INFO Channel 17/0 : 7[7] -> 1[0] via P2P/IPC
[1,0]<stdout>:a2ap-dgx008:3573148:3573148 [5] NCCL INFO Channel 06/0 : 5[4] -> 4[5] via P2P/IPC
[1,0]<stdout>:a2ap-dgx008:3573174:3573174 [7] NCCL INFO Channel 18/0 : 7[7] -> 1[0] via P2P/IPC
[1,0]<stdout>:a2ap-dgx008:3573148:3573148 [5] NCCL INFO Channel 07/0 : 5[4] -> 4[5] via P2P/IPC
[1,0]<stdout>:a2ap-dgx008:3573148:3573148 [5] NCCL INFO Channel 08/0 : 5[4] -> 4[5] via P2P/IPC
[1,0]<stdout>:a2ap-dgx008:3573148:3573148 [5] NCCL INFO Channel 09/0 : 5[4] -> 4[5] via P2P/IPC
[1,0]<stdout>:a2ap-dgx008:3573148:3573148 [5] NCCL INFO Channel 10/0 : 5[4] -> 4[5] via P2P/IPC
[1,0]<stdout>:a2ap-dgx008:3573148:3573148 [5] NCCL INFO Channel 11/0 : 5[4] -> 4[5] via P2P/IPC
[1,0]<stdout>:a2ap-dgx008:3573148:3573148 [5] NCCL INFO Channel 12/0 : 5[4] -> 4[5] via P2P/IPC
[1,0]<stdout>:a2ap-dgx008:3573174:3573174 [7] NCCL INFO Channel 19/0 : 7[7] -> 1[0] via P2P/IPC
[1,0]<stdout>:a2ap-dgx008:3573148:3573148 [5] NCCL INFO Channel 13/0 : 5[4] -> 4[5] via P2P/IPC
[1,0]<stdout>:a2ap-dgx008:3573174:3573174 [7] NCCL INFO Channel 20/0 : 7[7] -> 1[0] via P2P/IPC
[1,0]<stdout>:a2ap-dgx008:3573148:3573148 [5] NCCL INFO Channel 14/0 : 5[4] -> 4[5] via P2P/IPC
[1,0]<stdout>:a2ap-dgx008:3573174:3573174 [7] NCCL INFO Channel 21/0 : 7[7] -> 1[0] via P2P/IPC
[1,0]<stdout>:a2ap-dgx008:3573148:3573148 [5] NCCL INFO Channel 15/0 : 5[4] -> 4[5] via P2P/IPC
[1,0]<stdout>:a2ap-dgx008:3573174:3573174 [7] NCCL INFO Channel 22/0 : 7[7] -> 1[0] via P2P/IPC
[1,0]<stdout>:a2ap-dgx008:3573148:3573148 [5] NCCL INFO Channel 16/0 : 5[4] -> 4[5] via P2P/IPC
[1,0]<stdout>:a2ap-dgx008:3573174:3573174 [7] NCCL INFO Channel 23/0 : 7[7] -> 1[0] via P2P/IPC
[1,0]<stdout>:a2ap-dgx008:3573148:3573148 [5] NCCL INFO Channel 17/0 : 5[4] -> 4[5] via P2P/IPC
[1,0]<stdout>:a2ap-dgx008:3573148:3573148 [5] NCCL INFO Channel 18/0 : 5[4] -> 4[5] via P2P/IPC
[1,0]<stdout>:a2ap-dgx008:3573144:3573144 [1] NCCL INFO Channel 00/0 : 1[0] -> 0[1] via P2P/IPC
[1,0]<stdout>:a2ap-dgx008:3573148:3573148 [5] NCCL INFO Channel 19/0 : 5[4] -> 4[5] via P2P/IPC
[1,0]<stdout>:a2ap-dgx008:3573148:3573148 [5] NCCL INFO Channel 20/0 : 5[4] -> 4[5] via P2P/IPC
[1,0]<stdout>:a2ap-dgx008:3573148:3573148 [5] NCCL INFO Channel 21/0 : 5[4] -> 4[5] via P2P/IPC
[1,0]<stdout>:a2ap-dgx008:3573148:3573148 [5] NCCL INFO Channel 22/0 : 5[4] -> 4[5] via P2P/IPC
[1,0]<stdout>:a2ap-dgx008:3573148:3573148 [5] NCCL INFO Channel 23/0 : 5[4] -> 4[5] via P2P/IPC
[1,0]<stdout>:a2ap-dgx008:3573144:3573144 [1] NCCL INFO Channel 01/0 : 1[0] -> 0[1] via P2P/IPC
[1,0]<stdout>:a2ap-dgx008:3573144:3573144 [1] NCCL INFO Channel 02/0 : 1[0] -> 0[1] via P2P/IPC
[1,0]<stdout>:a2ap-dgx008:3573144:3573144 [1] NCCL INFO Channel 03/0 : 1[0] -> 0[1] via P2P/IPC
[1,0]<stdout>:a2ap-dgx008:3573144:3573144 [1] NCCL INFO Channel 04/0 : 1[0] -> 0[1] via P2P/IPC
[1,0]<stdout>:a2ap-dgx008:3573144:3573144 [1] NCCL INFO Channel 05/0 : 1[0] -> 0[1] via P2P/IPC
[1,0]<stdout>:a2ap-dgx008:3573144:3573144 [1] NCCL INFO Channel 06/0 : 1[0] -> 0[1] via P2P/IPC
[1,0]<stdout>:a2ap-dgx008:3573144:3573144 [1] NCCL INFO Channel 07/0 : 1[0] -> 0[1] via P2P/IPC
[1,0]<stdout>:a2ap-dgx008:3573144:3573144 [1] NCCL INFO Channel 08/0 : 1[0] -> 0[1] via P2P/IPC
[1,0]<stdout>:a2ap-dgx008:3573144:3573144 [1] NCCL INFO Channel 09/0 : 1[0] -> 0[1] via P2P/IPC
[1,0]<stdout>:a2ap-dgx008:3573144:3573144 [1] NCCL INFO Channel 10/0 : 1[0] -> 0[1] via P2P/IPC
[1,0]<stdout>:a2ap-dgx008:3573144:3573144 [1] NCCL INFO Channel 11/0 : 1[0] -> 0[1] via P2P/IPC
[1,0]<stdout>:a2ap-dgx008:3573144:3573144 [1] NCCL INFO Channel 12/0 : 1[0] -> 0[1] via P2P/IPC
[1,0]<stdout>:a2ap-dgx008:3573144:3573144 [1] NCCL INFO Channel 13/0 : 1[0] -> 0[1] via P2P/IPC
[1,0]<stdout>:a2ap-dgx008:3573144:3573144 [1] NCCL INFO Channel 14/0 : 1[0] -> 0[1] via P2P/IPC
[1,0]<stdout>:a2ap-dgx008:3573144:3573144 [1] NCCL INFO Channel 15/0 : 1[0] -> 0[1] via P2P/IPC
[1,0]<stdout>:a2ap-dgx008:3573144:3573144 [1] NCCL INFO Channel 16/0 : 1[0] -> 0[1] via P2P/IPC
[1,0]<stdout>:a2ap-dgx008:3573144:3573144 [1] NCCL INFO Channel 17/0 : 1[0] -> 0[1] via P2P/IPC
[1,0]<stdout>:a2ap-dgx008:3573144:3573144 [1] NCCL INFO Channel 18/0 : 1[0] -> 0[1] via P2P/IPC
[1,0]<stdout>:a2ap-dgx008:3573144:3573144 [1] NCCL INFO Channel 19/0 : 1[0] -> 0[1] via P2P/IPC
[1,0]<stdout>:a2ap-dgx008:3573144:3573144 [1] NCCL INFO Channel 20/0 : 1[0] -> 0[1] via P2P/IPC
[1,0]<stdout>:a2ap-dgx008:3573144:3573144 [1] NCCL INFO Channel 21/0 : 1[0] -> 0[1] via P2P/IPC
[1,0]<stdout>:a2ap-dgx008:3573144:3573144 [1] NCCL INFO Channel 22/0 : 1[0] -> 0[1] via P2P/IPC
[1,0]<stdout>:a2ap-dgx008:3573144:3573144 [1] NCCL INFO Channel 23/0 : 1[0] -> 0[1] via P2P/IPC
[1,0]<stdout>:a2ap-dgx008:3573145:3573145 [2] NCCL INFO Connected all rings, use ring PXN 0 GDR 1
[1,0]<stdout>:a2ap-dgx008:3573144:3573144 [1] NCCL INFO Connected all rings, use ring PXN 0 GDR 1
[1,0]<stdout>:a2ap-dgx008:3573143:3573143 [0] NCCL INFO Connected all rings, use ring PXN 0 GDR 1
[1,0]<stdout>:a2ap-dgx008:3573174:3573174 [7] NCCL INFO Connected all rings, use ring PXN 0 GDR 1
[1,0]<stdout>:a2ap-dgx008:3573149:3573149 [6] NCCL INFO Connected all rings, use ring PXN 0 GDR 1
[1,0]<stdout>:a2ap-dgx008:3573148:3573148 [5] NCCL INFO Connected all rings, use ring PXN 0 GDR 1
[1,0]<stdout>:a2ap-dgx008:3573146:3573146 [3] NCCL INFO Connected all rings, use ring PXN 0 GDR 1
[1,0]<stdout>:a2ap-dgx008:3573143:3573143 [0] NCCL INFO Channel 00/0 : 0[1] -> 1[0] via P2P/IPC
[1,0]<stdout>:a2ap-dgx008:3573145:3573145 [2] NCCL INFO Channel 00/0 : 2[2] -> 0[1] via P2P/IPC
[1,0]<stdout>:a2ap-dgx008:3573147:3573147 [4] NCCL INFO Connected all rings, use ring PXN 0 GDR 1
[1,0]<stdout>:a2ap-dgx008:3573149:3573149 [6] NCCL INFO Channel 00/0 : 6[6] -> 4[5] via P2P/IPC
[1,0]<stdout>:a2ap-dgx008:3573174:3573174 [7] NCCL INFO Channel 00/0 : 7[7] -> 6[6] via P2P/IPC
[1,0]<stdout>:a2ap-dgx008:3573147:3573147 [4] NCCL INFO Channel 00/0 : 4[5] -> 5[4] via P2P/IPC
[1,0]<stdout>:a2ap-dgx008:3573143:3573143 [0] NCCL INFO Channel 01/0 : 0[1] -> 1[0] via P2P/IPC
[1,0]<stdout>:a2ap-dgx008:3573149:3573149 [6] NCCL INFO Channel 01/0 : 6[6] -> 4[5] via P2P/IPC
[1,0]<stdout>:a2ap-dgx008:3573143:3573143 [0] NCCL INFO Channel 02/0 : 0[1] -> 1[0] via P2P/IPC
[1,0]<stdout>:a2ap-dgx008:3573149:3573149 [6] NCCL INFO Channel 02/0 : 6[6] -> 4[5] via P2P/IPC
[1,0]<stdout>:a2ap-dgx008:3573147:3573147 [4] NCCL INFO Channel 01/0 : 4[5] -> 5[4] via P2P/IPC
[1,0]<stdout>:a2ap-dgx008:3573145:3573145 [2] NCCL INFO Channel 01/0 : 2[2] -> 0[1] via P2P/IPC
[1,0]<stdout>:a2ap-dgx008:3573149:3573149 [6] NCCL INFO Channel 03/0 : 6[6] -> 4[5] via P2P/IPC
[1,0]<stdout>:a2ap-dgx008:3573143:3573143 [0] NCCL INFO Channel 03/0 : 0[1] -> 1[0] via P2P/IPC
[1,0]<stdout>:a2ap-dgx008:3573147:3573147 [4] NCCL INFO Channel 02/0 : 4[5] -> 5[4] via P2P/IPC
[1,0]<stdout>:a2ap-dgx008:3573145:3573145 [2] NCCL INFO Channel 02/0 : 2[2] -> 0[1] via P2P/IPC
[1,0]<stdout>:a2ap-dgx008:3573149:3573149 [6] NCCL INFO Channel 04/0 : 6[6] -> 4[5] via P2P/IPC
[1,0]<stdout>:a2ap-dgx008:3573143:3573143 [0] NCCL INFO Channel 04/0 : 0[1] -> 1[0] via P2P/IPC
[1,0]<stdout>:a2ap-dgx008:3573147:3573147 [4] NCCL INFO Channel 03/0 : 4[5] -> 5[4] via P2P/IPC
[1,0]<stdout>:a2ap-dgx008:3573174:3573174 [7] NCCL INFO Channel 01/0 : 7[7] -> 6[6] via P2P/IPC
[1,0]<stdout>:a2ap-dgx008:3573143:3573143 [0] NCCL INFO Channel 05/0 : 0[1] -> 1[0] via P2P/IPC
[1,0]<stdout>:a2ap-dgx008:3573147:3573147 [4] NCCL INFO Channel 04/0 : 4[5] -> 5[4] via P2P/IPC
[1,0]<stdout>:a2ap-dgx008:3573143:3573143 [0] NCCL INFO Channel 06/0 : 0[1] -> 1[0] via P2P/IPC
[1,0]<stdout>:a2ap-dgx008:3573149:3573149 [6] NCCL INFO Channel 05/0 : 6[6] -> 4[5] via P2P/IPC
[1,0]<stdout>:a2ap-dgx008:3573147:3573147 [4] NCCL INFO Channel 05/0 : 4[5] -> 5[4] via P2P/IPC
[1,0]<stdout>:a2ap-dgx008:3573143:3573143 [0] NCCL INFO Channel 07/0 : 0[1] -> 1[0] via P2P/IPC
[1,0]<stdout>:a2ap-dgx008:3573149:3573149 [6] NCCL INFO Channel 06/0 : 6[6] -> 4[5] via P2P/IPC
[1,0]<stdout>:a2ap-dgx008:3573147:3573147 [4] NCCL INFO Channel 06/0 : 4[5] -> 5[4] via P2P/IPC
[1,0]<stdout>:a2ap-dgx008:3573143:3573143 [0] NCCL INFO Channel 08/0 : 0[1] -> 1[0] via P2P/IPC
[1,0]<stdout>:a2ap-dgx008:3573149:3573149 [6] NCCL INFO Channel 07/0 : 6[6] -> 4[5] via P2P/IPC
[1,0]<stdout>:a2ap-dgx008:3573147:3573147 [4] NCCL INFO Channel 07/0 : 4[5] -> 5[4] via P2P/IPC
[1,0]<stdout>:a2ap-dgx008:3573145:3573145 [2] NCCL INFO Channel 03/0 : 2[2] -> 0[1] via P2P/IPC
[1,0]<stdout>:a2ap-dgx008:3573174:3573174 [7] NCCL INFO Channel 02/0 : 7[7] -> 6[6] via P2P/IPC
[1,0]<stdout>:a2ap-dgx008:3573145:3573145 [2] NCCL INFO Channel 04/0 : 2[2] -> 0[1] via P2P/IPC
[1,0]<stdout>:a2ap-dgx008:3573174:3573174 [7] NCCL INFO Channel 03/0 : 7[7] -> 6[6] via P2P/IPC
[1,0]<stdout>:a2ap-dgx008:3573143:3573143 [0] NCCL INFO Channel 09/0 : 0[1] -> 1[0] via P2P/IPC
[1,0]<stdout>:a2ap-dgx008:3573147:3573147 [4] NCCL INFO Channel 08/0 : 4[5] -> 5[4] via P2P/IPC
[1,0]<stdout>:a2ap-dgx008:3573145:3573145 [2] NCCL INFO Channel 05/0 : 2[2] -> 0[1] via P2P/IPC
[1,0]<stdout>:a2ap-dgx008:3573174:3573174 [7] NCCL INFO Channel 04/0 : 7[7] -> 6[6] via P2P/IPC
[1,0]<stdout>:a2ap-dgx008:3573147:3573147 [4] NCCL INFO Channel 09/0 : 4[5] -> 5[4] via P2P/IPC
[1,0]<stdout>:a2ap-dgx008:3573145:3573145 [2] NCCL INFO Channel 06/0 : 2[2] -> 0[1] via P2P/IPC
[1,0]<stdout>:a2ap-dgx008:3573174:3573174 [7] NCCL INFO Channel 05/0 : 7[7] -> 6[6] via P2P/IPC
[1,0]<stdout>:a2ap-dgx008:3573149:3573149 [6] NCCL INFO Channel 08/0 : 6[6] -> 4[5] via P2P/IPC
[1,0]<stdout>:a2ap-dgx008:3573147:3573147 [4] NCCL INFO Channel 10/0 : 4[5] -> 5[4] via P2P/IPC
[1,0]<stdout>:a2ap-dgx008:3573145:3573145 [2] NCCL INFO Channel 07/0 : 2[2] -> 0[1] via P2P/IPC
[1,0]<stdout>:a2ap-dgx008:3573174:3573174 [7] NCCL INFO Channel 06/0 : 7[7] -> 6[6] via P2P/IPC
[1,0]<stdout>:a2ap-dgx008:3573149:3573149 [6] NCCL INFO Channel 09/0 : 6[6] -> 4[5] via P2P/IPC
[1,0]<stdout>:a2ap-dgx008:3573147:3573147 [4] NCCL INFO Channel 11/0 : 4[5] -> 5[4] via P2P/IPC
[1,0]<stdout>:a2ap-dgx008:3573145:3573145 [2] NCCL INFO Channel 08/0 : 2[2] -> 0[1] via P2P/IPC
[1,0]<stdout>:a2ap-dgx008:3573149:3573149 [6] NCCL INFO Channel 10/0 : 6[6] -> 4[5] via P2P/IPC
[1,0]<stdout>:a2ap-dgx008:3573174:3573174 [7] NCCL INFO Channel 07/0 : 7[7] -> 6[6] via P2P/IPC
[1,0]<stdout>:a2ap-dgx008:3573147:3573147 [4] NCCL INFO Channel 12/0 : 4[5] -> 5[4] via P2P/IPC
[1,0]<stdout>:a2ap-dgx008:3573145:3573145 [2] NCCL INFO Channel 09/0 : 2[2] -> 0[1] via P2P/IPC
[1,0]<stdout>:a2ap-dgx008:3573149:3573149 [6] NCCL INFO Channel 11/0 : 6[6] -> 4[5] via P2P/IPC
[1,0]<stdout>:a2ap-dgx008:3573174:3573174 [7] NCCL INFO Channel 08/0 : 7[7] -> 6[6] via P2P/IPC
[1,0]<stdout>:a2ap-dgx008:3573147:3573147 [4] NCCL INFO Channel 13/0 : 4[5] -> 5[4] via P2P/IPC
[1,0]<stdout>:a2ap-dgx008:3573145:3573145 [2] NCCL INFO Channel 10/0 : 2[2] -> 0[1] via P2P/IPC
[1,0]<stdout>:a2ap-dgx008:3573149:3573149 [6] NCCL INFO Channel 12/0 : 6[6] -> 4[5] via P2P/IPC
[1,0]<stdout>:a2ap-dgx008:3573174:3573174 [7] NCCL INFO Channel 09/0 : 7[7] -> 6[6] via P2P/IPC
[1,0]<stdout>:a2ap-dgx008:3573147:3573147 [4] NCCL INFO Channel 14/0 : 4[5] -> 5[4] via P2P/IPC
[1,0]<stdout>:a2ap-dgx008:3573145:3573145 [2] NCCL INFO Channel 11/0 : 2[2] -> 0[1] via P2P/IPC
[1,0]<stdout>:a2ap-dgx008:3573149:3573149 [6] NCCL INFO Channel 13/0 : 6[6] -> 4[5] via P2P/IPC
[1,0]<stdout>:a2ap-dgx008:3573174:3573174 [7] NCCL INFO Channel 10/0 : 7[7] -> 6[6] via P2P/IPC
[1,0]<stdout>:a2ap-dgx008:3573147:3573147 [4] NCCL INFO Channel 15/0 : 4[5] -> 5[4] via P2P/IPC
[1,0]<stdout>:a2ap-dgx008:3573145:3573145 [2] NCCL INFO Channel 12/0 : 2[2] -> 0[1] via P2P/IPC
[1,0]<stdout>:a2ap-dgx008:3573149:3573149 [6] NCCL INFO Channel 14/0 : 6[6] -> 4[5] via P2P/IPC
[1,0]<stdout>:a2ap-dgx008:3573174:3573174 [7] NCCL INFO Channel 11/0 : 7[7] -> 6[6] via P2P/IPC
[1,0]<stdout>:a2ap-dgx008:3573147:3573147 [4] NCCL INFO Channel 16/0 : 4[5] -> 5[4] via P2P/IPC
[1,0]<stdout>:a2ap-dgx008:3573145:3573145 [2] NCCL INFO Channel 13/0 : 2[2] -> 0[1] via P2P/IPC
[1,0]<stdout>:a2ap-dgx008:3573149:3573149 [6] NCCL INFO Channel 15/0 : 6[6] -> 4[5] via P2P/IPC
[1,0]<stdout>:a2ap-dgx008:3573174:3573174 [7] NCCL INFO Channel 12/0 : 7[7] -> 6[6] via P2P/IPC
[1,0]<stdout>:a2ap-dgx008:3573147:3573147 [4] NCCL INFO Channel 17/0 : 4[5] -> 5[4] via P2P/IPC
[1,0]<stdout>:a2ap-dgx008:3573145:3573145 [2] NCCL INFO Channel 14/0 : 2[2] -> 0[1] via P2P/IPC
[1,0]<stdout>:a2ap-dgx008:3573149:3573149 [6] NCCL INFO Channel 16/0 : 6[6] -> 4[5] via P2P/IPC
[1,0]<stdout>:a2ap-dgx008:3573147:3573147 [4] NCCL INFO Channel 18/0 : 4[5] -> 5[4] via P2P/IPC
[1,0]<stdout>:a2ap-dgx008:3573145:3573145 [2] NCCL INFO Channel 15/0 : 2[2] -> 0[1] via P2P/IPC
[1,0]<stdout>:a2ap-dgx008:3573174:3573174 [7] NCCL INFO Channel 13/0 : 7[7] -> 6[6] via P2P/IPC
[1,0]<stdout>:a2ap-dgx008:3573149:3573149 [6] NCCL INFO Channel 17/0 : 6[6] -> 4[5] via P2P/IPC
[1,0]<stdout>:a2ap-dgx008:3573147:3573147 [4] NCCL INFO Channel 19/0 : 4[5] -> 5[4] via P2P/IPC
[1,0]<stdout>:a2ap-dgx008:3573174:3573174 [7] NCCL INFO Channel 14/0 : 7[7] -> 6[6] via P2P/IPC
[1,0]<stdout>:a2ap-dgx008:3573145:3573145 [2] NCCL INFO Channel 16/0 : 2[2] -> 0[1] via P2P/IPC
[1,0]<stdout>:a2ap-dgx008:3573149:3573149 [6] NCCL INFO Channel 18/0 : 6[6] -> 4[5] via P2P/IPC
[1,0]<stdout>:a2ap-dgx008:3573174:3573174 [7] NCCL INFO Channel 15/0 : 7[7] -> 6[6] via P2P/IPC
[1,0]<stdout>:a2ap-dgx008:3573147:3573147 [4] NCCL INFO Channel 20/0 : 4[5] -> 5[4] via P2P/IPC
[1,0]<stdout>:a2ap-dgx008:3573145:3573145 [2] NCCL INFO Channel 17/0 : 2[2] -> 0[1] via P2P/IPC
[1,0]<stdout>:a2ap-dgx008:3573149:3573149 [6] NCCL INFO Channel 19/0 : 6[6] -> 4[5] via P2P/IPC
[1,0]<stdout>:a2ap-dgx008:3573143:3573143 [0] NCCL INFO Channel 10/0 : 0[1] -> 1[0] via P2P/IPC
[1,0]<stdout>:a2ap-dgx008:3573147:3573147 [4] NCCL INFO Channel 21/0 : 4[5] -> 5[4] via P2P/IPC
[1,0]<stdout>:a2ap-dgx008:3573145:3573145 [2] NCCL INFO Channel 18/0 : 2[2] -> 0[1] via P2P/IPC
[1,0]<stdout>:a2ap-dgx008:3573143:3573143 [0] NCCL INFO Channel 11/0 : 0[1] -> 1[0] via P2P/IPC
[1,0]<stdout>:a2ap-dgx008:3573147:3573147 [4] NCCL INFO Channel 22/0 : 4[5] -> 5[4] via P2P/IPC
[1,0]<stdout>:a2ap-dgx008:3573145:3573145 [2] NCCL INFO Channel 19/0 : 2[2] -> 0[1] via P2P/IPC
[1,0]<stdout>:a2ap-dgx008:3573143:3573143 [0] NCCL INFO Channel 12/0 : 0[1] -> 1[0] via P2P/IPC
[1,0]<stdout>:a2ap-dgx008:3573174:3573174 [7] NCCL INFO Channel 16/0 : 7[7] -> 6[6] via P2P/IPC
[1,0]<stdout>:a2ap-dgx008:3573147:3573147 [4] NCCL INFO Channel 23/0 : 4[5] -> 5[4] via P2P/IPC
[1,0]<stdout>:a2ap-dgx008:3573143:3573143 [0] NCCL INFO Channel 13/0 : 0[1] -> 1[0] via P2P/IPC
[1,0]<stdout>:a2ap-dgx008:3573145:3573145 [2] NCCL INFO Channel 20/0 : 2[2] -> 0[1] via P2P/IPC
[1,0]<stdout>:a2ap-dgx008:3573174:3573174 [7] NCCL INFO Channel 17/0 : 7[7] -> 6[6] via P2P/IPC
[1,0]<stdout>:a2ap-dgx008:3573143:3573143 [0] NCCL INFO Channel 14/0 : 0[1] -> 1[0] via P2P/IPC
[1,0]<stdout>:a2ap-dgx008:3573145:3573145 [2] NCCL INFO Channel 21/0 : 2[2] -> 0[1] via P2P/IPC
[1,0]<stdout>:a2ap-dgx008:3573174:3573174 [7] NCCL INFO Channel 18/0 : 7[7] -> 6[6] via P2P/IPC
[1,0]<stdout>:a2ap-dgx008:3573149:3573149 [6] NCCL INFO Channel 20/0 : 6[6] -> 4[5] via P2P/IPC
[1,0]<stdout>:a2ap-dgx008:3573143:3573143 [0] NCCL INFO Channel 15/0 : 0[1] -> 1[0] via P2P/IPC
[1,0]<stdout>:a2ap-dgx008:3573145:3573145 [2] NCCL INFO Channel 22/0 : 2[2] -> 0[1] via P2P/IPC
[1,0]<stdout>:a2ap-dgx008:3573149:3573149 [6] NCCL INFO Channel 21/0 : 6[6] -> 4[5] via P2P/IPC
[1,0]<stdout>:a2ap-dgx008:3573143:3573143 [0] NCCL INFO Channel 16/0 : 0[1] -> 1[0] via P2P/IPC
[1,0]<stdout>:a2ap-dgx008:3573145:3573145 [2] NCCL INFO Channel 23/0 : 2[2] -> 0[1] via P2P/IPC
[1,0]<stdout>:a2ap-dgx008:3573143:3573143 [0] NCCL INFO Channel 17/0 : 0[1] -> 1[0] via P2P/IPC
[1,0]<stdout>:a2ap-dgx008:3573149:3573149 [6] NCCL INFO Channel 22/0 : 6[6] -> 4[5] via P2P/IPC
[1,0]<stdout>:a2ap-dgx008:3573149:3573149 [6] NCCL INFO Channel 23/0 : 6[6] -> 4[5] via P2P/IPC
[1,0]<stdout>:a2ap-dgx008:3573143:3573143 [0] NCCL INFO Channel 18/0 : 0[1] -> 1[0] via P2P/IPC
[1,0]<stdout>:a2ap-dgx008:3573174:3573174 [7] NCCL INFO Channel 19/0 : 7[7] -> 6[6] via P2P/IPC
[1,0]<stdout>:a2ap-dgx008:3573143:3573143 [0] NCCL INFO Channel 19/0 : 0[1] -> 1[0] via P2P/IPC
[1,0]<stdout>:a2ap-dgx008:3573174:3573174 [7] NCCL INFO Channel 20/0 : 7[7] -> 6[6] via P2P/IPC
[1,0]<stdout>:a2ap-dgx008:3573143:3573143 [0] NCCL INFO Channel 20/0 : 0[1] -> 1[0] via P2P/IPC
[1,0]<stdout>:a2ap-dgx008:3573174:3573174 [7] NCCL INFO Channel 21/0 : 7[7] -> 6[6] via P2P/IPC
[1,0]<stdout>:a2ap-dgx008:3573143:3573143 [0] NCCL INFO Channel 21/0 : 0[1] -> 1[0] via P2P/IPC
[1,0]<stdout>:a2ap-dgx008:3573174:3573174 [7] NCCL INFO Channel 22/0 : 7[7] -> 6[6] via P2P/IPC
[1,0]<stdout>:a2ap-dgx008:3573174:3573174 [7] NCCL INFO Channel 23/0 : 7[7] -> 6[6] via P2P/IPC
[1,0]<stdout>:a2ap-dgx008:3573143:3573143 [0] NCCL INFO Channel 22/0 : 0[1] -> 1[0] via P2P/IPC
[1,0]<stdout>:a2ap-dgx008:3573143:3573143 [0] NCCL INFO Channel 23/0 : 0[1] -> 1[0] via P2P/IPC
[1,0]<stdout>:a2ap-dgx008:3573148:3573148 [5] NCCL INFO Channel 00/0 : 5[4] -> 3[3] via P2P/IPC
[1,0]<stdout>:a2ap-dgx008:3573148:3573148 [5] NCCL INFO Channel 01/0 : 5[4] -> 3[3] via P2P/IPC
[1,0]<stdout>:a2ap-dgx008:3573148:3573148 [5] NCCL INFO Channel 02/0 : 5[4] -> 3[3] via P2P/IPC
[1,0]<stdout>:a2ap-dgx008:3573148:3573148 [5] NCCL INFO Channel 03/0 : 5[4] -> 3[3] via P2P/IPC
[1,0]<stdout>:a2ap-dgx008:3573148:3573148 [5] NCCL INFO Channel 04/0 : 5[4] -> 3[3] via P2P/IPC
[1,0]<stdout>:a2ap-dgx008:3573148:3573148 [5] NCCL INFO Channel 05/0 : 5[4] -> 3[3] via P2P/IPC
[1,0]<stdout>:a2ap-dgx008:3573148:3573148 [5] NCCL INFO Channel 06/0 : 5[4] -> 3[3] via P2P/IPC
[1,0]<stdout>:a2ap-dgx008:3573148:3573148 [5] NCCL INFO Channel 07/0 : 5[4] -> 3[3] via P2P/IPC
[1,0]<stdout>:a2ap-dgx008:3573148:3573148 [5] NCCL INFO Channel 08/0 : 5[4] -> 3[3] via P2P/IPC
[1,0]<stdout>:a2ap-dgx008:3573148:3573148 [5] NCCL INFO Channel 09/0 : 5[4] -> 3[3] via P2P/IPC
[1,0]<stdout>:a2ap-dgx008:3573148:3573148 [5] NCCL INFO Channel 10/0 : 5[4] -> 3[3] via P2P/IPC
[1,0]<stdout>:a2ap-dgx008:3573148:3573148 [5] NCCL INFO Channel 11/0 : 5[4] -> 3[3] via P2P/IPC
[1,0]<stdout>:a2ap-dgx008:3573148:3573148 [5] NCCL INFO Channel 12/0 : 5[4] -> 3[3] via P2P/IPC
[1,0]<stdout>:a2ap-dgx008:3573148:3573148 [5] NCCL INFO Channel 13/0 : 5[4] -> 3[3] via P2P/IPC
[1,0]<stdout>:a2ap-dgx008:3573148:3573148 [5] NCCL INFO Channel 14/0 : 5[4] -> 3[3] via P2P/IPC
[1,0]<stdout>:a2ap-dgx008:3573148:3573148 [5] NCCL INFO Channel 15/0 : 5[4] -> 3[3] via P2P/IPC
[1,0]<stdout>:a2ap-dgx008:3573148:3573148 [5] NCCL INFO Channel 16/0 : 5[4] -> 3[3] via P2P/IPC
[1,0]<stdout>:a2ap-dgx008:3573148:3573148 [5] NCCL INFO Channel 17/0 : 5[4] -> 3[3] via P2P/IPC
[1,0]<stdout>:a2ap-dgx008:3573148:3573148 [5] NCCL INFO Channel 18/0 : 5[4] -> 3[3] via P2P/IPC
[1,0]<stdout>:a2ap-dgx008:3573148:3573148 [5] NCCL INFO Channel 19/0 : 5[4] -> 3[3] via P2P/IPC
[1,0]<stdout>:a2ap-dgx008:3573148:3573148 [5] NCCL INFO Channel 20/0 : 5[4] -> 3[3] via P2P/IPC
[1,0]<stdout>:a2ap-dgx008:3573148:3573148 [5] NCCL INFO Channel 21/0 : 5[4] -> 3[3] via P2P/IPC
[1,0]<stdout>:a2ap-dgx008:3573148:3573148 [5] NCCL INFO Channel 22/0 : 5[4] -> 3[3] via P2P/IPC
[1,0]<stdout>:a2ap-dgx008:3573148:3573148 [5] NCCL INFO Channel 23/0 : 5[4] -> 3[3] via P2P/IPC
[1,0]<stdout>:a2ap-dgx008:3573146:3573146 [3] NCCL INFO Channel 00/0 : 3[3] -> 2[2] via P2P/IPC
[1,0]<stdout>:a2ap-dgx008:3573146:3573146 [3] NCCL INFO Channel 01/0 : 3[3] -> 2[2] via P2P/IPC
[1,0]<stdout>:a2ap-dgx008:3573146:3573146 [3] NCCL INFO Channel 02/0 : 3[3] -> 2[2] via P2P/IPC
[1,0]<stdout>:a2ap-dgx008:3573146:3573146 [3] NCCL INFO Channel 03/0 : 3[3] -> 2[2] via P2P/IPC
[1,0]<stdout>:a2ap-dgx008:3573146:3573146 [3] NCCL INFO Channel 04/0 : 3[3] -> 2[2] via P2P/IPC
[1,0]<stdout>:a2ap-dgx008:3573146:3573146 [3] NCCL INFO Channel 05/0 : 3[3] -> 2[2] via P2P/IPC
[1,0]<stdout>:a2ap-dgx008:3573146:3573146 [3] NCCL INFO Channel 06/0 : 3[3] -> 2[2] via P2P/IPC
[1,0]<stdout>:a2ap-dgx008:3573146:3573146 [3] NCCL INFO Channel 07/0 : 3[3] -> 2[2] via P2P/IPC
[1,0]<stdout>:a2ap-dgx008:3573146:3573146 [3] NCCL INFO Channel 08/0 : 3[3] -> 2[2] via P2P/IPC
[1,0]<stdout>:a2ap-dgx008:3573146:3573146 [3] NCCL INFO Channel 09/0 : 3[3] -> 2[2] via P2P/IPC
[1,0]<stdout>:a2ap-dgx008:3573146:3573146 [3] NCCL INFO Channel 10/0 : 3[3] -> 2[2] via P2P/IPC
[1,0]<stdout>:a2ap-dgx008:3573146:3573146 [3] NCCL INFO Channel 11/0 : 3[3] -> 2[2] via P2P/IPC
[1,0]<stdout>:a2ap-dgx008:3573146:3573146 [3] NCCL INFO Channel 12/0 : 3[3] -> 2[2] via P2P/IPC
[1,0]<stdout>:a2ap-dgx008:3573146:3573146 [3] NCCL INFO Channel 13/0 : 3[3] -> 2[2] via P2P/IPC
[1,0]<stdout>:a2ap-dgx008:3573144:3573144 [1] NCCL INFO Connected all trees
[1,0]<stdout>:a2ap-dgx008:3573146:3573146 [3] NCCL INFO Channel 14/0 : 3[3] -> 2[2] via P2P/IPC
[1,0]<stdout>:a2ap-dgx008:3573146:3573146 [3] NCCL INFO Channel 15/0 : 3[3] -> 2[2] via P2P/IPC
[1,0]<stdout>:a2ap-dgx008:3573146:3573146 [3] NCCL INFO Channel 16/0 : 3[3] -> 2[2] via P2P/IPC
[1,0]<stdout>:a2ap-dgx008:3573146:3573146 [3] NCCL INFO Channel 17/0 : 3[3] -> 2[2] via P2P/IPC
[1,0]<stdout>:a2ap-dgx008:3573146:3573146 [3] NCCL INFO Channel 18/0 : 3[3] -> 2[2] via P2P/IPC
[1,0]<stdout>:a2ap-dgx008:3573146:3573146 [3] NCCL INFO Channel 19/0 : 3[3] -> 2[2] via P2P/IPC
[1,0]<stdout>:a2ap-dgx008:3573146:3573146 [3] NCCL INFO Channel 20/0 : 3[3] -> 2[2] via P2P/IPC
[1,0]<stdout>:a2ap-dgx008:3573146:3573146 [3] NCCL INFO Channel 21/0 : 3[3] -> 2[2] via P2P/IPC
[1,0]<stdout>:a2ap-dgx008:3573146:3573146 [3] NCCL INFO Channel 22/0 : 3[3] -> 2[2] via P2P/IPC
[1,0]<stdout>:a2ap-dgx008:3573146:3573146 [3] NCCL INFO Channel 23/0 : 3[3] -> 2[2] via P2P/IPC
[1,0]<stdout>:a2ap-dgx008:3573144:3577019 [1] NCCL INFO [Proxy Progress] Device 1 CPU core 116
[1,0]<stdout>:a2ap-dgx008:3573144:3573144 [1] NCCL INFO threadThresholds 8/8/64 | 64/8/64 | 512 | 512
[1,0]<stdout>:a2ap-dgx008:3573144:3573144 [1] NCCL INFO 24 coll channels, 24 collnet channels, 0 nvls channels, 32 p2p channels, 32 p2p channels per peer
[1,0]<stdout>:a2ap-dgx008:3573143:3573143 [0] NCCL INFO Connected all trees
[1,0]<stdout>:a2ap-dgx008:3573143:3577020 [0] NCCL INFO [Proxy Progress] Device 0 CPU core 123
[1,0]<stdout>:a2ap-dgx008:3573148:3573148 [5] NCCL INFO Connected all trees
[1,0]<stdout>:a2ap-dgx008:3573146:3573146 [3] NCCL INFO Connected all trees
[1,0]<stdout>:a2ap-dgx008:3573145:3573145 [2] NCCL INFO Connected all trees
[1,0]<stdout>:a2ap-dgx008:3573143:3573143 [0] NCCL INFO threadThresholds 8/8/64 | 64/8/64 | 512 | 512
[1,0]<stdout>:a2ap-dgx008:3573143:3573143 [0] NCCL INFO 24 coll channels, 24 collnet channels, 0 nvls channels, 32 p2p channels, 32 p2p channels per peer
[1,0]<stdout>:a2ap-dgx008:3573143:3573143 [0] NCCL INFO CC Off, workFifoBytes 1048576
[1,0]<stdout>:a2ap-dgx008:3573146:3577021 [3] NCCL INFO [Proxy Progress] Device 3 CPU core 29
[1,0]<stdout>:a2ap-dgx008:3573145:3577022 [2] NCCL INFO [Proxy Progress] Device 2 CPU core 8
[1,0]<stdout>:a2ap-dgx008:3573148:3577023 [5] NCCL INFO [Proxy Progress] Device 5 CPU core 111
[1,0]<stdout>:a2ap-dgx008:3573146:3573146 [3] NCCL INFO threadThresholds 8/8/64 | 64/8/64 | 512 | 512
[1,0]<stdout>:a2ap-dgx008:3573146:3573146 [3] NCCL INFO 24 coll channels, 24 collnet channels, 0 nvls channels, 32 p2p channels, 32 p2p channels per peer
[1,0]<stdout>:a2ap-dgx008:3573145:3573145 [2] NCCL INFO threadThresholds 8/8/64 | 64/8/64 | 512 | 512
[1,0]<stdout>:a2ap-dgx008:3573145:3573145 [2] NCCL INFO 24 coll channels, 24 collnet channels, 0 nvls channels, 32 p2p channels, 32 p2p channels per peer
[1,0]<stdout>:a2ap-dgx008:3573148:3573148 [5] NCCL INFO threadThresholds 8/8/64 | 64/8/64 | 512 | 512
[1,0]<stdout>:a2ap-dgx008:3573148:3573148 [5] NCCL INFO 24 coll channels, 24 collnet channels, 0 nvls channels, 32 p2p channels, 32 p2p channels per peer
[1,0]<stdout>:a2ap-dgx008:3573147:3573147 [4] NCCL INFO Connected all trees
[1,0]<stdout>:a2ap-dgx008:3573149:3573149 [6] NCCL INFO Connected all trees
[1,0]<stdout>:a2ap-dgx008:3573174:3573174 [7] NCCL INFO Connected all trees
[1,0]<stdout>:a2ap-dgx008:3573147:3577024 [4] NCCL INFO [Proxy Progress] Device 4 CPU core 105
[1,0]<stdout>:a2ap-dgx008:3573149:3577025 [6] NCCL INFO [Proxy Progress] Device 6 CPU core 175
[1,0]<stdout>:a2ap-dgx008:3573174:3577026 [7] NCCL INFO [Proxy Progress] Device 7 CPU core 64
[1,0]<stdout>:a2ap-dgx008:3573149:3573149 [6] NCCL INFO threadThresholds 8/8/64 | 64/8/64 | 512 | 512
[1,0]<stdout>:a2ap-dgx008:3573149:3573149 [6] NCCL INFO 24 coll channels, 24 collnet channels, 0 nvls channels, 32 p2p channels, 32 p2p channels per peer
[1,0]<stdout>:a2ap-dgx008:3573147:3573147 [4] NCCL INFO threadThresholds 8/8/64 | 64/8/64 | 512 | 512
[1,0]<stdout>:a2ap-dgx008:3573147:3573147 [4] NCCL INFO 24 coll channels, 24 collnet channels, 0 nvls channels, 32 p2p channels, 32 p2p channels per peer
[1,0]<stdout>:a2ap-dgx008:3573174:3573174 [7] NCCL INFO threadThresholds 8/8/64 | 64/8/64 | 512 | 512
[1,0]<stdout>:a2ap-dgx008:3573174:3573174 [7] NCCL INFO 24 coll channels, 24 collnet channels, 0 nvls channels, 32 p2p channels, 32 p2p channels per peer
[1,0]<stdout>:a2ap-dgx008:3573143:3573143 [0] NCCL INFO ncclCommInitRank comm 0x55556ed789b0 rank 0 nranks 8 cudaDev 0 nvmlDev 1 busId 43000 commId 0xc90ae411ff7bb19d - Init COMPLETE
[1,0]<stdout>:a2ap-dgx008:3573144:3573144 [1] NCCL INFO ncclCommInitRank comm 0x55556ed30470 rank 1 nranks 8 cudaDev 1 nvmlDev 0 busId 1b000 commId 0xc90ae411ff7bb19d - Init COMPLETE
[1,0]<stdout>:a2ap-dgx008:3573146:3573146 [3] NCCL INFO ncclCommInitRank comm 0x55556ed4a670 rank 3 nranks 8 cudaDev 3 nvmlDev 3 busId 61000 commId 0xc90ae411ff7bb19d - Init COMPLETE
[1,0]<stdout>:a2ap-dgx008:3573174:3573174 [7] NCCL INFO ncclCommInitRank comm 0x55556ed322b0 rank 7 nranks 8 cudaDev 7 nvmlDev 7 busId df000 commId 0xc90ae411ff7bb19d - Init COMPLETE
[1,0]<stdout>:a2ap-dgx008:3573145:3573145 [2] NCCL INFO ncclCommInitRank comm 0x55556ed465d0 rank 2 nranks 8 cudaDev 2 nvmlDev 2 busId 52000 commId 0xc90ae411ff7bb19d - Init COMPLETE
[1,0]<stdout>:a2ap-dgx008:3573147:3573147 [4] NCCL INFO ncclCommInitRank comm 0x55556ed49620 rank 4 nranks 8 cudaDev 4 nvmlDev 5 busId c3000 commId 0xc90ae411ff7bb19d - Init COMPLETE
[1,0]<stdout>:a2ap-dgx008:3573149:3573149 [6] NCCL INFO ncclCommInitRank comm 0x55556ed4a030 rank 6 nranks 8 cudaDev 6 nvmlDev 6 busId d1000 commId 0xc90ae411ff7bb19d - Init COMPLETE
[1,0]<stdout>:a2ap-dgx008:3573143:3573143 [0] NCCL INFO Init timings - ncclCommInitRank: rank 0 nranks 8 total 2.49 (kernels 0.00, alloc 0.00, bootstrap 0.00, allgathers 0.02, topo 1.46, graphs 0.01, connections 0.92, rest 0.09)
[1,0]<stdout>:a2ap-dgx008:3573146:3573146 [3] NCCL INFO Init timings - ncclCommInitRank: rank 3 nranks 8 total 2.49 (kernels 0.00, alloc 0.00, bootstrap 0.00, allgathers 0.02, topo 1.45, graphs 0.01, connections 0.94, rest 0.06)
[1,0]<stdout>:a2ap-dgx008:3573174:3573174 [7] NCCL INFO Init timings - ncclCommInitRank: rank 7 nranks 8 total 2.49 (kernels 0.00, alloc 0.00, bootstrap 0.00, allgathers 0.02, topo 1.45, graphs 0.01, connections 1.00, rest 0.01)
[1,0]<stdout>:a2ap-dgx008:3573149:3573149 [6] NCCL INFO Init timings - ncclCommInitRank: rank 6 nranks 8 total 2.49 (kernels 0.00, alloc 0.00, bootstrap 0.00, allgathers 0.02, topo 1.45, graphs 0.01, connections 1.00, rest 0.01)
[1,0]<stdout>:a2ap-dgx008:3573148:3573148 [5] NCCL INFO ncclCommInitRank comm 0x55556ed48850 rank 5 nranks 8 cudaDev 5 nvmlDev 4 busId 9d000 commId 0xc90ae411ff7bb19d - Init COMPLETE
[1,0]<stdout>:a2ap-dgx008:3573145:3573145 [2] NCCL INFO Init timings - ncclCommInitRank: rank 2 nranks 8 total 2.49 (kernels 0.00, alloc 0.00, bootstrap 0.00, allgathers 0.02, topo 1.45, graphs 0.01, connections 0.94, rest 0.06)
[1,0]<stdout>:a2ap-dgx008:3573147:3573147 [4] NCCL INFO Init timings - ncclCommInitRank: rank 4 nranks 8 total 2.49 (kernels 0.00, alloc 0.00, bootstrap 0.00, allgathers 0.02, topo 1.46, graphs 0.01, connections 1.00, rest 0.00)
[1,0]<stdout>:a2ap-dgx008:3573144:3573144 [1] NCCL INFO Init timings - ncclCommInitRank: rank 1 nranks 8 total 2.49 (kernels 0.00, alloc 0.00, bootstrap 0.00, allgathers 0.02, topo 1.45, graphs 0.01, connections 0.79, rest 0.22)
[1,0]<stdout>:a2ap-dgx008:3573148:3573148 [5] NCCL INFO Init timings - ncclCommInitRank: rank 5 nranks 8 total 2.49 (kernels 0.00, alloc 0.00, bootstrap 0.00, allgathers 0.02, topo 1.46, graphs 0.01, connections 0.95, rest 0.06)
[1,0]<stdout>:[Gloo] Rank 0 is connected to 0 peer ranks. Expected number of connected peer ranks is : 0
[1,0]<stdout>:[Gloo] Rank 0 is connected to 0 peer ranks. Expected number of connected peer ranks is : 0
[1,0]<stdout>:[Gloo] Rank 0 is connected to 0 peer ranks. Expected number of connected peer ranks is : 0
[1,0]<stdout>:[Gloo] Rank 0 is connected to 0 peer ranks. Expected number of connected peer ranks is : 0
[1,0]<stdout>:[Gloo] Rank 0 is connected to 0 peer ranks. Expected number of connected peer ranks is : 0
[1,0]<stdout>:[Gloo] Rank 0 is connected to 0 peer ranks. Expected number of connected peer ranks is : 0
[1,0]<stdout>:[Gloo] Rank 0 is connected to 0 peer ranks. Expected number of connected peer ranks is : 0
[1,0]<stdout>:[Gloo] Rank 0 is connected to 0 peer ranks. Expected number of connected peer ranks is : 0
[1,0]<stdout>:[Gloo] Rank 0 is connected to 1 peer ranks. Expected number of connected peer ranks is : 1
[1,0]<stdout>:a2ap-dgx008:3573145:3573145 [2] NCCL INFO Assigned NET plugin IB to comm
[1,0]<stdout>:a2ap-dgx008:3573145:3573145 [2] NCCL INFO Using network IB
[1,0]<stdout>:a2ap-dgx008:3573145:3573145 [2] NCCL INFO ncclCommInitRank comm 0x55556fa5cdf0 rank 0 nranks 2 cudaDev 2 nvmlDev 2 busId 52000 commId 0x773af1ec50ae5f3 - Init START
[1,0]<stdout>:[Gloo] Rank 0 is connected to 1 peer ranks. Expected number of connected peer ranks is : 1
[1,0]<stdout>:a2ap-dgx008:3573145:3573145 [2] NCCL INFO Bootstrap timings total 0.001113 (create 0.000018, send 0.000075, recv 0.000410, ring 0.000033, delay 0.000000)
[1,0]<stdout>:a2ap-dgx008:3573149:3573149 [6] NCCL INFO Assigned NET plugin IB to comm
[1,0]<stdout>:a2ap-dgx008:3573149:3573149 [6] NCCL INFO Using network IB
[1,0]<stdout>:a2ap-dgx008:3573149:3573149 [6] NCCL INFO ncclCommInitRank comm 0x55556fa5fca0 rank 0 nranks 2 cudaDev 6 nvmlDev 6 busId d1000 commId 0x64c754b9963affcd - Init START
[1,0]<stdout>:a2ap-dgx008:3573149:3573149 [6] NCCL INFO Bootstrap timings total 0.000953 (create 0.000028, send 0.000076, recv 0.000355, ring 0.000091, delay 0.000000)
[1,0]<stdout>:[Gloo] Rank 0 is connected to 1 peer ranks. Expected number of connected peer ranks is : 1
[1,0]<stdout>:[Gloo] Rank 0 is connected to 1 peer ranks. Expected number of connected peer ranks is : 1
[1,0]<stdout>:[Gloo] Rank 0 is connected to 1 peer ranks. Expected number of connected peer ranks is : 1
[1,0]<stdout>:[Gloo] Rank 0 is connected to 1 peer ranks. Expected number of connected peer ranks is : 1
[1,0]<stdout>:[Gloo] Rank 0 is connected to 1 peer ranks. Expected number of connected peer ranks is : 1
[1,0]<stdout>:[Gloo] Rank 0 is connected to 1 peer ranks. Expected number of connected peer ranks is : 1
[1,0]<stdout>:a2ap-dgx008:3573143:3573143 [0] NCCL INFO Assigned NET plugin IB to comm
[1,0]<stdout>:a2ap-dgx008:3573143:3573143 [0] NCCL INFO Using network IB
[1,0]<stdout>:a2ap-dgx008:3573143:3573143 [0] NCCL INFO ncclCommInitRank comm 0x55556fa8ed50 rank 0 nranks 2 cudaDev 0 nvmlDev 1 busId 43000 commId 0x2fc6eb37eb6333e6 - Init START
[1,0]<stdout>:a2ap-dgx008:3573174:3573174 [7] NCCL INFO Assigned NET plugin IB to comm
[1,0]<stdout>:a2ap-dgx008:3573174:3573174 [7] NCCL INFO Using network IB
[1,0]<stdout>:a2ap-dgx008:3573174:3573174 [7] NCCL INFO ncclCommInitRank comm 0x55556fa2e460 rank 0 nranks 2 cudaDev 7 nvmlDev 7 busId df000 commId 0x9ff55f5d85ba95e8 - Init START
[1,0]<stdout>:a2ap-dgx008:3573147:3573147 [4] NCCL INFO Assigned NET plugin IB to comm
[1,0]<stdout>:a2ap-dgx008:3573147:3573147 [4] NCCL INFO Using network IB
[1,0]<stdout>:a2ap-dgx008:3573149:3573149 [6] NCCL INFO MNNVL busId 0xd1000 fabric UUID 0.0 cliqueId 0x0 state 3 healthMask 0x0
[1,0]<stdout>:a2ap-dgx008:3573146:3573146 [3] NCCL INFO Assigned NET plugin IB to comm
[1,0]<stdout>:a2ap-dgx008:3573146:3573146 [3] NCCL INFO Using network IB
[1,0]<stdout>:a2ap-dgx008:3573146:3573146 [3] NCCL INFO ncclCommInitRank comm 0x55556fa620c0 rank 0 nranks 2 cudaDev 3 nvmlDev 3 busId 61000 commId 0xb8309bb748757635 - Init START
[1,0]<stdout>:a2ap-dgx008:3573147:3573147 [4] NCCL INFO ncclCommInitRank comm 0x55556fa5fa80 rank 0 nranks 2 cudaDev 4 nvmlDev 5 busId c3000 commId 0xf33f3eed1aa52353 - Init START
[1,0]<stdout>:a2ap-dgx008:3573143:3573143 [0] NCCL INFO Bootstrap timings total 0.001272 (create 0.000019, send 0.000077, recv 0.000393, ring 0.000040, delay 0.000000)
[1,0]<stdout>:a2ap-dgx008:3573148:3573148 [5] NCCL INFO Assigned NET plugin IB to comm
[1,0]<stdout>:a2ap-dgx008:3573148:3573148 [5] NCCL INFO Using network IB
[1,0]<stdout>:a2ap-dgx008:3573148:3573148 [5] NCCL INFO ncclCommInitRank comm 0x55556fa602b0 rank 0 nranks 2 cudaDev 5 nvmlDev 4 busId 9d000 commId 0x7aae67a9443716fe - Init START
[1,0]<stdout>:a2ap-dgx008:3573174:3573174 [7] NCCL INFO Bootstrap timings total 0.001330 (create 0.000021, send 0.000082, recv 0.000406, ring 0.000030, delay 0.000000)
[1,0]<stdout>:a2ap-dgx008:3573145:3573145 [2] NCCL INFO MNNVL busId 0x52000 fabric UUID 0.0 cliqueId 0x0 state 3 healthMask 0x0
[1,0]<stdout>:a2ap-dgx008:3573147:3573147 [4] NCCL INFO Bootstrap timings total 0.001054 (create 0.000019, send 0.000079, recv 0.000381, ring 0.000034, delay 0.000000)
[1,0]<stdout>:a2ap-dgx008:3573146:3573146 [3] NCCL INFO Bootstrap timings total 0.001190 (create 0.000019, send 0.000080, recv 0.000533, ring 0.000126, delay 0.000000)
[1,0]<stdout>:a2ap-dgx008:3573148:3573148 [5] NCCL INFO Bootstrap timings total 0.000875 (create 0.000020, send 0.000074, recv 0.000425, ring 0.000032, delay 0.000000)
[1,0]<stdout>:a2ap-dgx008:3573144:3573144 [1] NCCL INFO Assigned NET plugin IB to comm
[1,0]<stdout>:a2ap-dgx008:3573144:3573144 [1] NCCL INFO Using network IB
[1,0]<stdout>:a2ap-dgx008:3573144:3573144 [1] NCCL INFO ncclCommInitRank comm 0x55556fa27680 rank 0 nranks 2 cudaDev 1 nvmlDev 0 busId 1b000 commId 0xbd6ca496c9a14f79 - Init START
[1,0]<stdout>:a2ap-dgx008:3573144:3573144 [1] NCCL INFO Bootstrap timings total 0.001509 (create 0.000024, send 0.000085, recv 0.001060, ring 0.000036, delay 0.000000)
[1,0]<stdout>:a2ap-dgx008:3573174:3573174 [7] NCCL INFO MNNVL busId 0xdf000 fabric UUID 0.0 cliqueId 0x0 state 3 healthMask 0x0
[1,0]<stdout>:a2ap-dgx008:3573148:3573148 [5] NCCL INFO MNNVL busId 0x9d000 fabric UUID 0.0 cliqueId 0x0 state 3 healthMask 0x0
[1,0]<stdout>:a2ap-dgx008:3573147:3573147 [4] NCCL INFO MNNVL busId 0xc3000 fabric UUID 0.0 cliqueId 0x0 state 3 healthMask 0x0
[1,0]<stdout>:a2ap-dgx008:3573146:3573146 [3] NCCL INFO MNNVL busId 0x61000 fabric UUID 0.0 cliqueId 0x0 state 3 healthMask 0x0
[1,0]<stdout>:a2ap-dgx008:3573143:3573143 [0] NCCL INFO MNNVL busId 0x43000 fabric UUID 0.0 cliqueId 0x0 state 3 healthMask 0x0
[1,0]<stdout>:a2ap-dgx008:3573144:3573144 [1] NCCL INFO MNNVL busId 0x1b000 fabric UUID 0.0 cliqueId 0x0 state 3 healthMask 0x0
[1,0]<stdout>:a2ap-dgx008:3573147:3573147 [4] NCCL INFO Setting affinity for GPU 5 to 56-111,168-223
[1,0]<stdout>:a2ap-dgx008:3573147:3573147 [4] NCCL INFO comm 0x55556fa5fa80 rank 0 nRanks 2 nNodes 2 localRanks 1 localRank 0 MNNVL 0
[1,0]<stdout>:a2ap-dgx008:3573147:3573147 [4] NCCL INFO Channel 00/04 : 0 1
[1,0]<stdout>:a2ap-dgx008:3573147:3573147 [4] NCCL INFO Channel 01/04 : 0 1
[1,0]<stdout>:a2ap-dgx008:3573147:3573147 [4] NCCL INFO Channel 02/04 : 0 1
[1,0]<stdout>:a2ap-dgx008:3573147:3573147 [4] NCCL INFO Channel 03/04 : 0 1
[1,0]<stdout>:a2ap-dgx008:3573147:3573147 [4] NCCL INFO Trees [0] 1/-1/-1->0->-1 [1] 1/-1/-1->0->-1 [2] -1/-1/-1->0->1 [3] -1/-1/-1->0->1
[1,0]<stdout>:a2ap-dgx008:3573147:3573147 [4] NCCL INFO P2P Chunksize set to 131072
[1,0]<stdout>:a2ap-dgx008:3573147:3573147 [4] NCCL INFO Check P2P Type isAllDirectP2p 0 directMode 0
[1,0]<stdout>:a2ap-dgx008:3573147:3577134 [4] NCCL INFO [Proxy Service UDS] Device 4 CPU core 63
[1,0]<stdout>:a2ap-dgx008:3573147:3577133 [4] NCCL INFO [Proxy Service] Device 4 CPU core 170
[1,0]<stdout>:a2ap-dgx008:3573149:3573149 [6] NCCL INFO Setting affinity for GPU 6 to 56-111,168-223
[1,0]<stdout>:a2ap-dgx008:3573149:3573149 [6] NCCL INFO comm 0x55556fa5fca0 rank 0 nRanks 2 nNodes 2 localRanks 1 localRank 0 MNNVL 0
[1,0]<stdout>:a2ap-dgx008:3573149:3573149 [6] NCCL INFO Channel 00/04 : 0 1
[1,0]<stdout>:a2ap-dgx008:3573149:3573149 [6] NCCL INFO Channel 01/04 : 0 1
[1,0]<stdout>:a2ap-dgx008:3573149:3573149 [6] NCCL INFO Channel 02/04 : 0 1
[1,0]<stdout>:a2ap-dgx008:3573149:3573149 [6] NCCL INFO Channel 03/04 : 0 1
[1,0]<stdout>:a2ap-dgx008:3573149:3573149 [6] NCCL INFO Trees [0] 1/-1/-1->0->-1 [1] 1/-1/-1->0->-1 [2] -1/-1/-1->0->1 [3] -1/-1/-1->0->1
[1,0]<stdout>:a2ap-dgx008:3573149:3573149 [6] NCCL INFO P2P Chunksize set to 131072
[1,0]<stdout>:a2ap-dgx008:3573149:3573149 [6] NCCL INFO Check P2P Type isAllDirectP2p 0 directMode 0
[1,0]<stdout>:a2ap-dgx008:3573149:3577135 [6] NCCL INFO [Proxy Service] Device 6 CPU core 64
[1,0]<stdout>:a2ap-dgx008:3573149:3577136 [6] NCCL INFO [Proxy Service UDS] Device 6 CPU core 65
[1,0]<stdout>:a2ap-dgx008:3573147:3573147 [4] NCCL INFO Channel 00/0 : 1[4] -> 0[5] [receive] via NET/IB/9/GDRDMA
[1,0]<stdout>:a2ap-dgx008:3573147:3577137 [4] NCCL INFO [Proxy Progress] Device 4 CPU core 67
[1,0]<stdout>:a2ap-dgx008:3573147:3573147 [4] NCCL INFO Channel 01/0 : 1[4] -> 0[5] [receive] via NET/IB/9/GDRDMA
[1,0]<stdout>:a2ap-dgx008:3573147:3573147 [4] NCCL INFO Channel 02/0 : 1[4] -> 0[5] [receive] via NET/IB/9/GDRDMA
[1,0]<stdout>:a2ap-dgx008:3573147:3573147 [4] NCCL INFO Channel 03/0 : 1[4] -> 0[5] [receive] via NET/IB/9/GDRDMA
[1,0]<stdout>:a2ap-dgx008:3573147:3573147 [4] NCCL INFO Channel 00/0 : 0[5] -> 1[4] [send] via NET/IB/9/GDRDMA
[1,0]<stdout>:a2ap-dgx008:3573147:3573147 [4] NCCL INFO Channel 01/0 : 0[5] -> 1[4] [send] via NET/IB/9/GDRDMA
[1,0]<stdout>:a2ap-dgx008:3573147:3573147 [4] NCCL INFO Channel 02/0 : 0[5] -> 1[4] [send] via NET/IB/9/GDRDMA
[1,0]<stdout>:a2ap-dgx008:3573147:3573147 [4] NCCL INFO Channel 03/0 : 0[5] -> 1[4] [send] via NET/IB/9/GDRDMA
[1,0]<stdout>:a2ap-dgx008:3573148:3573148 [5] NCCL INFO Setting affinity for GPU 4 to 56-111,168-223
[1,0]<stdout>:a2ap-dgx008:3573148:3573148 [5] NCCL INFO comm 0x55556fa602b0 rank 0 nRanks 2 nNodes 2 localRanks 1 localRank 0 MNNVL 0
[1,0]<stdout>:a2ap-dgx008:3573148:3573148 [5] NCCL INFO Channel 00/04 : 0 1
[1,0]<stdout>:a2ap-dgx008:3573148:3573148 [5] NCCL INFO Channel 01/04 : 0 1
[1,0]<stdout>:a2ap-dgx008:3573148:3573148 [5] NCCL INFO Channel 02/04 : 0 1
[1,0]<stdout>:a2ap-dgx008:3573148:3573148 [5] NCCL INFO Channel 03/04 : 0 1
[1,0]<stdout>:a2ap-dgx008:3573148:3573148 [5] NCCL INFO Trees [0] 1/-1/-1->0->-1 [1] 1/-1/-1->0->-1 [2] -1/-1/-1->0->1 [3] -1/-1/-1->0->1
[1,0]<stdout>:a2ap-dgx008:3573148:3573148 [5] NCCL INFO P2P Chunksize set to 131072
[1,0]<stdout>:a2ap-dgx008:3573148:3573148 [5] NCCL INFO Check P2P Type isAllDirectP2p 0 directMode 0
[1,0]<stdout>:a2ap-dgx008:3573148:3577138 [5] NCCL INFO [Proxy Service] Device 5 CPU core 178
[1,0]<stdout>:a2ap-dgx008:3573148:3577139 [5] NCCL INFO [Proxy Service UDS] Device 5 CPU core 180
[1,0]<stdout>:a2ap-dgx008:3573174:3573174 [7] NCCL INFO Setting affinity for GPU 7 to 56-111,168-223
[1,0]<stdout>:a2ap-dgx008:3573143:3573143 [0] NCCL INFO Setting affinity for GPU 1 to 0-55,112-167
[1,0]<stdout>:a2ap-dgx008:3573174:3573174 [7] NCCL INFO comm 0x55556fa2e460 rank 0 nRanks 2 nNodes 2 localRanks 1 localRank 0 MNNVL 0
[1,0]<stdout>:a2ap-dgx008:3573174:3573174 [7] NCCL INFO Channel 00/04 : 0 1
[1,0]<stdout>:a2ap-dgx008:3573174:3573174 [7] NCCL INFO Channel 01/04 : 0 1
[1,0]<stdout>:a2ap-dgx008:3573174:3573174 [7] NCCL INFO Channel 02/04 : 0 1
[1,0]<stdout>:a2ap-dgx008:3573174:3573174 [7] NCCL INFO Channel 03/04 : 0 1
[1,0]<stdout>:a2ap-dgx008:3573174:3573174 [7] NCCL INFO Trees [0] 1/-1/-1->0->-1 [1] 1/-1/-1->0->-1 [2] -1/-1/-1->0->1 [3] -1/-1/-1->0->1
[1,0]<stdout>:a2ap-dgx008:3573174:3573174 [7] NCCL INFO P2P Chunksize set to 131072
[1,0]<stdout>:a2ap-dgx008:3573174:3573174 [7] NCCL INFO Check P2P Type isAllDirectP2p 0 directMode 0
[1,0]<stdout>:a2ap-dgx008:3573146:3573146 [3] NCCL INFO Setting affinity for GPU 3 to 0-55,112-167
[1,0]<stdout>:a2ap-dgx008:3573174:3577140 [7] NCCL INFO [Proxy Service] Device 7 CPU core 181
